Component: ARM Compiler 5.06 update 6 (build 750) Tool: armlink [4d35ed]

==============================================================================

Section Cross References

    bootloader_main.o(i.bootloader_enter_modbus_mode) refers to bootloader_main.o(i.bootloader_wait_modbus_ready) for bootloader_wait_modbus_ready
    bootloader_main.o(i.bootloader_enter_modbus_mode) refers to bootloader_main.o(i.iap_flag_clear) for iap_flag_clear
    bootloader_main.o(i.bootloader_enter_modbus_mode) refers to systick.o(i.delay_1ms) for delay_1ms
    bootloader_main.o(i.bootloader_enter_modbus_mode) refers to bootloader_main.o(i.bootloader_jump_to_application) for bootloader_jump_to_application
    bootloader_main.o(i.bootloader_enter_modbus_mode) refers to modbus_iap.o(i.modbus_iap_get_register) for modbus_iap_get_register
    bootloader_main.o(i.bootloader_enter_modbus_mode) refers to modbus_iap.o(i.modbus_iap_verify_step) for modbus_iap_verify_step
    bootloader_main.o(i.bootloader_enter_modbus_mode) refers to modbus_rtu_iap.o(i.modbus_rtu_receive_frame) for modbus_rtu_receive_frame
    bootloader_main.o(i.bootloader_enter_modbus_mode) refers to modbus_iap.o(i.modbus_iap_process) for modbus_iap_process
    bootloader_main.o(i.bootloader_enter_modbus_mode) refers to led_control.o(i.led_off) for led_off
    bootloader_main.o(i.bootloader_enter_modbus_mode) refers to systick.o(i.systick_get_tick) for systick_get_tick
    bootloader_main.o(i.bootloader_enter_modbus_mode) refers to led_control.o(i.led_on) for led_on
    bootloader_main.o(i.bootloader_enter_modbus_mode) refers to bootloader_main.o(.bss) for g_iap_handle
    bootloader_main.o(i.bootloader_enter_modbus_mode) refers to bootloader_main.o(.data) for error_blink_tick
    bootloader_main.o(i.bootloader_system_clock_config) refers to gd32f4xx_rcu.o(i.rcu_periph_clock_enable) for rcu_periph_clock_enable
    bootloader_main.o(i.bootloader_system_clock_config) refers to gd32f4xx_pmu.o(i.pmu_highdriver_mode_enable) for pmu_highdriver_mode_enable
    bootloader_main.o(i.bootloader_system_clock_config) refers to gd32f4xx_pmu.o(i.pmu_flag_get) for pmu_flag_get
    bootloader_main.o(i.bootloader_system_clock_config) refers to gd32f4xx_pmu.o(i.pmu_highdriver_switch_select) for pmu_highdriver_switch_select
    bootloader_main.o(i.bootloader_system_clock_config) refers to gd32f4xx_rcu.o(i.rcu_deinit) for rcu_deinit
    bootloader_main.o(i.bootloader_system_clock_config) refers to gd32f4xx_rcu.o(i.rcu_osci_on) for rcu_osci_on
    bootloader_main.o(i.bootloader_system_clock_config) refers to gd32f4xx_rcu.o(i.rcu_osci_stab_wait) for rcu_osci_stab_wait
    bootloader_main.o(i.bootloader_system_clock_config) refers to gd32f4xx_rcu.o(i.rcu_pll_config) for rcu_pll_config
    bootloader_main.o(i.bootloader_system_clock_config) refers to gd32f4xx_rcu.o(i.rcu_ahb_clock_config) for rcu_ahb_clock_config
    bootloader_main.o(i.bootloader_system_clock_config) refers to gd32f4xx_rcu.o(i.rcu_apb1_clock_config) for rcu_apb1_clock_config
    bootloader_main.o(i.bootloader_system_clock_config) refers to gd32f4xx_rcu.o(i.rcu_apb2_clock_config) for rcu_apb2_clock_config
    bootloader_main.o(i.bootloader_system_clock_config) refers to gd32f4xx_fmc.o(i.fmc_wscnt_set) for fmc_wscnt_set
    bootloader_main.o(i.bootloader_system_clock_config) refers to gd32f4xx_rcu.o(i.rcu_system_clock_source_config) for rcu_system_clock_source_config
    bootloader_main.o(i.bootloader_system_clock_config) refers to gd32f4xx_rcu.o(i.rcu_system_clock_source_get) for rcu_system_clock_source_get
    bootloader_main.o(i.bootloader_wait_modbus_ready) refers to modbus_rtu_iap.o(i.modbus_rtu_receive_frame) for modbus_rtu_receive_frame
    bootloader_main.o(i.bootloader_wait_modbus_ready) refers to modbus_rtu_iap.o(i.modbus_rtu_process_frame) for modbus_rtu_process_frame
    bootloader_main.o(i.bootloader_wait_modbus_ready) refers to bootloader_main.o(.bss) for g_modbus_handle
    bootloader_main.o(i.iap_flag_clear) refers to gd32f4xx_rcu.o(i.rcu_periph_clock_enable) for rcu_periph_clock_enable
    bootloader_main.o(i.iap_flag_clear) refers to gd32f4xx_pmu.o(i.pmu_backup_write_enable) for pmu_backup_write_enable
    bootloader_main.o(i.iap_flag_clear) refers to gd32f4xx_pmu.o(i.pmu_backup_write_disable) for pmu_backup_write_disable
    bootloader_main.o(i.main) refers to system_gd32f4xx.o(i.SystemInit) for SystemInit
    bootloader_main.o(i.main) refers to bootloader_main.o(i.bootloader_system_clock_config) for bootloader_system_clock_config
    bootloader_main.o(i.main) refers to system_gd32f4xx.o(i.SystemCoreClockUpdate) for SystemCoreClockUpdate
    bootloader_main.o(i.main) refers to systick.o(i.systick_config) for systick_config
    bootloader_main.o(i.main) refers to rs485_host.o(i.rs485_host_init) for rs485_host_init
    bootloader_main.o(i.main) refers to gd32f4xx_rcu.o(i.rcu_periph_clock_enable) for rcu_periph_clock_enable
[...]
    Removing gd32f4xx_usart.o(i.usart_halfduplex_enable), (10 bytes).
    Removing gd32f4xx_usart.o(i.usart_hardware_flow_coherence_config), (24 bytes).
    Removing gd32f4xx_usart.o(i.usart_hardware_flow_cts_config), (20 bytes).
    Removing gd32f4xx_usart.o(i.usart_hardware_flow_rts_config), (20 bytes).
    Removing gd32f4xx_usart.o(i.usart_interrupt_disable), (26 bytes).
    Removing gd32f4xx_usart.o(i.usart_interrupt_enable), (26 bytes).
    Removing gd32f4xx_usart.o(i.usart_interrupt_flag_clear), (26 bytes).
    Removing gd32f4xx_usart.o(i.usart_interrupt_flag_get), (56 bytes).
    Removing gd32f4xx_usart.o(i.usart_invert_config), (104 bytes).
    Removing gd32f4xx_usart.o(i.usart_irda_lowpower_config), (20 bytes).
    Removing gd32f4xx_usart.o(i.usart_irda_mode_disable), (10 bytes).
    Removing gd32f4xx_usart.o(i.usart_irda_mode_enable), (10 bytes).
    Removing gd32f4xx_usart.o(i.usart_lin_break_detection_length_config), (20 bytes).
    Removing gd32f4xx_usart.o(i.usart_lin_mode_disable), (10 bytes).
    Removing gd32f4xx_usart.o(i.usart_lin_mode_enable), (10 bytes).
    Removing gd32f4xx_usart.o(i.usart_mute_mode_disable), (10 bytes).
    Removing gd32f4xx_usart.o(i.usart_mute_mode_enable), (10 bytes).
    Removing gd32f4xx_usart.o(i.usart_mute_mode_wakeup_config), (16 bytes).
    Removing gd32f4xx_usart.o(i.usart_oversample_config), (16 bytes).
    Removing gd32f4xx_usart.o(i.usart_parity_check_coherence_config), (24 bytes).
    Removing gd32f4xx_usart.o(i.usart_prescaler_config), (16 bytes).
    Removing gd32f4xx_usart.o(i.usart_receiver_timeout_disable), (14 bytes).
    Removing gd32f4xx_usart.o(i.usart_receiver_timeout_enable), (14 bytes).
    Removing gd32f4xx_usart.o(i.usart_receiver_timeout_threshold_config), (20 bytes).
    Removing gd32f4xx_usart.o(i.usart_sample_bit_config), (16 bytes).
    Removing gd32f4xx_usart.o(i.usart_send_break), (10 bytes).
    Removing gd32f4xx_usart.o(i.usart_smartcard_autoretry_config), (26 bytes).
    Removing gd32f4xx_usart.o(i.usart_smartcard_mode_disable), (10 bytes).
    Removing gd32f4xx_usart.o(i.usart_smartcard_mode_enable), (10 bytes).
    Removing gd32f4xx_usart.o(i.usart_smartcard_mode_nack_disable), (10 bytes).
    Removing gd32f4xx_usart.o(i.usart_smartcard_mode_nack_enable), (10 bytes).
    Removing gd32f4xx_usart.o(i.usart_synchronous_clock_config), (34 bytes).
    Removing gd32f4xx_usart.o(i.usart_synchronous_clock_disable), (10 bytes).
    Removing gd32f4xx_usart.o(i.usart_synchronous_clock_enable), (10 bytes).
    Removing gd32f4xx_misc.o(.rev16_text), (4 bytes).
    Removing gd32f4xx_misc.o(.revsh_text), (4 bytes).
    Removing gd32f4xx_misc.o(i.nvic_irq_disable), (24 bytes).
    Removing gd32f4xx_misc.o(i.nvic_irq_enable), (196 bytes).
    Removing gd32f4xx_misc.o(i.nvic_priority_group_set), (20 bytes).
    Removing gd32f4xx_misc.o(i.nvic_vector_table_set), (24 bytes).
    Removing gd32f4xx_misc.o(i.system_lowpower_reset), (16 bytes).
    Removing gd32f4xx_misc.o(i.system_lowpower_set), (16 bytes).
    Removing gd32f4xx_misc.o(i.systick_clksource_set), (40 bytes).
    Removing gd32f4xx_fmc.o(.rev16_text), (4 bytes).
    Removing gd32f4xx_fmc.o(.revsh_text), (4 bytes).
    Removing gd32f4xx_fmc.o(i.fmc_bank0_erase), (68 bytes).
    Removing gd32f4xx_fmc.o(i.fmc_bank1_erase), (68 bytes).
    Removing gd32f4xx_fmc.o(i.fmc_byte_program), (80 bytes).
    Removing gd32f4xx_fmc.o(i.fmc_flag_get), (24 bytes).
    Removing gd32f4xx_fmc.o(i.fmc_halfword_program), (84 bytes).
    Removing gd32f4xx_fmc.o(i.fmc_interrupt_disable), (16 bytes).
    Removing gd32f4xx_fmc.o(i.fmc_interrupt_enable), (16 bytes).
    Removing gd32f4xx_fmc.o(i.fmc_interrupt_flag_clear), (12 bytes).
    Removing gd32f4xx_fmc.o(i.fmc_interrupt_flag_get), (64 bytes).
    Removing gd32f4xx_fmc.o(i.fmc_mass_erase), (72 bytes).
    Removing gd32f4xx_fmc.o(i.fmc_page_erase), (124 bytes).
    Removing gd32f4xx_fmc.o(i.ob_boot_mode_config), (24 bytes).
    Removing gd32f4xx_fmc.o(i.ob_drp0_get), (32 bytes).
    Removing gd32f4xx_fmc.o(i.ob_drp1_get), (32 bytes).
    Removing gd32f4xx_fmc.o(i.ob_drp_disable), (96 bytes).
    Removing gd32f4xx_fmc.o(i.ob_drp_enable), (84 bytes).
    Removing gd32f4xx_fmc.o(i.ob_erase), (76 bytes).
    Removing gd32f4xx_fmc.o(i.ob_lock), (20 bytes).
    Removing gd32f4xx_fmc.o(i.ob_security_protection_config), (40 bytes).
    Removing gd32f4xx_fmc.o(i.ob_spc_get), (28 bytes).
    Removing gd32f4xx_fmc.o(i.ob_start), (20 bytes).
    Removing gd32f4xx_fmc.o(i.ob_unlock), (36 bytes).
    Removing gd32f4xx_fmc.o(i.ob_user_bor_threshold), (24 bytes).
    Removing gd32f4xx_fmc.o(i.ob_user_bor_threshold_get), (16 bytes).
    Removing gd32f4xx_fmc.o(i.ob_user_get), (16 bytes).
    Removing gd32f4xx_fmc.o(i.ob_user_write), (52 bytes).
    Removing gd32f4xx_fmc.o(i.ob_write_protection0_get), (16 bytes).
    Removing gd32f4xx_fmc.o(i.ob_write_protection1_get), (16 bytes).
    Removing gd32f4xx_fmc.o(i.ob_write_protection_disable), (72 bytes).
    Removing gd32f4xx_fmc.o(i.ob_write_protection_enable), (72 bytes).
    Removing gd32f4xx_pmu.o(.rev16_text), (4 bytes).
    Removing gd32f4xx_pmu.o(.revsh_text), (4 bytes).
    Removing gd32f4xx_pmu.o(i.pmu_backup_ldo_config), (28 bytes).
    Removing gd32f4xx_pmu.o(i.pmu_deinit), (20 bytes).
    Removing gd32f4xx_pmu.o(i.pmu_flag_clear), (48 bytes).
    Removing gd32f4xx_pmu.o(i.pmu_highdriver_mode_disable), (20 bytes).
    Removing gd32f4xx_pmu.o(i.pmu_ldo_output_select), (28 bytes).
    Removing gd32f4xx_pmu.o(i.pmu_lowdriver_mode_disable), (20 bytes).
    Removing gd32f4xx_pmu.o(i.pmu_lowdriver_mode_enable), (20 bytes).
    Removing gd32f4xx_pmu.o(i.pmu_lowpower_driver_config), (28 bytes).
    Removing gd32f4xx_pmu.o(i.pmu_lvd_disable), (20 bytes).
    Removing gd32f4xx_pmu.o(i.pmu_lvd_select), (48 bytes).
    Removing gd32f4xx_pmu.o(i.pmu_normalpower_driver_config), (28 bytes).
    Removing gd32f4xx_pmu.o(i.pmu_to_deepsleepmode), (244 bytes).
    Removing gd32f4xx_pmu.o(i.pmu_to_sleepmode), (28 bytes).
    Removing gd32f4xx_pmu.o(i.pmu_to_standbymode), (108 bytes).
    Removing gd32f4xx_pmu.o(i.pmu_wakeup_pin_disable), (20 bytes).
    Removing gd32f4xx_pmu.o(i.pmu_wakeup_pin_enable), (20 bytes).
    Removing gd32f4xx_pmu.o(.bss), (16 bytes).
    Removing led_control.o(.rev16_text), (4 bytes).
    Removing led_control.o(.revsh_text), (4 bytes).
    Removing led_control.o(i.led_blink), (62 bytes).
    Removing led_control.o(i.led_blink_count), (50 bytes).
    Removing led_control.o(i.led_toggle), (20 bytes).
    Removing delay.o(.rev16_text), (4 bytes).
    Removing delay.o(.revsh_text), (4 bytes).
    Removing delay.o(i.delay_init), (36 bytes).

191 unused section(s) (total 5634 bytes) removed from the image.

==============================================================================

Image Symbol Table

    Local Symbols

    Symbol Name                              Value     Ov Type        Size  Object(Section)

    ../clib/angel/boardlib.s                 0x00000000   Number         0  boardinit2.o ABSOLUTE
    ../clib/angel/boardlib.s                 0x00000000   Number         0  boardinit3.o ABSOLUTE
    ../clib/angel/boardlib.s                 0x00000000   Number         0  boardshut.o ABSOLUTE
    ../clib/angel/boardlib.s                 0x00000000   Number         0  boardinit1.o ABSOLUTE
    ../clib/angel/handlers.s                 0x00000000   Number         0  __scatter_zi.o ABSOLUTE
    ../clib/angel/handlers.s                 0x00000000   Number         0  __scatter_copy.o ABSOLUTE
    ../clib/angel/kernel.s                   0x00000000   Number         0  rtexit.o ABSOLUTE
    ../clib/angel/kernel.s                   0x00000000   Number         0  __rtentry.o ABSOLUTE
    ../clib/angel/kernel.s                   0x00000000   Number         0  __rtentry2.o ABSOLUTE
    ../clib/angel/kernel.s                   0x00000000   Number         0  rtexit2.o ABSOLUTE
    ../clib/angel/kernel.s                   0x00000000   Number         0  __rtentry4.o ABSOLUTE
    ../clib/angel/rt.s                       0x00000000   Number         0  rt_raise.o ABSOLUTE
    ../clib/angel/scatter.s                  0x00000000   Number         0  __scatter.o ABSOLUTE
    ../clib/angel/startup.s                  0x00000000   Number         0  __main.o ABSOLUTE
    ../clib/angel/sys.s                      0x00000000   Number         0  indicate_semi.o ABSOLUTE
    ../clib/angel/sys.s                      0x00000000   Number         0  use_no_semi.o ABSOLUTE
    ../clib/angel/sys.s                      0x00000000   Number         0  sys_stackheap_outer.o ABSOLUTE
    ../clib/angel/sys.s                      0x00000000   Number         0  libspace.o ABSOLUTE
    ../clib/angel/sysapp.c                   0x00000000   Number         0  sys_command.o ABSOLUTE
    ../clib/angel/sysapp.c                   0x00000000   Number         0  sys_exit.o ABSOLUTE
    ../clib/angel/sysapp.c                   0x00000000   Number         0  sys_wrch.o ABSOLUTE
    ../clib/armsys.c                         0x00000000   Number         0  no_argv.o ABSOLUTE
    ../clib/armsys.c                         0x00000000   Number         0  _get_argv_nomalloc.o ABSOLUTE
    ../clib/armsys.c                         0x00000000   Number         0  argv_veneer.o ABSOLUTE
    ../clib/armsys.c                         0x00000000   Number         0  argv_veneer.o ABSOLUTE
    ../clib/heapalloc.c                      0x00000000   Number         0  hrguard.o ABSOLUTE
    ../clib/heapaux.c                        0x00000000   Number         0  heapauxi.o ABSOLUTE
    ../clib/libinit.s                        0x00000000   Number         0  libshutdown.o ABSOLUTE
    ../clib/libinit.s                        0x00000000   Number         0  libinit2.o ABSOLUTE
    ../clib/libinit.s                        0x00000000   Number         0  libinit.o ABSOLUTE
    ../clib/libinit.s                        0x00000000   Number         0  libshutdown2.o ABSOLUTE
    ../clib/memcpset.s                       0x00000000   Number         0  rt_memclr_w.o ABSOLUTE
    ../clib/memcpset.s                       0x00000000   Number         0  rt_memclr.o ABSOLUTE
    ../clib/signal.c                         0x00000000   Number         0  defsig_stak_inner.o ABSOLUTE
    ../clib/signal.c                         0x00000000   Number         0  defsig_other.o ABSOLUTE
    ../clib/signal.c                         0x00000000   Number         0  defsig_segv_inner.o ABSOLUTE
    ../clib/signal.c                         0x00000000   Number         0  defsig_cppl_inner.o ABSOLUTE
    ../clib/signal.c                         0x00000000   Number         0  defsig_pvfn_inner.o ABSOLUTE
    ../clib/signal.c                         0x00000000   Number         0  defsig_rtmem_inner.o ABSOLUTE
    ../clib/signal.c                         0x00000000   Number         0  defsig_abrt_inner.o ABSOLUTE
    ../clib/signal.c                         0x00000000   Number         0  defsig_fpe_inner.o ABSOLUTE
    ../clib/signal.c                         0x00000000   Number         0  defsig_exit.o ABSOLUTE
    ../clib/signal.c                         0x00000000   Number         0  defsig_rtmem_formal.o ABSOLUTE
    ../clib/signal.c                         0x00000000   Number         0  defsig_rtmem_outer.o ABSOLUTE
    ../clib/signal.c                         0x00000000   Number         0  defsig_rtred_inner.o ABSOLUTE
    ../clib/signal.c                         0x00000000   Number         0  __raise.o ABSOLUTE
    ../clib/signal.c                         0x00000000   Number         0  defsig_general.o ABSOLUTE
    ../clib/signal.s                         0x00000000   Number         0  defsig.o ABSOLUTE
    ../clib/stdlib.c                         0x00000000   Number         0  exit.o ABSOLUTE
    ../fplib/fpinit.s                        0x00000000   Number         0  fpinit.o ABSOLUTE
    Drivers\CMSIS\Device\Source\system_gd32f4xx.c 0x00000000   Number         0  system_gd32f4xx.o ABSOLUTE
    Drivers\GD32F4xx_Peripherals\Source\gd32f4xx_fmc.c 0x00000000   Number         0  gd32f4xx_fmc.o ABSOLUTE
    Drivers\GD32F4xx_Peripherals\Source\gd32f4xx_gpio.c 0x00000000   Number         0  gd32f4xx_gpio.o ABSOLUTE
    Drivers\GD32F4xx_Peripherals\Source\gd32f4xx_misc.c 0x00000000   Number         0  gd32f4xx_misc.o ABSOLUTE
    Drivers\GD32F4xx_Peripherals\Source\gd32f4xx_pmu.c 0x00000000   Number         0  gd32f4xx_pmu.o ABSOLUTE
    Drivers\GD32F4xx_Peripherals\Source\gd32f4xx_rcu.c 0x00000000   Number         0  gd32f4xx_rcu.o ABSOLUTE
    Drivers\GD32F4xx_Peripherals\Source\gd32f4xx_usart.c 0x00000000   Number         0  gd32f4xx_usart.o ABSOLUTE
    Drivers\\CMSIS\\Device\\Source\\system_gd32f4xx.c 0x00000000   Number         0  system_gd32f4xx.o ABSOLUTE
    Drivers\\GD32F4xx_Peripherals\\Source\\gd32f4xx_fmc.c 0x00000000   Number         0  gd32f4xx_fmc.o ABSOLUTE
    Drivers\\GD32F4xx_Peripherals\\Source\\gd32f4xx_gpio.c 0x00000000   Number         0  gd32f4xx_gpio.o ABSOLUTE
    Drivers\\GD32F4xx_Peripherals\\Source\\gd32f4xx_misc.c 0x00000000   Number         0  gd32f4xx_misc.o ABSOLUTE
    Drivers\\GD32F4xx_Peripherals\\Source\\gd32f4xx_pmu.c 0x00000000   Number         0  gd32f4xx_pmu.o ABSOLUTE
    Drivers\\GD32F4xx_Peripherals\\Source\\gd32f4xx_rcu.c 0x00000000   Number         0  gd32f4xx_rcu.o ABSOLUTE
    Drivers\\GD32F4xx_Peripherals\\Source\\gd32f4xx_usart.c 0x00000000   Number         0  gd32f4xx_usart.o ABSOLUTE
    Src\\bootloader_main.c                   0x00000000   Number         0  bootloader_main.o ABSOLUTE
    Src\\delay.c                             0x00000000   Number         0  delay.o ABSOLUTE
    Src\\flash_driver.c                      0x00000000   Number         0  flash_driver.o ABSOLUTE
    Src\\gd32f4xx_it.c                       0x00000000   Number         0  gd32f4xx_it.o ABSOLUTE
    Src\\led_control.c                       0x00000000   Number         0  led_control.o ABSOLUTE
    Src\\modbus_iap.c                        0x00000000   Number         0  modbus_iap.o ABSOLUTE
    Src\\modbus_rtu_iap.c                    0x00000000   Number         0  modbus_rtu_iap.o ABSOLUTE
    Src\\rs485_host.c                        0x00000000   Number         0  rs485_host.o ABSOLUTE
    Src\\systick.c                           0x00000000   Number         0  systick.o ABSOLUTE
    Src\bootloader_main.c                    0x00000000   Number         0  bootloader_main.o ABSOLUTE
    Src\delay.c                              0x00000000   Number         0  delay.o ABSOLUTE
    Src\flash_driver.c                       0x00000000   Number         0  flash_driver.o ABSOLUTE
    Src\gd32f4xx_it.c                        0x00000000   Number         0  gd32f4xx_it.o ABSOLUTE
    Src\led_control.c                        0x00000000   Number         0  led_control.o ABSOLUTE
    Src\modbus_iap.c                         0x00000000   Number         0  modbus_iap.o ABSOLUTE
    Src\modbus_rtu_iap.c                     0x00000000   Number         0  modbus_rtu_iap.o ABSOLUTE
    Src\rs485_host.c                         0x00000000   Number         0  rs485_host.o ABSOLUTE
    Src\systick.c                            0x00000000   Number         0  systick.o ABSOLUTE
    Startup\startup_gd32f405_425.s           0x00000000   Number         0  startup_gd32f405_425.o ABSOLUTE
    dc.s                                     0x00000000   Number         0  dc.o ABSOLUTE
    RESET                                    0x08000000   Section      392  startup_gd32f405_425.o(RESET)
    !!!main                                  0x08000188   Section        8  __main.o(!!!main)
    !!!scatter                               0x08000190   Section       52  __scatter.o(!!!scatter)
    !!handler_copy                           0x080001c4   Section       26  __scatter_copy.o(!!handler_copy)
    !!handler_zi                             0x080001e0   Section       28  __scatter_zi.o(!!handler_zi)
    .ARM.Collect$$libinit$$00000000          0x080001fc   Section        2  libinit.o(.ARM.Collect$$libinit$$00000000)
    .ARM.Collect$$libinit$$00000001          0x080001fe   Section        4  libinit2.o(.ARM.Collect$$libinit$$00000001)
    .ARM.Collect$$libinit$$00000004          0x08000202   Section        0  libinit2.o(.ARM.Collect$$libinit$$00000004)
    .ARM.Collect$$libinit$$0000000A          0x08000202   Section        0  libinit2.o(.ARM.Collect$$libinit$$0000000A)
    .ARM.Collect$$libinit$$0000000C          0x08000202   Section        0  libinit2.o(.ARM.Collect$$libinit$$0000000C)
    .ARM.Collect$$libinit$$0000000E          0x08000202   Section        0  libinit2.o(.ARM.Collect$$libinit$$0000000E)
    .ARM.Collect$$libinit$$00000011          0x08000202   Section        0  libinit2.o(.ARM.Collect$$libinit$$00000011)
    .ARM.Collect$$libinit$$00000013          0x08000202   Section        0  libinit2.o(.ARM.Collect$$libinit$$00000013)
    .ARM.Collect$$libinit$$00000015          0x08000202   Section        0  libinit2.o(.ARM.Collect$$libinit$$00000015)
    .ARM.Collect$$libinit$$00000017          0x08000202   Section        0  libinit2.o(.ARM.Collect$$libinit$$00000017)
    .ARM.Collect$$libinit$$00000019          0x08000202   Section        0  libinit2.o(.ARM.Collect$$libinit$$00000019)
    .ARM.Collect$$libinit$$0000001B          0x08000202   Section        0  libinit2.o(.ARM.Collect$$libinit$$0000001B)
    .ARM.Collect$$libinit$$0000001D          0x08000202   Section        0  libinit2.o(.ARM.Collect$$libinit$$0000001D)
    .ARM.Collect$$libinit$$0000001F          0x08000202   Section        0  libinit2.o(.ARM.Collect$$libinit$$0000001F)
    .ARM.Collect$$libinit$$00000021          0x08000202   Section        0  libinit2.o(.ARM.Collect$$libinit$$00000021)
    .ARM.Collect$$libinit$$00000023          0x08000202   Section        0  libinit2.o(.ARM.Collect$$libinit$$00000023)
    .ARM.Collect$$libinit$$00000025          0x08000202   Section        0  libinit2.o(.ARM.Collect$$libinit$$00000025)
    .ARM.Collect$$libinit$$0000002C          0x08000202   Section        0  libinit2.o(.ARM.Collect$$libinit$$0000002C)
    .ARM.Collect$$libinit$$0000002E          0x08000202   Section        0  libinit2.o(.ARM.Collect$$libinit$$0000002E)
    .ARM.Collect$$libinit$$00000030          0x08000202   Section        0  libinit2.o(.ARM.Collect$$libinit$$00000030)
    .ARM.Collect$$libinit$$00000032          0x08000202   Section        0  libinit2.o(.ARM.Collect$$libinit$$00000032)
    .ARM.Collect$$libinit$$00000033          0x08000202   Section        2  libinit2.o(.ARM.Collect$$libinit$$00000033)
    .ARM.Collect$$libshutdown$$00000000      0x08000204   Section        2  libshutdown.o(.ARM.Collect$$libshutdown$$00000000)
    .ARM.Collect$$libshutdown$$00000002      0x08000206   Section        0  libshutdown2.o(.ARM.Collect$$libshutdown$$00000002)
    .ARM.Collect$$libshutdown$$00000004      0x08000206   Section        0  libshutdown2.o(.ARM.Collect$$libshutdown$$00000004)
    .ARM.Collect$$libshutdown$$00000007      0x08000206   Section        0  libshutdown2.o(.ARM.Collect$$libshutdown$$00000007)
    .ARM.Collect$$libshutdown$$0000000A      0x08000206   Section        0  libshutdown2.o(.ARM.Collect$$libshutdown$$0000000A)
    .ARM.Collect$$libshutdown$$0000000C      0x08000206   Section        0  libshutdown2.o(.ARM.Collect$$libshutdown$$0000000C)
    .ARM.Collect$$libshutdown$$0000000F      0x08000206   Section        0  libshutdown2.o(.ARM.Collect$$libshutdown$$0000000F)
    .ARM.Collect$$libshutdown$$00000010      0x08000206   Section        2  libshutdown2.o(.ARM.Collect$$libshutdown$$00000010)
    .ARM.Collect$$rtentry$$00000000          0x08000208   Section        0  __rtentry.o(.ARM.Collect$$rtentry$$00000000)
    .ARM.Collect$$rtentry$$00000002          0x08000208   Section        0  __rtentry2.o(.ARM.Collect$$rtentry$$00000002)
    .ARM.Collect$$rtentry$$00000004          0x08000208   Section        6  __rtentry4.o(.ARM.Collect$$rtentry$$00000004)
    .ARM.Collect$$rtentry$$00000009          0x0800020e   Section        0  __rtentry2.o(.ARM.Collect$$rtentry$$00000009)
    .ARM.Collect$$rtentry$$0000000A          0x0800020e   Section        4  __rtentry2.o(.ARM.Collect$$rtentry$$0000000A)
    .ARM.Collect$$rtentry$$0000000C          0x08000212   Section        0  __rtentry2.o(.ARM.Collect$$rtentry$$0000000C)
    .ARM.Collect$$rtentry$$0000000D          0x08000212   Section        8  __rtentry2.o(.ARM.Collect$$rtentry$$0000000D)
    .ARM.Collect$$rtexit$$00000000           0x0800021a   Section        2  rtexit.o(.ARM.Collect$$rtexit$$00000000)
    .ARM.Collect$$rtexit$$00000002           0x0800021c   Section        0  rtexit2.o(.ARM.Collect$$rtexit$$00000002)
    .ARM.Collect$$rtexit$$00000003           0x0800021c   Section        4  rtexit2.o(.ARM.Collect$$rtexit$$00000003)
    .ARM.Collect$$rtexit$$00000004           0x08000220   Section        6  rtexit2.o(.ARM.Collect$$rtexit$$00000004)
    .text                                    0x08000228   Section       64  startup_gd32f405_425.o(.text)
    $v0                                      0x08000228   Number         0  startup_gd32f405_425.o(.text)
    .text                                    0x08000268   Section       68  rt_memclr.o(.text)
    .text                                    0x080002ac   Section       78  rt_memclr_w.o(.text)
    .text                                    0x080002fa   Section        0  heapauxi.o(.text)
    .text                                    0x08000300   Section       74  sys_stackheap_outer.o(.text)
    .text                                    0x0800034a   Section        0  exit.o(.text)
    .text                                    0x0800035c   Section        8  libspace.o(.text)
    .text                                    0x08000364   Section        0  sys_exit.o(.text)
    .text                                    0x08000370   Section        2  use_no_semi.o(.text)
    .text                                    0x08000372   Section        0  indicate_semi.o(.text)
    i.NVIC_SetPriority                       0x08000374   Section        0  systick.o(i.NVIC_SetPriority)
    NVIC_SetPriority                         0x08000375   Thumb Code    32  systick.o(i.NVIC_SetPriority)
    i.SysTick_Handler                        0x0800039c   Section        0  gd32f4xx_it.o(i.SysTick_Handler)
    i.SystemCoreClockUpdate                  0x080003a4   Section        0  system_gd32f4xx.o(i.SystemCoreClockUpdate)
    i.SystemInit                             0x080004b4   Section        0  system_gd32f4xx.o(i.SystemInit)
    i.USART5_IRQHandler                      0x08000644   Section        0  gd32f4xx_it.o(i.USART5_IRQHandler)
    i._soft_delay_                           0x08000646   Section        0  system_gd32f4xx.o(i._soft_delay_)
    _soft_delay_                             0x08000647   Thumb Code    28  system_gd32f4xx.o(i._soft_delay_)
    i.bootloader_enter_modbus_mode           0x08000664   Section        0  bootloader_main.o(i.bootloader_enter_modbus_mode)
    bootloader_enter_modbus_mode             0x08000665   Thumb Code   174  bootloader_main.o(i.bootloader_enter_modbus_mode)
    i.bootloader_jump_to_application         0x08000724   Section        0  bootloader_main.o(i.bootloader_jump_to_application)
    bootloader_jump_to_application           0x08000725   Thumb Code    88  bootloader_main.o(i.bootloader_jump_to_application)
    i.bootloader_system_clock_config         0x08000788   Section        0  bootloader_main.o(i.bootloader_system_clock_config)
    bootloader_system_clock_config           0x08000789   Thumb Code   148  bootloader_main.o(i.bootloader_system_clock_config)
    i.bootloader_wait_modbus_ready           0x0800081c   Section        0  bootloader_main.o(i.bootloader_wait_modbus_ready)
    bootloader_wait_modbus_ready             0x0800081d   Thumb Code    56  bootloader_main.o(i.bootloader_wait_modbus_ready)
    i.delay_1ms                              0x08000858   Section        0  systick.o(i.delay_1ms)
    i.delay_decrement                        0x0800086c   Section        0  systick.o(i.delay_decrement)
    i.delay_ms                               0x08000890   Section        0  delay.o(i.delay_ms)
    i.delay_ticks                            0x080008a8   Section        0  delay.o(i.delay_ticks)
    delay_ticks                              0x080008a9   Thumb Code    94  delay.o(i.delay_ticks)
    i.delay_us                               0x0800090c   Section        0  delay.o(i.delay_us)
    i.flash_address_in_range                 0x08000958   Section        0  flash_driver.o(i.flash_address_in_range)
    flash_address_in_range                   0x08000959   Thumb Code    22  flash_driver.o(i.flash_address_in_range)
    i.flash_app_erase                        0x08000974   Section        0  flash_driver.o(i.flash_app_erase)
    i.flash_begin                            0x080009fc   Section        0  flash_driver.o(i.flash_begin)
    flash_begin                              0x080009fd   Thumb Code    30  flash_driver.o(i.flash_begin)
    i.flash_end                              0x08000a1a   Section        0  flash_driver.o(i.flash_end)
    flash_end                                0x08000a1b   Thumb Code    12  flash_driver.o(i.flash_end)
    i.flash_program_words                    0x08000a28   Section        0  flash_driver.o(i.flash_program_words)
    i.flash_sector_from_address              0x08000ad4   Section        0  flash_driver.o(i.flash_sector_from_address)
    i.flash_status_from_fmc                  0x08000b14   Section        0  flash_driver.o(i.flash_status_from_fmc)
    flash_status_from_fmc                    0x08000b15   Thumb Code    44  flash_driver.o(i.flash_status_from_fmc)
    i.flash_wait_ready                       0x08000b40   Section        0  flash_driver.o(i.flash_wait_ready)
    flash_wait_ready                         0x08000b41   Thumb Code    20  flash_driver.o(i.flash_wait_ready)
    i.fmc_flag_clear                         0x08000b54   Section        0  gd32f4xx_fmc.o(i.fmc_flag_clear)
    i.fmc_lock                               0x08000b60   Section        0  gd32f4xx_fmc.o(i.fmc_lock)
    i.fmc_ready_wait                         0x08000b74   Section        0  gd32f4xx_fmc.o(i.fmc_ready_wait)
    i.fmc_sector_erase                       0x08000b94   Section        0  gd32f4xx_fmc.o(i.fmc_sector_erase)
    i.fmc_state_get                          0x08000bf4   Section        0  gd32f4xx_fmc.o(i.fmc_state_get)
    i.fmc_unlock                             0x08000c40   Section        0  gd32f4xx_fmc.o(i.fmc_unlock)
    i.fmc_word_program                       0x08000c64   Section        0  gd32f4xx_fmc.o(i.fmc_word_program)
    i.fmc_wscnt_set                          0x08000cb8   Section        0  gd32f4xx_fmc.o(i.fmc_wscnt_set)
    i.gpio_af_set                            0x08000cd0   Section        0  gd32f4xx_gpio.o(i.gpio_af_set)
    i.gpio_bit_reset                         0x08000d2e   Section        0  gd32f4xx_gpio.o(i.gpio_bit_reset)
    i.gpio_bit_set                           0x08000d32   Section        0  gd32f4xx_gpio.o(i.gpio_bit_set)
    i.gpio_mode_set                          0x08000d36   Section        0  gd32f4xx_gpio.o(i.gpio_mode_set)
    i.gpio_output_options_set                0x08000d84   Section        0  gd32f4xx_gpio.o(i.gpio_output_options_set)
    i.iap_flag_clear                         0x08000dc8   Section        0  bootloader_main.o(i.iap_flag_clear)
    iap_flag_clear                           0x08000dc9   Thumb Code    42  bootloader_main.o(i.iap_flag_clear)
    i.led_init                               0x08000df8   Section        0  led_control.o(i.led_init)
    i.led_off                                0x08000e28   Section        0  led_control.o(i.led_off)
    i.led_on                                 0x08000e3c   Section        0  led_control.o(i.led_on)
    i.main                                   0x08000e50   Section        0  bootloader_main.o(i.main)
    i.modbus_iap_get_register                0x08000ef0   Section        0  modbus_iap.o(i.modbus_iap_get_register)
    i.modbus_iap_init                        0x08000f70   Section        0  modbus_iap.o(i.modbus_iap_init)
    i.modbus_iap_process                     0x08000fbc   Section        0  modbus_iap.o(i.modbus_iap_process)
    i.modbus_iap_set_register                0x08001234   Section        0  modbus_iap.o(i.modbus_iap_set_register)
    i.modbus_iap_verify_step                 0x08001418   Section        0  modbus_iap.o(i.modbus_iap_verify_step)
    i.modbus_iap_write_data_registers        0x080014e4   Section        0  modbus_iap.o(i.modbus_iap_write_data_registers)
    i.modbus_rtu_convert_to_uint16           0x0800154a   Section        0  modbus_rtu_iap.o(i.modbus_rtu_convert_to_uint16)
    i.modbus_rtu_convert_to_uint8            0x08001590   Section        0  modbus_rtu_iap.o(i.modbus_rtu_convert_to_uint8)
    i.modbus_rtu_crc16                       0x080015b8   Section        0  modbus_rtu_iap.o(i.modbus_rtu_crc16)
    i.modbus_rtu_crc16_accumulate            0x080015f0   Section        0  modbus_rtu_iap.o(i.modbus_rtu_crc16_accumulate)
    i.modbus_rtu_handle_iap_control          0x08001628   Section        0  modbus_rtu_iap.o(i.modbus_rtu_handle_iap_control)
    modbus_rtu_handle_iap_control            0x08001629   Thumb Code   138  modbus_rtu_iap.o(i.modbus_rtu_handle_iap_control)
    i.modbus_rtu_handle_iap_registers        0x080016b8   Section        0  modbus_rtu_iap.o(i.modbus_rtu_handle_iap_registers)
    i.modbus_rtu_init                        0x080016d4   Section        0  modbus_rtu_iap.o(i.modbus_rtu_init)
    i.modbus_rtu_parse_frame                 0x08001738   Section        0  modbus_rtu_iap.o(i.modbus_rtu_parse_frame)
    i.modbus_rtu_process_frame               0x08001822   Section        0  modbus_rtu_iap.o(i.modbus_rtu_process_frame)
    i.modbus_rtu_read_holding_registers      0x08001840   Section        0  modbus_rtu_iap.o(i.modbus_rtu_read_holding_registers)
    i.modbus_rtu_receive_frame               0x080018c4   Section        0  modbus_rtu_iap.o(i.modbus_rtu_receive_frame)
    i.modbus_rtu_send_exception              0x0800199c   Section        0  modbus_rtu_iap.o(i.modbus_rtu_send_exception)
    i.modbus_rtu_send_response               0x080019ee   Section        0  modbus_rtu_iap.o(i.modbus_rtu_send_response)
    i.modbus_rtu_special_convert_to_uint8    0x08001a3a   Section        0  modbus_rtu_iap.o(i.modbus_rtu_special_convert_to_uint8)
    modbus_rtu_special_convert_to_uint8      0x08001a3b   Thumb Code    40  modbus_rtu_iap.o(i.modbus_rtu_special_convert_to_uint8)
    i.modbus_rtu_write_multiple_registers    0x08001a64   Section        0  modbus_rtu_iap.o(i.modbus_rtu_write_multiple_registers)
    i.modbus_rtu_write_single_register       0x08001b14   Section        0  modbus_rtu_iap.o(i.modbus_rtu_write_single_register)
    i.pmu_backup_write_disable               0x08001bc8   Section        0  gd32f4xx_pmu.o(i.pmu_backup_write_disable)
    i.pmu_backup_write_enable                0x08001bdc   Section        0  gd32f4xx_pmu.o(i.pmu_backup_write_enable)
    i.pmu_flag_get                           0x08001bf0   Section        0  gd32f4xx_pmu.o(i.pmu_flag_get)
    i.pmu_highdriver_mode_enable             0x08001c08   Section        0  gd32f4xx_pmu.o(i.pmu_highdriver_mode_enable)
    i.pmu_highdriver_switch_select           0x08001c1c   Section        0  gd32f4xx_pmu.o(i.pmu_highdriver_switch_select)
    i.rcu_ahb_clock_config                   0x08001c48   Section        0  gd32f4xx_rcu.o(i.rcu_ahb_clock_config)
    i.rcu_apb1_clock_config                  0x08001c60   Section        0  gd32f4xx_rcu.o(i.rcu_apb1_clock_config)
    i.rcu_apb2_clock_config                  0x08001c78   Section        0  gd32f4xx_rcu.o(i.rcu_apb2_clock_config)
    i.rcu_clock_freq_get                     0x08001c90   Section        0  gd32f4xx_rcu.o(i.rcu_clock_freq_get)
    i.rcu_deinit                             0x08001db4   Section        0  gd32f4xx_rcu.o(i.rcu_deinit)
    i.rcu_flag_get                           0x08001e40   Section        0  gd32f4xx_rcu.o(i.rcu_flag_get)
    i.rcu_osci_on                            0x08001e64   Section        0  gd32f4xx_rcu.o(i.rcu_osci_on)
    i.rcu_osci_stab_wait                     0x08001e88   Section        0  gd32f4xx_rcu.o(i.rcu_osci_stab_wait)
    i.rcu_periph_clock_enable                0x08001fe4   Section        0  gd32f4xx_rcu.o(i.rcu_periph_clock_enable)
    i.rcu_periph_reset_disable               0x08002008   Section        0  gd32f4xx_rcu.o(i.rcu_periph_reset_disable)
    i.rcu_periph_reset_enable                0x0800202c   Section        0  gd32f4xx_rcu.o(i.rcu_periph_reset_enable)
    i.rcu_pll_config                         0x08002050   Section        0  gd32f4xx_rcu.o(i.rcu_pll_config)
    i.rcu_system_clock_source_config         0x080020d4   Section        0  gd32f4xx_rcu.o(i.rcu_system_clock_source_config)
    i.rcu_system_clock_source_get            0x080020ec   Section        0  gd32f4xx_rcu.o(i.rcu_system_clock_source_get)
    i.rs485_host_hw_init                     0x080020fc   Section        0  rs485_host.o(i.rs485_host_hw_init)
    rs485_host_hw_init                       0x080020fd   Thumb Code   184  rs485_host.o(i.rs485_host_hw_init)
    i.rs485_host_init                        0x080021b4   Section        0  rs485_host.o(i.rs485_host_init)
    i.rs485_host_receive                     0x080021dc   Section        0  rs485_host.o(i.rs485_host_receive)
    i.rs485_host_send                        0x08002244   Section        0  rs485_host.o(i.rs485_host_send)
    i.rs485_host_set_de_pin                  0x080022c0   Section        0  rs485_host.o(i.rs485_host_set_de_pin)
    rs485_host_set_de_pin                    0x080022c1   Thumb Code    34  rs485_host.o(i.rs485_host_set_de_pin)
    i.rs485_host_set_direction               0x080022e4   Section        0  rs485_host.o(i.rs485_host_set_direction)
    i.system_clock_200m_25m_hxtal            0x0800230c   Section        0  system_gd32f4xx.o(i.system_clock_200m_25m_hxtal)
    system_clock_200m_25m_hxtal              0x0800230d   Thumb Code   258  system_gd32f4xx.o(i.system_clock_200m_25m_hxtal)
    i.system_clock_config                    0x0800241c   Section        0  system_gd32f4xx.o(i.system_clock_config)
    system_clock_config                      0x0800241d   Thumb Code     8  system_gd32f4xx.o(i.system_clock_config)
    i.systick_config                         0x08002424   Section        0  systick.o(i.systick_config)
    i.systick_get_tick                       0x08002474   Section        0  systick.o(i.systick_get_tick)
    i.usart_baudrate_set                     0x08002480   Section        0  gd32f4xx_usart.o(i.usart_baudrate_set)
    i.usart_data_receive                     0x08002568   Section        0  gd32f4xx_usart.o(i.usart_data_receive)
    i.usart_data_transmit                    0x08002572   Section        0  gd32f4xx_usart.o(i.usart_data_transmit)
    i.usart_deinit                           0x0800257c   Section        0  gd32f4xx_usart.o(i.usart_deinit)
    i.usart_enable                           0x08002658   Section        0  gd32f4xx_usart.o(i.usart_enable)
    i.usart_flag_get                         0x08002662   Section        0  gd32f4xx_usart.o(i.usart_flag_get)
    i.usart_parity_config                    0x08002680   Section        0  gd32f4xx_usart.o(i.usart_parity_config)
    i.usart_receive_config                   0x08002690   Section        0  gd32f4xx_usart.o(i.usart_receive_config)
    i.usart_stop_bit_set                     0x080026a0   Section        0  gd32f4xx_usart.o(i.usart_stop_bit_set)
    i.usart_transmit_config                  0x080026b0   Section        0  gd32f4xx_usart.o(i.usart_transmit_config)
    i.usart_word_length_set                  0x080026c0   Section        0  gd32f4xx_usart.o(i.usart_word_length_set)
    x$fpl$fpinit                             0x080026d0   Section       10  fpinit.o(x$fpl$fpinit)
    $v0                                      0x080026d0   Number         0  fpinit.o(x$fpl$fpinit)
    .constdata                               0x080026da   Section      512  modbus_rtu_iap.o(.constdata)
    .constdata                               0x080028dc   Section       96  flash_driver.o(.constdata)
    s_flash_sectors                          0x080028dc   Data          96  flash_driver.o(.constdata)
    .data                                    0x20000000   Section        5  bootloader_main.o(.data)
    error_blink_tick                         0x20000000   Data           4  bootloader_main.o(.data)
    led_state                                0x20000004   Data           1  bootloader_main.o(.data)
    .data                                    0x20000008   Section        4  modbus_rtu_iap.o(.data)
    g_modbus_handle                          0x20000008   Data           4  modbus_rtu_iap.o(.data)
    .data                                    0x2000000c   Section        8  systick.o(.data)
    delay                                    0x2000000c   Data           4  systick.o(.data)
    systick_ms                               0x20000010   Data           4  systick.o(.data)
    .data                                    0x20000014   Section       64  rs485_host.o(.data)
    s_rs485_host_ctx                         0x20000014   Data          64  rs485_host.o(.data)
    .data                                    0x20000054   Section        4  system_gd32f4xx.o(.data)
    .data                                    0x20000058   Section        4  delay.o(.data)
    delay_fac_us                             0x20000058   Data           4  delay.o(.data)
    .bss                                     0x2000005c   Section      692  bootloader_main.o(.bss)
    g_modbus_handle                          0x2000005c   Data         518  bootloader_main.o(.bss)
    g_iap_handle                             0x20000264   Data         172  bootloader_main.o(.bss)
    .bss                                     0x20000310   Section      200  modbus_rtu_iap.o(.bss)
    .bss                                     0x200003d8   Section       96  libspace.o(.bss)
    HEAP                                     0x20000438   Section     1024  startup_gd32f405_425.o(HEAP)
    Heap_Mem                                 0x20000438   Data        1024  startup_gd32f405_425.o(HEAP)
    STACK                                    0x20000838   Section     1024  startup_gd32f405_425.o(STACK)
    Stack_Mem                                0x20000838   Data        1024  startup_gd32f405_425.o(STACK)
    __initial_sp                             0x20000c38   Data           0  startup_gd32f405_425.o(STACK)

    Global Symbols

    Symbol Name                              Value     Ov Type        Size  Object(Section)

    BuildAttributes$$THM_ISAv4$E$P$D$K$B$S$7EM$VFPi3$EXTD16$VFPS$VFMA$PE$A:L22UL41UL21$X:L11$S22US41US21$IEEE1$IW$USESV6$~STKCKD$USESV7$~SHL$OSPACE$ROPI$EBA8$UX$STANDARDLIB$REQ8$PRES8$EABIv2 0x00000000   Number         0  anon$$obj.o ABSOLUTE
    __ARM_use_no_argv                        0x00000000   Number         0  bootloader_main.o ABSOLUTE
    __ARM_exceptions_init                     - Undefined Weak Reference
    __alloca_initialize                       - Undefined Weak Reference
    __arm_preinit_                            - Undefined Weak Reference
    __cpp_initialize__aeabi_                  - Undefined Weak Reference
    __cxa_finalize                            - Undefined Weak Reference
    __rt_locale                               - Undefined Weak Reference
    __sigvec_lookup                           - Undefined Weak Reference
    _atexit_init                              - Undefined Weak Reference
    _call_atexit_fns                          - Undefined Weak Reference
    _clock_init                               - Undefined Weak Reference
    _fp_trap_init                             - Undefined Weak Reference
    _fp_trap_shutdown                         - Undefined Weak Reference
    _get_lc_collate                           - Undefined Weak Reference
    _get_lc_ctype                             - Undefined Weak Reference
    _get_lc_monetary                          - Undefined Weak Reference
    _get_lc_numeric                           - Undefined Weak Reference
    _get_lc_time                              - Undefined Weak Reference
    _getenv_init                              - Undefined Weak Reference
    _handle_redirection                       - Undefined Weak Reference
    _init_alloc                               - Undefined Weak Reference
    _init_user_alloc                          - Undefined Weak Reference
    _initio                                   - Undefined Weak Reference
    _rand_init                                - Undefined Weak Reference
    _signal_finish                            - Undefined Weak Reference
    _signal_init                              - Undefined Weak Reference
    _terminate_alloc                          - Undefined Weak Reference
    _terminate_user_alloc                     - Undefined Weak Reference
    _terminateio                              - Undefined Weak Reference
    __Vectors_Size                           0x00000188   Number         0  startup_gd32f405_425.o ABSOLUTE
    __Vectors                                0x08000000   Data           4  startup_gd32f405_425.o(RESET)
    __Vectors_End                            0x08000188   Data           0  startup_gd32f405_425.o(RESET)
    __main                                   0x08000189   Thumb Code     8  __main.o(!!!main)
    __scatterload                            0x08000191   Thumb Code     0  __scatter.o(!!!scatter)
    __scatterload_rt2                        0x08000191   Thumb Code    44  __scatter.o(!!!scatter)
    __scatterload_rt2_thumb_only             0x08000191   Thumb Code     0  __scatter.o(!!!scatter)
    __scatterload_null                       0x0800019f   Thumb Code     0  __scatter.o(!!!scatter)
    __scatterload_copy                       0x080001c5   Thumb Code    26  __scatter_copy.o(!!handler_copy)
    __scatterload_zeroinit                   0x080001e1   Thumb Code    28  __scatter_zi.o(!!handler_zi)
    __rt_lib_init                            0x080001fd   Thumb Code     0  libinit.o(.ARM.Collect$$libinit$$00000000)
    __rt_lib_init_fp_1                       0x080001ff   Thumb Code     0  libinit2.o(.ARM.Collect$$libinit$$00000001)
    __rt_lib_init_alloca_1                   0x08000203   Thumb Code     0  libinit2.o(.ARM.Collect$$libinit$$0000002E)
    __rt_lib_init_argv_1                     0x08000203   Thumb Code     0  libinit2.o(.ARM.Collect$$libinit$$0000002C)
    __rt_lib_init_atexit_1                   0x08000203   Thumb Code     0  libinit2.o(.ARM.Collect$$libinit$$0000001B)
    __rt_lib_init_clock_1                    0x08000203   Thumb Code     0  libinit2.o(.ARM.Collect$$libinit$$00000021)
    __rt_lib_init_cpp_1                      0x08000203   Thumb Code     0  libinit2.o(.ARM.Collect$$libinit$$00000032)
    __rt_lib_init_exceptions_1               0x08000203   Thumb Code     0  libinit2.o(.ARM.Collect$$libinit$$00000030)
    __rt_lib_init_fp_trap_1                  0x08000203   Thumb Code     0  libinit2.o(.ARM.Collect$$libinit$$0000001F)
    __rt_lib_init_getenv_1                   0x08000203   Thumb Code     0  libinit2.o(.ARM.Collect$$libinit$$00000023)
    __rt_lib_init_heap_1                     0x08000203   Thumb Code     0  libinit2.o(.ARM.Collect$$libinit$$0000000A)
    __rt_lib_init_lc_collate_1               0x08000203   Thumb Code     0  libinit2.o(.ARM.Collect$$libinit$$00000011)
    __rt_lib_init_lc_ctype_1                 0x08000203   Thumb Code     0  libinit2.o(.ARM.Collect$$libinit$$00000013)
    __rt_lib_init_lc_monetary_1              0x08000203   Thumb Code     0  libinit2.o(.ARM.Collect$$libinit$$00000015)
    __rt_lib_init_lc_numeric_1               0x08000203   Thumb Code     0  libinit2.o(.ARM.Collect$$libinit$$00000017)
    __rt_lib_init_lc_time_1                  0x08000203   Thumb Code     0  libinit2.o(.ARM.Collect$$libinit$$00000019)
    __rt_lib_init_preinit_1                  0x08000203   Thumb Code     0  libinit2.o(.ARM.Collect$$libinit$$00000004)
    __rt_lib_init_rand_1                     0x08000203   Thumb Code     0  libinit2.o(.ARM.Collect$$libinit$$0000000E)
    __rt_lib_init_return                     0x08000203   Thumb Code     0  libinit2.o(.ARM.Collect$$libinit$$00000033)
    __rt_lib_init_signal_1                   0x08000203   Thumb Code     0  libinit2.o(.ARM.Collect$$libinit$$0000001D)
    __rt_lib_init_stdio_1                    0x08000203   Thumb Code     0  libinit2.o(.ARM.Collect$$libinit$$00000025)
    __rt_lib_init_user_alloc_1               0x08000203   Thumb Code     0  libinit2.o(.ARM.Collect$$libinit$$0000000C)
    __rt_lib_shutdown                        0x08000205   Thumb Code     0  libshutdown.o(.ARM.Collect$$libshutdown$$00000000)
    __rt_lib_shutdown_cpp_1                  0x08000207   Thumb Code     0  libshutdown2.o(.ARM.Collect$$libshutdown$$00000002)
    __rt_lib_shutdown_fp_trap_1              0x08000207   Thumb Code     0  libshutdown2.o(.ARM.Collect$$libshutdown$$00000007)
    __rt_lib_shutdown_heap_1                 0x08000207   Thumb Code     0  libshutdown2.o(.ARM.Collect$$libshutdown$$0000000F)
    __rt_lib_shutdown_return                 0x08000207   Thumb Code     0  libshutdown2.o(.ARM.Collect$$libshutdown$$00000010)
    __rt_lib_shutdown_signal_1               0x08000207   Thumb Code     0  libshutdown2.o(.ARM.Collect$$libshutdown$$0000000A)
    __rt_lib_shutdown_stdio_1                0x08000207   Thumb Code     0  libshutdown2.o(.ARM.Collect$$libshutdown$$00000004)
    __rt_lib_shutdown_user_alloc_1           0x08000207   Thumb Code     0  libshutdown2.o(.ARM.Collect$$libshutdown$$0000000C)
    __rt_entry                               0x08000209   Thumb Code     0  __rtentry.o(.ARM.Collect$$rtentry$$00000000)
    __rt_entry_presh_1                       0x08000209   Thumb Code     0  __rtentry2.o(.ARM.Collect$$rtentry$$00000002)
    __rt_entry_sh                            0x08000209   Thumb Code     0  __rtentry4.o(.ARM.Collect$$rtentry$$00000004)
    __rt_entry_li                            0x0800020f   Thumb Code     0  __rtentry2.o(.ARM.Collect$$rtentry$$0000000A)
    __rt_entry_postsh_1                      0x0800020f   Thumb Code     0  __rtentry2.o(.ARM.Collect$$rtentry$$00000009)
    __rt_entry_main                          0x08000213   Thumb Code     0  __rtentry2.o(.ARM.Collect$$rtentry$$0000000D)
    __rt_entry_postli_1                      0x08000213   Thumb Code     0  __rtentry2.o(.ARM.Collect$$rtentry$$0000000C)
    __rt_exit                                0x0800021b   Thumb Code     0  rtexit.o(.ARM.Collect$$rtexit$$00000000)
    __rt_exit_ls                             0x0800021d   Thumb Code     0  rtexit2.o(.ARM.Collect$$rtexit$$00000003)
    __rt_exit_prels_1                        0x0800021d   Thumb Code     0  rtexit2.o(.ARM.Collect$$rtexit$$00000002)
    __rt_exit_exit                           0x08000221   Thumb Code     0  rtexit2.o(.ARM.Collect$$rtexit$$00000004)
    Reset_Handler                            0x08000229   Thumb Code     8  startup_gd32f405_425.o(.text)
    NMI_Handler                              0x08000231   Thumb Code     2  startup_gd32f405_425.o(.text)
    HardFault_Handler                        0x08000233   Thumb Code     2  startup_gd32f405_425.o(.text)
    MemManage_Handler                        0x08000235   Thumb Code     2  startup_gd32f405_425.o(.text)
    BusFault_Handler                         0x08000237   Thumb Code     2  startup_gd32f405_425.o(.text)
    UsageFault_Handler                       0x08000239   Thumb Code     2  startup_gd32f405_425.o(.text)
    SVC_Handler                              0x0800023b   Thumb Code     2  startup_gd32f405_425.o(.text)
    DebugMon_Handler                         0x0800023d   Thumb Code     2  startup_gd32f405_425.o(.text)
    PendSV_Handler                           0x0800023f   Thumb Code     2  startup_gd32f405_425.o(.text)
    ADC_IRQHandler                           0x08000243   Thumb Code     0  startup_gd32f405_425.o(.text)
    CAN0_EWMC_IRQHandler                     0x08000243   Thumb Code     0  startup_gd32f405_425.o(.text)
    CAN0_RX0_IRQHandler                      0x08000243   Thumb Code     0  startup_gd32f405_425.o(.text)
    CAN0_RX1_IRQHandler                      0x08000243   Thumb Code     0  startup_gd32f405_425.o(.text)
    CAN0_TX_IRQHandler                       0x08000243   Thumb Code     0  startup_gd32f405_425.o(.text)
    CAN1_EWMC_IRQHandler                     0x08000243   Thumb Code     0  startup_gd32f405_425.o(.text)
    CAN1_RX0_IRQHandler                      0x08000243   Thumb Code     0  startup_gd32f405_425.o(.text)
    CAN1_RX1_IRQHandler                      0x08000243   Thumb Code     0  startup_gd32f405_425.o(.text)
    CAN1_TX_IRQHandler                       0x08000243   Thumb Code     0  startup_gd32f405_425.o(.text)
    DCI_IRQHandler                           0x08000243   Thumb Code     0  startup_gd32f405_425.o(.text)
    DMA0_Channel0_IRQHandler                 0x08000243   Thumb Code     0  startup_gd32f405_425.o(.text)
    DMA0_Channel1_IRQHandler                 0x08000243   Thumb Code     0  startup_gd32f405_425.o(.text)
    DMA0_Channel2_IRQHandler                 0x08000243   Thumb Code     0  startup_gd32f405_425.o(.text)
    DMA0_Channel3_IRQHandler                 0x08000243   Thumb Code     0  startup_gd32f405_425.o(.text)
    DMA0_Channel4_IRQHandler                 0x08000243   Thumb Code     0  startup_gd32f405_425.o(.text)
    DMA0_Channel5_IRQHandler                 0x08000243   Thumb Code     0  startup_gd32f405_425.o(.text)
    DMA0_Channel6_IRQHandler                 0x08000243   Thumb Code     0  startup_gd32f405_425.o(.text)
    DMA0_Channel7_IRQHandler                 0x08000243   Thumb Code     0  startup_gd32f405_425.o(.text)
    DMA1_Channel0_IRQHandler                 0x08000243   Thumb Code     0  startup_gd32f405_425.o(.text)
    DMA1_Channel1_IRQHandler                 0x08000243   Thumb Code     0  startup_gd32f405_425.o(.text)
    DMA1_Channel2_IRQHandler                 0x08000243   Thumb Code     0  startup_gd32f405_425.o(.text)
    DMA1_Channel3_IRQHandler                 0x08000243   Thumb Code     0  startup_gd32f405_425.o(.text)
    DMA1_Channel4_IRQHandler                 0x08000243   Thumb Code     0  startup_gd32f405_425.o(.text)
    DMA1_Channel5_IRQHandler                 0x08000243   Thumb Code     0  startup_gd32f405_425.o(.text)
    DMA1_Channel6_IRQHandler                 0x08000243   Thumb Code     0  startup_gd32f405_425.o(.text)
    DMA1_Channel7_IRQHandler                 0x08000243   Thumb Code     0  startup_gd32f405_425.o(.text)
    EXTI0_IRQHandler                         0x08000243   Thumb Code     0  startup_gd32f405_425.o(.text)
    EXTI10_15_IRQHandler                     0x08000243   Thumb Code     0  startup_gd32f405_425.o(.text)
    EXTI1_IRQHandler                         0x08000243   Thumb Code     0  startup_gd32f405_425.o(.text)
    EXTI2_IRQHandler                         0x08000243   Thumb Code     0  startup_gd32f405_425.o(.text)
    EXTI3_IRQHandler                         0x08000243   Thumb Code     0  startup_gd32f405_425.o(.text)
    EXTI4_IRQHandler                         0x08000243   Thumb Code     0  startup_gd32f405_425.o(.text)
    EXTI5_9_IRQHandler                       0x08000243   Thumb Code     0  startup_gd32f405_425.o(.text)
    FMC_IRQHandler                           0x08000243   Thumb Code     0  startup_gd32f405_425.o(.text)
    FPU_IRQHandler                           0x08000243   Thumb Code     0  startup_gd32f405_425.o(.text)
    I2C0_ER_IRQHandler                       0x08000243   Thumb Code     0  startup_gd32f405_425.o(.text)
    I2C0_EV_IRQHandler                       0x08000243   Thumb Code     0  startup_gd32f405_425.o(.text)
    I2C1_ER_IRQHandler                       0x08000243   Thumb Code     0  startup_gd32f405_425.o(.text)
    I2C1_EV_IRQHandler                       0x08000243   Thumb Code     0  startup_gd32f405_425.o(.text)
    I2C2_ER_IRQHandler                       0x08000243   Thumb Code     0  startup_gd32f405_425.o(.text)
    I2C2_EV_IRQHandler                       0x08000243   Thumb Code     0  startup_gd32f405_425.o(.text)
    LVD_IRQHandler                           0x08000243   Thumb Code     0  startup_gd32f405_425.o(.text)
    RCU_CTC_IRQHandler                       0x08000243   Thumb Code     0  startup_gd32f405_425.o(.text)
    RTC_Alarm_IRQHandler                     0x08000243   Thumb Code     0  startup_gd32f405_425.o(.text)
    RTC_WKUP_IRQHandler                      0x08000243   Thumb Code     0  startup_gd32f405_425.o(.text)
    SDIO_IRQHandler                          0x08000243   Thumb Code     0  startup_gd32f405_425.o(.text)
    SPI0_IRQHandler                          0x08000243   Thumb Code     0  startup_gd32f405_425.o(.text)
    SPI1_IRQHandler                          0x08000243   Thumb Code     0  startup_gd32f405_425.o(.text)
    SPI2_IRQHandler                          0x08000243   Thumb Code     0  startup_gd32f405_425.o(.text)
    TAMPER_STAMP_IRQHandler                  0x08000243   Thumb Code     0  startup_gd32f405_425.o(.text)
    TIMER0_BRK_TIMER8_IRQHandler             0x08000243   Thumb Code     0  startup_gd32f405_425.o(.text)
    TIMER0_Channel_IRQHandler                0x08000243   Thumb Code     0  startup_gd32f405_425.o(.text)
    TIMER0_TRG_CMT_TIMER10_IRQHandler        0x08000243   Thumb Code     0  startup_gd32f405_425.o(.text)
    TIMER0_UP_TIMER9_IRQHandler              0x08000243   Thumb Code     0  startup_gd32f405_425.o(.text)
    TIMER1_IRQHandler                        0x08000243   Thumb Code     0  startup_gd32f405_425.o(.text)
    TIMER2_IRQHandler                        0x08000243   Thumb Code     0  startup_gd32f405_425.o(.text)
    TIMER3_IRQHandler                        0x08000243   Thumb Code     0  startup_gd32f405_425.o(.text)
    TIMER4_IRQHandler                        0x08000243   Thumb Code     0  startup_gd32f405_425.o(.text)
    TIMER5_DAC_IRQHandler                    0x08000243   Thumb Code     0  startup_gd32f405_425.o(.text)
    TIMER6_IRQHandler                        0x08000243   Thumb Code     0  startup_gd32f405_425.o(.text)
    TIMER7_BRK_TIMER11_IRQHandler            0x08000243   Thumb Code     0  startup_gd32f405_425.o(.text)
    TIMER7_Channel_IRQHandler                0x08000243   Thumb Code     0  startup_gd32f405_425.o(.text)
    TIMER7_TRG_CMT_TIMER13_IRQHandler        0x08000243   Thumb Code     0  startup_gd32f405_425.o(.text)
    TIMER7_UP_TIMER12_IRQHandler             0x08000243   Thumb Code     0  startup_gd32f405_425.o(.text)
    TRNG_IRQHandler                          0x08000243   Thumb Code     0  startup_gd32f405_425.o(.text)
    UART3_IRQHandler                         0x08000243   Thumb Code     0  startup_gd32f405_425.o(.text)
    UART4_IRQHandler                         0x08000243   Thumb Code     0  startup_gd32f405_425.o(.text)
    USART0_IRQHandler                        0x08000243   Thumb Code     0  startup_gd32f405_425.o(.text)
    USART1_IRQHandler                        0x08000243   Thumb Code     0  startup_gd32f405_425.o(.text)
    USART2_IRQHandler                        0x08000243   Thumb Code     0  startup_gd32f405_425.o(.text)
    USBFS_IRQHandler                         0x08000243   Thumb Code     0  startup_gd32f405_425.o(.text)
    USBFS_WKUP_IRQHandler                    0x08000243   Thumb Code     0  startup_gd32f405_425.o(.text)
    USBHS_EP1_In_IRQHandler                  0x08000243   Thumb Code     0  startup_gd32f405_425.o(.text)
    USBHS_EP1_Out_IRQHandler                 0x08000243   Thumb Code     0  startup_gd32f405_425.o(.text)
    USBHS_IRQHandler                         0x08000243   Thumb Code     0  startup_gd32f405_425.o(.text)
    USBHS_WKUP_IRQHandler                    0x08000243   Thumb Code     0  startup_gd32f405_425.o(.text)
    WWDGT_IRQHandler                         0x08000243   Thumb Code     0  startup_gd32f405_425.o(.text)
    __user_initial_stackheap                 0x08000245   Thumb Code    10  startup_gd32f405_425.o(.text)
    __aeabi_memclr                           0x08000269   Thumb Code     0  rt_memclr.o(.text)
    __rt_memclr                              0x08000269   Thumb Code    68  rt_memclr.o(.text)
    _memset                                  0x0800026d   Thumb Code     0  rt_memclr.o(.text)
    __aeabi_memclr4                          0x080002ad   Thumb Code     0  rt_memclr_w.o(.text)
    __aeabi_memclr8                          0x080002ad   Thumb Code     0  rt_memclr_w.o(.text)
    __rt_memclr_w                            0x080002ad   Thumb Code    78  rt_memclr_w.o(.text)
    _memset_w                                0x080002b1   Thumb Code     0  rt_memclr_w.o(.text)
    __use_two_region_memory                  0x080002fb   Thumb Code     2  heapauxi.o(.text)
    __rt_heap_escrow$2region                 0x080002fd   Thumb Code     2  heapauxi.o(.text)
    __rt_heap_expand$2region                 0x080002ff   Thumb Code     2  heapauxi.o(.text)
    __user_setup_stackheap                   0x08000301   Thumb Code    74  sys_stackheap_outer.o(.text)
    exit                                     0x0800034b   Thumb Code    18  exit.o(.text)
    __user_libspace                          0x0800035d   Thumb Code     8  libspace.o(.text)
    __user_perproc_libspace                  0x0800035d   Thumb Code     0  libspace.o(.text)
    __user_perthread_libspace                0x0800035d   Thumb Code     0  libspace.o(.text)
    _sys_exit                                0x08000365   Thumb Code     8  sys_exit.o(.text)
    __I$use$semihosting                      0x08000371   Thumb Code     0  use_no_semi.o(.text)
    __use_no_semihosting_swi                 0x08000371   Thumb Code     2  use_no_semi.o(.text)
    __semihosting_library_function           0x08000373   Thumb Code     0  indicate_semi.o(.text)
    SysTick_Handler                          0x0800039d   Thumb Code     8  gd32f4xx_it.o(i.SysTick_Handler)
    SystemCoreClockUpdate                    0x080003a5   Thumb Code   238  system_gd32f4xx.o(i.SystemCoreClockUpdate)
    SystemInit                               0x080004b5   Thumb Code   382  system_gd32f4xx.o(i.SystemInit)
    USART5_IRQHandler                        0x08000645   Thumb Code     2  gd32f4xx_it.o(i.USART5_IRQHandler)
    delay_1ms                                0x08000859   Thumb Code    16  systick.o(i.delay_1ms)
    delay_decrement                          0x0800086d   Thumb Code    28  systick.o(i.delay_decrement)
    delay_ms                                 0x08000891   Thumb Code    24  delay.o(i.delay_ms)
    delay_us                                 0x0800090d   Thumb Code    70  delay.o(i.delay_us)
    flash_app_erase                          0x08000975   Thumb Code   132  flash_driver.o(i.flash_app_erase)
    flash_program_words                      0x08000a29   Thumb Code   166  flash_driver.o(i.flash_program_words)
    flash_sector_from_address                0x08000ad5   Thumb Code    58  flash_driver.o(i.flash_sector_from_address)
    fmc_flag_clear                           0x08000b55   Thumb Code     6  gd32f4xx_fmc.o(i.fmc_flag_clear)
    fmc_lock                                 0x08000b61   Thumb Code    14  gd32f4xx_fmc.o(i.fmc_lock)
    fmc_ready_wait                           0x08000b75   Thumb Code    32  gd32f4xx_fmc.o(i.fmc_ready_wait)
    fmc_sector_erase                         0x08000b95   Thumb Code    90  gd32f4xx_fmc.o(i.fmc_sector_erase)
    fmc_state_get                            0x08000bf5   Thumb Code    70  gd32f4xx_fmc.o(i.fmc_state_get)
    fmc_unlock                               0x08000c41   Thumb Code    24  gd32f4xx_fmc.o(i.fmc_unlock)
    fmc_word_program                         0x08000c65   Thumb Code    80  gd32f4xx_fmc.o(i.fmc_word_program)
    fmc_wscnt_set                            0x08000cb9   Thumb Code    18  gd32f4xx_fmc.o(i.fmc_wscnt_set)
    gpio_af_set                              0x08000cd1   Thumb Code    94  gd32f4xx_gpio.o(i.gpio_af_set)
    gpio_bit_reset                           0x08000d2f   Thumb Code     4  gd32f4xx_gpio.o(i.gpio_bit_reset)
    gpio_bit_set                             0x08000d33   Thumb Code     4  gd32f4xx_gpio.o(i.gpio_bit_set)
    gpio_mode_set                            0x08000d37   Thumb Code    78  gd32f4xx_gpio.o(i.gpio_mode_set)
    gpio_output_options_set                  0x08000d85   Thumb Code    66  gd32f4xx_gpio.o(i.gpio_output_options_set)
    led_init                                 0x08000df9   Thumb Code    44  led_control.o(i.led_init)
    led_off                                  0x08000e29   Thumb Code    14  led_control.o(i.led_off)
    led_on                                   0x08000e3d   Thumb Code    14  led_control.o(i.led_on)
    main                                     0x08000e51   Thumb Code   144  bootloader_main.o(i.main)
    modbus_iap_get_register                  0x08000ef1   Thumb Code   126  modbus_iap.o(i.modbus_iap_get_register)
    modbus_iap_init                          0x08000f71   Thumb Code    72  modbus_iap.o(i.modbus_iap_init)
    modbus_iap_process                       0x08000fbd   Thumb Code   632  modbus_iap.o(i.modbus_iap_process)
    modbus_iap_set_register                  0x08001235   Thumb Code   478  modbus_iap.o(i.modbus_iap_set_register)
    modbus_iap_verify_step                   0x08001419   Thumb Code   200  modbus_iap.o(i.modbus_iap_verify_step)
    modbus_iap_write_data_registers          0x080014e5   Thumb Code   102  modbus_iap.o(i.modbus_iap_write_data_registers)
    modbus_rtu_convert_to_uint16             0x0800154b   Thumb Code    70  modbus_rtu_iap.o(i.modbus_rtu_convert_to_uint16)
    modbus_rtu_convert_to_uint8              0x08001591   Thumb Code    40  modbus_rtu_iap.o(i.modbus_rtu_convert_to_uint8)
    modbus_rtu_crc16                         0x080015b9   Thumb Code    48  modbus_rtu_iap.o(i.modbus_rtu_crc16)
    modbus_rtu_crc16_accumulate              0x080015f1   Thumb Code    46  modbus_rtu_iap.o(i.modbus_rtu_crc16_accumulate)
    modbus_rtu_handle_iap_registers          0x080016b9   Thumb Code    22  modbus_rtu_iap.o(i.modbus_rtu_handle_iap_registers)
    modbus_rtu_init                          0x080016d5   Thumb Code    92  modbus_rtu_iap.o(i.modbus_rtu_init)
    modbus_rtu_parse_frame                   0x08001739   Thumb Code   234  modbus_rtu_iap.o(i.modbus_rtu_parse_frame)
    modbus_rtu_process_frame                 0x08001823   Thumb Code    30  modbus_rtu_iap.o(i.modbus_rtu_process_frame)
    modbus_rtu_read_holding_registers        0x08001841   Thumb Code   126  modbus_rtu_iap.o(i.modbus_rtu_read_holding_registers)
    modbus_rtu_receive_frame                 0x080018c5   Thumb Code   216  modbus_rtu_iap.o(i.modbus_rtu_receive_frame)
    modbus_rtu_send_exception                0x0800199d   Thumb Code    82  modbus_rtu_iap.o(i.modbus_rtu_send_exception)
    modbus_rtu_send_response                 0x080019ef   Thumb Code    76  modbus_rtu_iap.o(i.modbus_rtu_send_response)
    modbus_rtu_write_multiple_registers      0x08001a65   Thumb Code   172  modbus_rtu_iap.o(i.modbus_rtu_write_multiple_registers)
    modbus_rtu_write_single_register         0x08001b15   Thumb Code   176  modbus_rtu_iap.o(i.modbus_rtu_write_single_register)
    pmu_backup_write_disable                 0x08001bc9   Thumb Code    14  gd32f4xx_pmu.o(i.pmu_backup_write_disable)
    pmu_backup_write_enable                  0x08001bdd   Thumb Code    14  gd32f4xx_pmu.o(i.pmu_backup_write_enable)
    pmu_flag_get                             0x08001bf1   Thumb Code    18  gd32f4xx_pmu.o(i.pmu_flag_get)
    pmu_highdriver_mode_enable               0x08001c09   Thumb Code    14  gd32f4xx_pmu.o(i.pmu_highdriver_mode_enable)
    pmu_highdriver_switch_select             0x08001c1d   Thumb Code    40  gd32f4xx_pmu.o(i.pmu_highdriver_switch_select)
    rcu_ahb_clock_config                     0x08001c49   Thumb Code    18  gd32f4xx_rcu.o(i.rcu_ahb_clock_config)
    rcu_apb1_clock_config                    0x08001c61   Thumb Code    18  gd32f4xx_rcu.o(i.rcu_apb1_clock_config)
    rcu_apb2_clock_config                    0x08001c79   Thumb Code    18  gd32f4xx_rcu.o(i.rcu_apb2_clock_config)
    rcu_clock_freq_get                       0x08001c91   Thumb Code   264  gd32f4xx_rcu.o(i.rcu_clock_freq_get)
    rcu_deinit                               0x08001db5   Thumb Code   122  gd32f4xx_rcu.o(i.rcu_deinit)
    rcu_flag_get                             0x08001e41   Thumb Code    32  gd32f4xx_rcu.o(i.rcu_flag_get)
    rcu_osci_on                              0x08001e65   Thumb Code    32  gd32f4xx_rcu.o(i.rcu_osci_on)
    rcu_osci_stab_wait                       0x08001e89   Thumb Code   342  gd32f4xx_rcu.o(i.rcu_osci_stab_wait)
    rcu_periph_clock_enable                  0x08001fe5   Thumb Code    32  gd32f4xx_rcu.o(i.rcu_periph_clock_enable)
    rcu_periph_reset_disable                 0x08002009   Thumb Code    32  gd32f4xx_rcu.o(i.rcu_periph_reset_disable)
    rcu_periph_reset_enable                  0x0800202d   Thumb Code    32  gd32f4xx_rcu.o(i.rcu_periph_reset_enable)
    rcu_pll_config                           0x08002051   Thumb Code   128  gd32f4xx_rcu.o(i.rcu_pll_config)
    rcu_system_clock_source_config           0x080020d5   Thumb Code    18  gd32f4xx_rcu.o(i.rcu_system_clock_source_config)
    rcu_system_clock_source_get              0x080020ed   Thumb Code    10  gd32f4xx_rcu.o(i.rcu_system_clock_source_get)
    rs485_host_init                          0x080021b5   Thumb Code    36  rs485_host.o(i.rs485_host_init)
    rs485_host_receive                       0x080021dd   Thumb Code   100  rs485_host.o(i.rs485_host_receive)
    rs485_host_send                          0x08002245   Thumb Code   120  rs485_host.o(i.rs485_host_send)
    rs485_host_set_direction                 0x080022e5   Thumb Code    36  rs485_host.o(i.rs485_host_set_direction)
    systick_config                           0x08002425   Thumb Code    74  systick.o(i.systick_config)
    systick_get_tick                         0x08002475   Thumb Code     6  systick.o(i.systick_get_tick)
    usart_baudrate_set                       0x08002481   Thumb Code   224  gd32f4xx_usart.o(i.usart_baudrate_set)
    usart_data_receive                       0x08002569   Thumb Code    10  gd32f4xx_usart.o(i.usart_data_receive)
    usart_data_transmit                      0x08002573   Thumb Code     8  gd32f4xx_usart.o(i.usart_data_transmit)
    usart_deinit                             0x0800257d   Thumb Code   210  gd32f4xx_usart.o(i.usart_deinit)
    usart_enable                             0x08002659   Thumb Code    10  gd32f4xx_usart.o(i.usart_enable)
    usart_flag_get                           0x08002663   Thumb Code    30  gd32f4xx_usart.o(i.usart_flag_get)
    usart_parity_config                      0x08002681   Thumb Code    16  gd32f4xx_usart.o(i.usart_parity_config)
    usart_receive_config                     0x08002691   Thumb Code    16  gd32f4xx_usart.o(i.usart_receive_config)
    usart_stop_bit_set                       0x080026a1   Thumb Code    16  gd32f4xx_usart.o(i.usart_stop_bit_set)
    usart_transmit_config                    0x080026b1   Thumb Code    16  gd32f4xx_usart.o(i.usart_transmit_config)
    usart_word_length_set                    0x080026c1   Thumb Code    16  gd32f4xx_usart.o(i.usart_word_length_set)
    _fp_init                                 0x080026d1   Thumb Code    10  fpinit.o(x$fpl$fpinit)
    __fplib_config_fpu_vfp                   0x080026d9   Thumb Code     0  fpinit.o(x$fpl$fpinit)
    __fplib_config_pureend_doubles           0x080026d9   Thumb Code     0  fpinit.o(x$fpl$fpinit)
    table_crc_hi                             0x080026da   Data         256  modbus_rtu_iap.o(.constdata)
    table_crc_lo                             0x080027da   Data         256  modbus_rtu_iap.o(.constdata)
    Region$$Table$$Base                      0x0800293c   Number         0  anon$$obj.o(Region$$Table)
    Region$$Table$$Limit                     0x0800295c   Number         0  anon$$obj.o(Region$$Table)
    SystemCoreClock                          0x20000054   Data           4  system_gd32f4xx.o(.data)
    modbus_holding_registers                 0x20000310   Data         200  modbus_rtu_iap.o(.bss)
    __libspace_start                         0x200003d8   Data          96  libspace.o(.bss)
    __temporary_stack_top$libspace           0x20000438   Data           0  libspace.o(.bss)



==============================================================================

Memory Map of the image

  Image Entry point : 0x08000189

  Load Region LR_IROM1 (Base: 0x08000000, Size: 0x000029b8, Max: 0x00010000, ABSOLUTE)

    Execution Region ER_IROM1 (Exec base: 0x08000000, Load base: 0x08000000, Size: 0x0000295c, Max: 0x00010000, ABSOLUTE)

    Exec Addr    Load Addr    Size         Type   Attr      Idx    E Section Name        Object

    0x08000000   0x08000000   0x00000188   Data   RO         1858    RESET               startup_gd32f405_425.o
    0x08000188   0x08000188   0x00000008   Code   RO         1960  * !!!main             c_w.l(__main.o)
    0x08000190   0x08000190   0x00000034   Code   RO         2117    !!!scatter          c_w.l(__scatter.o)
    0x080001c4   0x080001c4   0x0000001a   Code   RO         2119    !!handler_copy      c_w.l(__scatter_copy.o)
    0x080001de   0x080001de   0x00000002   PAD
    0x080001e0   0x080001e0   0x0000001c   Code   RO         2121    !!handler_zi        c_w.l(__scatter_zi.o)
    0x080001fc   0x080001fc   0x00000002   Code   RO         1987    .ARM.Collect$$libinit$$00000000  c_w.l(libinit.o)
    0x080001fe   0x080001fe   0x00000004   Code   RO         1993    .ARM.Collect$$libinit$$00000001  c_w.l(libinit2.o)
    0x08000202   0x08000202   0x00000000   Code   RO         1996    .ARM.Collect$$libinit$$00000004  c_w.l(libinit2.o)
    0x08000202   0x08000202   0x00000000   Code   RO         1999    .ARM.Collect$$libinit$$0000000A  c_w.l(libinit2.o)
    0x08000202   0x08000202   0x00000000   Code   RO         2001    .ARM.Collect$$libinit$$0000000C  c_w.l(libinit2.o)
    0x08000202   0x08000202   0x00000000   Code   RO         2003    .ARM.Collect$$libinit$$0000000E  c_w.l(libinit2.o)
    0x08000202   0x08000202   0x00000000   Code   RO         2006    .ARM.Collect$$libinit$$00000011  c_w.l(libinit2.o)
    0x08000202   0x08000202   0x00000000   Code   RO         2008    .ARM.Collect$$libinit$$00000013  c_w.l(libinit2.o)
    0x08000202   0x08000202   0x00000000   Code   RO         2010    .ARM.Collect$$libinit$$00000015  c_w.l(libinit2.o)
    0x08000202   0x08000202   0x00000000   Code   RO         2012    .ARM.Collect$$libinit$$00000017  c_w.l(libinit2.o)
    0x08000202   0x08000202   0x00000000   Code   RO         2014    .ARM.Collect$$libinit$$00000019  c_w.l(libinit2.o)
    0x08000202   0x08000202   0x00000000   Code   RO         2016    .ARM.Collect$$libinit$$0000001B  c_w.l(libinit2.o)
    0x08000202   0x08000202   0x00000000   Code   RO         2018    .ARM.Collect$$libinit$$0000001D  c_w.l(libinit2.o)
    0x08000202   0x08000202   0x00000000   Code   RO         2020    .ARM.Collect$$libinit$$0000001F  c_w.l(libinit2.o)
    0x08000202   0x08000202   0x00000000   Code   RO         2022    .ARM.Collect$$libinit$$00000021  c_w.l(libinit2.o)
    0x08000202   0x08000202   0x00000000   Code   RO         2024    .ARM.Collect$$libinit$$00000023  c_w.l(libinit2.o)
    0x08000202   0x08000202   0x00000000   Code   RO         2026    .ARM.Collect$$libinit$$00000025  c_w.l(libinit2.o)
    0x08000202   0x08000202   0x00000000   Code   RO         2030    .ARM.Collect$$libinit$$0000002C  c_w.l(libinit2.o)
    0x08000202   0x08000202   0x00000000   Code   RO         2032    .ARM.Collect$$libinit$$0000002E  c_w.l(libinit2.o)
    0x08000202   0x08000202   0x00000000   Code   RO         2034    .ARM.Collect$$libinit$$00000030  c_w.l(libinit2.o)
    0x08000202   0x08000202   0x00000000   Code   RO         2036    .ARM.Collect$$libinit$$00000032  c_w.l(libinit2.o)
    0x08000202   0x08000202   0x00000002   Code   RO         2037    .ARM.Collect$$libinit$$00000033  c_w.l(libinit2.o)
    0x08000204   0x08000204   0x00000002   Code   RO         2057    .ARM.Collect$$libshutdown$$00000000  c_w.l(libshutdown.o)
    0x08000206   0x08000206   0x00000000   Code   RO         2070    .ARM.Collect$$libshutdown$$00000002  c_w.l(libshutdown2.o)
    0x08000206   0x08000206   0x00000000   Code   RO         2072    .ARM.Collect$$libshutdown$$00000004  c_w.l(libshutdown2.o)
    0x08000206   0x08000206   0x00000000   Code   RO         2075    .ARM.Collect$$libshutdown$$00000007  c_w.l(libshutdown2.o)
    0x08000206   0x08000206   0x00000000   Code   RO         2078    .ARM.Collect$$libshutdown$$0000000A  c_w.l(libshutdown2.o)
    0x08000206   0x08000206   0x00000000   Code   RO         2080    .ARM.Collect$$libshutdown$$0000000C  c_w.l(libshutdown2.o)
    0x08000206   0x08000206   0x00000000   Code   RO         2083    .ARM.Collect$$libshutdown$$0000000F  c_w.l(libshutdown2.o)
    0x08000206   0x08000206   0x00000002   Code   RO         2084    .ARM.Collect$$libshutdown$$00000010  c_w.l(libshutdown2.o)
    0x08000208   0x08000208   0x00000000   Code   RO         1962    .ARM.Collect$$rtentry$$00000000  c_w.l(__rtentry.o)
    0x08000208   0x08000208   0x00000000   Code   RO         1964    .ARM.Collect$$rtentry$$00000002  c_w.l(__rtentry2.o)
    0x08000208   0x08000208   0x00000006   Code   RO         1976    .ARM.Collect$$rtentry$$00000004  c_w.l(__rtentry4.o)
    0x0800020e   0x0800020e   0x00000000   Code   RO         1966    .ARM.Collect$$rtentry$$00000009  c_w.l(__rtentry2.o)
    0x0800020e   0x0800020e   0x00000004   Code   RO         1967    .ARM.Collect$$rtentry$$0000000A  c_w.l(__rtentry2.o)
    0x08000212   0x08000212   0x00000000   Code   RO         1969    .ARM.Collect$$rtentry$$0000000C  c_w.l(__rtentry2.o)
    0x08000212   0x08000212   0x00000008   Code   RO         1970    .ARM.Collect$$rtentry$$0000000D  c_w.l(__rtentry2.o)
    0x0800021a   0x0800021a   0x00000002   Code   RO         1991    .ARM.Collect$$rtexit$$00000000  c_w.l(rtexit.o)
    0x0800021c   0x0800021c   0x00000000   Code   RO         2039    .ARM.Collect$$rtexit$$00000002  c_w.l(rtexit2.o)
    0x0800021c   0x0800021c   0x00000004   Code   RO         2040    .ARM.Collect$$rtexit$$00000003  c_w.l(rtexit2.o)
    0x08000220   0x08000220   0x00000006   Code   RO         2041    .ARM.Collect$$rtexit$$00000004  c_w.l(rtexit2.o)
    0x08000226   0x08000226   0x00000002   PAD
    0x08000228   0x08000228   0x00000040   Code   RO         1859    .text               startup_gd32f405_425.o
    0x08000268   0x08000268   0x00000044   Code   RO         1954    .text               c_w.l(rt_memclr.o)
    0x080002ac   0x080002ac   0x0000004e   Code   RO         1956    .text               c_w.l(rt_memclr_w.o)
    0x080002fa   0x080002fa   0x00000006   Code   RO         1958    .text               c_w.l(heapauxi.o)
    0x08000300   0x08000300   0x0000004a   Code   RO         1978    .text               c_w.l(sys_stackheap_outer.o)
    0x0800034a   0x0800034a   0x00000012   Code   RO         1980    .text               c_w.l(exit.o)
    0x0800035c   0x0800035c   0x00000008   Code   RO         1988    .text               c_w.l(libspace.o)
    0x08000364   0x08000364   0x0000000c   Code   RO         2049    .text               c_w.l(sys_exit.o)
    0x08000370   0x08000370   0x00000002   Code   RO         2060    .text               c_w.l(use_no_semi.o)
    0x08000372   0x08000372   0x00000000   Code   RO         2062    .text               c_w.l(indicate_semi.o)
    0x08000372   0x08000372   0x00000002   PAD
    0x08000374   0x08000374   0x00000028   Code   RO          403    i.NVIC_SetPriority  systick.o
    0x0800039c   0x0800039c   0x00000008   Code   RO          458    i.SysTick_Handler   gd32f4xx_it.o
    0x080003a4   0x080003a4   0x00000110   Code   RO          622    i.SystemCoreClockUpdate  system_gd32f4xx.o
    0x080004b4   0x080004b4   0x00000190   Code   RO          623    i.SystemInit        system_gd32f4xx.o
    0x08000644   0x08000644   0x00000002   Code   RO          459    i.USART5_IRQHandler  gd32f4xx_it.o
    0x08000646   0x08000646   0x0000001c   Code   RO          624    i._soft_delay_      system_gd32f4xx.o
    0x08000662   0x08000662   0x00000002   PAD
    0x08000664   0x08000664   0x000000c0   Code   RO            3    i.bootloader_enter_modbus_mode  bootloader_main.o
    0x08000724   0x08000724   0x00000064   Code   RO            4    i.bootloader_jump_to_application  bootloader_main.o
    0x08000788   0x08000788   0x00000094   Code   RO            5    i.bootloader_system_clock_config  bootloader_main.o
    0x0800081c   0x0800081c   0x0000003c   Code   RO            6    i.bootloader_wait_modbus_ready  bootloader_main.o
    0x08000858   0x08000858   0x00000014   Code   RO          404    i.delay_1ms         systick.o
    0x0800086c   0x0800086c   0x00000024   Code   RO          406    i.delay_decrement   systick.o
    0x08000890   0x08000890   0x00000018   Code   RO         1916    i.delay_ms          delay.o
    0x080008a8   0x080008a8   0x00000064   Code   RO         1917    i.delay_ticks       delay.o
    0x0800090c   0x0800090c   0x0000004c   Code   RO         1918    i.delay_us          delay.o
    0x08000958   0x08000958   0x0000001c   Code   RO          534    i.flash_address_in_range  flash_driver.o
    0x08000974   0x08000974   0x00000088   Code   RO          535    i.flash_app_erase   flash_driver.o
    0x080009fc   0x080009fc   0x0000001e   Code   RO          536    i.flash_begin       flash_driver.o
    0x08000a1a   0x08000a1a   0x0000000c   Code   RO          537    i.flash_end         flash_driver.o
    0x08000a26   0x08000a26   0x00000002   PAD
    0x08000a28   0x08000a28   0x000000ac   Code   RO          540    i.flash_program_words  flash_driver.o
    0x08000ad4   0x08000ad4   0x00000040   Code   RO          543    i.flash_sector_from_address  flash_driver.o
    0x08000b14   0x08000b14   0x0000002c   Code   RO          544    i.flash_status_from_fmc  flash_driver.o
    0x08000b40   0x08000b40   0x00000014   Code   RO          546    i.flash_wait_ready  flash_driver.o
    0x08000b54   0x08000b54   0x0000000c   Code   RO         1478    i.fmc_flag_clear    gd32f4xx_fmc.o
    0x08000b60   0x08000b60   0x00000014   Code   RO         1485    i.fmc_lock          gd32f4xx_fmc.o
    0x08000b74   0x08000b74   0x00000020   Code   RO         1488    i.fmc_ready_wait    gd32f4xx_fmc.o
    0x08000b94   0x08000b94   0x00000060   Code   RO         1489    i.fmc_sector_erase  gd32f4xx_fmc.o
    0x08000bf4   0x08000bf4   0x0000004c   Code   RO         1490    i.fmc_state_get     gd32f4xx_fmc.o
    0x08000c40   0x08000c40   0x00000024   Code   RO         1491    i.fmc_unlock        gd32f4xx_fmc.o
    0x08000c64   0x08000c64   0x00000054   Code   RO         1492    i.fmc_word_program  gd32f4xx_fmc.o
    0x08000cb8   0x08000cb8   0x00000018   Code   RO         1493    i.fmc_wscnt_set     gd32f4xx_fmc.o
    0x08000cd0   0x08000cd0   0x0000005e   Code   RO          971    i.gpio_af_set       gd32f4xx_gpio.o
    0x08000d2e   0x08000d2e   0x00000004   Code   RO          972    i.gpio_bit_reset    gd32f4xx_gpio.o
    0x08000d32   0x08000d32   0x00000004   Code   RO          973    i.gpio_bit_set      gd32f4xx_gpio.o
    0x08000d36   0x08000d36   0x0000004e   Code   RO          979    i.gpio_mode_set     gd32f4xx_gpio.o
    0x08000d84   0x08000d84   0x00000042   Code   RO          981    i.gpio_output_options_set  gd32f4xx_gpio.o
    0x08000dc6   0x08000dc6   0x00000002   PAD
    0x08000dc8   0x08000dc8   0x00000030   Code   RO            7    i.iap_flag_clear    bootloader_main.o
    0x08000df8   0x08000df8   0x00000030   Code   RO         1867    i.led_init          led_control.o
    0x08000e28   0x08000e28   0x00000014   Code   RO         1868    i.led_off           led_control.o
    0x08000e3c   0x08000e3c   0x00000014   Code   RO         1869    i.led_on            led_control.o
    0x08000e50   0x08000e50   0x000000a0   Code   RO            8    i.main              bootloader_main.o
    0x08000ef0   0x08000ef0   0x0000007e   Code   RO          353    i.modbus_iap_get_register  modbus_iap.o
    0x08000f6e   0x08000f6e   0x00000002   PAD
    0x08000f70   0x08000f70   0x0000004c   Code   RO          354    i.modbus_iap_init   modbus_iap.o
    0x08000fbc   0x08000fbc   0x00000278   Code   RO          355    i.modbus_iap_process  modbus_iap.o
    0x08001234   0x08001234   0x000001e4   Code   RO          356    i.modbus_iap_set_register  modbus_iap.o
    0x08001418   0x08001418   0x000000cc   Code   RO          357    i.modbus_iap_verify_step  modbus_iap.o
    0x080014e4   0x080014e4   0x00000066   Code   RO          358    i.modbus_iap_write_data_registers  modbus_iap.o
    0x0800154a   0x0800154a   0x00000046   Code   RO          185    i.modbus_rtu_convert_to_uint16  modbus_rtu_iap.o
    0x08001590   0x08001590   0x00000028   Code   RO          186    i.modbus_rtu_convert_to_uint8  modbus_rtu_iap.o
    0x080015b8   0x080015b8   0x00000038   Code   RO          187    i.modbus_rtu_crc16  modbus_rtu_iap.o
    0x080015f0   0x080015f0   0x00000038   Code   RO          188    i.modbus_rtu_crc16_accumulate  modbus_rtu_iap.o
    0x08001628   0x08001628   0x00000090   Code   RO          191    i.modbus_rtu_handle_iap_control  modbus_rtu_iap.o
    0x080016b8   0x080016b8   0x0000001c   Code   RO          192    i.modbus_rtu_handle_iap_registers  modbus_rtu_iap.o
    0x080016d4   0x080016d4   0x00000064   Code   RO          193    i.modbus_rtu_init   modbus_rtu_iap.o
    0x08001738   0x08001738   0x000000ea   Code   RO          194    i.modbus_rtu_parse_frame  modbus_rtu_iap.o
    0x08001822   0x08001822   0x0000001e   Code   RO          195    i.modbus_rtu_process_frame  modbus_rtu_iap.o
    0x08001840   0x08001840   0x00000084   Code   RO          196    i.modbus_rtu_read_holding_registers  modbus_rtu_iap.o
    0x080018c4   0x080018c4   0x000000d8   Code   RO          197    i.modbus_rtu_receive_frame  modbus_rtu_iap.o
    0x0800199c   0x0800199c   0x00000052   Code   RO          198    i.modbus_rtu_send_exception  modbus_rtu_iap.o
    0x080019ee   0x080019ee   0x0000004c   Code   RO          200    i.modbus_rtu_send_response  modbus_rtu_iap.o
    0x08001a3a   0x08001a3a   0x00000028   Code   RO          202    i.modbus_rtu_special_convert_to_uint8  modbus_rtu_iap.o
    0x08001a62   0x08001a62   0x00000002   PAD
    0x08001a64   0x08001a64   0x000000b0   Code   RO          204    i.modbus_rtu_write_multiple_registers  modbus_rtu_iap.o
    0x08001b14   0x08001b14   0x000000b4   Code   RO          205    i.modbus_rtu_write_single_register  modbus_rtu_iap.o
    0x08001bc8   0x08001bc8   0x00000014   Code   RO         1718    i.pmu_backup_write_disable  gd32f4xx_pmu.o
    0x08001bdc   0x08001bdc   0x00000014   Code   RO         1719    i.pmu_backup_write_enable  gd32f4xx_pmu.o
    0x08001bf0   0x08001bf0   0x00000018   Code   RO         1722    i.pmu_flag_get      gd32f4xx_pmu.o
    0x08001c08   0x08001c08   0x00000014   Code   RO         1724    i.pmu_highdriver_mode_enable  gd32f4xx_pmu.o
    0x08001c1c   0x08001c1c   0x0000002c   Code   RO         1725    i.pmu_highdriver_switch_select  gd32f4xx_pmu.o
    0x08001c48   0x08001c48   0x00000018   Code   RO          675    i.rcu_ahb_clock_config  gd32f4xx_rcu.o
    0x08001c60   0x08001c60   0x00000018   Code   RO          677    i.rcu_apb1_clock_config  gd32f4xx_rcu.o
    0x08001c78   0x08001c78   0x00000018   Code   RO          678    i.rcu_apb2_clock_config  gd32f4xx_rcu.o
    0x08001c90   0x08001c90   0x00000124   Code   RO          684    i.rcu_clock_freq_get  gd32f4xx_rcu.o
    0x08001db4   0x08001db4   0x0000008c   Code   RO          686    i.rcu_deinit        gd32f4xx_rcu.o
    0x08001e40   0x08001e40   0x00000024   Code   RO          687    i.rcu_flag_get      gd32f4xx_rcu.o
    0x08001e64   0x08001e64   0x00000024   Code   RO          700    i.rcu_osci_on       gd32f4xx_rcu.o
    0x08001e88   0x08001e88   0x0000015c   Code   RO          701    i.rcu_osci_stab_wait  gd32f4xx_rcu.o
    0x08001fe4   0x08001fe4   0x00000024   Code   RO          703    i.rcu_periph_clock_enable  gd32f4xx_rcu.o
    0x08002008   0x08002008   0x00000024   Code   RO          706    i.rcu_periph_reset_disable  gd32f4xx_rcu.o
    0x0800202c   0x0800202c   0x00000024   Code   RO          707    i.rcu_periph_reset_enable  gd32f4xx_rcu.o
    0x08002050   0x08002050   0x00000084   Code   RO          709    i.rcu_pll_config    gd32f4xx_rcu.o
    0x080020d4   0x080020d4   0x00000018   Code   RO          717    i.rcu_system_clock_source_config  gd32f4xx_rcu.o
    0x080020ec   0x080020ec   0x00000010   Code   RO          718    i.rcu_system_clock_source_get  gd32f4xx_rcu.o
    0x080020fc   0x080020fc   0x000000b8   Code   RO          484    i.rs485_host_hw_init  rs485_host.o
    0x080021b4   0x080021b4   0x00000028   Code   RO          485    i.rs485_host_init   rs485_host.o
    0x080021dc   0x080021dc   0x00000068   Code   RO          486    i.rs485_host_receive  rs485_host.o
    0x08002244   0x08002244   0x0000007c   Code   RO          487    i.rs485_host_send   rs485_host.o
    0x080022c0   0x080022c0   0x00000022   Code   RO          488    i.rs485_host_set_de_pin  rs485_host.o
    0x080022e2   0x080022e2   0x00000002   PAD
    0x080022e4   0x080022e4   0x00000028   Code   RO          489    i.rs485_host_set_direction  rs485_host.o
    0x0800230c   0x0800230c   0x00000110   Code   RO          626    i.system_clock_200m_25m_hxtal  system_gd32f4xx.o
    0x0800241c   0x0800241c   0x00000008   Code   RO          627    i.system_clock_config  system_gd32f4xx.o
    0x08002424   0x08002424   0x00000050   Code   RO          407    i.systick_config    systick.o
    0x08002474   0x08002474   0x0000000c   Code   RO          408    i.systick_get_tick  systick.o
    0x08002480   0x08002480   0x000000e8   Code   RO         1076    i.usart_baudrate_set  gd32f4xx_usart.o
    0x08002568   0x08002568   0x0000000a   Code   RO         1080    i.usart_data_receive  gd32f4xx_usart.o
    0x08002572   0x08002572   0x00000008   Code   RO         1081    i.usart_data_transmit  gd32f4xx_usart.o
    0x0800257a   0x0800257a   0x00000002   PAD
    0x0800257c   0x0800257c   0x000000dc   Code   RO         1082    i.usart_deinit      gd32f4xx_usart.o
    0x08002658   0x08002658   0x0000000a   Code   RO         1086    i.usart_enable      gd32f4xx_usart.o
    0x08002662   0x08002662   0x0000001e   Code   RO         1088    i.usart_flag_get    gd32f4xx_usart.o
    0x08002680   0x08002680   0x00000010   Code   RO         1111    i.usart_parity_config  gd32f4xx_usart.o
    0x08002690   0x08002690   0x00000010   Code   RO         1113    i.usart_receive_config  gd32f4xx_usart.o
    0x080026a0   0x080026a0   0x00000010   Code   RO         1124    i.usart_stop_bit_set  gd32f4xx_usart.o
    0x080026b0   0x080026b0   0x00000010   Code   RO         1128    i.usart_transmit_config  gd32f4xx_usart.o
    0x080026c0   0x080026c0   0x00000010   Code   RO         1129    i.usart_word_length_set  gd32f4xx_usart.o
    0x080026d0   0x080026d0   0x0000000a   Code   RO         2047    x$fpl$fpinit        fz_wm.l(fpinit.o)
    0x080026da   0x080026da   0x00000200   Data   RO          207    .constdata          modbus_rtu_iap.o
    0x080028da   0x080028da   0x00000002   PAD
    0x080028dc   0x080028dc   0x00000060   Data   RO          547    .constdata          flash_driver.o
    0x0800293c   0x0800293c   0x00000020   Data   RO         2115    Region$$Table       anon$$obj.o


    Execution Region RW_IRAM1 (Exec base: 0x20000000, Load base: 0x0800295c, Size: 0x00000c38, Max: 0x00030000, ABSOLUTE)

    Exec Addr    Load Addr    Size         Type   Attr      Idx    E Section Name        Object

    0x20000000   0x0800295c   0x00000005   Data   RW           10    .data               bootloader_main.o
    0x20000005   0x08002961   0x00000003   PAD
    0x20000008   0x08002964   0x00000004   Data   RW          208    .data               modbus_rtu_iap.o
    0x2000000c   0x08002968   0x00000008   Data   RW          409    .data               systick.o
    0x20000014   0x08002970   0x00000040   Data   RW          490    .data               rs485_host.o
    0x20000054   0x080029b0   0x00000004   Data   RW          628    .data               system_gd32f4xx.o
    0x20000058   0x080029b4   0x00000004   Data   RW         1919    .data               delay.o
    0x2000005c        -       0x000002b4   Zero   RW            9    .bss                bootloader_main.o
    0x20000310        -       0x000000c8   Zero   RW          206    .bss                modbus_rtu_iap.o
    0x200003d8        -       0x00000060   Zero   RW         1989    .bss                c_w.l(libspace.o)
    0x20000438        -       0x00000400   Zero   RW         1857    HEAP                startup_gd32f405_425.o
    0x20000838        -       0x00000400   Zero   RW         1856    STACK               startup_gd32f405_425.o


==============================================================================

Image component sizes


      Code (inc. data)   RO Data    RW Data    ZI Data      Debug   Object Name

       708         56          0          5        692      62882   bootloader_main.o
       200         12          0          4          0       2022   delay.o
       506         30         96          0          0       6400   flash_driver.o
       380         46          0          0          0       5160   gd32f4xx_fmc.o
       246          0          0          0          0       3808   gd32f4xx_gpio.o
        10          0          0          0          0        998   gd32f4xx_it.o
       128         28          0          0          0       3060   gd32f4xx_pmu.o
      1204        106          0          0          0      10778   gd32f4xx_rcu.o
       590         18          0          0          0       7621   gd32f4xx_usart.o
        88         16          0          0          0       1506   led_control.o
      1624         32          0          0          0       6954   modbus_iap.o
      1660         52        512          4        200      16014   modbus_rtu_iap.o
       526         16          0         64          0       5136   rs485_host.o
        64         26        392          0       2048        916   startup_gd32f405_425.o
       980         66          0          4          0       5059   system_gd32f4xx.o
       188         32          0          8          0      29849   systick.o

    ----------------------------------------------------------------------
      9116        536       1034         92       2940     168163   Object Totals
         0          0         32          0          0          0   (incl. Generated)
        14          0          2          3          0          0   (incl. Padding)

    ----------------------------------------------------------------------

      Code (inc. data)   RO Data    RW Data    ZI Data      Debug   Library Member Name

         8          0          0          0          0         68   __main.o
         0          0          0          0          0          0   __rtentry.o
        12          0          0          0          0          0   __rtentry2.o
         6          0          0          0          0          0   __rtentry4.o
        52          8          0          0          0          0   __scatter.o
        26          0          0          0          0          0   __scatter_copy.o
        28          0          0          0          0          0   __scatter_zi.o
        18          0          0          0          0         80   exit.o
         6          0          0          0          0        152   heapauxi.o
         0          0          0          0          0          0   indicate_semi.o
         2          0          0          0          0          0   libinit.o
         6          0          0          0          0          0   libinit2.o
         2          0          0          0          0          0   libshutdown.o
         2          0          0          0          0          0   libshutdown2.o
         8          4          0          0         96         68   libspace.o
        68          0          0          0          0         68   rt_memclr.o
        78          0          0          0          0         80   rt_memclr_w.o
         2          0          0          0          0          0   rtexit.o
        10          0          0          0          0          0   rtexit2.o
        12          4          0          0          0         68   sys_exit.o
        74          0          0          0          0         80   sys_stackheap_outer.o
         2          0          0          0          0         68   use_no_semi.o
        10          0          0          0          0        116   fpinit.o

    ----------------------------------------------------------------------
       438         16          0          0         96        848   Library Totals
         6          0          0          0          0          0   (incl. Padding)

    ----------------------------------------------------------------------

      Code (inc. data)   RO Data    RW Data    ZI Data      Debug   Library Name

       422         16          0          0         96        732   c_w.l
        10          0          0          0          0        116   fz_wm.l

    ----------------------------------------------------------------------
       438         16          0          0         96        848   Library Totals

    ----------------------------------------------------------------------

==============================================================================


      Code (inc. data)   RO Data    RW Data    ZI Data      Debug   

      9554        552       1034         92       3036     159051   Grand Totals
      9554        552       1034         92       3036     159051   ELF Image Totals
      9554        552       1034         92          0          0   ROM Totals

==============================================================================

    Total RO  Size (Code + RO Data)                10588 (  10.34kB)
    Total RW  Size (RW Data + ZI Data)              3128 (   3.05kB)
    Total ROM Size (Code + RO Data + RW Data)      10680 (  10.43kB)

==============================================================================

