<!doctype html public "-//w3c//dtd html 4.0 transitional//en">
<html><head>
<title>Static Call Graph - [.\Objects\BootLoader.axf]</title></head>
<body><HR>
<H1>Static Call Graph for image .\Objects\BootLoader.axf</H1><HR>
<BR><P>#&#060CALLGRAPH&#062# ARM Linker, 5060750: Last Updated: Thu Nov 27 15:30:16 2025
<BR><P>
<H3>Maximum Stack Usage =        376 bytes + Unknown(Cycles, Untraceable Function Pointers)</H3><H3>
Call chain for Maximum Stack Depth:</H3>
__rt_entry_main &rArr; main &rArr; bootloader_enter_modbus_mode &rArr; modbus_iap_process &rArr; modbus_iap_set_register &rArr; flash_program_words &rArr; fmc_word_program &rArr; fmc_ready_wait
<P>
<H3>
Mutually Recursive functions
</H3> <LI><a href="#[3]">NMI_Handler</a>&nbsp;&nbsp;&nbsp;&rArr;&nbsp;&nbsp;&nbsp;<a href="#[3]">NMI_Handler</a><BR>
 <LI><a href="#[4]">HardFault_Handler</a>&nbsp;&nbsp;&nbsp;&rArr;&nbsp;&nbsp;&nbsp;<a href="#[4]">HardFault_Handler</a><BR>
 <LI><a href="#[5]">MemManage_Handler</a>&nbsp;&nbsp;&nbsp;&rArr;&nbsp;&nbsp;&nbsp;<a href="#[5]">MemManage_Handler</a><BR>
 <LI><a href="#[6]">BusFault_Handler</a>&nbsp;&nbsp;&nbsp;&rArr;&nbsp;&nbsp;&nbsp;<a href="#[6]">BusFault_Handler</a><BR>
 <LI><a href="#[7]">UsageFault_Handler</a>&nbsp;&nbsp;&nbsp;&rArr;&nbsp;&nbsp;&nbsp;<a href="#[7]">UsageFault_Handler</a><BR>
 <LI><a href="#[8]">SVC_Handler</a>&nbsp;&nbsp;&nbsp;&rArr;&nbsp;&nbsp;&nbsp;<a href="#[8]">SVC_Handler</a><BR>
 <LI><a href="#[9]">DebugMon_Handler</a>&nbsp;&nbsp;&nbsp;&rArr;&nbsp;&nbsp;&nbsp;<a href="#[9]">DebugMon_Handler</a><BR>
 <LI><a href="#[a]">PendSV_Handler</a>&nbsp;&nbsp;&nbsp;&rArr;&nbsp;&nbsp;&nbsp;<a href="#[a]">PendSV_Handler</a><BR>
 <LI><a href="#[1e]">ADC_IRQHandler</a>&nbsp;&nbsp;&nbsp;&rArr;&nbsp;&nbsp;&nbsp;<a href="#[1e]">ADC_IRQHandler</a><BR>
</UL>
<P>
<H3>
Function Pointers
</H3><UL>
 <LI><a href="#[1e]">ADC_IRQHandler</a> from startup_gd32f405_425.o(.text) referenced from startup_gd32f405_425.o(RESET)
 <LI><a href="#[6]">BusFault_Handler</a> from startup_gd32f405_425.o(.text) referenced from startup_gd32f405_425.o(RESET)
 <LI><a href="#[22]">CAN0_EWMC_IRQHandler</a> from startup_gd32f405_425.o(.text) referenced from startup_gd32f405_425.o(RESET)
 <LI><a href="#[20]">CAN0_RX0_IRQHandler</a> from startup_gd32f405_425.o(.text) referenced from startup_gd32f405_425.o(RESET)
 <LI><a href="#[21]">CAN0_RX1_IRQHandler</a> from startup_gd32f405_425.o(.text) referenced from startup_gd32f405_425.o(RESET)
 <LI><a href="#[1f]">CAN0_TX_IRQHandler</a> from startup_gd32f405_425.o(.text) referenced from startup_gd32f405_425.o(RESET)
 <LI><a href="#[4b]">CAN1_EWMC_IRQHandler</a> from startup_gd32f405_425.o(.text) referenced from startup_gd32f405_425.o(RESET)
 <LI><a href="#[49]">CAN1_RX0_IRQHandler</a> from startup_gd32f405_425.o(.text) referenced from startup_gd32f405_425.o(RESET)
 <LI><a href="#[4a]">CAN1_RX1_IRQHandler</a> from startup_gd32f405_425.o(.text) referenced from startup_gd32f405_425.o(RESET)
 <LI><a href="#[48]">CAN1_TX_IRQHandler</a> from startup_gd32f405_425.o(.text) referenced from startup_gd32f405_425.o(RESET)
 <LI><a href="#[57]">DCI_IRQHandler</a> from startup_gd32f405_425.o(.text) referenced from startup_gd32f405_425.o(RESET)
 <LI><a href="#[17]">DMA0_Channel0_IRQHandler</a> from startup_gd32f405_425.o(.text) referenced from startup_gd32f405_425.o(RESET)
 <LI><a href="#[18]">DMA0_Channel1_IRQHandler</a> from startup_gd32f405_425.o(.text) referenced from startup_gd32f405_425.o(RESET)
 <LI><a href="#[19]">DMA0_Channel2_IRQHandler</a> from startup_gd32f405_425.o(.text) referenced from startup_gd32f405_425.o(RESET)
 <LI><a href="#[1a]">DMA0_Channel3_IRQHandler</a> from startup_gd32f405_425.o(.text) referenced from startup_gd32f405_425.o(RESET)
 <LI><a href="#[1b]">DMA0_Channel4_IRQHandler</a> from startup_gd32f405_425.o(.text) referenced from startup_gd32f405_425.o(RESET)
 <LI><a href="#[1c]">DMA0_Channel5_IRQHandler</a> from startup_gd32f405_425.o(.text) referenced from startup_gd32f405_425.o(RESET)
 <LI><a href="#[1d]">DMA0_Channel6_IRQHandler</a> from startup_gd32f405_425.o(.text) referenced from startup_gd32f405_425.o(RESET)
 <LI><a href="#[3b]">DMA0_Channel7_IRQHandler</a> from startup_gd32f405_425.o(.text) referenced from startup_gd32f405_425.o(RESET)
 <LI><a href="#[43]">DMA1_Channel0_IRQHandler</a> from startup_gd32f405_425.o(.text) referenced from startup_gd32f405_425.o(RESET)
 <LI><a href="#[44]">DMA1_Channel1_IRQHandler</a> from startup_gd32f405_425.o(.text) referenced from startup_gd32f405_425.o(RESET)
 <LI><a href="#[45]">DMA1_Channel2_IRQHandler</a> from startup_gd32f405_425.o(.text) referenced from startup_gd32f405_425.o(RESET)
 <LI><a href="#[46]">DMA1_Channel3_IRQHandler</a> from startup_gd32f405_425.o(.text) referenced from startup_gd32f405_425.o(RESET)
 <LI><a href="#[47]">DMA1_Channel4_IRQHandler</a> from startup_gd32f405_425.o(.text) referenced from startup_gd32f405_425.o(RESET)
 <LI><a href="#[4d]">DMA1_Channel5_IRQHandler</a> from startup_gd32f405_425.o(.text) referenced from startup_gd32f405_425.o(RESET)
 <LI><a href="#[4e]">DMA1_Channel6_IRQHandler</a> from startup_gd32f405_425.o(.text) referenced from startup_gd32f405_425.o(RESET)
 <LI><a href="#[4f]">DMA1_Channel7_IRQHandler</a> from startup_gd32f405_425.o(.text) referenced from startup_gd32f405_425.o(RESET)
 <LI><a href="#[9]">DebugMon_Handler</a> from startup_gd32f405_425.o(.text) referenced from startup_gd32f405_425.o(RESET)
 <LI><a href="#[12]">EXTI0_IRQHandler</a> from startup_gd32f405_425.o(.text) referenced from startup_gd32f405_425.o(RESET)
 <LI><a href="#[34]">EXTI10_15_IRQHandler</a> from startup_gd32f405_425.o(.text) referenced from startup_gd32f405_425.o(RESET)
 <LI><a href="#[13]">EXTI1_IRQHandler</a> from startup_gd32f405_425.o(.text) referenced from startup_gd32f405_425.o(RESET)
 <LI><a href="#[14]">EXTI2_IRQHandler</a> from startup_gd32f405_425.o(.text) referenced from startup_gd32f405_425.o(RESET)
 <LI><a href="#[15]">EXTI3_IRQHandler</a> from startup_gd32f405_425.o(.text) referenced from startup_gd32f405_425.o(RESET)
 <LI><a href="#[16]">EXTI4_IRQHandler</a> from startup_gd32f405_425.o(.text) referenced from startup_gd32f405_425.o(RESET)
 <LI><a href="#[23]">EXTI5_9_IRQHandler</a> from startup_gd32f405_425.o(.text) referenced from startup_gd32f405_425.o(RESET)
 <LI><a href="#[10]">FMC_IRQHandler</a> from startup_gd32f405_425.o(.text) referenced from startup_gd32f405_425.o(RESET)
 <LI><a href="#[59]">FPU_IRQHandler</a> from startup_gd32f405_425.o(.text) referenced from startup_gd32f405_425.o(RESET)
 <LI><a href="#[4]">HardFault_Handler</a> from startup_gd32f405_425.o(.text) referenced from startup_gd32f405_425.o(RESET)
 <LI><a href="#[2c]">I2C0_ER_IRQHandler</a> from startup_gd32f405_425.o(.text) referenced from startup_gd32f405_425.o(RESET)
 <LI><a href="#[2b]">I2C0_EV_IRQHandler</a> from startup_gd32f405_425.o(.text) referenced from startup_gd32f405_425.o(RESET)
 <LI><a href="#[2e]">I2C1_ER_IRQHandler</a> from startup_gd32f405_425.o(.text) referenced from startup_gd32f405_425.o(RESET)
 <LI><a href="#[2d]">I2C1_EV_IRQHandler</a> from startup_gd32f405_425.o(.text) referenced from startup_gd32f405_425.o(RESET)
 <LI><a href="#[52]">I2C2_ER_IRQHandler</a> from startup_gd32f405_425.o(.text) referenced from startup_gd32f405_425.o(RESET)
 <LI><a href="#[51]">I2C2_EV_IRQHandler</a> from startup_gd32f405_425.o(.text) referenced from startup_gd32f405_425.o(RESET)
 <LI><a href="#[d]">LVD_IRQHandler</a> from startup_gd32f405_425.o(.text) referenced from startup_gd32f405_425.o(RESET)
 <LI><a href="#[5]">MemManage_Handler</a> from startup_gd32f405_425.o(.text) referenced from startup_gd32f405_425.o(RESET)
 <LI><a href="#[3]">NMI_Handler</a> from startup_gd32f405_425.o(.text) referenced from startup_gd32f405_425.o(RESET)
 <LI><a href="#[a]">PendSV_Handler</a> from startup_gd32f405_425.o(.text) referenced from startup_gd32f405_425.o(RESET)
 <LI><a href="#[11]">RCU_CTC_IRQHandler</a> from startup_gd32f405_425.o(.text) referenced from startup_gd32f405_425.o(RESET)
 <LI><a href="#[35]">RTC_Alarm_IRQHandler</a> from startup_gd32f405_425.o(.text) referenced from startup_gd32f405_425.o(RESET)
 <LI><a href="#[f]">RTC_WKUP_IRQHandler</a> from startup_gd32f405_425.o(.text) referenced from startup_gd32f405_425.o(RESET)
 <LI><a href="#[2]">Reset_Handler</a> from startup_gd32f405_425.o(.text) referenced from startup_gd32f405_425.o(RESET)
 <LI><a href="#[3c]">SDIO_IRQHandler</a> from startup_gd32f405_425.o(.text) referenced from startup_gd32f405_425.o(RESET)
 <LI><a href="#[2f]">SPI0_IRQHandler</a> from startup_gd32f405_425.o(.text) referenced from startup_gd32f405_425.o(RESET)
 <LI><a href="#[30]">SPI1_IRQHandler</a> from startup_gd32f405_425.o(.text) referenced from startup_gd32f405_425.o(RESET)
 <LI><a href="#[3e]">SPI2_IRQHandler</a> from startup_gd32f405_425.o(.text) referenced from startup_gd32f405_425.o(RESET)
 <LI><a href="#[8]">SVC_Handler</a> from startup_gd32f405_425.o(.text) referenced from startup_gd32f405_425.o(RESET)
 <LI><a href="#[b]">SysTick_Handler</a> from gd32f4xx_it.o(i.SysTick_Handler) referenced from startup_gd32f405_425.o(RESET)
 <LI><a href="#[5a]">SystemInit</a> from system_gd32f4xx.o(i.SystemInit) referenced from startup_gd32f405_425.o(.text)
 <LI><a href="#[e]">TAMPER_STAMP_IRQHandler</a> from startup_gd32f405_425.o(.text) referenced from startup_gd32f405_425.o(RESET)
 <LI><a href="#[24]">TIMER0_BRK_TIMER8_IRQHandler</a> from startup_gd32f405_425.o(.text) referenced from startup_gd32f405_425.o(RESET)
 <LI><a href="#[27]">TIMER0_Channel_IRQHandler</a> from startup_gd32f405_425.o(.text) referenced from startup_gd32f405_425.o(RESET)
 <LI><a href="#[26]">TIMER0_TRG_CMT_TIMER10_IRQHandler</a> from startup_gd32f405_425.o(.text) referenced from startup_gd32f405_425.o(RESET)
 <LI><a href="#[25]">TIMER0_UP_TIMER9_IRQHandler</a> from startup_gd32f405_425.o(.text) referenced from startup_gd32f405_425.o(RESET)
 <LI><a href="#[28]">TIMER1_IRQHandler</a> from startup_gd32f405_425.o(.text) referenced from startup_gd32f405_425.o(RESET)
 <LI><a href="#[29]">TIMER2_IRQHandler</a> from startup_gd32f405_425.o(.text) referenced from startup_gd32f405_425.o(RESET)
 <LI><a href="#[2a]">TIMER3_IRQHandler</a> from startup_gd32f405_425.o(.text) referenced from startup_gd32f405_425.o(RESET)
 <LI><a href="#[3d]">TIMER4_IRQHandler</a> from startup_gd32f405_425.o(.text) referenced from startup_gd32f405_425.o(RESET)
 <LI><a href="#[41]">TIMER5_DAC_IRQHandler</a> from startup_gd32f405_425.o(.text) referenced from startup_gd32f405_425.o(RESET)
 <LI><a href="#[42]">TIMER6_IRQHandler</a> from startup_gd32f405_425.o(.text) referenced from startup_gd32f405_425.o(RESET)
 <LI><a href="#[37]">TIMER7_BRK_TIMER11_IRQHandler</a> from startup_gd32f405_425.o(.text) referenced from startup_gd32f405_425.o(RESET)
 <LI><a href="#[3a]">TIMER7_Channel_IRQHandler</a> from startup_gd32f405_425.o(.text) referenced from startup_gd32f405_425.o(RESET)
 <LI><a href="#[39]">TIMER7_TRG_CMT_TIMER13_IRQHandler</a> from startup_gd32f405_425.o(.text) referenced from startup_gd32f405_425.o(RESET)
 <LI><a href="#[38]">TIMER7_UP_TIMER12_IRQHandler</a> from startup_gd32f405_425.o(.text) referenced from startup_gd32f405_425.o(RESET)
 <LI><a href="#[58]">TRNG_IRQHandler</a> from startup_gd32f405_425.o(.text) referenced from startup_gd32f405_425.o(RESET)
 <LI><a href="#[3f]">UART3_IRQHandler</a> from startup_gd32f405_425.o(.text) referenced from startup_gd32f405_425.o(RESET)
 <LI><a href="#[40]">UART4_IRQHandler</a> from startup_gd32f405_425.o(.text) referenced from startup_gd32f405_425.o(RESET)
 <LI><a href="#[31]">USART0_IRQHandler</a> from startup_gd32f405_425.o(.text) referenced from startup_gd32f405_425.o(RESET)
 <LI><a href="#[32]">USART1_IRQHandler</a> from startup_gd32f405_425.o(.text) referenced from startup_gd32f405_425.o(RESET)
 <LI><a href="#[33]">USART2_IRQHandler</a> from startup_gd32f405_425.o(.text) referenced from startup_gd32f405_425.o(RESET)
 <LI><a href="#[50]">USART5_IRQHandler</a> from gd32f4xx_it.o(i.USART5_IRQHandler) referenced from startup_gd32f405_425.o(RESET)
 <LI><a href="#[4c]">USBFS_IRQHandler</a> from startup_gd32f405_425.o(.text) referenced from startup_gd32f405_425.o(RESET)
 <LI><a href="#[36]">USBFS_WKUP_IRQHandler</a> from startup_gd32f405_425.o(.text) referenced from startup_gd32f405_425.o(RESET)
 <LI><a href="#[54]">USBHS_EP1_In_IRQHandler</a> from startup_gd32f405_425.o(.text) referenced from startup_gd32f405_425.o(RESET)
 <LI><a href="#[53]">USBHS_EP1_Out_IRQHandler</a> from startup_gd32f405_425.o(.text) referenced from startup_gd32f405_425.o(RESET)
 <LI><a href="#[56]">USBHS_IRQHandler</a> from startup_gd32f405_425.o(.text) referenced from startup_gd32f405_425.o(RESET)
 <LI><a href="#[55]">USBHS_WKUP_IRQHandler</a> from startup_gd32f405_425.o(.text) referenced from startup_gd32f405_425.o(RESET)
 <LI><a href="#[7]">UsageFault_Handler</a> from startup_gd32f405_425.o(.text) referenced from startup_gd32f405_425.o(RESET)
 <LI><a href="#[c]">WWDGT_IRQHandler</a> from startup_gd32f405_425.o(.text) referenced from startup_gd32f405_425.o(RESET)
 <LI><a href="#[5c]">__main</a> from __main.o(!!!main) referenced from startup_gd32f405_425.o(.text)
</UL>
<P>
<H3>
Global Symbols
</H3>
<P><STRONG><a name="[5c]"></a>__main</STRONG> (Thumb, 8 bytes, Stack size 0 bytes, __main.o(!!!main))
<BR><BR>[Calls]<UL><LI><a href="#[5d]">&gt;&gt;</a>&nbsp;&nbsp;&nbsp;__scatterload
<LI><a href="#[5e]">&gt;&gt;</a>&nbsp;&nbsp;&nbsp;__rt_entry
</UL>

<P><STRONG><a name="[5d]"></a>__scatterload</STRONG> (Thumb, 0 bytes, Stack size unknown bytes, __scatter.o(!!!scatter))
<BR><BR>[Called By]<UL><LI><a href="#[5c]">&gt;&gt;</a>&nbsp;&nbsp;&nbsp;__main
</UL>

<P><STRONG><a name="[5f]"></a>__scatterload_rt2</STRONG> (Thumb, 44 bytes, Stack size unknown bytes, __scatter.o(!!!scatter), UNUSED)
<BR><BR>[Calls]<UL><LI><a href="#[5e]">&gt;&gt;</a>&nbsp;&nbsp;&nbsp;__rt_entry
</UL>

<P><STRONG><a name="[d8]"></a>__scatterload_rt2_thumb_only</STRONG> (Thumb, 0 bytes, Stack size unknown bytes, __scatter.o(!!!scatter), UNUSED)

<P><STRONG><a name="[d9]"></a>__scatterload_null</STRONG> (Thumb, 0 bytes, Stack size unknown bytes, __scatter.o(!!!scatter), UNUSED)

<P><STRONG><a name="[60]"></a>__scatterload_copy</STRONG> (Thumb, 26 bytes, Stack size unknown bytes, __scatter_copy.o(!!handler_copy), UNUSED)
<BR><BR>[Calls]<UL><LI><a href="#[60]">&gt;&gt;</a>&nbsp;&nbsp;&nbsp;__scatterload_copy
</UL>
<BR>[Called By]<UL><LI><a href="#[60]">&gt;&gt;</a>&nbsp;&nbsp;&nbsp;__scatterload_copy
</UL>

<P><STRONG><a name="[da]"></a>__scatterload_zeroinit</STRONG> (Thumb, 28 bytes, Stack size unknown bytes, __scatter_zi.o(!!handler_zi), UNUSED)

<P><STRONG><a name="[66]"></a>__rt_lib_init</STRONG> (Thumb, 0 bytes, Stack size unknown bytes, libinit.o(.ARM.Collect$$libinit$$00000000))
<BR><BR>[Called By]<UL><LI><a href="#[65]">&gt;&gt;</a>&nbsp;&nbsp;&nbsp;__rt_entry_li
</UL>

<P><STRONG><a name="[61]"></a>__rt_lib_init_fp_1</STRONG> (Thumb, 0 bytes, Stack size unknown bytes, libinit2.o(.ARM.Collect$$libinit$$00000001))
<BR><BR>[Calls]<UL><LI><a href="#[62]">&gt;&gt;</a>&nbsp;&nbsp;&nbsp;_fp_init
</UL>

<P><STRONG><a name="[db]"></a>__rt_lib_init_alloca_1</STRONG> (Thumb, 0 bytes, Stack size unknown bytes, libinit2.o(.ARM.Collect$$libinit$$0000002E))

<P><STRONG><a name="[dc]"></a>__rt_lib_init_argv_1</STRONG> (Thumb, 0 bytes, Stack size unknown bytes, libinit2.o(.ARM.Collect$$libinit$$0000002C))

<P><STRONG><a name="[dd]"></a>__rt_lib_init_atexit_1</STRONG> (Thumb, 0 bytes, Stack size unknown bytes, libinit2.o(.ARM.Collect$$libinit$$0000001B))

<P><STRONG><a name="[de]"></a>__rt_lib_init_clock_1</STRONG> (Thumb, 0 bytes, Stack size unknown bytes, libinit2.o(.ARM.Collect$$libinit$$00000021))

<P><STRONG><a name="[df]"></a>__rt_lib_init_cpp_1</STRONG> (Thumb, 0 bytes, Stack size unknown bytes, libinit2.o(.ARM.Collect$$libinit$$00000032))

<P><STRONG><a name="[e0]"></a>__rt_lib_init_exceptions_1</STRONG> (Thumb, 0 bytes, Stack size unknown bytes, libinit2.o(.ARM.Collect$$libinit$$00000030))

<P><STRONG><a name="[e1]"></a>__rt_lib_init_fp_trap_1</STRONG> (Thumb, 0 bytes, Stack size unknown bytes, libinit2.o(.ARM.Collect$$libinit$$0000001F))

<P><STRONG><a name="[e2]"></a>__rt_lib_init_getenv_1</STRONG> (Thumb, 0 bytes, Stack size unknown bytes, libinit2.o(.ARM.Collect$$libinit$$00000023))

<P><STRONG><a name="[e3]"></a>__rt_lib_init_heap_1</STRONG> (Thumb, 0 bytes, Stack size unknown bytes, libinit2.o(.ARM.Collect$$libinit$$0000000A))

<P><STRONG><a name="[e4]"></a>__rt_lib_init_lc_collate_1</STRONG> (Thumb, 0 bytes, Stack size unknown bytes, libinit2.o(.ARM.Collect$$libinit$$00000011))

<P><STRONG><a name="[e5]"></a>__rt_lib_init_lc_ctype_1</STRONG> (Thumb, 0 bytes, Stack size unknown bytes, libinit2.o(.ARM.Collect$$libinit$$00000013))

<P><STRONG><a name="[e6]"></a>__rt_lib_init_lc_monetary_1</STRONG> (Thumb, 0 bytes, Stack size unknown bytes, libinit2.o(.ARM.Collect$$libinit$$00000015))

<P><STRONG><a name="[e7]"></a>__rt_lib_init_lc_numeric_1</STRONG> (Thumb, 0 bytes, Stack size unknown bytes, libinit2.o(.ARM.Collect$$libinit$$00000017))

<P><STRONG><a name="[e8]"></a>__rt_lib_init_lc_time_1</STRONG> (Thumb, 0 bytes, Stack size unknown bytes, libinit2.o(.ARM.Collect$$libinit$$00000019))

<P><STRONG><a name="[e9]"></a>__rt_lib_init_preinit_1</STRONG> (Thumb, 0 bytes, Stack size unknown bytes, libinit2.o(.ARM.Collect$$libinit$$00000004))

<P><STRONG><a name="[ea]"></a>__rt_lib_init_rand_1</STRONG> (Thumb, 0 bytes, Stack size unknown bytes, libinit2.o(.ARM.Collect$$libinit$$0000000E))

<P><STRONG><a name="[eb]"></a>__rt_lib_init_return</STRONG> (Thumb, 0 bytes, Stack size unknown bytes, libinit2.o(.ARM.Collect$$libinit$$00000033))

<P><STRONG><a name="[ec]"></a>__rt_lib_init_signal_1</STRONG> (Thumb, 0 bytes, Stack size unknown bytes, libinit2.o(.ARM.Collect$$libinit$$0000001D))

<P><STRONG><a name="[ed]"></a>__rt_lib_init_stdio_1</STRONG> (Thumb, 0 bytes, Stack size unknown bytes, libinit2.o(.ARM.Collect$$libinit$$00000025))

<P><STRONG><a name="[ee]"></a>__rt_lib_init_user_alloc_1</STRONG> (Thumb, 0 bytes, Stack size unknown bytes, libinit2.o(.ARM.Collect$$libinit$$0000000C))

<P><STRONG><a name="[6b]"></a>__rt_lib_shutdown</STRONG> (Thumb, 0 bytes, Stack size unknown bytes, libshutdown.o(.ARM.Collect$$libshutdown$$00000000))
<BR><BR>[Called By]<UL><LI><a href="#[6a]">&gt;&gt;</a>&nbsp;&nbsp;&nbsp;__rt_exit_ls
</UL>

<P><STRONG><a name="[ef]"></a>__rt_lib_shutdown_cpp_1</STRONG> (Thumb, 0 bytes, Stack size unknown bytes, libshutdown2.o(.ARM.Collect$$libshutdown$$00000002))

<P><STRONG><a name="[f0]"></a>__rt_lib_shutdown_fp_trap_1</STRONG> (Thumb, 0 bytes, Stack size unknown bytes, libshutdown2.o(.ARM.Collect$$libshutdown$$00000007))

<P><STRONG><a name="[f1]"></a>__rt_lib_shutdown_heap_1</STRONG> (Thumb, 0 bytes, Stack size unknown bytes, libshutdown2.o(.ARM.Collect$$libshutdown$$0000000F))

<P><STRONG><a name="[f2]"></a>__rt_lib_shutdown_return</STRONG> (Thumb, 0 bytes, Stack size unknown bytes, libshutdown2.o(.ARM.Collect$$libshutdown$$00000010))

<P><STRONG><a name="[f3]"></a>__rt_lib_shutdown_signal_1</STRONG> (Thumb, 0 bytes, Stack size unknown bytes, libshutdown2.o(.ARM.Collect$$libshutdown$$0000000A))

<P><STRONG><a name="[f4]"></a>__rt_lib_shutdown_stdio_1</STRONG> (Thumb, 0 bytes, Stack size unknown bytes, libshutdown2.o(.ARM.Collect$$libshutdown$$00000004))

<P><STRONG><a name="[f5]"></a>__rt_lib_shutdown_user_alloc_1</STRONG> (Thumb, 0 bytes, Stack size unknown bytes, libshutdown2.o(.ARM.Collect$$libshutdown$$0000000C))

<P><STRONG><a name="[5e]"></a>__rt_entry</STRONG> (Thumb, 0 bytes, Stack size unknown bytes, __rtentry.o(.ARM.Collect$$rtentry$$00000000))
<BR><BR>[Called By]<UL><LI><a href="#[5f]">&gt;&gt;</a>&nbsp;&nbsp;&nbsp;__scatterload_rt2
<LI><a href="#[5c]">&gt;&gt;</a>&nbsp;&nbsp;&nbsp;__main
</UL>

<P><STRONG><a name="[f6]"></a>__rt_entry_presh_1</STRONG> (Thumb, 0 bytes, Stack size unknown bytes, __rtentry2.o(.ARM.Collect$$rtentry$$00000002))

<P><STRONG><a name="[63]"></a>__rt_entry_sh</STRONG> (Thumb, 0 bytes, Stack size unknown bytes, __rtentry4.o(.ARM.Collect$$rtentry$$00000004))
<BR><BR>[Stack]<UL><LI>Max Depth = 8 + Unknown Stack Size
<LI>Call Chain = __rt_entry_sh &rArr; __user_setup_stackheap
</UL>
<BR>[Calls]<UL><LI><a href="#[64]">&gt;&gt;</a>&nbsp;&nbsp;&nbsp;__user_setup_stackheap
</UL>

<P><STRONG><a name="[65]"></a>__rt_entry_li</STRONG> (Thumb, 0 bytes, Stack size unknown bytes, __rtentry2.o(.ARM.Collect$$rtentry$$0000000A))
<BR><BR>[Calls]<UL><LI><a href="#[66]">&gt;&gt;</a>&nbsp;&nbsp;&nbsp;__rt_lib_init
</UL>

<P><STRONG><a name="[f7]"></a>__rt_entry_postsh_1</STRONG> (Thumb, 0 bytes, Stack size unknown bytes, __rtentry2.o(.ARM.Collect$$rtentry$$00000009))

<P><STRONG><a name="[67]"></a>__rt_entry_main</STRONG> (Thumb, 0 bytes, Stack size unknown bytes, __rtentry2.o(.ARM.Collect$$rtentry$$0000000D))
<BR><BR>[Stack]<UL><LI>Max Depth = 376 + Unknown Stack Size
<LI>Call Chain = __rt_entry_main &rArr; main &rArr; bootloader_enter_modbus_mode &rArr; modbus_iap_process &rArr; modbus_iap_set_register &rArr; flash_program_words &rArr; fmc_word_program &rArr; fmc_ready_wait
</UL>
<BR>[Calls]<UL><LI><a href="#[68]">&gt;&gt;</a>&nbsp;&nbsp;&nbsp;main
<LI><a href="#[69]">&gt;&gt;</a>&nbsp;&nbsp;&nbsp;exit
</UL>

<P><STRONG><a name="[f8]"></a>__rt_entry_postli_1</STRONG> (Thumb, 0 bytes, Stack size unknown bytes, __rtentry2.o(.ARM.Collect$$rtentry$$0000000C))

<P><STRONG><a name="[72]"></a>__rt_exit</STRONG> (Thumb, 0 bytes, Stack size unknown bytes, rtexit.o(.ARM.Collect$$rtexit$$00000000))
<BR><BR>[Called By]<UL><LI><a href="#[69]">&gt;&gt;</a>&nbsp;&nbsp;&nbsp;exit
</UL>

<P><STRONG><a name="[6a]"></a>__rt_exit_ls</STRONG> (Thumb, 0 bytes, Stack size unknown bytes, rtexit2.o(.ARM.Collect$$rtexit$$00000003))
<BR><BR>[Calls]<UL><LI><a href="#[6b]">&gt;&gt;</a>&nbsp;&nbsp;&nbsp;__rt_lib_shutdown
</UL>

<P><STRONG><a name="[f9]"></a>__rt_exit_prels_1</STRONG> (Thumb, 0 bytes, Stack size unknown bytes, rtexit2.o(.ARM.Collect$$rtexit$$00000002))

<P><STRONG><a name="[6c]"></a>__rt_exit_exit</STRONG> (Thumb, 0 bytes, Stack size unknown bytes, rtexit2.o(.ARM.Collect$$rtexit$$00000004))
<BR><BR>[Calls]<UL><LI><a href="#[6d]">&gt;&gt;</a>&nbsp;&nbsp;&nbsp;_sys_exit
</UL>

<P><STRONG><a name="[2]"></a>Reset_Handler</STRONG> (Thumb, 8 bytes, Stack size 0 bytes, startup_gd32f405_425.o(.text))
<BR>[Address Reference Count : 1]<UL><LI> startup_gd32f405_425.o(RESET)
</UL>
<P><STRONG><a name="[3]"></a>NMI_Handler</STRONG> (Thumb, 2 bytes, Stack size 0 bytes, startup_gd32f405_425.o(.text))
<BR><BR>[Calls]<UL><LI><a href="#[3]">&gt;&gt;</a>&nbsp;&nbsp;&nbsp;NMI_Handler
</UL>
<BR>[Called By]<UL><LI><a href="#[3]">&gt;&gt;</a>&nbsp;&nbsp;&nbsp;NMI_Handler
</UL>
<BR>[Address Reference Count : 1]<UL><LI> startup_gd32f405_425.o(RESET)
</UL>
<P><STRONG><a name="[4]"></a>HardFault_Handler</STRONG> (Thumb, 2 bytes, Stack size 0 bytes, startup_gd32f405_425.o(.text))
<BR><BR>[Calls]<UL><LI><a href="#[4]">&gt;&gt;</a>&nbsp;&nbsp;&nbsp;HardFault_Handler
</UL>
<BR>[Called By]<UL><LI><a href="#[4]">&gt;&gt;</a>&nbsp;&nbsp;&nbsp;HardFault_Handler
</UL>
<BR>[Address Reference Count : 1]<UL><LI> startup_gd32f405_425.o(RESET)
</UL>
<P><STRONG><a name="[5]"></a>MemManage_Handler</STRONG> (Thumb, 2 bytes, Stack size 0 bytes, startup_gd32f405_425.o(.text))
<BR><BR>[Calls]<UL><LI><a href="#[5]">&gt;&gt;</a>&nbsp;&nbsp;&nbsp;MemManage_Handler
</UL>
<BR>[Called By]<UL><LI><a href="#[5]">&gt;&gt;</a>&nbsp;&nbsp;&nbsp;MemManage_Handler
</UL>
<BR>[Address Reference Count : 1]<UL><LI> startup_gd32f405_425.o(RESET)
</UL>
<P><STRONG><a name="[6]"></a>BusFault_Handler</STRONG> (Thumb, 2 bytes, Stack size 0 bytes, startup_gd32f405_425.o(.text))
<BR><BR>[Calls]<UL><LI><a href="#[6]">&gt;&gt;</a>&nbsp;&nbsp;&nbsp;BusFault_Handler
</UL>
<BR>[Called By]<UL><LI><a href="#[6]">&gt;&gt;</a>&nbsp;&nbsp;&nbsp;BusFault_Handler
</UL>
<BR>[Address Reference Count : 1]<UL><LI> startup_gd32f405_425.o(RESET)
</UL>
<P><STRONG><a name="[7]"></a>UsageFault_Handler</STRONG> (Thumb, 2 bytes, Stack size 0 bytes, startup_gd32f405_425.o(.text))
<BR><BR>[Calls]<UL><LI><a href="#[7]">&gt;&gt;</a>&nbsp;&nbsp;&nbsp;UsageFault_Handler
</UL>
<BR>[Called By]<UL><LI><a href="#[7]">&gt;&gt;</a>&nbsp;&nbsp;&nbsp;UsageFault_Handler
</UL>
<BR>[Address Reference Count : 1]<UL><LI> startup_gd32f405_425.o(RESET)
</UL>
<P><STRONG><a name="[8]"></a>SVC_Handler</STRONG> (Thumb, 2 bytes, Stack size 0 bytes, startup_gd32f405_425.o(.text))
<BR><BR>[Calls]<UL><LI><a href="#[8]">&gt;&gt;</a>&nbsp;&nbsp;&nbsp;SVC_Handler
</UL>
<BR>[Called By]<UL><LI><a href="#[8]">&gt;&gt;</a>&nbsp;&nbsp;&nbsp;SVC_Handler
</UL>
<BR>[Address Reference Count : 1]<UL><LI> startup_gd32f405_425.o(RESET)
</UL>
<P><STRONG><a name="[9]"></a>DebugMon_Handler</STRONG> (Thumb, 2 bytes, Stack size 0 bytes, startup_gd32f405_425.o(.text))
<BR><BR>[Calls]<UL><LI><a href="#[9]">&gt;&gt;</a>&nbsp;&nbsp;&nbsp;DebugMon_Handler
</UL>
<BR>[Called By]<UL><LI><a href="#[9]">&gt;&gt;</a>&nbsp;&nbsp;&nbsp;DebugMon_Handler
</UL>
<BR>[Address Reference Count : 1]<UL><LI> startup_gd32f405_425.o(RESET)
</UL>
<P><STRONG><a name="[a]"></a>PendSV_Handler</STRONG> (Thumb, 2 bytes, Stack size 0 bytes, startup_gd32f405_425.o(.text))
<BR><BR>[Calls]<UL><LI><a href="#[a]">&gt;&gt;</a>&nbsp;&nbsp;&nbsp;PendSV_Handler
</UL>
<BR>[Called By]<UL><LI><a href="#[a]">&gt;&gt;</a>&nbsp;&nbsp;&nbsp;PendSV_Handler
</UL>
<BR>[Address Reference Count : 1]<UL><LI> startup_gd32f405_425.o(RESET)
</UL>
<P><STRONG><a name="[1e]"></a>ADC_IRQHandler</STRONG> (Thumb, 0 bytes, Stack size 0 bytes, startup_gd32f405_425.o(.text))
<BR><BR>[Calls]<UL><LI><a href="#[1e]">&gt;&gt;</a>&nbsp;&nbsp;&nbsp;ADC_IRQHandler
</UL>
<BR>[Called By]<UL><LI><a href="#[1e]">&gt;&gt;</a>&nbsp;&nbsp;&nbsp;ADC_IRQHandler
</UL>
<BR>[Address Reference Count : 1]<UL><LI> startup_gd32f405_425.o(RESET)
</UL>
<P><STRONG><a name="[22]"></a>CAN0_EWMC_IRQHandler</STRONG> (Thumb, 0 bytes, Stack size 0 bytes, startup_gd32f405_425.o(.text))
<BR>[Address Reference Count : 1]<UL><LI> startup_gd32f405_425.o(RESET)
</UL>
<P><STRONG><a name="[20]"></a>CAN0_RX0_IRQHandler</STRONG> (Thumb, 0 bytes, Stack size 0 bytes, startup_gd32f405_425.o(.text))
<BR>[Address Reference Count : 1]<UL><LI> startup_gd32f405_425.o(RESET)
</UL>
<P><STRONG><a name="[21]"></a>CAN0_RX1_IRQHandler</STRONG> (Thumb, 0 bytes, Stack size 0 bytes, startup_gd32f405_425.o(.text))
<BR>[Address Reference Count : 1]<UL><LI> startup_gd32f405_425.o(RESET)
</UL>
<P><STRONG><a name="[1f]"></a>CAN0_TX_IRQHandler</STRONG> (Thumb, 0 bytes, Stack size 0 bytes, startup_gd32f405_425.o(.text))
<BR>[Address Reference Count : 1]<UL><LI> startup_gd32f405_425.o(RESET)
</UL>
<P><STRONG><a name="[4b]"></a>CAN1_EWMC_IRQHandler</STRONG> (Thumb, 0 bytes, Stack size 0 bytes, startup_gd32f405_425.o(.text))
<BR>[Address Reference Count : 1]<UL><LI> startup_gd32f405_425.o(RESET)
</UL>
<P><STRONG><a name="[49]"></a>CAN1_RX0_IRQHandler</STRONG> (Thumb, 0 bytes, Stack size 0 bytes, startup_gd32f405_425.o(.text))
<BR>[Address Reference Count : 1]<UL><LI> startup_gd32f405_425.o(RESET)
</UL>
<P><STRONG><a name="[4a]"></a>CAN1_RX1_IRQHandler</STRONG> (Thumb, 0 bytes, Stack size 0 bytes, startup_gd32f405_425.o(.text))
<BR>[Address Reference Count : 1]<UL><LI> startup_gd32f405_425.o(RESET)
</UL>
<P><STRONG><a name="[48]"></a>CAN1_TX_IRQHandler</STRONG> (Thumb, 0 bytes, Stack size 0 bytes, startup_gd32f405_425.o(.text))
<BR>[Address Reference Count : 1]<UL><LI> startup_gd32f405_425.o(RESET)
</UL>
<P><STRONG><a name="[57]"></a>DCI_IRQHandler</STRONG> (Thumb, 0 bytes, Stack size 0 bytes, startup_gd32f405_425.o(.text))
<BR>[Address Reference Count : 1]<UL><LI> startup_gd32f405_425.o(RESET)
</UL>
<P><STRONG><a name="[17]"></a>DMA0_Channel0_IRQHandler</STRONG> (Thumb, 0 bytes, Stack size 0 bytes, startup_gd32f405_425.o(.text))
<BR>[Address Reference Count : 1]<UL><LI> startup_gd32f405_425.o(RESET)
</UL>
<P><STRONG><a name="[18]"></a>DMA0_Channel1_IRQHandler</STRONG> (Thumb, 0 bytes, Stack size 0 bytes, startup_gd32f405_425.o(.text))
<BR>[Address Reference Count : 1]<UL><LI> startup_gd32f405_425.o(RESET)
</UL>
<P><STRONG><a name="[19]"></a>DMA0_Channel2_IRQHandler</STRONG> (Thumb, 0 bytes, Stack size 0 bytes, startup_gd32f405_425.o(.text))
<BR>[Address Reference Count : 1]<UL><LI> startup_gd32f405_425.o(RESET)
</UL>
<P><STRONG><a name="[1a]"></a>DMA0_Channel3_IRQHandler</STRONG> (Thumb, 0 bytes, Stack size 0 bytes, startup_gd32f405_425.o(.text))
<BR>[Address Reference Count : 1]<UL><LI> startup_gd32f405_425.o(RESET)
</UL>
<P><STRONG><a name="[1b]"></a>DMA0_Channel4_IRQHandler</STRONG> (Thumb, 0 bytes, Stack size 0 bytes, startup_gd32f405_425.o(.text))
<BR>[Address Reference Count : 1]<UL><LI> startup_gd32f405_425.o(RESET)
</UL>
<P><STRONG><a name="[1c]"></a>DMA0_Channel5_IRQHandler</STRONG> (Thumb, 0 bytes, Stack size 0 bytes, startup_gd32f405_425.o(.text))
<BR>[Address Reference Count : 1]<UL><LI> startup_gd32f405_425.o(RESET)
</UL>
<P><STRONG><a name="[1d]"></a>DMA0_Channel6_IRQHandler</STRONG> (Thumb, 0 bytes, Stack size 0 bytes, startup_gd32f405_425.o(.text))
<BR>[Address Reference Count : 1]<UL><LI> startup_gd32f405_425.o(RESET)
</UL>
<P><STRONG><a name="[3b]"></a>DMA0_Channel7_IRQHandler</STRONG> (Thumb, 0 bytes, Stack size 0 bytes, startup_gd32f405_425.o(.text))
<BR>[Address Reference Count : 1]<UL><LI> startup_gd32f405_425.o(RESET)
</UL>
<P><STRONG><a name="[43]"></a>DMA1_Channel0_IRQHandler</STRONG> (Thumb, 0 bytes, Stack size 0 bytes, startup_gd32f405_425.o(.text))
<BR>[Address Reference Count : 1]<UL><LI> startup_gd32f405_425.o(RESET)
</UL>
<P><STRONG><a name="[44]"></a>DMA1_Channel1_IRQHandler</STRONG> (Thumb, 0 bytes, Stack size 0 bytes, startup_gd32f405_425.o(.text))
<BR>[Address Reference Count : 1]<UL><LI> startup_gd32f405_425.o(RESET)
</UL>
<P><STRONG><a name="[45]"></a>DMA1_Channel2_IRQHandler</STRONG> (Thumb, 0 bytes, Stack size 0 bytes, startup_gd32f405_425.o(.text))
<BR>[Address Reference Count : 1]<UL><LI> startup_gd32f405_425.o(RESET)
</UL>
<P><STRONG><a name="[46]"></a>DMA1_Channel3_IRQHandler</STRONG> (Thumb, 0 bytes, Stack size 0 bytes, startup_gd32f405_425.o(.text))
<BR>[Address Reference Count : 1]<UL><LI> startup_gd32f405_425.o(RESET)
</UL>
<P><STRONG><a name="[47]"></a>DMA1_Channel4_IRQHandler</STRONG> (Thumb, 0 bytes, Stack size 0 bytes, startup_gd32f405_425.o(.text))
<BR>[Address Reference Count : 1]<UL><LI> startup_gd32f405_425.o(RESET)
</UL>
<P><STRONG><a name="[4d]"></a>DMA1_Channel5_IRQHandler</STRONG> (Thumb, 0 bytes, Stack size 0 bytes, startup_gd32f405_425.o(.text))
<BR>[Address Reference Count : 1]<UL><LI> startup_gd32f405_425.o(RESET)
</UL>
<P><STRONG><a name="[4e]"></a>DMA1_Channel6_IRQHandler</STRONG> (Thumb, 0 bytes, Stack size 0 bytes, startup_gd32f405_425.o(.text))
<BR>[Address Reference Count : 1]<UL><LI> startup_gd32f405_425.o(RESET)
</UL>
<P><STRONG><a name="[4f]"></a>DMA1_Channel7_IRQHandler</STRONG> (Thumb, 0 bytes, Stack size 0 bytes, startup_gd32f405_425.o(.text))
<BR>[Address Reference Count : 1]<UL><LI> startup_gd32f405_425.o(RESET)
</UL>
<P><STRONG><a name="[12]"></a>EXTI0_IRQHandler</STRONG> (Thumb, 0 bytes, Stack size 0 bytes, startup_gd32f405_425.o(.text))
<BR>[Address Reference Count : 1]<UL><LI> startup_gd32f405_425.o(RESET)
</UL>
<P><STRONG><a name="[34]"></a>EXTI10_15_IRQHandler</STRONG> (Thumb, 0 bytes, Stack size 0 bytes, startup_gd32f405_425.o(.text))
<BR>[Address Reference Count : 1]<UL><LI> startup_gd32f405_425.o(RESET)
</UL>
<P><STRONG><a name="[13]"></a>EXTI1_IRQHandler</STRONG> (Thumb, 0 bytes, Stack size 0 bytes, startup_gd32f405_425.o(.text))
<BR>[Address Reference Count : 1]<UL><LI> startup_gd32f405_425.o(RESET)
</UL>
<P><STRONG><a name="[14]"></a>EXTI2_IRQHandler</STRONG> (Thumb, 0 bytes, Stack size 0 bytes, startup_gd32f405_425.o(.text))
<BR>[Address Reference Count : 1]<UL><LI> startup_gd32f405_425.o(RESET)
</UL>
<P><STRONG><a name="[15]"></a>EXTI3_IRQHandler</STRONG> (Thumb, 0 bytes, Stack size 0 bytes, startup_gd32f405_425.o(.text))
<BR>[Address Reference Count : 1]<UL><LI> startup_gd32f405_425.o(RESET)
</UL>
<P><STRONG><a name="[16]"></a>EXTI4_IRQHandler</STRONG> (Thumb, 0 bytes, Stack size 0 bytes, startup_gd32f405_425.o(.text))
<BR>[Address Reference Count : 1]<UL><LI> startup_gd32f405_425.o(RESET)
</UL>
<P><STRONG><a name="[23]"></a>EXTI5_9_IRQHandler</STRONG> (Thumb, 0 bytes, Stack size 0 bytes, startup_gd32f405_425.o(.text))
<BR>[Address Reference Count : 1]<UL><LI> startup_gd32f405_425.o(RESET)
</UL>
<P><STRONG><a name="[10]"></a>FMC_IRQHandler</STRONG> (Thumb, 0 bytes, Stack size 0 bytes, startup_gd32f405_425.o(.text))
<BR>[Address Reference Count : 1]<UL><LI> startup_gd32f405_425.o(RESET)
</UL>
<P><STRONG><a name="[59]"></a>FPU_IRQHandler</STRONG> (Thumb, 0 bytes, Stack size 0 bytes, startup_gd32f405_425.o(.text))
<BR>[Address Reference Count : 1]<UL><LI> startup_gd32f405_425.o(RESET)
</UL>
<P><STRONG><a name="[2c]"></a>I2C0_ER_IRQHandler</STRONG> (Thumb, 0 bytes, Stack size 0 bytes, startup_gd32f405_425.o(.text))
<BR>[Address Reference Count : 1]<UL><LI> startup_gd32f405_425.o(RESET)
</UL>
<P><STRONG><a name="[2b]"></a>I2C0_EV_IRQHandler</STRONG> (Thumb, 0 bytes, Stack size 0 bytes, startup_gd32f405_425.o(.text))
<BR>[Address Reference Count : 1]<UL><LI> startup_gd32f405_425.o(RESET)
</UL>
<P><STRONG><a name="[2e]"></a>I2C1_ER_IRQHandler</STRONG> (Thumb, 0 bytes, Stack size 0 bytes, startup_gd32f405_425.o(.text))
<BR>[Address Reference Count : 1]<UL><LI> startup_gd32f405_425.o(RESET)
</UL>
<P><STRONG><a name="[2d]"></a>I2C1_EV_IRQHandler</STRONG> (Thumb, 0 bytes, Stack size 0 bytes, startup_gd32f405_425.o(.text))
<BR>[Address Reference Count : 1]<UL><LI> startup_gd32f405_425.o(RESET)
</UL>
<P><STRONG><a name="[52]"></a>I2C2_ER_IRQHandler</STRONG> (Thumb, 0 bytes, Stack size 0 bytes, startup_gd32f405_425.o(.text))
<BR>[Address Reference Count : 1]<UL><LI> startup_gd32f405_425.o(RESET)
</UL>
<P><STRONG><a name="[51]"></a>I2C2_EV_IRQHandler</STRONG> (Thumb, 0 bytes, Stack size 0 bytes, startup_gd32f405_425.o(.text))
<BR>[Address Reference Count : 1]<UL><LI> startup_gd32f405_425.o(RESET)
</UL>
<P><STRONG><a name="[d]"></a>LVD_IRQHandler</STRONG> (Thumb, 0 bytes, Stack size 0 bytes, startup_gd32f405_425.o(.text))
<BR>[Address Reference Count : 1]<UL><LI> startup_gd32f405_425.o(RESET)
</UL>
<P><STRONG><a name="[11]"></a>RCU_CTC_IRQHandler</STRONG> (Thumb, 0 bytes, Stack size 0 bytes, startup_gd32f405_425.o(.text))
<BR>[Address Reference Count : 1]<UL><LI> startup_gd32f405_425.o(RESET)
</UL>
<P><STRONG><a name="[35]"></a>RTC_Alarm_IRQHandler</STRONG> (Thumb, 0 bytes, Stack size 0 bytes, startup_gd32f405_425.o(.text))
<BR>[Address Reference Count : 1]<UL><LI> startup_gd32f405_425.o(RESET)
</UL>
<P><STRONG><a name="[f]"></a>RTC_WKUP_IRQHandler</STRONG> (Thumb, 0 bytes, Stack size 0 bytes, startup_gd32f405_425.o(.text))
<BR>[Address Reference Count : 1]<UL><LI> startup_gd32f405_425.o(RESET)
</UL>
<P><STRONG><a name="[3c]"></a>SDIO_IRQHandler</STRONG> (Thumb, 0 bytes, Stack size 0 bytes, startup_gd32f405_425.o(.text))
<BR>[Address Reference Count : 1]<UL><LI> startup_gd32f405_425.o(RESET)
</UL>
<P><STRONG><a name="[2f]"></a>SPI0_IRQHandler</STRONG> (Thumb, 0 bytes, Stack size 0 bytes, startup_gd32f405_425.o(.text))
<BR>[Address Reference Count : 1]<UL><LI> startup_gd32f405_425.o(RESET)
</UL>
<P><STRONG><a name="[30]"></a>SPI1_IRQHandler</STRONG> (Thumb, 0 bytes, Stack size 0 bytes, startup_gd32f405_425.o(.text))
<BR>[Address Reference Count : 1]<UL><LI> startup_gd32f405_425.o(RESET)
</UL>
<P><STRONG><a name="[3e]"></a>SPI2_IRQHandler</STRONG> (Thumb, 0 bytes, Stack size 0 bytes, startup_gd32f405_425.o(.text))
<BR>[Address Reference Count : 1]<UL><LI> startup_gd32f405_425.o(RESET)
</UL>
<P><STRONG><a name="[e]"></a>TAMPER_STAMP_IRQHandler</STRONG> (Thumb, 0 bytes, Stack size 0 bytes, startup_gd32f405_425.o(.text))
<BR>[Address Reference Count : 1]<UL><LI> startup_gd32f405_425.o(RESET)
</UL>
<P><STRONG><a name="[24]"></a>TIMER0_BRK_TIMER8_IRQHandler</STRONG> (Thumb, 0 bytes, Stack size 0 bytes, startup_gd32f405_425.o(.text))
<BR>[Address Reference Count : 1]<UL><LI> startup_gd32f405_425.o(RESET)
</UL>
<P><STRONG><a name="[27]"></a>TIMER0_Channel_IRQHandler</STRONG> (Thumb, 0 bytes, Stack size 0 bytes, startup_gd32f405_425.o(.text))
<BR>[Address Reference Count : 1]<UL><LI> startup_gd32f405_425.o(RESET)
</UL>
<P><STRONG><a name="[26]"></a>TIMER0_TRG_CMT_TIMER10_IRQHandler</STRONG> (Thumb, 0 bytes, Stack size 0 bytes, startup_gd32f405_425.o(.text))
<BR>[Address Reference Count : 1]<UL><LI> startup_gd32f405_425.o(RESET)
</UL>
<P><STRONG><a name="[25]"></a>TIMER0_UP_TIMER9_IRQHandler</STRONG> (Thumb, 0 bytes, Stack size 0 bytes, startup_gd32f405_425.o(.text))
<BR>[Address Reference Count : 1]<UL><LI> startup_gd32f405_425.o(RESET)
</UL>
<P><STRONG><a name="[28]"></a>TIMER1_IRQHandler</STRONG> (Thumb, 0 bytes, Stack size 0 bytes, startup_gd32f405_425.o(.text))
<BR>[Address Reference Count : 1]<UL><LI> startup_gd32f405_425.o(RESET)
</UL>
<P><STRONG><a name="[29]"></a>TIMER2_IRQHandler</STRONG> (Thumb, 0 bytes, Stack size 0 bytes, startup_gd32f405_425.o(.text))
<BR>[Address Reference Count : 1]<UL><LI> startup_gd32f405_425.o(RESET)
</UL>
<P><STRONG><a name="[2a]"></a>TIMER3_IRQHandler</STRONG> (Thumb, 0 bytes, Stack size 0 bytes, startup_gd32f405_425.o(.text))
<BR>[Address Reference Count : 1]<UL><LI> startup_gd32f405_425.o(RESET)
</UL>
<P><STRONG><a name="[3d]"></a>TIMER4_IRQHandler</STRONG> (Thumb, 0 bytes, Stack size 0 bytes, startup_gd32f405_425.o(.text))
<BR>[Address Reference Count : 1]<UL><LI> startup_gd32f405_425.o(RESET)
</UL>
<P><STRONG><a name="[41]"></a>TIMER5_DAC_IRQHandler</STRONG> (Thumb, 0 bytes, Stack size 0 bytes, startup_gd32f405_425.o(.text))
<BR>[Address Reference Count : 1]<UL><LI> startup_gd32f405_425.o(RESET)
</UL>
<P><STRONG><a name="[42]"></a>TIMER6_IRQHandler</STRONG> (Thumb, 0 bytes, Stack size 0 bytes, startup_gd32f405_425.o(.text))
<BR>[Address Reference Count : 1]<UL><LI> startup_gd32f405_425.o(RESET)
</UL>
<P><STRONG><a name="[37]"></a>TIMER7_BRK_TIMER11_IRQHandler</STRONG> (Thumb, 0 bytes, Stack size 0 bytes, startup_gd32f405_425.o(.text))
<BR>[Address Reference Count : 1]<UL><LI> startup_gd32f405_425.o(RESET)
</UL>
<P><STRONG><a name="[3a]"></a>TIMER7_Channel_IRQHandler</STRONG> (Thumb, 0 bytes, Stack size 0 bytes, startup_gd32f405_425.o(.text))
<BR>[Address Reference Count : 1]<UL><LI> startup_gd32f405_425.o(RESET)
</UL>
<P><STRONG><a name="[39]"></a>TIMER7_TRG_CMT_TIMER13_IRQHandler</STRONG> (Thumb, 0 bytes, Stack size 0 bytes, startup_gd32f405_425.o(.text))
<BR>[Address Reference Count : 1]<UL><LI> startup_gd32f405_425.o(RESET)
</UL>
<P><STRONG><a name="[38]"></a>TIMER7_UP_TIMER12_IRQHandler</STRONG> (Thumb, 0 bytes, Stack size 0 bytes, startup_gd32f405_425.o(.text))
<BR>[Address Reference Count : 1]<UL><LI> startup_gd32f405_425.o(RESET)
</UL>
<P><STRONG><a name="[58]"></a>TRNG_IRQHandler</STRONG> (Thumb, 0 bytes, Stack size 0 bytes, startup_gd32f405_425.o(.text))
<BR>[Address Reference Count : 1]<UL><LI> startup_gd32f405_425.o(RESET)
</UL>
<P><STRONG><a name="[3f]"></a>UART3_IRQHandler</STRONG> (Thumb, 0 bytes, Stack size 0 bytes, startup_gd32f405_425.o(.text))
<BR>[Address Reference Count : 1]<UL><LI> startup_gd32f405_425.o(RESET)
</UL>
<P><STRONG><a name="[40]"></a>UART4_IRQHandler</STRONG> (Thumb, 0 bytes, Stack size 0 bytes, startup_gd32f405_425.o(.text))
<BR>[Address Reference Count : 1]<UL><LI> startup_gd32f405_425.o(RESET)
</UL>
<P><STRONG><a name="[31]"></a>USART0_IRQHandler</STRONG> (Thumb, 0 bytes, Stack size 0 bytes, startup_gd32f405_425.o(.text))
<BR>[Address Reference Count : 1]<UL><LI> startup_gd32f405_425.o(RESET)
</UL>
<P><STRONG><a name="[32]"></a>USART1_IRQHandler</STRONG> (Thumb, 0 bytes, Stack size 0 bytes, startup_gd32f405_425.o(.text))
<BR>[Address Reference Count : 1]<UL><LI> startup_gd32f405_425.o(RESET)
</UL>
<P><STRONG><a name="[33]"></a>USART2_IRQHandler</STRONG> (Thumb, 0 bytes, Stack size 0 bytes, startup_gd32f405_425.o(.text))
<BR>[Address Reference Count : 1]<UL><LI> startup_gd32f405_425.o(RESET)
</UL>
<P><STRONG><a name="[4c]"></a>USBFS_IRQHandler</STRONG> (Thumb, 0 bytes, Stack size 0 bytes, startup_gd32f405_425.o(.text))
<BR>[Address Reference Count : 1]<UL><LI> startup_gd32f405_425.o(RESET)
</UL>
<P><STRONG><a name="[36]"></a>USBFS_WKUP_IRQHandler</STRONG> (Thumb, 0 bytes, Stack size 0 bytes, startup_gd32f405_425.o(.text))
<BR>[Address Reference Count : 1]<UL><LI> startup_gd32f405_425.o(RESET)
</UL>
<P><STRONG><a name="[54]"></a>USBHS_EP1_In_IRQHandler</STRONG> (Thumb, 0 bytes, Stack size 0 bytes, startup_gd32f405_425.o(.text))
<BR>[Address Reference Count : 1]<UL><LI> startup_gd32f405_425.o(RESET)
</UL>
<P><STRONG><a name="[53]"></a>USBHS_EP1_Out_IRQHandler</STRONG> (Thumb, 0 bytes, Stack size 0 bytes, startup_gd32f405_425.o(.text))
<BR>[Address Reference Count : 1]<UL><LI> startup_gd32f405_425.o(RESET)
</UL>
<P><STRONG><a name="[56]"></a>USBHS_IRQHandler</STRONG> (Thumb, 0 bytes, Stack size 0 bytes, startup_gd32f405_425.o(.text))
<BR>[Address Reference Count : 1]<UL><LI> startup_gd32f405_425.o(RESET)
</UL>
<P><STRONG><a name="[55]"></a>USBHS_WKUP_IRQHandler</STRONG> (Thumb, 0 bytes, Stack size 0 bytes, startup_gd32f405_425.o(.text))
<BR>[Address Reference Count : 1]<UL><LI> startup_gd32f405_425.o(RESET)
</UL>
<P><STRONG><a name="[c]"></a>WWDGT_IRQHandler</STRONG> (Thumb, 0 bytes, Stack size 0 bytes, startup_gd32f405_425.o(.text))
<BR>[Address Reference Count : 1]<UL><LI> startup_gd32f405_425.o(RESET)
</UL>
<P><STRONG><a name="[71]"></a>__user_initial_stackheap</STRONG> (Thumb, 10 bytes, Stack size 0 bytes, startup_gd32f405_425.o(.text))
<BR><BR>[Called By]<UL><LI><a href="#[64]">&gt;&gt;</a>&nbsp;&nbsp;&nbsp;__user_setup_stackheap
</UL>

<P><STRONG><a name="[b9]"></a>__aeabi_memclr</STRONG> (Thumb, 0 bytes, Stack size 0 bytes, rt_memclr.o(.text))
<BR><BR>[Called By]<UL><LI><a href="#[ae]">&gt;&gt;</a>&nbsp;&nbsp;&nbsp;modbus_rtu_init
</UL>

<P><STRONG><a name="[6e]"></a>__rt_memclr</STRONG> (Thumb, 68 bytes, Stack size 0 bytes, rt_memclr.o(.text), UNUSED)
<BR><BR>[Calls]<UL><LI><a href="#[6f]">&gt;&gt;</a>&nbsp;&nbsp;&nbsp;_memset_w
</UL>

<P><STRONG><a name="[fa]"></a>_memset</STRONG> (Thumb, 0 bytes, Stack size unknown bytes, rt_memclr.o(.text), UNUSED)

<P><STRONG><a name="[b0]"></a>__aeabi_memclr4</STRONG> (Thumb, 0 bytes, Stack size 4 bytes, rt_memclr_w.o(.text))
<BR><BR>[Stack]<UL><LI>Max Depth = 4<LI>Call Chain = __aeabi_memclr4
</UL>
<BR>[Called By]<UL><LI><a href="#[af]">&gt;&gt;</a>&nbsp;&nbsp;&nbsp;modbus_iap_init
</UL>

<P><STRONG><a name="[fb]"></a>__aeabi_memclr8</STRONG> (Thumb, 0 bytes, Stack size 4 bytes, rt_memclr_w.o(.text), UNUSED)

<P><STRONG><a name="[fc]"></a>__rt_memclr_w</STRONG> (Thumb, 78 bytes, Stack size 4 bytes, rt_memclr_w.o(.text), UNUSED)

<P><STRONG><a name="[6f]"></a>_memset_w</STRONG> (Thumb, 0 bytes, Stack size unknown bytes, rt_memclr_w.o(.text), UNUSED)
<BR><BR>[Called By]<UL><LI><a href="#[6e]">&gt;&gt;</a>&nbsp;&nbsp;&nbsp;__rt_memclr
</UL>

<P><STRONG><a name="[fd]"></a>__use_two_region_memory</STRONG> (Thumb, 2 bytes, Stack size 0 bytes, heapauxi.o(.text), UNUSED)

<P><STRONG><a name="[fe]"></a>__rt_heap_escrow$2region</STRONG> (Thumb, 2 bytes, Stack size 0 bytes, heapauxi.o(.text), UNUSED)

<P><STRONG><a name="[ff]"></a>__rt_heap_expand$2region</STRONG> (Thumb, 2 bytes, Stack size 0 bytes, heapauxi.o(.text), UNUSED)

<P><STRONG><a name="[64]"></a>__user_setup_stackheap</STRONG> (Thumb, 74 bytes, Stack size 8 bytes, sys_stackheap_outer.o(.text))
<BR><BR>[Stack]<UL><LI>Max Depth = 8<LI>Call Chain = __user_setup_stackheap
</UL>
<BR>[Calls]<UL><LI><a href="#[70]">&gt;&gt;</a>&nbsp;&nbsp;&nbsp;__user_perproc_libspace
<LI><a href="#[71]">&gt;&gt;</a>&nbsp;&nbsp;&nbsp;__user_initial_stackheap
</UL>
<BR>[Called By]<UL><LI><a href="#[63]">&gt;&gt;</a>&nbsp;&nbsp;&nbsp;__rt_entry_sh
</UL>

<P><STRONG><a name="[69]"></a>exit</STRONG> (Thumb, 18 bytes, Stack size 8 bytes, exit.o(.text))
<BR><BR>[Stack]<UL><LI>Max Depth = 8 + Unknown Stack Size
<LI>Call Chain = exit
</UL>
<BR>[Calls]<UL><LI><a href="#[72]">&gt;&gt;</a>&nbsp;&nbsp;&nbsp;__rt_exit
</UL>
<BR>[Called By]<UL><LI><a href="#[67]">&gt;&gt;</a>&nbsp;&nbsp;&nbsp;__rt_entry_main
</UL>

<P><STRONG><a name="[100]"></a>__user_libspace</STRONG> (Thumb, 8 bytes, Stack size 0 bytes, libspace.o(.text), UNUSED)

<P><STRONG><a name="[70]"></a>__user_perproc_libspace</STRONG> (Thumb, 0 bytes, Stack size 0 bytes, libspace.o(.text))
<BR><BR>[Called By]<UL><LI><a href="#[64]">&gt;&gt;</a>&nbsp;&nbsp;&nbsp;__user_setup_stackheap
</UL>

<P><STRONG><a name="[101]"></a>__user_perthread_libspace</STRONG> (Thumb, 0 bytes, Stack size 0 bytes, libspace.o(.text), UNUSED)

<P><STRONG><a name="[6d]"></a>_sys_exit</STRONG> (Thumb, 8 bytes, Stack size 0 bytes, sys_exit.o(.text))
<BR><BR>[Called By]<UL><LI><a href="#[6c]">&gt;&gt;</a>&nbsp;&nbsp;&nbsp;__rt_exit_exit
</UL>

<P><STRONG><a name="[102]"></a>__I$use$semihosting</STRONG> (Thumb, 0 bytes, Stack size 0 bytes, use_no_semi.o(.text), UNUSED)

<P><STRONG><a name="[103]"></a>__use_no_semihosting_swi</STRONG> (Thumb, 2 bytes, Stack size 0 bytes, use_no_semi.o(.text), UNUSED)

<P><STRONG><a name="[104]"></a>__semihosting_library_function</STRONG> (Thumb, 0 bytes, Stack size unknown bytes, indicate_semi.o(.text), UNUSED)

<P><STRONG><a name="[b]"></a>SysTick_Handler</STRONG> (Thumb, 8 bytes, Stack size 8 bytes, gd32f4xx_it.o(i.SysTick_Handler))
<BR><BR>[Stack]<UL><LI>Max Depth = 8<LI>Call Chain = SysTick_Handler
</UL>
<BR>[Calls]<UL><LI><a href="#[73]">&gt;&gt;</a>&nbsp;&nbsp;&nbsp;delay_decrement
</UL>
<BR>[Address Reference Count : 1]<UL><LI> startup_gd32f405_425.o(RESET)
</UL>
<P><STRONG><a name="[ab]"></a>SystemCoreClockUpdate</STRONG> (Thumb, 238 bytes, Stack size 48 bytes, system_gd32f4xx.o(i.SystemCoreClockUpdate))
<BR><BR>[Stack]<UL><LI>Max Depth = 48<LI>Call Chain = SystemCoreClockUpdate
</UL>
<BR>[Called By]<UL><LI><a href="#[68]">&gt;&gt;</a>&nbsp;&nbsp;&nbsp;main
</UL>

<P><STRONG><a name="[5a]"></a>SystemInit</STRONG> (Thumb, 382 bytes, Stack size 16 bytes, system_gd32f4xx.o(i.SystemInit))
<BR><BR>[Stack]<UL><LI>Max Depth = 32<LI>Call Chain = SystemInit &rArr; system_clock_config &rArr; system_clock_200m_25m_hxtal
</UL>
<BR>[Calls]<UL><LI><a href="#[75]">&gt;&gt;</a>&nbsp;&nbsp;&nbsp;system_clock_config
<LI><a href="#[74]">&gt;&gt;</a>&nbsp;&nbsp;&nbsp;_soft_delay_
</UL>
<BR>[Called By]<UL><LI><a href="#[68]">&gt;&gt;</a>&nbsp;&nbsp;&nbsp;main
</UL>
<BR>[Address Reference Count : 1]<UL><LI> startup_gd32f405_425.o(.text)
</UL>
<P><STRONG><a name="[50]"></a>USART5_IRQHandler</STRONG> (Thumb, 2 bytes, Stack size 0 bytes, gd32f4xx_it.o(i.USART5_IRQHandler))
<BR>[Address Reference Count : 1]<UL><LI> startup_gd32f405_425.o(RESET)
</UL>
<P><STRONG><a name="[79]"></a>delay_1ms</STRONG> (Thumb, 16 bytes, Stack size 0 bytes, systick.o(i.delay_1ms))
<BR><BR>[Called By]<UL><LI><a href="#[76]">&gt;&gt;</a>&nbsp;&nbsp;&nbsp;bootloader_enter_modbus_mode
</UL>

<P><STRONG><a name="[73]"></a>delay_decrement</STRONG> (Thumb, 28 bytes, Stack size 0 bytes, systick.o(i.delay_decrement))
<BR><BR>[Called By]<UL><LI><a href="#[b]">&gt;&gt;</a>&nbsp;&nbsp;&nbsp;SysTick_Handler
</UL>

<P><STRONG><a name="[92]"></a>delay_ms</STRONG> (Thumb, 24 bytes, Stack size 8 bytes, delay.o(i.delay_ms))
<BR><BR>[Stack]<UL><LI>Max Depth = 32<LI>Call Chain = delay_ms &rArr; delay_us
</UL>
<BR>[Calls]<UL><LI><a href="#[93]">&gt;&gt;</a>&nbsp;&nbsp;&nbsp;delay_us
</UL>
<BR>[Called By]<UL><LI><a href="#[7d]">&gt;&gt;</a>&nbsp;&nbsp;&nbsp;modbus_rtu_receive_frame
</UL>

<P><STRONG><a name="[93]"></a>delay_us</STRONG> (Thumb, 70 bytes, Stack size 24 bytes, delay.o(i.delay_us))
<BR><BR>[Stack]<UL><LI>Max Depth = 24<LI>Call Chain = delay_us
</UL>
<BR>[Calls]<UL><LI><a href="#[94]">&gt;&gt;</a>&nbsp;&nbsp;&nbsp;delay_ticks
</UL>
<BR>[Called By]<UL><LI><a href="#[c2]">&gt;&gt;</a>&nbsp;&nbsp;&nbsp;rs485_host_send
<LI><a href="#[c1]">&gt;&gt;</a>&nbsp;&nbsp;&nbsp;rs485_host_receive
<LI><a href="#[92]">&gt;&gt;</a>&nbsp;&nbsp;&nbsp;delay_ms
</UL>

<P><STRONG><a name="[95]"></a>flash_app_erase</STRONG> (Thumb, 132 bytes, Stack size 24 bytes, flash_driver.o(i.flash_app_erase))
<BR><BR>[Stack]<UL><LI>Max Depth = 44<LI>Call Chain = flash_app_erase &rArr; fmc_sector_erase &rArr; fmc_ready_wait
</UL>
<BR>[Calls]<UL><LI><a href="#[98]">&gt;&gt;</a>&nbsp;&nbsp;&nbsp;fmc_unlock
<LI><a href="#[9a]">&gt;&gt;</a>&nbsp;&nbsp;&nbsp;fmc_sector_erase
<LI><a href="#[9b]">&gt;&gt;</a>&nbsp;&nbsp;&nbsp;fmc_lock
<LI><a href="#[99]">&gt;&gt;</a>&nbsp;&nbsp;&nbsp;fmc_flag_clear
<LI><a href="#[97]">&gt;&gt;</a>&nbsp;&nbsp;&nbsp;flash_sector_from_address
<LI><a href="#[9c]">&gt;&gt;</a>&nbsp;&nbsp;&nbsp;flash_status_from_fmc
<LI><a href="#[96]">&gt;&gt;</a>&nbsp;&nbsp;&nbsp;flash_address_in_range
</UL>
<BR>[Called By]<UL><LI><a href="#[68]">&gt;&gt;</a>&nbsp;&nbsp;&nbsp;main
</UL>

<P><STRONG><a name="[a0]"></a>flash_program_words</STRONG> (Thumb, 166 bytes, Stack size 40 bytes, flash_driver.o(i.flash_program_words))
<BR><BR>[Stack]<UL><LI>Max Depth = 64<LI>Call Chain = flash_program_words &rArr; fmc_word_program &rArr; fmc_ready_wait
</UL>
<BR>[Calls]<UL><LI><a href="#[a1]">&gt;&gt;</a>&nbsp;&nbsp;&nbsp;fmc_word_program
<LI><a href="#[9c]">&gt;&gt;</a>&nbsp;&nbsp;&nbsp;flash_status_from_fmc
<LI><a href="#[9f]">&gt;&gt;</a>&nbsp;&nbsp;&nbsp;flash_end
<LI><a href="#[9d]">&gt;&gt;</a>&nbsp;&nbsp;&nbsp;flash_begin
<LI><a href="#[96]">&gt;&gt;</a>&nbsp;&nbsp;&nbsp;flash_address_in_range
</UL>
<BR>[Called By]<UL><LI><a href="#[b3]">&gt;&gt;</a>&nbsp;&nbsp;&nbsp;modbus_iap_set_register
</UL>

<P><STRONG><a name="[97]"></a>flash_sector_from_address</STRONG> (Thumb, 58 bytes, Stack size 16 bytes, flash_driver.o(i.flash_sector_from_address))
<BR><BR>[Stack]<UL><LI>Max Depth = 16<LI>Call Chain = flash_sector_from_address
</UL>
<BR>[Calls]<UL><LI><a href="#[96]">&gt;&gt;</a>&nbsp;&nbsp;&nbsp;flash_address_in_range
</UL>
<BR>[Called By]<UL><LI><a href="#[95]">&gt;&gt;</a>&nbsp;&nbsp;&nbsp;flash_app_erase
</UL>

<P><STRONG><a name="[99]"></a>fmc_flag_clear</STRONG> (Thumb, 6 bytes, Stack size 0 bytes, gd32f4xx_fmc.o(i.fmc_flag_clear))
<BR><BR>[Called By]<UL><LI><a href="#[9d]">&gt;&gt;</a>&nbsp;&nbsp;&nbsp;flash_begin
<LI><a href="#[95]">&gt;&gt;</a>&nbsp;&nbsp;&nbsp;flash_app_erase
</UL>

<P><STRONG><a name="[9b]"></a>fmc_lock</STRONG> (Thumb, 14 bytes, Stack size 0 bytes, gd32f4xx_fmc.o(i.fmc_lock))
<BR><BR>[Called By]<UL><LI><a href="#[9f]">&gt;&gt;</a>&nbsp;&nbsp;&nbsp;flash_end
<LI><a href="#[95]">&gt;&gt;</a>&nbsp;&nbsp;&nbsp;flash_app_erase
</UL>

<P><STRONG><a name="[a2]"></a>fmc_ready_wait</STRONG> (Thumb, 32 bytes, Stack size 8 bytes, gd32f4xx_fmc.o(i.fmc_ready_wait))
<BR><BR>[Stack]<UL><LI>Max Depth = 8<LI>Call Chain = fmc_ready_wait
</UL>
<BR>[Calls]<UL><LI><a href="#[a3]">&gt;&gt;</a>&nbsp;&nbsp;&nbsp;fmc_state_get
</UL>
<BR>[Called By]<UL><LI><a href="#[a1]">&gt;&gt;</a>&nbsp;&nbsp;&nbsp;fmc_word_program
<LI><a href="#[9a]">&gt;&gt;</a>&nbsp;&nbsp;&nbsp;fmc_sector_erase
<LI><a href="#[9e]">&gt;&gt;</a>&nbsp;&nbsp;&nbsp;flash_wait_ready
</UL>

<P><STRONG><a name="[9a]"></a>fmc_sector_erase</STRONG> (Thumb, 90 bytes, Stack size 12 bytes, gd32f4xx_fmc.o(i.fmc_sector_erase))
<BR><BR>[Stack]<UL><LI>Max Depth = 20<LI>Call Chain = fmc_sector_erase &rArr; fmc_ready_wait
</UL>
<BR>[Calls]<UL><LI><a href="#[a2]">&gt;&gt;</a>&nbsp;&nbsp;&nbsp;fmc_ready_wait
</UL>
<BR>[Called By]<UL><LI><a href="#[95]">&gt;&gt;</a>&nbsp;&nbsp;&nbsp;flash_app_erase
</UL>

<P><STRONG><a name="[a3]"></a>fmc_state_get</STRONG> (Thumb, 70 bytes, Stack size 0 bytes, gd32f4xx_fmc.o(i.fmc_state_get))
<BR><BR>[Called By]<UL><LI><a href="#[a2]">&gt;&gt;</a>&nbsp;&nbsp;&nbsp;fmc_ready_wait
</UL>

<P><STRONG><a name="[98]"></a>fmc_unlock</STRONG> (Thumb, 24 bytes, Stack size 0 bytes, gd32f4xx_fmc.o(i.fmc_unlock))
<BR><BR>[Called By]<UL><LI><a href="#[9d]">&gt;&gt;</a>&nbsp;&nbsp;&nbsp;flash_begin
<LI><a href="#[95]">&gt;&gt;</a>&nbsp;&nbsp;&nbsp;flash_app_erase
</UL>

<P><STRONG><a name="[a1]"></a>fmc_word_program</STRONG> (Thumb, 80 bytes, Stack size 16 bytes, gd32f4xx_fmc.o(i.fmc_word_program))
<BR><BR>[Stack]<UL><LI>Max Depth = 24<LI>Call Chain = fmc_word_program &rArr; fmc_ready_wait
</UL>
<BR>[Calls]<UL><LI><a href="#[a2]">&gt;&gt;</a>&nbsp;&nbsp;&nbsp;fmc_ready_wait
</UL>
<BR>[Called By]<UL><LI><a href="#[a0]">&gt;&gt;</a>&nbsp;&nbsp;&nbsp;flash_program_words
</UL>

<P><STRONG><a name="[8e]"></a>fmc_wscnt_set</STRONG> (Thumb, 18 bytes, Stack size 0 bytes, gd32f4xx_fmc.o(i.fmc_wscnt_set))
<BR><BR>[Called By]<UL><LI><a href="#[82]">&gt;&gt;</a>&nbsp;&nbsp;&nbsp;bootloader_system_clock_config
</UL>

<P><STRONG><a name="[c6]"></a>gpio_af_set</STRONG> (Thumb, 94 bytes, Stack size 20 bytes, gd32f4xx_gpio.o(i.gpio_af_set))
<BR><BR>[Stack]<UL><LI>Max Depth = 20<LI>Call Chain = gpio_af_set
</UL>
<BR>[Called By]<UL><LI><a href="#[c5]">&gt;&gt;</a>&nbsp;&nbsp;&nbsp;rs485_host_hw_init
</UL>

<P><STRONG><a name="[a9]"></a>gpio_bit_reset</STRONG> (Thumb, 4 bytes, Stack size 0 bytes, gd32f4xx_gpio.o(i.gpio_bit_reset))
<BR><BR>[Called By]<UL><LI><a href="#[d1]">&gt;&gt;</a>&nbsp;&nbsp;&nbsp;rs485_host_set_de_pin
<LI><a href="#[c5]">&gt;&gt;</a>&nbsp;&nbsp;&nbsp;rs485_host_hw_init
<LI><a href="#[7f]">&gt;&gt;</a>&nbsp;&nbsp;&nbsp;led_off
</UL>

<P><STRONG><a name="[aa]"></a>gpio_bit_set</STRONG> (Thumb, 4 bytes, Stack size 0 bytes, gd32f4xx_gpio.o(i.gpio_bit_set))
<BR><BR>[Called By]<UL><LI><a href="#[d1]">&gt;&gt;</a>&nbsp;&nbsp;&nbsp;rs485_host_set_de_pin
<LI><a href="#[81]">&gt;&gt;</a>&nbsp;&nbsp;&nbsp;led_on
</UL>

<P><STRONG><a name="[a7]"></a>gpio_mode_set</STRONG> (Thumb, 78 bytes, Stack size 20 bytes, gd32f4xx_gpio.o(i.gpio_mode_set))
<BR><BR>[Stack]<UL><LI>Max Depth = 20<LI>Call Chain = gpio_mode_set
</UL>
<BR>[Called By]<UL><LI><a href="#[c5]">&gt;&gt;</a>&nbsp;&nbsp;&nbsp;rs485_host_hw_init
<LI><a href="#[a6]">&gt;&gt;</a>&nbsp;&nbsp;&nbsp;led_init
</UL>

<P><STRONG><a name="[a8]"></a>gpio_output_options_set</STRONG> (Thumb, 66 bytes, Stack size 20 bytes, gd32f4xx_gpio.o(i.gpio_output_options_set))
<BR><BR>[Stack]<UL><LI>Max Depth = 20<LI>Call Chain = gpio_output_options_set
</UL>
<BR>[Called By]<UL><LI><a href="#[c5]">&gt;&gt;</a>&nbsp;&nbsp;&nbsp;rs485_host_hw_init
<LI><a href="#[a6]">&gt;&gt;</a>&nbsp;&nbsp;&nbsp;led_init
</UL>

<P><STRONG><a name="[a6]"></a>led_init</STRONG> (Thumb, 44 bytes, Stack size 8 bytes, led_control.o(i.led_init))
<BR><BR>[Stack]<UL><LI>Max Depth = 28<LI>Call Chain = led_init &rArr; gpio_output_options_set
</UL>
<BR>[Calls]<UL><LI><a href="#[a8]">&gt;&gt;</a>&nbsp;&nbsp;&nbsp;gpio_output_options_set
<LI><a href="#[a7]">&gt;&gt;</a>&nbsp;&nbsp;&nbsp;gpio_mode_set
<LI><a href="#[83]">&gt;&gt;</a>&nbsp;&nbsp;&nbsp;rcu_periph_clock_enable
<LI><a href="#[7f]">&gt;&gt;</a>&nbsp;&nbsp;&nbsp;led_off
</UL>
<BR>[Called By]<UL><LI><a href="#[68]">&gt;&gt;</a>&nbsp;&nbsp;&nbsp;main
</UL>

<P><STRONG><a name="[7f]"></a>led_off</STRONG> (Thumb, 14 bytes, Stack size 8 bytes, led_control.o(i.led_off))
<BR><BR>[Stack]<UL><LI>Max Depth = 8<LI>Call Chain = led_off
</UL>
<BR>[Calls]<UL><LI><a href="#[a9]">&gt;&gt;</a>&nbsp;&nbsp;&nbsp;gpio_bit_reset
</UL>
<BR>[Called By]<UL><LI><a href="#[a6]">&gt;&gt;</a>&nbsp;&nbsp;&nbsp;led_init
<LI><a href="#[68]">&gt;&gt;</a>&nbsp;&nbsp;&nbsp;main
<LI><a href="#[76]">&gt;&gt;</a>&nbsp;&nbsp;&nbsp;bootloader_enter_modbus_mode
</UL>

<P><STRONG><a name="[81]"></a>led_on</STRONG> (Thumb, 14 bytes, Stack size 8 bytes, led_control.o(i.led_on))
<BR><BR>[Stack]<UL><LI>Max Depth = 8<LI>Call Chain = led_on
</UL>
<BR>[Calls]<UL><LI><a href="#[aa]">&gt;&gt;</a>&nbsp;&nbsp;&nbsp;gpio_bit_set
</UL>
<BR>[Called By]<UL><LI><a href="#[68]">&gt;&gt;</a>&nbsp;&nbsp;&nbsp;main
<LI><a href="#[76]">&gt;&gt;</a>&nbsp;&nbsp;&nbsp;bootloader_enter_modbus_mode
</UL>

<P><STRONG><a name="[68]"></a>main</STRONG> (Thumb, 144 bytes, Stack size 0 bytes, bootloader_main.o(i.main))
<BR><BR>[Stack]<UL><LI>Max Depth = 376<LI>Call Chain = main &rArr; bootloader_enter_modbus_mode &rArr; modbus_iap_process &rArr; modbus_iap_set_register &rArr; flash_program_words &rArr; fmc_word_program &rArr; fmc_ready_wait
</UL>
<BR>[Calls]<UL><LI><a href="#[ac]">&gt;&gt;</a>&nbsp;&nbsp;&nbsp;systick_config
<LI><a href="#[ad]">&gt;&gt;</a>&nbsp;&nbsp;&nbsp;rs485_host_init
<LI><a href="#[83]">&gt;&gt;</a>&nbsp;&nbsp;&nbsp;rcu_periph_clock_enable
<LI><a href="#[ae]">&gt;&gt;</a>&nbsp;&nbsp;&nbsp;modbus_rtu_init
<LI><a href="#[af]">&gt;&gt;</a>&nbsp;&nbsp;&nbsp;modbus_iap_init
<LI><a href="#[81]">&gt;&gt;</a>&nbsp;&nbsp;&nbsp;led_on
<LI><a href="#[7f]">&gt;&gt;</a>&nbsp;&nbsp;&nbsp;led_off
<LI><a href="#[a6]">&gt;&gt;</a>&nbsp;&nbsp;&nbsp;led_init
<LI><a href="#[95]">&gt;&gt;</a>&nbsp;&nbsp;&nbsp;flash_app_erase
<LI><a href="#[5a]">&gt;&gt;</a>&nbsp;&nbsp;&nbsp;SystemInit
<LI><a href="#[ab]">&gt;&gt;</a>&nbsp;&nbsp;&nbsp;SystemCoreClockUpdate
<LI><a href="#[78]">&gt;&gt;</a>&nbsp;&nbsp;&nbsp;iap_flag_clear
<LI><a href="#[82]">&gt;&gt;</a>&nbsp;&nbsp;&nbsp;bootloader_system_clock_config
<LI><a href="#[7a]">&gt;&gt;</a>&nbsp;&nbsp;&nbsp;bootloader_jump_to_application
<LI><a href="#[76]">&gt;&gt;</a>&nbsp;&nbsp;&nbsp;bootloader_enter_modbus_mode
</UL>
<BR>[Called By]<UL><LI><a href="#[67]">&gt;&gt;</a>&nbsp;&nbsp;&nbsp;__rt_entry_main
</UL>

<P><STRONG><a name="[7b]"></a>modbus_iap_get_register</STRONG> (Thumb, 126 bytes, Stack size 12 bytes, modbus_iap.o(i.modbus_iap_get_register))
<BR><BR>[Stack]<UL><LI>Max Depth = 12<LI>Call Chain = modbus_iap_get_register
</UL>
<BR>[Called By]<UL><LI><a href="#[7e]">&gt;&gt;</a>&nbsp;&nbsp;&nbsp;modbus_iap_process
<LI><a href="#[76]">&gt;&gt;</a>&nbsp;&nbsp;&nbsp;bootloader_enter_modbus_mode
</UL>

<P><STRONG><a name="[af]"></a>modbus_iap_init</STRONG> (Thumb, 72 bytes, Stack size 8 bytes, modbus_iap.o(i.modbus_iap_init))
<BR><BR>[Stack]<UL><LI>Max Depth = 12<LI>Call Chain = modbus_iap_init &rArr; __aeabi_memclr4
</UL>
<BR>[Calls]<UL><LI><a href="#[b0]">&gt;&gt;</a>&nbsp;&nbsp;&nbsp;__aeabi_memclr4
</UL>
<BR>[Called By]<UL><LI><a href="#[68]">&gt;&gt;</a>&nbsp;&nbsp;&nbsp;main
</UL>

<P><STRONG><a name="[7e]"></a>modbus_iap_process</STRONG> (Thumb, 632 bytes, Stack size 280 bytes, modbus_iap.o(i.modbus_iap_process))
<BR><BR>[Stack]<UL><LI>Max Depth = 376<LI>Call Chain = modbus_iap_process &rArr; modbus_iap_set_register &rArr; flash_program_words &rArr; fmc_word_program &rArr; fmc_ready_wait
</UL>
<BR>[Calls]<UL><LI><a href="#[b4]">&gt;&gt;</a>&nbsp;&nbsp;&nbsp;modbus_iap_write_data_registers
<LI><a href="#[b3]">&gt;&gt;</a>&nbsp;&nbsp;&nbsp;modbus_iap_set_register
<LI><a href="#[b1]">&gt;&gt;</a>&nbsp;&nbsp;&nbsp;modbus_rtu_send_response
<LI><a href="#[b2]">&gt;&gt;</a>&nbsp;&nbsp;&nbsp;modbus_rtu_send_exception
<LI><a href="#[7b]">&gt;&gt;</a>&nbsp;&nbsp;&nbsp;modbus_iap_get_register
</UL>
<BR>[Called By]<UL><LI><a href="#[76]">&gt;&gt;</a>&nbsp;&nbsp;&nbsp;bootloader_enter_modbus_mode
</UL>

<P><STRONG><a name="[b3]"></a>modbus_iap_set_register</STRONG> (Thumb, 478 bytes, Stack size 32 bytes, modbus_iap.o(i.modbus_iap_set_register))
<BR><BR>[Stack]<UL><LI>Max Depth = 96<LI>Call Chain = modbus_iap_set_register &rArr; flash_program_words &rArr; fmc_word_program &rArr; fmc_ready_wait
</UL>
<BR>[Calls]<UL><LI><a href="#[a0]">&gt;&gt;</a>&nbsp;&nbsp;&nbsp;flash_program_words
<LI><a href="#[80]">&gt;&gt;</a>&nbsp;&nbsp;&nbsp;systick_get_tick
</UL>
<BR>[Called By]<UL><LI><a href="#[7e]">&gt;&gt;</a>&nbsp;&nbsp;&nbsp;modbus_iap_process
</UL>

<P><STRONG><a name="[7c]"></a>modbus_iap_verify_step</STRONG> (Thumb, 200 bytes, Stack size 152 bytes, modbus_iap.o(i.modbus_iap_verify_step))
<BR><BR>[Stack]<UL><LI>Max Depth = 172<LI>Call Chain = modbus_iap_verify_step &rArr; modbus_rtu_crc16_accumulate
</UL>
<BR>[Calls]<UL><LI><a href="#[b5]">&gt;&gt;</a>&nbsp;&nbsp;&nbsp;modbus_rtu_crc16_accumulate
<LI><a href="#[80]">&gt;&gt;</a>&nbsp;&nbsp;&nbsp;systick_get_tick
</UL>
<BR>[Called By]<UL><LI><a href="#[76]">&gt;&gt;</a>&nbsp;&nbsp;&nbsp;bootloader_enter_modbus_mode
</UL>

<P><STRONG><a name="[b4]"></a>modbus_iap_write_data_registers</STRONG> (Thumb, 102 bytes, Stack size 20 bytes, modbus_iap.o(i.modbus_iap_write_data_registers))
<BR><BR>[Stack]<UL><LI>Max Depth = 20<LI>Call Chain = modbus_iap_write_data_registers
</UL>
<BR>[Called By]<UL><LI><a href="#[7e]">&gt;&gt;</a>&nbsp;&nbsp;&nbsp;modbus_iap_process
</UL>

<P><STRONG><a name="[c3]"></a>modbus_rtu_convert_to_uint16</STRONG> (Thumb, 70 bytes, Stack size 16 bytes, modbus_rtu_iap.o(i.modbus_rtu_convert_to_uint16))
<BR><BR>[Stack]<UL><LI>Max Depth = 16<LI>Call Chain = modbus_rtu_convert_to_uint16
</UL>
<BR>[Called By]<UL><LI><a href="#[be]">&gt;&gt;</a>&nbsp;&nbsp;&nbsp;modbus_rtu_write_multiple_registers
</UL>

<P><STRONG><a name="[bf]"></a>modbus_rtu_convert_to_uint8</STRONG> (Thumb, 40 bytes, Stack size 12 bytes, modbus_rtu_iap.o(i.modbus_rtu_convert_to_uint8))
<BR><BR>[Stack]<UL><LI>Max Depth = 12<LI>Call Chain = modbus_rtu_convert_to_uint8
</UL>
<BR>[Called By]<UL><LI><a href="#[bc]">&gt;&gt;</a>&nbsp;&nbsp;&nbsp;modbus_rtu_read_holding_registers
</UL>

<P><STRONG><a name="[bb]"></a>modbus_rtu_crc16</STRONG> (Thumb, 48 bytes, Stack size 16 bytes, modbus_rtu_iap.o(i.modbus_rtu_crc16))
<BR><BR>[Stack]<UL><LI>Max Depth = 16<LI>Call Chain = modbus_rtu_crc16
</UL>
<BR>[Called By]<UL><LI><a href="#[b1]">&gt;&gt;</a>&nbsp;&nbsp;&nbsp;modbus_rtu_send_response
<LI><a href="#[ba]">&gt;&gt;</a>&nbsp;&nbsp;&nbsp;modbus_rtu_parse_frame
<LI><a href="#[7d]">&gt;&gt;</a>&nbsp;&nbsp;&nbsp;modbus_rtu_receive_frame
</UL>

<P><STRONG><a name="[b5]"></a>modbus_rtu_crc16_accumulate</STRONG> (Thumb, 46 bytes, Stack size 20 bytes, modbus_rtu_iap.o(i.modbus_rtu_crc16_accumulate))
<BR><BR>[Stack]<UL><LI>Max Depth = 20<LI>Call Chain = modbus_rtu_crc16_accumulate
</UL>
<BR>[Called By]<UL><LI><a href="#[7c]">&gt;&gt;</a>&nbsp;&nbsp;&nbsp;modbus_iap_verify_step
</UL>

<P><STRONG><a name="[b8]"></a>modbus_rtu_handle_iap_registers</STRONG> (Thumb, 22 bytes, Stack size 16 bytes, modbus_rtu_iap.o(i.modbus_rtu_handle_iap_registers))
<BR><BR>[Stack]<UL><LI>Max Depth = 172<LI>Call Chain = modbus_rtu_handle_iap_registers &rArr; modbus_rtu_handle_iap_control &rArr; modbus_rtu_special_convert_to_uint8
</UL>
<BR>[Calls]<UL><LI><a href="#[b6]">&gt;&gt;</a>&nbsp;&nbsp;&nbsp;modbus_rtu_handle_iap_control
</UL>
<BR>[Called By]<UL><LI><a href="#[bd]">&gt;&gt;</a>&nbsp;&nbsp;&nbsp;modbus_rtu_write_single_register
</UL>

<P><STRONG><a name="[ae]"></a>modbus_rtu_init</STRONG> (Thumb, 92 bytes, Stack size 16 bytes, modbus_rtu_iap.o(i.modbus_rtu_init))
<BR><BR>[Stack]<UL><LI>Max Depth = 16<LI>Call Chain = modbus_rtu_init
</UL>
<BR>[Calls]<UL><LI><a href="#[b9]">&gt;&gt;</a>&nbsp;&nbsp;&nbsp;__aeabi_memclr
</UL>
<BR>[Called By]<UL><LI><a href="#[68]">&gt;&gt;</a>&nbsp;&nbsp;&nbsp;main
</UL>

<P><STRONG><a name="[ba]"></a>modbus_rtu_parse_frame</STRONG> (Thumb, 234 bytes, Stack size 40 bytes, modbus_rtu_iap.o(i.modbus_rtu_parse_frame))
<BR><BR>[Stack]<UL><LI>Max Depth = 228<LI>Call Chain = modbus_rtu_parse_frame &rArr; modbus_rtu_write_single_register &rArr; modbus_rtu_handle_iap_registers &rArr; modbus_rtu_handle_iap_control &rArr; modbus_rtu_special_convert_to_uint8
</UL>
<BR>[Calls]<UL><LI><a href="#[bd]">&gt;&gt;</a>&nbsp;&nbsp;&nbsp;modbus_rtu_write_single_register
<LI><a href="#[be]">&gt;&gt;</a>&nbsp;&nbsp;&nbsp;modbus_rtu_write_multiple_registers
<LI><a href="#[b2]">&gt;&gt;</a>&nbsp;&nbsp;&nbsp;modbus_rtu_send_exception
<LI><a href="#[bc]">&gt;&gt;</a>&nbsp;&nbsp;&nbsp;modbus_rtu_read_holding_registers
<LI><a href="#[bb]">&gt;&gt;</a>&nbsp;&nbsp;&nbsp;modbus_rtu_crc16
</UL>
<BR>[Called By]<UL><LI><a href="#[91]">&gt;&gt;</a>&nbsp;&nbsp;&nbsp;modbus_rtu_process_frame
</UL>

<P><STRONG><a name="[91]"></a>modbus_rtu_process_frame</STRONG> (Thumb, 30 bytes, Stack size 8 bytes, modbus_rtu_iap.o(i.modbus_rtu_process_frame))
<BR><BR>[Stack]<UL><LI>Max Depth = 236<LI>Call Chain = modbus_rtu_process_frame &rArr; modbus_rtu_parse_frame &rArr; modbus_rtu_write_single_register &rArr; modbus_rtu_handle_iap_registers &rArr; modbus_rtu_handle_iap_control &rArr; modbus_rtu_special_convert_to_uint8
</UL>
<BR>[Calls]<UL><LI><a href="#[ba]">&gt;&gt;</a>&nbsp;&nbsp;&nbsp;modbus_rtu_parse_frame
</UL>
<BR>[Called By]<UL><LI><a href="#[77]">&gt;&gt;</a>&nbsp;&nbsp;&nbsp;bootloader_wait_modbus_ready
</UL>

<P><STRONG><a name="[bc]"></a>modbus_rtu_read_holding_registers</STRONG> (Thumb, 126 bytes, Stack size 16 bytes, modbus_rtu_iap.o(i.modbus_rtu_read_holding_registers))
<BR><BR>[Stack]<UL><LI>Max Depth = 88<LI>Call Chain = modbus_rtu_read_holding_registers &rArr; modbus_rtu_send_exception &rArr; modbus_rtu_send_response &rArr; rs485_host_send &rArr; delay_us
</UL>
<BR>[Calls]<UL><LI><a href="#[b1]">&gt;&gt;</a>&nbsp;&nbsp;&nbsp;modbus_rtu_send_response
<LI><a href="#[b2]">&gt;&gt;</a>&nbsp;&nbsp;&nbsp;modbus_rtu_send_exception
<LI><a href="#[bf]">&gt;&gt;</a>&nbsp;&nbsp;&nbsp;modbus_rtu_convert_to_uint8
</UL>
<BR>[Called By]<UL><LI><a href="#[ba]">&gt;&gt;</a>&nbsp;&nbsp;&nbsp;modbus_rtu_parse_frame
</UL>

<P><STRONG><a name="[7d]"></a>modbus_rtu_receive_frame</STRONG> (Thumb, 216 bytes, Stack size 40 bytes, modbus_rtu_iap.o(i.modbus_rtu_receive_frame))
<BR><BR>[Stack]<UL><LI>Max Depth = 96<LI>Call Chain = modbus_rtu_receive_frame &rArr; rs485_host_receive &rArr; delay_us
</UL>
<BR>[Calls]<UL><LI><a href="#[c0]">&gt;&gt;</a>&nbsp;&nbsp;&nbsp;rs485_host_set_direction
<LI><a href="#[c1]">&gt;&gt;</a>&nbsp;&nbsp;&nbsp;rs485_host_receive
<LI><a href="#[92]">&gt;&gt;</a>&nbsp;&nbsp;&nbsp;delay_ms
<LI><a href="#[bb]">&gt;&gt;</a>&nbsp;&nbsp;&nbsp;modbus_rtu_crc16
</UL>
<BR>[Called By]<UL><LI><a href="#[77]">&gt;&gt;</a>&nbsp;&nbsp;&nbsp;bootloader_wait_modbus_ready
<LI><a href="#[76]">&gt;&gt;</a>&nbsp;&nbsp;&nbsp;bootloader_enter_modbus_mode
</UL>

<P><STRONG><a name="[b2]"></a>modbus_rtu_send_exception</STRONG> (Thumb, 82 bytes, Stack size 16 bytes, modbus_rtu_iap.o(i.modbus_rtu_send_exception))
<BR><BR>[Stack]<UL><LI>Max Depth = 72<LI>Call Chain = modbus_rtu_send_exception &rArr; modbus_rtu_send_response &rArr; rs485_host_send &rArr; delay_us
</UL>
<BR>[Calls]<UL><LI><a href="#[b1]">&gt;&gt;</a>&nbsp;&nbsp;&nbsp;modbus_rtu_send_response
</UL>
<BR>[Called By]<UL><LI><a href="#[bd]">&gt;&gt;</a>&nbsp;&nbsp;&nbsp;modbus_rtu_write_single_register
<LI><a href="#[be]">&gt;&gt;</a>&nbsp;&nbsp;&nbsp;modbus_rtu_write_multiple_registers
<LI><a href="#[bc]">&gt;&gt;</a>&nbsp;&nbsp;&nbsp;modbus_rtu_read_holding_registers
<LI><a href="#[ba]">&gt;&gt;</a>&nbsp;&nbsp;&nbsp;modbus_rtu_parse_frame
<LI><a href="#[7e]">&gt;&gt;</a>&nbsp;&nbsp;&nbsp;modbus_iap_process
</UL>

<P><STRONG><a name="[b1]"></a>modbus_rtu_send_response</STRONG> (Thumb, 76 bytes, Stack size 16 bytes, modbus_rtu_iap.o(i.modbus_rtu_send_response))
<BR><BR>[Stack]<UL><LI>Max Depth = 56<LI>Call Chain = modbus_rtu_send_response &rArr; rs485_host_send &rArr; delay_us
</UL>
<BR>[Calls]<UL><LI><a href="#[c2]">&gt;&gt;</a>&nbsp;&nbsp;&nbsp;rs485_host_send
<LI><a href="#[bb]">&gt;&gt;</a>&nbsp;&nbsp;&nbsp;modbus_rtu_crc16
</UL>
<BR>[Called By]<UL><LI><a href="#[bd]">&gt;&gt;</a>&nbsp;&nbsp;&nbsp;modbus_rtu_write_single_register
<LI><a href="#[be]">&gt;&gt;</a>&nbsp;&nbsp;&nbsp;modbus_rtu_write_multiple_registers
<LI><a href="#[b2]">&gt;&gt;</a>&nbsp;&nbsp;&nbsp;modbus_rtu_send_exception
<LI><a href="#[bc]">&gt;&gt;</a>&nbsp;&nbsp;&nbsp;modbus_rtu_read_holding_registers
<LI><a href="#[7e]">&gt;&gt;</a>&nbsp;&nbsp;&nbsp;modbus_iap_process
</UL>

<P><STRONG><a name="[be]"></a>modbus_rtu_write_multiple_registers</STRONG> (Thumb, 172 bytes, Stack size 24 bytes, modbus_rtu_iap.o(i.modbus_rtu_write_multiple_registers))
<BR><BR>[Stack]<UL><LI>Max Depth = 96<LI>Call Chain = modbus_rtu_write_multiple_registers &rArr; modbus_rtu_send_exception &rArr; modbus_rtu_send_response &rArr; rs485_host_send &rArr; delay_us
</UL>
<BR>[Calls]<UL><LI><a href="#[b1]">&gt;&gt;</a>&nbsp;&nbsp;&nbsp;modbus_rtu_send_response
<LI><a href="#[b2]">&gt;&gt;</a>&nbsp;&nbsp;&nbsp;modbus_rtu_send_exception
<LI><a href="#[c3]">&gt;&gt;</a>&nbsp;&nbsp;&nbsp;modbus_rtu_convert_to_uint16
</UL>
<BR>[Called By]<UL><LI><a href="#[ba]">&gt;&gt;</a>&nbsp;&nbsp;&nbsp;modbus_rtu_parse_frame
</UL>

<P><STRONG><a name="[bd]"></a>modbus_rtu_write_single_register</STRONG> (Thumb, 176 bytes, Stack size 16 bytes, modbus_rtu_iap.o(i.modbus_rtu_write_single_register))
<BR><BR>[Stack]<UL><LI>Max Depth = 188<LI>Call Chain = modbus_rtu_write_single_register &rArr; modbus_rtu_handle_iap_registers &rArr; modbus_rtu_handle_iap_control &rArr; modbus_rtu_special_convert_to_uint8
</UL>
<BR>[Calls]<UL><LI><a href="#[b1]">&gt;&gt;</a>&nbsp;&nbsp;&nbsp;modbus_rtu_send_response
<LI><a href="#[b2]">&gt;&gt;</a>&nbsp;&nbsp;&nbsp;modbus_rtu_send_exception
<LI><a href="#[b8]">&gt;&gt;</a>&nbsp;&nbsp;&nbsp;modbus_rtu_handle_iap_registers
</UL>
<BR>[Called By]<UL><LI><a href="#[ba]">&gt;&gt;</a>&nbsp;&nbsp;&nbsp;modbus_rtu_parse_frame
</UL>

<P><STRONG><a name="[a5]"></a>pmu_backup_write_disable</STRONG> (Thumb, 14 bytes, Stack size 0 bytes, gd32f4xx_pmu.o(i.pmu_backup_write_disable))
<BR><BR>[Called By]<UL><LI><a href="#[78]">&gt;&gt;</a>&nbsp;&nbsp;&nbsp;iap_flag_clear
</UL>

<P><STRONG><a name="[a4]"></a>pmu_backup_write_enable</STRONG> (Thumb, 14 bytes, Stack size 0 bytes, gd32f4xx_pmu.o(i.pmu_backup_write_enable))
<BR><BR>[Called By]<UL><LI><a href="#[78]">&gt;&gt;</a>&nbsp;&nbsp;&nbsp;iap_flag_clear
</UL>

<P><STRONG><a name="[85]"></a>pmu_flag_get</STRONG> (Thumb, 18 bytes, Stack size 0 bytes, gd32f4xx_pmu.o(i.pmu_flag_get))
<BR><BR>[Called By]<UL><LI><a href="#[86]">&gt;&gt;</a>&nbsp;&nbsp;&nbsp;pmu_highdriver_switch_select
<LI><a href="#[82]">&gt;&gt;</a>&nbsp;&nbsp;&nbsp;bootloader_system_clock_config
</UL>

<P><STRONG><a name="[84]"></a>pmu_highdriver_mode_enable</STRONG> (Thumb, 14 bytes, Stack size 0 bytes, gd32f4xx_pmu.o(i.pmu_highdriver_mode_enable))
<BR><BR>[Called By]<UL><LI><a href="#[82]">&gt;&gt;</a>&nbsp;&nbsp;&nbsp;bootloader_system_clock_config
</UL>

<P><STRONG><a name="[86]"></a>pmu_highdriver_switch_select</STRONG> (Thumb, 40 bytes, Stack size 4 bytes, gd32f4xx_pmu.o(i.pmu_highdriver_switch_select))
<BR><BR>[Stack]<UL><LI>Max Depth = 4<LI>Call Chain = pmu_highdriver_switch_select
</UL>
<BR>[Calls]<UL><LI><a href="#[85]">&gt;&gt;</a>&nbsp;&nbsp;&nbsp;pmu_flag_get
</UL>
<BR>[Called By]<UL><LI><a href="#[82]">&gt;&gt;</a>&nbsp;&nbsp;&nbsp;bootloader_system_clock_config
</UL>

<P><STRONG><a name="[8b]"></a>rcu_ahb_clock_config</STRONG> (Thumb, 18 bytes, Stack size 0 bytes, gd32f4xx_rcu.o(i.rcu_ahb_clock_config))
<BR><BR>[Called By]<UL><LI><a href="#[82]">&gt;&gt;</a>&nbsp;&nbsp;&nbsp;bootloader_system_clock_config
</UL>

<P><STRONG><a name="[8c]"></a>rcu_apb1_clock_config</STRONG> (Thumb, 18 bytes, Stack size 0 bytes, gd32f4xx_rcu.o(i.rcu_apb1_clock_config))
<BR><BR>[Called By]<UL><LI><a href="#[82]">&gt;&gt;</a>&nbsp;&nbsp;&nbsp;bootloader_system_clock_config
</UL>

<P><STRONG><a name="[8d]"></a>rcu_apb2_clock_config</STRONG> (Thumb, 18 bytes, Stack size 0 bytes, gd32f4xx_rcu.o(i.rcu_apb2_clock_config))
<BR><BR>[Called By]<UL><LI><a href="#[82]">&gt;&gt;</a>&nbsp;&nbsp;&nbsp;bootloader_system_clock_config
</UL>

<P><STRONG><a name="[d5]"></a>rcu_clock_freq_get</STRONG> (Thumb, 264 bytes, Stack size 84 bytes, gd32f4xx_rcu.o(i.rcu_clock_freq_get))
<BR><BR>[Stack]<UL><LI>Max Depth = 84<LI>Call Chain = rcu_clock_freq_get
</UL>
<BR>[Called By]<UL><LI><a href="#[c8]">&gt;&gt;</a>&nbsp;&nbsp;&nbsp;usart_baudrate_set
</UL>

<P><STRONG><a name="[87]"></a>rcu_deinit</STRONG> (Thumb, 122 bytes, Stack size 4 bytes, gd32f4xx_rcu.o(i.rcu_deinit))
<BR><BR>[Stack]<UL><LI>Max Depth = 24<LI>Call Chain = rcu_deinit &rArr; rcu_osci_stab_wait
</UL>
<BR>[Calls]<UL><LI><a href="#[89]">&gt;&gt;</a>&nbsp;&nbsp;&nbsp;rcu_osci_stab_wait
</UL>
<BR>[Called By]<UL><LI><a href="#[82]">&gt;&gt;</a>&nbsp;&nbsp;&nbsp;bootloader_system_clock_config
</UL>

<P><STRONG><a name="[c4]"></a>rcu_flag_get</STRONG> (Thumb, 32 bytes, Stack size 0 bytes, gd32f4xx_rcu.o(i.rcu_flag_get))
<BR><BR>[Called By]<UL><LI><a href="#[89]">&gt;&gt;</a>&nbsp;&nbsp;&nbsp;rcu_osci_stab_wait
</UL>

<P><STRONG><a name="[88]"></a>rcu_osci_on</STRONG> (Thumb, 32 bytes, Stack size 0 bytes, gd32f4xx_rcu.o(i.rcu_osci_on))
<BR><BR>[Called By]<UL><LI><a href="#[82]">&gt;&gt;</a>&nbsp;&nbsp;&nbsp;bootloader_system_clock_config
</UL>

<P><STRONG><a name="[89]"></a>rcu_osci_stab_wait</STRONG> (Thumb, 342 bytes, Stack size 20 bytes, gd32f4xx_rcu.o(i.rcu_osci_stab_wait))
<BR><BR>[Stack]<UL><LI>Max Depth = 20<LI>Call Chain = rcu_osci_stab_wait
</UL>
<BR>[Calls]<UL><LI><a href="#[c4]">&gt;&gt;</a>&nbsp;&nbsp;&nbsp;rcu_flag_get
</UL>
<BR>[Called By]<UL><LI><a href="#[87]">&gt;&gt;</a>&nbsp;&nbsp;&nbsp;rcu_deinit
<LI><a href="#[82]">&gt;&gt;</a>&nbsp;&nbsp;&nbsp;bootloader_system_clock_config
</UL>

<P><STRONG><a name="[83]"></a>rcu_periph_clock_enable</STRONG> (Thumb, 32 bytes, Stack size 0 bytes, gd32f4xx_rcu.o(i.rcu_periph_clock_enable))
<BR><BR>[Called By]<UL><LI><a href="#[c5]">&gt;&gt;</a>&nbsp;&nbsp;&nbsp;rs485_host_hw_init
<LI><a href="#[a6]">&gt;&gt;</a>&nbsp;&nbsp;&nbsp;led_init
<LI><a href="#[68]">&gt;&gt;</a>&nbsp;&nbsp;&nbsp;main
<LI><a href="#[78]">&gt;&gt;</a>&nbsp;&nbsp;&nbsp;iap_flag_clear
<LI><a href="#[82]">&gt;&gt;</a>&nbsp;&nbsp;&nbsp;bootloader_system_clock_config
</UL>

<P><STRONG><a name="[d7]"></a>rcu_periph_reset_disable</STRONG> (Thumb, 32 bytes, Stack size 0 bytes, gd32f4xx_rcu.o(i.rcu_periph_reset_disable))
<BR><BR>[Called By]<UL><LI><a href="#[c7]">&gt;&gt;</a>&nbsp;&nbsp;&nbsp;usart_deinit
</UL>

<P><STRONG><a name="[d6]"></a>rcu_periph_reset_enable</STRONG> (Thumb, 32 bytes, Stack size 0 bytes, gd32f4xx_rcu.o(i.rcu_periph_reset_enable))
<BR><BR>[Called By]<UL><LI><a href="#[c7]">&gt;&gt;</a>&nbsp;&nbsp;&nbsp;usart_deinit
</UL>

<P><STRONG><a name="[8a]"></a>rcu_pll_config</STRONG> (Thumb, 128 bytes, Stack size 20 bytes, gd32f4xx_rcu.o(i.rcu_pll_config))
<BR><BR>[Stack]<UL><LI>Max Depth = 20<LI>Call Chain = rcu_pll_config
</UL>
<BR>[Called By]<UL><LI><a href="#[82]">&gt;&gt;</a>&nbsp;&nbsp;&nbsp;bootloader_system_clock_config
</UL>

<P><STRONG><a name="[8f]"></a>rcu_system_clock_source_config</STRONG> (Thumb, 18 bytes, Stack size 0 bytes, gd32f4xx_rcu.o(i.rcu_system_clock_source_config))
<BR><BR>[Called By]<UL><LI><a href="#[82]">&gt;&gt;</a>&nbsp;&nbsp;&nbsp;bootloader_system_clock_config
</UL>

<P><STRONG><a name="[90]"></a>rcu_system_clock_source_get</STRONG> (Thumb, 10 bytes, Stack size 0 bytes, gd32f4xx_rcu.o(i.rcu_system_clock_source_get))
<BR><BR>[Called By]<UL><LI><a href="#[82]">&gt;&gt;</a>&nbsp;&nbsp;&nbsp;bootloader_system_clock_config
</UL>

<P><STRONG><a name="[ad]"></a>rs485_host_init</STRONG> (Thumb, 36 bytes, Stack size 8 bytes, rs485_host.o(i.rs485_host_init))
<BR><BR>[Stack]<UL><LI>Max Depth = 132<LI>Call Chain = rs485_host_init &rArr; rs485_host_hw_init &rArr; usart_baudrate_set &rArr; rcu_clock_freq_get
</UL>
<BR>[Calls]<UL><LI><a href="#[c5]">&gt;&gt;</a>&nbsp;&nbsp;&nbsp;rs485_host_hw_init
<LI><a href="#[c0]">&gt;&gt;</a>&nbsp;&nbsp;&nbsp;rs485_host_set_direction
</UL>
<BR>[Called By]<UL><LI><a href="#[68]">&gt;&gt;</a>&nbsp;&nbsp;&nbsp;main
</UL>

<P><STRONG><a name="[c1]"></a>rs485_host_receive</STRONG> (Thumb, 100 bytes, Stack size 32 bytes, rs485_host.o(i.rs485_host_receive))
<BR><BR>[Stack]<UL><LI>Max Depth = 56<LI>Call Chain = rs485_host_receive &rArr; delay_us
</UL>
<BR>[Calls]<UL><LI><a href="#[cf]">&gt;&gt;</a>&nbsp;&nbsp;&nbsp;usart_flag_get
<LI><a href="#[d0]">&gt;&gt;</a>&nbsp;&nbsp;&nbsp;usart_data_receive
<LI><a href="#[93]">&gt;&gt;</a>&nbsp;&nbsp;&nbsp;delay_us
</UL>
<BR>[Called By]<UL><LI><a href="#[7d]">&gt;&gt;</a>&nbsp;&nbsp;&nbsp;modbus_rtu_receive_frame
</UL>

<P><STRONG><a name="[c2]"></a>rs485_host_send</STRONG> (Thumb, 120 bytes, Stack size 16 bytes, rs485_host.o(i.rs485_host_send))
<BR><BR>[Stack]<UL><LI>Max Depth = 40<LI>Call Chain = rs485_host_send &rArr; delay_us
</UL>
<BR>[Calls]<UL><LI><a href="#[cf]">&gt;&gt;</a>&nbsp;&nbsp;&nbsp;usart_flag_get
<LI><a href="#[d2]">&gt;&gt;</a>&nbsp;&nbsp;&nbsp;usart_data_transmit
<LI><a href="#[93]">&gt;&gt;</a>&nbsp;&nbsp;&nbsp;delay_us
<LI><a href="#[d1]">&gt;&gt;</a>&nbsp;&nbsp;&nbsp;rs485_host_set_de_pin
</UL>
<BR>[Called By]<UL><LI><a href="#[b1]">&gt;&gt;</a>&nbsp;&nbsp;&nbsp;modbus_rtu_send_response
</UL>

<P><STRONG><a name="[c0]"></a>rs485_host_set_direction</STRONG> (Thumb, 36 bytes, Stack size 8 bytes, rs485_host.o(i.rs485_host_set_direction))
<BR><BR>[Stack]<UL><LI>Max Depth = 24<LI>Call Chain = rs485_host_set_direction &rArr; rs485_host_set_de_pin
</UL>
<BR>[Calls]<UL><LI><a href="#[d1]">&gt;&gt;</a>&nbsp;&nbsp;&nbsp;rs485_host_set_de_pin
</UL>
<BR>[Called By]<UL><LI><a href="#[ad]">&gt;&gt;</a>&nbsp;&nbsp;&nbsp;rs485_host_init
<LI><a href="#[7d]">&gt;&gt;</a>&nbsp;&nbsp;&nbsp;modbus_rtu_receive_frame
</UL>

<P><STRONG><a name="[ac]"></a>systick_config</STRONG> (Thumb, 74 bytes, Stack size 8 bytes, systick.o(i.systick_config))
<BR><BR>[Stack]<UL><LI>Max Depth = 16<LI>Call Chain = systick_config &rArr; NVIC_SetPriority
</UL>
<BR>[Calls]<UL><LI><a href="#[d4]">&gt;&gt;</a>&nbsp;&nbsp;&nbsp;NVIC_SetPriority
</UL>
<BR>[Called By]<UL><LI><a href="#[68]">&gt;&gt;</a>&nbsp;&nbsp;&nbsp;main
</UL>

<P><STRONG><a name="[80]"></a>systick_get_tick</STRONG> (Thumb, 6 bytes, Stack size 0 bytes, systick.o(i.systick_get_tick))
<BR><BR>[Called By]<UL><LI><a href="#[b3]">&gt;&gt;</a>&nbsp;&nbsp;&nbsp;modbus_iap_set_register
<LI><a href="#[7c]">&gt;&gt;</a>&nbsp;&nbsp;&nbsp;modbus_iap_verify_step
<LI><a href="#[76]">&gt;&gt;</a>&nbsp;&nbsp;&nbsp;bootloader_enter_modbus_mode
</UL>

<P><STRONG><a name="[c8]"></a>usart_baudrate_set</STRONG> (Thumb, 224 bytes, Stack size 32 bytes, gd32f4xx_usart.o(i.usart_baudrate_set))
<BR><BR>[Stack]<UL><LI>Max Depth = 116<LI>Call Chain = usart_baudrate_set &rArr; rcu_clock_freq_get
</UL>
<BR>[Calls]<UL><LI><a href="#[d5]">&gt;&gt;</a>&nbsp;&nbsp;&nbsp;rcu_clock_freq_get
</UL>
<BR>[Called By]<UL><LI><a href="#[c5]">&gt;&gt;</a>&nbsp;&nbsp;&nbsp;rs485_host_hw_init
</UL>

<P><STRONG><a name="[d0]"></a>usart_data_receive</STRONG> (Thumb, 10 bytes, Stack size 0 bytes, gd32f4xx_usart.o(i.usart_data_receive))
<BR><BR>[Called By]<UL><LI><a href="#[c1]">&gt;&gt;</a>&nbsp;&nbsp;&nbsp;rs485_host_receive
</UL>

<P><STRONG><a name="[d2]"></a>usart_data_transmit</STRONG> (Thumb, 8 bytes, Stack size 0 bytes, gd32f4xx_usart.o(i.usart_data_transmit))
<BR><BR>[Called By]<UL><LI><a href="#[c2]">&gt;&gt;</a>&nbsp;&nbsp;&nbsp;rs485_host_send
</UL>

<P><STRONG><a name="[c7]"></a>usart_deinit</STRONG> (Thumb, 210 bytes, Stack size 8 bytes, gd32f4xx_usart.o(i.usart_deinit))
<BR><BR>[Stack]<UL><LI>Max Depth = 8<LI>Call Chain = usart_deinit
</UL>
<BR>[Calls]<UL><LI><a href="#[d6]">&gt;&gt;</a>&nbsp;&nbsp;&nbsp;rcu_periph_reset_enable
<LI><a href="#[d7]">&gt;&gt;</a>&nbsp;&nbsp;&nbsp;rcu_periph_reset_disable
</UL>
<BR>[Called By]<UL><LI><a href="#[c5]">&gt;&gt;</a>&nbsp;&nbsp;&nbsp;rs485_host_hw_init
</UL>

<P><STRONG><a name="[ce]"></a>usart_enable</STRONG> (Thumb, 10 bytes, Stack size 0 bytes, gd32f4xx_usart.o(i.usart_enable))
<BR><BR>[Called By]<UL><LI><a href="#[c5]">&gt;&gt;</a>&nbsp;&nbsp;&nbsp;rs485_host_hw_init
</UL>

<P><STRONG><a name="[cf]"></a>usart_flag_get</STRONG> (Thumb, 30 bytes, Stack size 8 bytes, gd32f4xx_usart.o(i.usart_flag_get))
<BR><BR>[Stack]<UL><LI>Max Depth = 8<LI>Call Chain = usart_flag_get
</UL>
<BR>[Called By]<UL><LI><a href="#[c2]">&gt;&gt;</a>&nbsp;&nbsp;&nbsp;rs485_host_send
<LI><a href="#[c1]">&gt;&gt;</a>&nbsp;&nbsp;&nbsp;rs485_host_receive
</UL>

<P><STRONG><a name="[cb]"></a>usart_parity_config</STRONG> (Thumb, 16 bytes, Stack size 0 bytes, gd32f4xx_usart.o(i.usart_parity_config))
<BR><BR>[Called By]<UL><LI><a href="#[c5]">&gt;&gt;</a>&nbsp;&nbsp;&nbsp;rs485_host_hw_init
</UL>

<P><STRONG><a name="[cc]"></a>usart_receive_config</STRONG> (Thumb, 16 bytes, Stack size 0 bytes, gd32f4xx_usart.o(i.usart_receive_config))
<BR><BR>[Called By]<UL><LI><a href="#[c5]">&gt;&gt;</a>&nbsp;&nbsp;&nbsp;rs485_host_hw_init
</UL>

<P><STRONG><a name="[ca]"></a>usart_stop_bit_set</STRONG> (Thumb, 16 bytes, Stack size 0 bytes, gd32f4xx_usart.o(i.usart_stop_bit_set))
<BR><BR>[Called By]<UL><LI><a href="#[c5]">&gt;&gt;</a>&nbsp;&nbsp;&nbsp;rs485_host_hw_init
</UL>

<P><STRONG><a name="[cd]"></a>usart_transmit_config</STRONG> (Thumb, 16 bytes, Stack size 0 bytes, gd32f4xx_usart.o(i.usart_transmit_config))
<BR><BR>[Called By]<UL><LI><a href="#[c5]">&gt;&gt;</a>&nbsp;&nbsp;&nbsp;rs485_host_hw_init
</UL>

<P><STRONG><a name="[c9]"></a>usart_word_length_set</STRONG> (Thumb, 16 bytes, Stack size 0 bytes, gd32f4xx_usart.o(i.usart_word_length_set))
<BR><BR>[Called By]<UL><LI><a href="#[c5]">&gt;&gt;</a>&nbsp;&nbsp;&nbsp;rs485_host_hw_init
</UL>

<P><STRONG><a name="[62]"></a>_fp_init</STRONG> (Thumb, 10 bytes, Stack size 0 bytes, fpinit.o(x$fpl$fpinit))
<BR><BR>[Called By]<UL><LI><a href="#[61]">&gt;&gt;</a>&nbsp;&nbsp;&nbsp;__rt_lib_init_fp_1
</UL>

<P><STRONG><a name="[105]"></a>__fplib_config_fpu_vfp</STRONG> (Thumb, 0 bytes, Stack size unknown bytes, fpinit.o(x$fpl$fpinit), UNUSED)

<P><STRONG><a name="[106]"></a>__fplib_config_pureend_doubles</STRONG> (Thumb, 0 bytes, Stack size unknown bytes, fpinit.o(x$fpl$fpinit), UNUSED)
<P>
<H3>
Local Symbols
</H3>
<P><STRONG><a name="[76]"></a>bootloader_enter_modbus_mode</STRONG> (Thumb, 174 bytes, Stack size 0 bytes, bootloader_main.o(i.bootloader_enter_modbus_mode))
<BR><BR>[Stack]<UL><LI>Max Depth = 376<LI>Call Chain = bootloader_enter_modbus_mode &rArr; modbus_iap_process &rArr; modbus_iap_set_register &rArr; flash_program_words &rArr; fmc_word_program &rArr; fmc_ready_wait
</UL>
<BR>[Calls]<UL><LI><a href="#[80]">&gt;&gt;</a>&nbsp;&nbsp;&nbsp;systick_get_tick
<LI><a href="#[7d]">&gt;&gt;</a>&nbsp;&nbsp;&nbsp;modbus_rtu_receive_frame
<LI><a href="#[7c]">&gt;&gt;</a>&nbsp;&nbsp;&nbsp;modbus_iap_verify_step
<LI><a href="#[7e]">&gt;&gt;</a>&nbsp;&nbsp;&nbsp;modbus_iap_process
<LI><a href="#[7b]">&gt;&gt;</a>&nbsp;&nbsp;&nbsp;modbus_iap_get_register
<LI><a href="#[81]">&gt;&gt;</a>&nbsp;&nbsp;&nbsp;led_on
<LI><a href="#[7f]">&gt;&gt;</a>&nbsp;&nbsp;&nbsp;led_off
<LI><a href="#[79]">&gt;&gt;</a>&nbsp;&nbsp;&nbsp;delay_1ms
<LI><a href="#[78]">&gt;&gt;</a>&nbsp;&nbsp;&nbsp;iap_flag_clear
<LI><a href="#[77]">&gt;&gt;</a>&nbsp;&nbsp;&nbsp;bootloader_wait_modbus_ready
<LI><a href="#[7a]">&gt;&gt;</a>&nbsp;&nbsp;&nbsp;bootloader_jump_to_application
</UL>
<BR>[Called By]<UL><LI><a href="#[68]">&gt;&gt;</a>&nbsp;&nbsp;&nbsp;main
</UL>

<P><STRONG><a name="[7a]"></a>bootloader_jump_to_application</STRONG> (Thumb, 88 bytes, Stack size 16 bytes, bootloader_main.o(i.bootloader_jump_to_application))
<BR><BR>[Stack]<UL><LI>Max Depth = 16<LI>Call Chain = bootloader_jump_to_application
</UL>
<BR>[Called By]<UL><LI><a href="#[68]">&gt;&gt;</a>&nbsp;&nbsp;&nbsp;main
<LI><a href="#[76]">&gt;&gt;</a>&nbsp;&nbsp;&nbsp;bootloader_enter_modbus_mode
</UL>

<P><STRONG><a name="[82]"></a>bootloader_system_clock_config</STRONG> (Thumb, 148 bytes, Stack size 8 bytes, bootloader_main.o(i.bootloader_system_clock_config))
<BR><BR>[Stack]<UL><LI>Max Depth = 32<LI>Call Chain = bootloader_system_clock_config &rArr; rcu_deinit &rArr; rcu_osci_stab_wait
</UL>
<BR>[Calls]<UL><LI><a href="#[90]">&gt;&gt;</a>&nbsp;&nbsp;&nbsp;rcu_system_clock_source_get
<LI><a href="#[8f]">&gt;&gt;</a>&nbsp;&nbsp;&nbsp;rcu_system_clock_source_config
<LI><a href="#[8a]">&gt;&gt;</a>&nbsp;&nbsp;&nbsp;rcu_pll_config
<LI><a href="#[83]">&gt;&gt;</a>&nbsp;&nbsp;&nbsp;rcu_periph_clock_enable
<LI><a href="#[89]">&gt;&gt;</a>&nbsp;&nbsp;&nbsp;rcu_osci_stab_wait
<LI><a href="#[88]">&gt;&gt;</a>&nbsp;&nbsp;&nbsp;rcu_osci_on
<LI><a href="#[87]">&gt;&gt;</a>&nbsp;&nbsp;&nbsp;rcu_deinit
<LI><a href="#[8d]">&gt;&gt;</a>&nbsp;&nbsp;&nbsp;rcu_apb2_clock_config
<LI><a href="#[8c]">&gt;&gt;</a>&nbsp;&nbsp;&nbsp;rcu_apb1_clock_config
<LI><a href="#[8b]">&gt;&gt;</a>&nbsp;&nbsp;&nbsp;rcu_ahb_clock_config
<LI><a href="#[86]">&gt;&gt;</a>&nbsp;&nbsp;&nbsp;pmu_highdriver_switch_select
<LI><a href="#[84]">&gt;&gt;</a>&nbsp;&nbsp;&nbsp;pmu_highdriver_mode_enable
<LI><a href="#[85]">&gt;&gt;</a>&nbsp;&nbsp;&nbsp;pmu_flag_get
<LI><a href="#[8e]">&gt;&gt;</a>&nbsp;&nbsp;&nbsp;fmc_wscnt_set
</UL>
<BR>[Called By]<UL><LI><a href="#[68]">&gt;&gt;</a>&nbsp;&nbsp;&nbsp;main
</UL>

<P><STRONG><a name="[77]"></a>bootloader_wait_modbus_ready</STRONG> (Thumb, 56 bytes, Stack size 24 bytes, bootloader_main.o(i.bootloader_wait_modbus_ready))
<BR><BR>[Stack]<UL><LI>Max Depth = 260<LI>Call Chain = bootloader_wait_modbus_ready &rArr; modbus_rtu_process_frame &rArr; modbus_rtu_parse_frame &rArr; modbus_rtu_write_single_register &rArr; modbus_rtu_handle_iap_registers &rArr; modbus_rtu_handle_iap_control &rArr; modbus_rtu_special_convert_to_uint8
</UL>
<BR>[Calls]<UL><LI><a href="#[7d]">&gt;&gt;</a>&nbsp;&nbsp;&nbsp;modbus_rtu_receive_frame
<LI><a href="#[91]">&gt;&gt;</a>&nbsp;&nbsp;&nbsp;modbus_rtu_process_frame
</UL>
<BR>[Called By]<UL><LI><a href="#[76]">&gt;&gt;</a>&nbsp;&nbsp;&nbsp;bootloader_enter_modbus_mode
</UL>

<P><STRONG><a name="[78]"></a>iap_flag_clear</STRONG> (Thumb, 42 bytes, Stack size 8 bytes, bootloader_main.o(i.iap_flag_clear))
<BR><BR>[Stack]<UL><LI>Max Depth = 8<LI>Call Chain = iap_flag_clear
</UL>
<BR>[Calls]<UL><LI><a href="#[83]">&gt;&gt;</a>&nbsp;&nbsp;&nbsp;rcu_periph_clock_enable
<LI><a href="#[a4]">&gt;&gt;</a>&nbsp;&nbsp;&nbsp;pmu_backup_write_enable
<LI><a href="#[a5]">&gt;&gt;</a>&nbsp;&nbsp;&nbsp;pmu_backup_write_disable
</UL>
<BR>[Called By]<UL><LI><a href="#[68]">&gt;&gt;</a>&nbsp;&nbsp;&nbsp;main
<LI><a href="#[76]">&gt;&gt;</a>&nbsp;&nbsp;&nbsp;bootloader_enter_modbus_mode
</UL>

<P><STRONG><a name="[b6]"></a>modbus_rtu_handle_iap_control</STRONG> (Thumb, 138 bytes, Stack size 144 bytes, modbus_rtu_iap.o(i.modbus_rtu_handle_iap_control))
<BR><BR>[Stack]<UL><LI>Max Depth = 156<LI>Call Chain = modbus_rtu_handle_iap_control &rArr; modbus_rtu_special_convert_to_uint8
</UL>
<BR>[Calls]<UL><LI><a href="#[b7]">&gt;&gt;</a>&nbsp;&nbsp;&nbsp;modbus_rtu_special_convert_to_uint8
</UL>
<BR>[Called By]<UL><LI><a href="#[b8]">&gt;&gt;</a>&nbsp;&nbsp;&nbsp;modbus_rtu_handle_iap_registers
</UL>

<P><STRONG><a name="[b7]"></a>modbus_rtu_special_convert_to_uint8</STRONG> (Thumb, 40 bytes, Stack size 12 bytes, modbus_rtu_iap.o(i.modbus_rtu_special_convert_to_uint8))
<BR><BR>[Stack]<UL><LI>Max Depth = 12<LI>Call Chain = modbus_rtu_special_convert_to_uint8
</UL>
<BR>[Called By]<UL><LI><a href="#[b6]">&gt;&gt;</a>&nbsp;&nbsp;&nbsp;modbus_rtu_handle_iap_control
</UL>

<P><STRONG><a name="[d4]"></a>NVIC_SetPriority</STRONG> (Thumb, 32 bytes, Stack size 8 bytes, systick.o(i.NVIC_SetPriority))
<BR><BR>[Stack]<UL><LI>Max Depth = 8<LI>Call Chain = NVIC_SetPriority
</UL>
<BR>[Called By]<UL><LI><a href="#[ac]">&gt;&gt;</a>&nbsp;&nbsp;&nbsp;systick_config
</UL>

<P><STRONG><a name="[c5]"></a>rs485_host_hw_init</STRONG> (Thumb, 184 bytes, Stack size 8 bytes, rs485_host.o(i.rs485_host_hw_init))
<BR><BR>[Stack]<UL><LI>Max Depth = 124<LI>Call Chain = rs485_host_hw_init &rArr; usart_baudrate_set &rArr; rcu_clock_freq_get
</UL>
<BR>[Calls]<UL><LI><a href="#[c9]">&gt;&gt;</a>&nbsp;&nbsp;&nbsp;usart_word_length_set
<LI><a href="#[cd]">&gt;&gt;</a>&nbsp;&nbsp;&nbsp;usart_transmit_config
<LI><a href="#[ca]">&gt;&gt;</a>&nbsp;&nbsp;&nbsp;usart_stop_bit_set
<LI><a href="#[cc]">&gt;&gt;</a>&nbsp;&nbsp;&nbsp;usart_receive_config
<LI><a href="#[cb]">&gt;&gt;</a>&nbsp;&nbsp;&nbsp;usart_parity_config
<LI><a href="#[ce]">&gt;&gt;</a>&nbsp;&nbsp;&nbsp;usart_enable
<LI><a href="#[c7]">&gt;&gt;</a>&nbsp;&nbsp;&nbsp;usart_deinit
<LI><a href="#[c8]">&gt;&gt;</a>&nbsp;&nbsp;&nbsp;usart_baudrate_set
<LI><a href="#[a8]">&gt;&gt;</a>&nbsp;&nbsp;&nbsp;gpio_output_options_set
<LI><a href="#[a7]">&gt;&gt;</a>&nbsp;&nbsp;&nbsp;gpio_mode_set
<LI><a href="#[a9]">&gt;&gt;</a>&nbsp;&nbsp;&nbsp;gpio_bit_reset
<LI><a href="#[c6]">&gt;&gt;</a>&nbsp;&nbsp;&nbsp;gpio_af_set
<LI><a href="#[83]">&gt;&gt;</a>&nbsp;&nbsp;&nbsp;rcu_periph_clock_enable
</UL>
<BR>[Called By]<UL><LI><a href="#[ad]">&gt;&gt;</a>&nbsp;&nbsp;&nbsp;rs485_host_init
</UL>

<P><STRONG><a name="[d1]"></a>rs485_host_set_de_pin</STRONG> (Thumb, 34 bytes, Stack size 16 bytes, rs485_host.o(i.rs485_host_set_de_pin))
<BR><BR>[Stack]<UL><LI>Max Depth = 16<LI>Call Chain = rs485_host_set_de_pin
</UL>
<BR>[Calls]<UL><LI><a href="#[aa]">&gt;&gt;</a>&nbsp;&nbsp;&nbsp;gpio_bit_set
<LI><a href="#[a9]">&gt;&gt;</a>&nbsp;&nbsp;&nbsp;gpio_bit_reset
</UL>
<BR>[Called By]<UL><LI><a href="#[c0]">&gt;&gt;</a>&nbsp;&nbsp;&nbsp;rs485_host_set_direction
<LI><a href="#[c2]">&gt;&gt;</a>&nbsp;&nbsp;&nbsp;rs485_host_send
</UL>

<P><STRONG><a name="[96]"></a>flash_address_in_range</STRONG> (Thumb, 22 bytes, Stack size 0 bytes, flash_driver.o(i.flash_address_in_range))
<BR><BR>[Called By]<UL><LI><a href="#[97]">&gt;&gt;</a>&nbsp;&nbsp;&nbsp;flash_sector_from_address
<LI><a href="#[a0]">&gt;&gt;</a>&nbsp;&nbsp;&nbsp;flash_program_words
<LI><a href="#[95]">&gt;&gt;</a>&nbsp;&nbsp;&nbsp;flash_app_erase
</UL>

<P><STRONG><a name="[9d]"></a>flash_begin</STRONG> (Thumb, 30 bytes, Stack size 8 bytes, flash_driver.o(i.flash_begin))
<BR><BR>[Stack]<UL><LI>Max Depth = 24<LI>Call Chain = flash_begin &rArr; flash_wait_ready &rArr; fmc_ready_wait
</UL>
<BR>[Calls]<UL><LI><a href="#[98]">&gt;&gt;</a>&nbsp;&nbsp;&nbsp;fmc_unlock
<LI><a href="#[99]">&gt;&gt;</a>&nbsp;&nbsp;&nbsp;fmc_flag_clear
<LI><a href="#[9e]">&gt;&gt;</a>&nbsp;&nbsp;&nbsp;flash_wait_ready
</UL>
<BR>[Called By]<UL><LI><a href="#[a0]">&gt;&gt;</a>&nbsp;&nbsp;&nbsp;flash_program_words
</UL>

<P><STRONG><a name="[9f]"></a>flash_end</STRONG> (Thumb, 12 bytes, Stack size 8 bytes, flash_driver.o(i.flash_end))
<BR><BR>[Stack]<UL><LI>Max Depth = 24<LI>Call Chain = flash_end &rArr; flash_wait_ready &rArr; fmc_ready_wait
</UL>
<BR>[Calls]<UL><LI><a href="#[9b]">&gt;&gt;</a>&nbsp;&nbsp;&nbsp;fmc_lock
<LI><a href="#[9e]">&gt;&gt;</a>&nbsp;&nbsp;&nbsp;flash_wait_ready
</UL>
<BR>[Called By]<UL><LI><a href="#[a0]">&gt;&gt;</a>&nbsp;&nbsp;&nbsp;flash_program_words
</UL>

<P><STRONG><a name="[9c]"></a>flash_status_from_fmc</STRONG> (Thumb, 44 bytes, Stack size 0 bytes, flash_driver.o(i.flash_status_from_fmc))
<BR><BR>[Called By]<UL><LI><a href="#[9e]">&gt;&gt;</a>&nbsp;&nbsp;&nbsp;flash_wait_ready
<LI><a href="#[a0]">&gt;&gt;</a>&nbsp;&nbsp;&nbsp;flash_program_words
<LI><a href="#[95]">&gt;&gt;</a>&nbsp;&nbsp;&nbsp;flash_app_erase
</UL>

<P><STRONG><a name="[9e]"></a>flash_wait_ready</STRONG> (Thumb, 20 bytes, Stack size 8 bytes, flash_driver.o(i.flash_wait_ready))
<BR><BR>[Stack]<UL><LI>Max Depth = 16<LI>Call Chain = flash_wait_ready &rArr; fmc_ready_wait
</UL>
<BR>[Calls]<UL><LI><a href="#[a2]">&gt;&gt;</a>&nbsp;&nbsp;&nbsp;fmc_ready_wait
<LI><a href="#[9c]">&gt;&gt;</a>&nbsp;&nbsp;&nbsp;flash_status_from_fmc
</UL>
<BR>[Called By]<UL><LI><a href="#[9f]">&gt;&gt;</a>&nbsp;&nbsp;&nbsp;flash_end
<LI><a href="#[9d]">&gt;&gt;</a>&nbsp;&nbsp;&nbsp;flash_begin
</UL>

<P><STRONG><a name="[74]"></a>_soft_delay_</STRONG> (Thumb, 28 bytes, Stack size 8 bytes, system_gd32f4xx.o(i._soft_delay_))
<BR><BR>[Stack]<UL><LI>Max Depth = 8<LI>Call Chain = _soft_delay_
</UL>
<BR>[Called By]<UL><LI><a href="#[5a]">&gt;&gt;</a>&nbsp;&nbsp;&nbsp;SystemInit
</UL>

<P><STRONG><a name="[d3]"></a>system_clock_200m_25m_hxtal</STRONG> (Thumb, 258 bytes, Stack size 8 bytes, system_gd32f4xx.o(i.system_clock_200m_25m_hxtal))
<BR><BR>[Stack]<UL><LI>Max Depth = 8<LI>Call Chain = system_clock_200m_25m_hxtal
</UL>
<BR>[Called By]<UL><LI><a href="#[75]">&gt;&gt;</a>&nbsp;&nbsp;&nbsp;system_clock_config
</UL>

<P><STRONG><a name="[75]"></a>system_clock_config</STRONG> (Thumb, 8 bytes, Stack size 8 bytes, system_gd32f4xx.o(i.system_clock_config))
<BR><BR>[Stack]<UL><LI>Max Depth = 16<LI>Call Chain = system_clock_config &rArr; system_clock_200m_25m_hxtal
</UL>
<BR>[Calls]<UL><LI><a href="#[d3]">&gt;&gt;</a>&nbsp;&nbsp;&nbsp;system_clock_200m_25m_hxtal
</UL>
<BR>[Called By]<UL><LI><a href="#[5a]">&gt;&gt;</a>&nbsp;&nbsp;&nbsp;SystemInit
</UL>

<P><STRONG><a name="[94]"></a>delay_ticks</STRONG> (Thumb, 94 bytes, Stack size 0 bytes, delay.o(i.delay_ticks))
<BR><BR>[Called By]<UL><LI><a href="#[93]">&gt;&gt;</a>&nbsp;&nbsp;&nbsp;delay_us
</UL>
<P>
<H3>
Undefined Global Symbols
</H3><HR></body></html>
