Component: ARM Compiler 5.06 update 6 (build 750) Tool: armlink [4d35ed]

==============================================================================

Section Cross References

    main.o(i.main) refers to gd32f4xx_misc.o(i.nvic_priority_group_set) for nvic_priority_group_set
    main.o(i.main) refers to systick.o(i.systick_config) for systick_config
    main.o(i.main) refers to iap_update.o(i.iap_update_init) for iap_update_init
    main.o(i.main) refers to systick.o(i.delay_1ms) for delay_1ms
    main.o(i.main) refers to iap_update.o(i.iap_check_firmware_file) for iap_check_firmware_file
    main.o(i.main) refers to iap_update.o(i.iap_perform_upgrade) for iap_perform_upgrade
    main.o(i.main) refers to iap_update.o(i.iap_trigger_bootloader) for iap_trigger_bootloader
    gd32f4xx_it.o(i.SDIO_IRQHandler) refers to sdcard.o(i.sd_interrupts_process) for sd_interrupts_process
    gd32f4xx_it.o(i.TIMER5_DAC_IRQHandler) refers to gd32f4xx_timer.o(i.timer_interrupt_flag_get) for timer_interrupt_flag_get
    gd32f4xx_it.o(i.TIMER5_DAC_IRQHandler) refers to gd32f4xx_timer.o(i.timer_interrupt_flag_clear) for timer_interrupt_flag_clear
    gd32f4xx_it.o(i.TIMER5_DAC_IRQHandler) refers to systick.o(i.delay_decrement) for delay_decrement
    systick.o(i.delay_1ms) refers to systick.o(.data) for delay
    systick.o(i.delay_decrement) refers to systick.o(.data) for delay
    systick.o(i.delay_us) refers to systick.o(.data) for dwt_cycles_per_us
    systick.o(i.dwt_init) refers to system_gd32f4xx.o(.data) for SystemCoreClock
    systick.o(i.dwt_init) refers to systick.o(.data) for dwt_cycles_per_us
    systick.o(i.systick_config) refers to systick.o(i.dwt_init) for dwt_init
    systick.o(i.systick_config) refers to gd32f4xx_rcu.o(i.rcu_periph_clock_enable) for rcu_periph_clock_enable
    systick.o(i.systick_config) refers to gd32f4xx_timer.o(i.timer_deinit) for timer_deinit
    systick.o(i.systick_config) refers to gd32f4xx_timer.o(i.timer_struct_para_init) for timer_struct_para_init
    systick.o(i.systick_config) refers to gd32f4xx_timer.o(i.timer_init) for timer_init
    systick.o(i.systick_config) refers to gd32f4xx_timer.o(i.timer_interrupt_enable) for timer_interrupt_enable
    systick.o(i.systick_config) refers to gd32f4xx_misc.o(i.nvic_irq_enable) for nvic_irq_enable
    systick.o(i.systick_config) refers to gd32f4xx_timer.o(i.timer_enable) for timer_enable
    systick.o(i.systick_config) refers to systick.o(.data) for delay
    systick.o(i.systick_get_tick) refers to systick.o(.data) for g_systick_tick
    sdcard.o(i.cmdsent_error_check) refers to gd32f4xx_sdio.o(i.sdio_flag_get) for sdio_flag_get
    sdcard.o(i.cmdsent_error_check) refers to gd32f4xx_sdio.o(i.sdio_flag_clear) for sdio_flag_clear
    sdcard.o(i.dma_receive_config) refers to gd32f4xx_dma.o(i.dma_flag_clear) for dma_flag_clear
    sdcard.o(i.dma_receive_config) refers to gd32f4xx_dma.o(i.dma_channel_disable) for dma_channel_disable
    sdcard.o(i.dma_receive_config) refers to gd32f4xx_dma.o(i.dma_deinit) for dma_deinit
    sdcard.o(i.dma_receive_config) refers to gd32f4xx_dma.o(i.dma_multi_data_mode_init) for dma_multi_data_mode_init
    sdcard.o(i.dma_receive_config) refers to gd32f4xx_dma.o(i.dma_flow_controller_config) for dma_flow_controller_config
    sdcard.o(i.dma_receive_config) refers to gd32f4xx_dma.o(i.dma_channel_subperipheral_select) for dma_channel_subperipheral_select
    sdcard.o(i.dma_receive_config) refers to gd32f4xx_dma.o(i.dma_channel_enable) for dma_channel_enable
    sdcard.o(i.dma_transfer_config) refers to gd32f4xx_dma.o(i.dma_flag_clear) for dma_flag_clear
    sdcard.o(i.dma_transfer_config) refers to gd32f4xx_dma.o(i.dma_channel_disable) for dma_channel_disable
    sdcard.o(i.dma_transfer_config) refers to gd32f4xx_dma.o(i.dma_deinit) for dma_deinit
    sdcard.o(i.dma_transfer_config) refers to gd32f4xx_dma.o(i.dma_multi_data_mode_init) for dma_multi_data_mode_init
    sdcard.o(i.dma_transfer_config) refers to gd32f4xx_dma.o(i.dma_flow_controller_config) for dma_flow_controller_config
    sdcard.o(i.dma_transfer_config) refers to gd32f4xx_dma.o(i.dma_channel_subperipheral_select) for dma_channel_subperipheral_select
    sdcard.o(i.dma_transfer_config) refers to gd32f4xx_dma.o(i.dma_channel_enable) for dma_channel_enable
    sdcard.o(i.gpio_config) refers to gd32f4xx_gpio.o(i.gpio_af_set) for gpio_af_set
    sdcard.o(i.gpio_config) refers to gd32f4xx_gpio.o(i.gpio_mode_set) for gpio_mode_set
    sdcard.o(i.gpio_config) refers to gd32f4xx_gpio.o(i.gpio_output_options_set) for gpio_output_options_set
    sdcard.o(i.r1_error_check) refers to gd32f4xx_sdio.o(i.sdio_flag_clear) for sdio_flag_clear
    sdcard.o(i.r1_error_check) refers to gd32f4xx_sdio.o(i.sdio_command_index_get) for sdio_command_index_get
    sdcard.o(i.r1_error_check) refers to gd32f4xx_sdio.o(i.sdio_response_get) for sdio_response_get
    sdcard.o(i.r1_error_check) refers to sdcard.o(i.r1_error_type_check) for r1_error_type_check
[...]
    i.check_fs                               0x080105c0   Section        0  ff.o(i.check_fs)
    check_fs                                 0x080105c1   Thumb Code   112  ff.o(i.check_fs)
    i.chk_chr                                0x0801063c   Section        0  ff.o(i.chk_chr)
    chk_chr                                  0x0801063d   Thumb Code    20  ff.o(i.chk_chr)
    i.chk_lock                               0x08010650   Section        0  ff.o(i.chk_lock)
    chk_lock                                 0x08010651   Thumb Code   118  ff.o(i.chk_lock)
    i.clear_lock                             0x080106cc   Section        0  ff.o(i.clear_lock)
    clear_lock                               0x080106cd   Thumb Code    36  ff.o(i.clear_lock)
    i.clst2sect                              0x080106f4   Section        0  ff.o(i.clst2sect)
    clst2sect                                0x080106f5   Thumb Code    26  ff.o(i.clst2sect)
    i.cmdsent_error_check                    0x08010710   Section        0  sdcard.o(i.cmdsent_error_check)
    cmdsent_error_check                      0x08010711   Thumb Code    50  sdcard.o(i.cmdsent_error_check)
    i.cmp_lfn                                0x0801074c   Section        0  ff.o(i.cmp_lfn)
    cmp_lfn                                  0x0801074d   Thumb Code   148  ff.o(i.cmp_lfn)
    i.create_chain                           0x080107e4   Section        0  ff.o(i.create_chain)
    create_chain                             0x080107e5   Thumb Code   288  ff.o(i.create_chain)
    i.create_name                            0x08010904   Section        0  ff.o(i.create_name)
    create_name                              0x08010905   Thumb Code   576  ff.o(i.create_name)
    i.dbc_1st                                0x08010b58   Section        0  ff.o(i.dbc_1st)
    dbc_1st                                  0x08010b59   Thumb Code    46  ff.o(i.dbc_1st)
    i.dbc_2nd                                0x08010b8c   Section        0  ff.o(i.dbc_2nd)
    dbc_2nd                                  0x08010b8d   Thumb Code    66  ff.o(i.dbc_2nd)
    i.dec_lock                               0x08010bd4   Section        0  ff.o(i.dec_lock)
    dec_lock                                 0x08010bd5   Thumb Code    64  ff.o(i.dec_lock)
    i.delay_1ms                              0x08010c18   Section        0  systick.o(i.delay_1ms)
    i.delay_decrement                        0x08010c30   Section        0  systick.o(i.delay_decrement)
    i.dir_alloc                              0x08010c54   Section        0  ff.o(i.dir_alloc)
    dir_alloc                                0x08010c55   Thumb Code    96  ff.o(i.dir_alloc)
    i.dir_clear                              0x08010cb4   Section        0  ff.o(i.dir_clear)
    dir_clear                                0x08010cb5   Thumb Code    96  ff.o(i.dir_clear)
    i.dir_find                               0x08010d14   Section        0  ff.o(i.dir_find)
    dir_find                                 0x08010d15   Thumb Code   252  ff.o(i.dir_find)
    i.dir_next                               0x08010e10   Section        0  ff.o(i.dir_next)
    dir_next                                 0x08010e11   Thumb Code   202  ff.o(i.dir_next)
    i.dir_register                           0x08010eda   Section        0  ff.o(i.dir_register)
    dir_register                             0x08010edb   Thumb Code   322  ff.o(i.dir_register)
    i.dir_sdi                                0x0801101c   Section        0  ff.o(i.dir_sdi)
    dir_sdi                                  0x0801101d   Thumb Code   154  ff.o(i.dir_sdi)
    i.disk_initialize                        0x080110b8   Section        0  diskio.o(i.disk_initialize)
    i.disk_ioctl                             0x080110ec   Section        0  diskio.o(i.disk_ioctl)
    i.disk_read                              0x08011158   Section        0  diskio.o(i.disk_read)
    i.disk_status                            0x080111c4   Section        0  diskio.o(i.disk_status)
    i.disk_write                             0x080111f8   Section        0  diskio.o(i.disk_write)
    i.dma_channel_disable                    0x08011264   Section        0  gd32f4xx_dma.o(i.dma_channel_disable)
    i.dma_channel_enable                     0x08011284   Section        0  gd32f4xx_dma.o(i.dma_channel_enable)
    i.dma_channel_subperipheral_select       0x080112a4   Section        0  gd32f4xx_dma.o(i.dma_channel_subperipheral_select)
    i.dma_deinit                             0x080112ca   Section        0  gd32f4xx_dma.o(i.dma_deinit)
    i.dma_flag_clear                         0x08011370   Section        0  gd32f4xx_dma.o(i.dma_flag_clear)
    i.dma_flag_get                           0x080113ae   Section        0  gd32f4xx_dma.o(i.dma_flag_get)
    i.dma_flow_controller_config             0x080113fa   Section        0  gd32f4xx_dma.o(i.dma_flow_controller_config)
    i.dma_multi_data_mode_init               0x0801143c   Section        0  gd32f4xx_dma.o(i.dma_multi_data_mode_init)
    i.dma_receive_config                     0x080115a0   Section        0  sdcard.o(i.dma_receive_config)
    dma_receive_config                       0x080115a1   Thumb Code   170  sdcard.o(i.dma_receive_config)
    i.dma_transfer_config                    0x08011654   Section        0  sdcard.o(i.dma_transfer_config)
    dma_transfer_config                      0x08011655   Thumb Code   172  sdcard.o(i.dma_transfer_config)
    i.dwt_init                               0x08011708   Section        0  systick.o(i.dwt_init)
    dwt_init                                 0x08011709   Thumb Code    44  systick.o(i.dwt_init)
    i.enq_lock                               0x08011748   Section        0  ff.o(i.enq_lock)
    enq_lock                                 0x08011749   Thumb Code    34  ff.o(i.enq_lock)
    i.f_close                                0x08011770   Section        0  ff.o(i.f_close)
    i.f_mount                                0x0801179c   Section        0  ff.o(i.f_mount)
    i.f_open                                 0x080117f8   Section        0  ff.o(i.f_open)
    i.f_read                                 0x08011a22   Section        0  ff.o(i.f_read)
    i.f_stat                                 0x08011bbe   Section        0  ff.o(i.f_stat)
    i.f_sync                                 0x08011c06   Section        0  ff.o(i.f_sync)
    i.ff_oem2uni                             0x08011ca8   Section        0  ffunicode.o(i.ff_oem2uni)
    i.ff_uni2oem                             0x08011d10   Section        0  ffunicode.o(i.ff_uni2oem)
    i.ff_wtoupper                            0x08011d84   Section        0  ffunicode.o(i.ff_wtoupper)
    i.find_volume                            0x08011e34   Section        0  ff.o(i.find_volume)
    find_volume                              0x08011e35   Thumb Code   764  ff.o(i.find_volume)
    i.flash_address_in_range                 0x08012144   Section        0  flash_driver.o(i.flash_address_in_range)
    flash_address_in_range                   0x08012145   Thumb Code    22  flash_driver.o(i.flash_address_in_range)
    i.flash_app_erase                        0x08012160   Section        0  flash_driver.o(i.flash_app_erase)
    i.flash_begin                            0x080121e8   Section        0  flash_driver.o(i.flash_begin)
    flash_begin                              0x080121e9   Thumb Code    30  flash_driver.o(i.flash_begin)
    i.flash_end                              0x08012206   Section        0  flash_driver.o(i.flash_end)
    flash_end                                0x08012207   Thumb Code    12  flash_driver.o(i.flash_end)
    i.flash_program_words                    0x08012214   Section        0  flash_driver.o(i.flash_program_words)
    i.flash_sector_from_address              0x080122c0   Section        0  flash_driver.o(i.flash_sector_from_address)
    i.flash_status_from_fmc                  0x08012300   Section        0  flash_driver.o(i.flash_status_from_fmc)
    flash_status_from_fmc                    0x08012301   Thumb Code    44  flash_driver.o(i.flash_status_from_fmc)
    i.flash_wait_ready                       0x0801232c   Section        0  flash_driver.o(i.flash_wait_ready)
    flash_wait_ready                         0x0801232d   Thumb Code    20  flash_driver.o(i.flash_wait_ready)
    i.fmc_flag_clear                         0x08012340   Section        0  gd32f4xx_fmc.o(i.fmc_flag_clear)
    i.fmc_lock                               0x0801234c   Section        0  gd32f4xx_fmc.o(i.fmc_lock)
    i.fmc_ready_wait                         0x08012360   Section        0  gd32f4xx_fmc.o(i.fmc_ready_wait)
    i.fmc_sector_erase                       0x08012380   Section        0  gd32f4xx_fmc.o(i.fmc_sector_erase)
    i.fmc_state_get                          0x080123e0   Section        0  gd32f4xx_fmc.o(i.fmc_state_get)
    i.fmc_unlock                             0x0801242c   Section        0  gd32f4xx_fmc.o(i.fmc_unlock)
    i.fmc_word_program                       0x08012450   Section        0  gd32f4xx_fmc.o(i.fmc_word_program)
    i.follow_path                            0x080124a4   Section        0  ff.o(i.follow_path)
    follow_path                              0x080124a5   Thumb Code   158  ff.o(i.follow_path)
    i.gen_numname                            0x08012544   Section        0  ff.o(i.gen_numname)
    gen_numname                              0x08012545   Thumb Code   198  ff.o(i.gen_numname)
    i.get_fat                                0x08012610   Section        0  ff.o(i.get_fat)
    get_fat                                  0x08012611   Thumb Code   224  ff.o(i.get_fat)
    i.get_fattime                            0x080126f0   Section        0  main.o(i.get_fattime)
    i.get_fileinfo                           0x080126f8   Section        0  ff.o(i.get_fileinfo)
    get_fileinfo                             0x080126f9   Thumb Code   374  ff.o(i.get_fileinfo)
    i.get_ldnumber                           0x0801286e   Section        0  ff.o(i.get_ldnumber)
    get_ldnumber                             0x0801286f   Thumb Code    78  ff.o(i.get_ldnumber)
    i.gpio_af_set                            0x080128bc   Section        0  gd32f4xx_gpio.o(i.gpio_af_set)
    i.gpio_config                            0x0801291c   Section        0  sdcard.o(i.gpio_config)
    gpio_config                              0x0801291d   Thumb Code   164  sdcard.o(i.gpio_config)
    i.gpio_input_bit_get                     0x080129cc   Section        0  gd32f4xx_gpio.o(i.gpio_input_bit_get)
    i.gpio_mode_set                          0x080129dc   Section        0  gd32f4xx_gpio.o(i.gpio_mode_set)
    i.gpio_output_options_set                0x08012a2a   Section        0  gd32f4xx_gpio.o(i.gpio_output_options_set)
    i.iap_check_firmware_file                0x08012a6c   Section        0  iap_update.o(i.iap_check_firmware_file)
    i.iap_perform_upgrade                    0x08012aac   Section        0  iap_update.o(i.iap_perform_upgrade)
    i.iap_sd_deinit                          0x08012cd8   Section        0  iap_update.o(i.iap_sd_deinit)
    iap_sd_deinit                            0x08012cd9   Thumb Code    26  iap_update.o(i.iap_sd_deinit)
    i.iap_sd_init                            0x08012cfc   Section        0  iap_update.o(i.iap_sd_init)
    iap_sd_init                              0x08012cfd   Thumb Code   168  iap_update.o(i.iap_sd_init)
    i.iap_trigger_bootloader                 0x08012db4   Section        0  iap_update.o(i.iap_trigger_bootloader)
    i.iap_update_init                        0x08012e4c   Section        0  iap_update.o(i.iap_update_init)
    i.inc_lock                               0x08012e64   Section        0  ff.o(i.inc_lock)
    inc_lock                                 0x08012e65   Thumb Code   184  ff.o(i.inc_lock)
    i.ld_clust                               0x08012f20   Section        0  ff.o(i.ld_clust)
    ld_clust                                 0x08012f21   Thumb Code    38  ff.o(i.ld_clust)
    i.ld_dword                               0x08012f46   Section        0  ff.o(i.ld_dword)
    ld_dword                                 0x08012f47   Thumb Code    24  ff.o(i.ld_dword)
    i.ld_word                                0x08012f5e   Section        0  ff.o(i.ld_word)
    ld_word                                  0x08012f5f   Thumb Code    12  ff.o(i.ld_word)
    i.main                                   0x08012f6c   Section        0  main.o(i.main)
    i.mem_cmp                                0x08012fb0   Section        0  ff.o(i.mem_cmp)
    mem_cmp                                  0x08012fb1   Thumb Code    36  ff.o(i.mem_cmp)
    i.mem_cpy                                0x08012fd4   Section        0  ff.o(i.mem_cpy)
    mem_cpy                                  0x08012fd5   Thumb Code    26  ff.o(i.mem_cpy)
    i.mem_set                                0x08012fee   Section        0  ff.o(i.mem_set)
    mem_set                                  0x08012fef   Thumb Code    18  ff.o(i.mem_set)
    i.move_window                            0x08013000   Section        0  ff.o(i.move_window)
    move_window                              0x08013001   Thumb Code    52  ff.o(i.move_window)
    i.nvic_irq_enable                        0x08013034   Section        0  gd32f4xx_misc.o(i.nvic_irq_enable)
    i.nvic_priority_group_set                0x080130f8   Section        0  gd32f4xx_misc.o(i.nvic_priority_group_set)
    i.pmu_backup_write_disable               0x0801310c   Section        0  gd32f4xx_pmu.o(i.pmu_backup_write_disable)
    i.pmu_backup_write_enable                0x08013120   Section        0  gd32f4xx_pmu.o(i.pmu_backup_write_enable)
    i.put_fat                                0x08013134   Section        0  ff.o(i.put_fat)
    put_fat                                  0x08013135   Thumb Code   312  ff.o(i.put_fat)
    i.put_lfn                                0x0801326c   Section        0  ff.o(i.put_lfn)
    put_lfn                                  0x0801326d   Thumb Code   124  ff.o(i.put_lfn)
    i.put_utf                                0x080132ec   Section        0  ff.o(i.put_utf)
    put_utf                                  0x080132ed   Thumb Code    66  ff.o(i.put_utf)
    i.r1_error_check                         0x08013330   Section        0  sdcard.o(i.r1_error_check)
    r1_error_check                           0x08013331   Thumb Code   120  sdcard.o(i.r1_error_check)
    i.r1_error_type_check                    0x080133b4   Section        0  sdcard.o(i.r1_error_type_check)
    r1_error_type_check                      0x080133b5   Thumb Code   174  sdcard.o(i.r1_error_type_check)
    i.r2_error_check                         0x08013464   Section        0  sdcard.o(i.r2_error_check)
    r2_error_check                           0x08013465   Thumb Code    70  sdcard.o(i.r2_error_check)
    i.r3_error_check                         0x080134b4   Section        0  sdcard.o(i.r3_error_check)
    r3_error_check                           0x080134b5   Thumb Code    52  sdcard.o(i.r3_error_check)
    i.r6_error_check                         0x080134f0   Section        0  sdcard.o(i.r6_error_check)
    r6_error_check                           0x080134f1   Thumb Code   158  sdcard.o(i.r6_error_check)
    i.r7_error_check                         0x08013598   Section        0  sdcard.o(i.r7_error_check)
    r7_error_check                           0x08013599   Thumb Code    82  sdcard.o(i.r7_error_check)
    i.rcu_config                             0x080135f4   Section        0  sdcard.o(i.rcu_config)
    rcu_config                               0x080135f5   Thumb Code    44  sdcard.o(i.rcu_config)
    i.rcu_periph_clock_enable                0x08013620   Section        0  gd32f4xx_rcu.o(i.rcu_periph_clock_enable)
    i.rcu_periph_reset_disable               0x08013644   Section        0  gd32f4xx_rcu.o(i.rcu_periph_reset_disable)
    i.rcu_periph_reset_enable                0x08013668   Section        0  gd32f4xx_rcu.o(i.rcu_periph_reset_enable)
    i.remove_chain                           0x0801368c   Section        0  ff.o(i.remove_chain)
    remove_chain                             0x0801368d   Thumb Code   154  ff.o(i.remove_chain)
    i.sd_block_read                          0x08013728   Section        0  sdcard.o(i.sd_block_read)
    i.sd_block_write                         0x08013958   Section        0  sdcard.o(i.sd_block_write)
    i.sd_bus_mode_config                     0x08013cf4   Section        0  sdcard.o(i.sd_bus_mode_config)
    i.sd_bus_width_config                    0x08013d88   Section        0  sdcard.o(i.sd_bus_width_config)
    sd_bus_width_config                      0x08013d89   Thumb Code   242  sdcard.o(i.sd_bus_width_config)
    i.sd_card_detect_pin_read                0x08013e84   Section        0  sdcard.o(i.sd_card_detect_pin_read)
    i.sd_card_information_get                0x08013ea0   Section        0  sdcard.o(i.sd_card_information_get)
    i.sd_card_init                           0x08014160   Section        0  sdcard.o(i.sd_card_init)
    i.sd_card_select_deselect                0x0801427c   Section        0  sdcard.o(i.sd_card_select_deselect)
    i.sd_card_state_get                      0x080142a4   Section        0  sdcard.o(i.sd_card_state_get)
    sd_card_state_get                        0x080142a5   Thumb Code   190  sdcard.o(i.sd_card_state_get)
    i.sd_datablocksize_get                   0x08014374   Section        0  sdcard.o(i.sd_datablocksize_get)
    sd_datablocksize_get                     0x08014375   Thumb Code    24  sdcard.o(i.sd_datablocksize_get)
    i.sd_init                                0x0801438c   Section        0  sdcard.o(i.sd_init)
    i.sd_interrupts_process                  0x080143ec   Section        0  sdcard.o(i.sd_interrupts_process)
    i.sd_power_on                            0x0801451c   Section        0  sdcard.o(i.sd_power_on)
    i.sd_report_error                        0x08014660   Section        0  sdcard.o(i.sd_report_error)
    sd_report_error                          0x08014661   Thumb Code     2  sdcard.o(i.sd_report_error)
    i.sd_scr_get                             0x08014664   Section        0  sdcard.o(i.sd_scr_get)
    sd_scr_get                               0x08014665   Thumb Code   344  sdcard.o(i.sd_scr_get)
    i.sd_transfer_mode_config                0x080147c0   Section        0  sdcard.o(i.sd_transfer_mode_config)
    i.sd_transfer_stop                       0x080147d8   Section        0  sdcard.o(i.sd_transfer_stop)
    i.sdio_bus_mode_set                      0x080147fc   Section        0  gd32f4xx_sdio.o(i.sdio_bus_mode_set)
    i.sdio_clock_config                      0x08014818   Section        0  gd32f4xx_sdio.o(i.sdio_clock_config)
    i.sdio_clock_enable                      0x0801484c   Section        0  gd32f4xx_sdio.o(i.sdio_clock_enable)
    i.sdio_command_index_get                 0x08014860   Section        0  gd32f4xx_sdio.o(i.sdio_command_index_get)
    i.sdio_command_response_config           0x0801486c   Section        0  gd32f4xx_sdio.o(i.sdio_command_response_config)
    i.sdio_csm_enable                        0x080148a4   Section        0  gd32f4xx_sdio.o(i.sdio_csm_enable)
    i.sdio_data_config                       0x080148b8   Section        0  gd32f4xx_sdio.o(i.sdio_data_config)
    i.sdio_data_read                         0x080148f4   Section        0  gd32f4xx_sdio.o(i.sdio_data_read)
    i.sdio_data_transfer_config              0x08014900   Section        0  gd32f4xx_sdio.o(i.sdio_data_transfer_config)
    i.sdio_data_write                        0x0801491c   Section        0  gd32f4xx_sdio.o(i.sdio_data_write)
    i.sdio_deinit                            0x08014928   Section        0  gd32f4xx_sdio.o(i.sdio_deinit)
    i.sdio_dma_disable                       0x0801493c   Section        0  gd32f4xx_sdio.o(i.sdio_dma_disable)
    i.sdio_dma_enable                        0x08014950   Section        0  gd32f4xx_sdio.o(i.sdio_dma_enable)
    i.sdio_dsm_disable                       0x08014964   Section        0  gd32f4xx_sdio.o(i.sdio_dsm_disable)
    i.sdio_dsm_enable                        0x08014978   Section        0  gd32f4xx_sdio.o(i.sdio_dsm_enable)
    i.sdio_flag_clear                        0x0801498c   Section        0  gd32f4xx_sdio.o(i.sdio_flag_clear)
    i.sdio_flag_get                          0x08014998   Section        0  gd32f4xx_sdio.o(i.sdio_flag_get)
    i.sdio_hardware_clock_disable            0x080149ac   Section        0  gd32f4xx_sdio.o(i.sdio_hardware_clock_disable)
    i.sdio_interrupt_disable                 0x080149c0   Section        0  gd32f4xx_sdio.o(i.sdio_interrupt_disable)
    i.sdio_interrupt_enable                  0x080149d0   Section        0  gd32f4xx_sdio.o(i.sdio_interrupt_enable)
    i.sdio_interrupt_flag_clear              0x080149e0   Section        0  gd32f4xx_sdio.o(i.sdio_interrupt_flag_clear)
    i.sdio_interrupt_flag_get                0x080149ec   Section        0  gd32f4xx_sdio.o(i.sdio_interrupt_flag_get)
    i.sdio_power_state_get                   0x08014a00   Section        0  gd32f4xx_sdio.o(i.sdio_power_state_get)
    i.sdio_power_state_set                   0x08014a0c   Section        0  gd32f4xx_sdio.o(i.sdio_power_state_set)
    i.sdio_response_get                      0x08014a18   Section        0  gd32f4xx_sdio.o(i.sdio_response_get)
    i.sdio_wait_type_set                     0x08014a54   Section        0  gd32f4xx_sdio.o(i.sdio_wait_type_set)
    i.st_clust                               0x08014a70   Section        0  ff.o(i.st_clust)
    st_clust                                 0x08014a71   Thumb Code    36  ff.o(i.st_clust)
    i.st_dword                               0x08014a94   Section        0  ff.o(i.st_dword)
    st_dword                                 0x08014a95   Thumb Code    24  ff.o(i.st_dword)
    i.st_word                                0x08014aac   Section        0  ff.o(i.st_word)
    st_word                                  0x08014aad   Thumb Code    12  ff.o(i.st_word)
    i.sum_sfn                                0x08014ab8   Section        0  ff.o(i.sum_sfn)
    sum_sfn                                  0x08014ab9   Thumb Code    32  ff.o(i.sum_sfn)
    i.sync_fs                                0x08014ad8   Section        0  ff.o(i.sync_fs)
    sync_fs                                  0x08014ad9   Thumb Code   134  ff.o(i.sync_fs)
    i.sync_window                            0x08014b68   Section        0  ff.o(i.sync_window)
    sync_window                              0x08014b69   Thumb Code    74  ff.o(i.sync_window)
    i.system_clock_168m_25m_hxtal            0x08014bb4   Section        0  system_gd32f4xx.o(i.system_clock_168m_25m_hxtal)
    system_clock_168m_25m_hxtal              0x08014bb5   Thumb Code   258  system_gd32f4xx.o(i.system_clock_168m_25m_hxtal)
    i.system_clock_config                    0x08014cc4   Section        0  system_gd32f4xx.o(i.system_clock_config)
    system_clock_config                      0x08014cc5   Thumb Code     8  system_gd32f4xx.o(i.system_clock_config)
    i.systick_config                         0x08014ccc   Section        0  systick.o(i.systick_config)
    i.tchar2uni                              0x08014d3c   Section        0  ff.o(i.tchar2uni)
    tchar2uni                                0x08014d3d   Thumb Code    76  ff.o(i.tchar2uni)
    i.timer_deinit                           0x08014d88   Section        0  gd32f4xx_timer.o(i.timer_deinit)
    i.timer_enable                           0x08014f0c   Section        0  gd32f4xx_timer.o(i.timer_enable)
    i.timer_init                             0x08014f18   Section        0  gd32f4xx_timer.o(i.timer_init)
    i.timer_interrupt_enable                 0x08014fb0   Section        0  gd32f4xx_timer.o(i.timer_interrupt_enable)
    i.timer_interrupt_flag_clear             0x08014fb8   Section        0  gd32f4xx_timer.o(i.timer_interrupt_flag_clear)
    i.timer_interrupt_flag_get               0x08014fbe   Section        0  gd32f4xx_timer.o(i.timer_interrupt_flag_get)
    i.timer_struct_para_init                 0x08014fd6   Section        0  gd32f4xx_timer.o(i.timer_struct_para_init)
    i.validate                               0x08014fec   Section        0  ff.o(i.validate)
    validate                                 0x08014fed   Thumb Code    60  ff.o(i.validate)
    x$fpl$fpinit                             0x08015028   Section       10  fpinit.o(x$fpl$fpinit)
    $v0                                      0x08015028   Number         0  fpinit.o(x$fpl$fpinit)
    .constdata                               0x08015034   Section       96  flash_driver.o(.constdata)
    s_flash_sectors                          0x08015034   Data          96  flash_driver.o(.constdata)
    .constdata                               0x08015094   Section       52  ff.o(.constdata)
    LfnOfs                                   0x08015094   Data          13  ff.o(.constdata)
    DbcTbl                                   0x080150a1   Data          10  ff.o(.constdata)
    cst                                      0x080150ac   Data          14  ff.o(.constdata)
    cst32                                    0x080150ba   Data          14  ff.o(.constdata)
    .constdata                               0x080150c8   Section    59806  ffunicode.o(.constdata)
    uni2oem932                               0x080150c8   Data       29560  ffunicode.o(.constdata)
    oem2uni932                               0x0801c440   Data       29560  ffunicode.o(.constdata)
    cvt1                                     0x080237b8   Data         498  ffunicode.o(.constdata)
    cvt2                                     0x080239aa   Data         188  ffunicode.o(.constdata)
    .data                                    0x20000000   Section       12  systick.o(.data)
    delay                                    0x20000000   Data           4  systick.o(.data)
    g_systick_tick                           0x20000004   Data           4  systick.o(.data)
    dwt_cycles_per_us                        0x20000008   Data           4  systick.o(.data)
    .data                                    0x2000000c   Section       36  sdcard.o(.data)
    cardtype                                 0x20000014   Data           1  sdcard.o(.data)
    sd_rca                                   0x20000016   Data           2  sdcard.o(.data)
    transmode                                0x20000018   Data           4  sdcard.o(.data)
    totalnumber_bytes                        0x2000001c   Data           4  sdcard.o(.data)
    stopcondition                            0x20000020   Data           4  sdcard.o(.data)
    transerror                               0x20000024   Data           1  sdcard.o(.data)
    transend                                 0x20000028   Data           4  sdcard.o(.data)
    number_bytes                             0x2000002c   Data           4  sdcard.o(.data)
    .data                                    0x20000030   Section        1  iap_update.o(.data)
    s_fs_mounted                             0x20000030   Data           1  iap_update.o(.data)
    .data                                    0x20000034   Section        4  system_gd32f4xx.o(.data)
    .data                                    0x20000038   Section        2  ff.o(.data)
    Fsid                                     0x20000038   Data           2  ff.o(.data)
    .data                                    0x2000003a   Section        1  diskio.o(.data)
    Stat                                     0x2000003a   Data           1  diskio.o(.data)
    .bss                                     0x2000003c   Section       32  sdcard.o(.bss)
    sd_csd                                   0x2000003c   Data          16  sdcard.o(.bss)
    sd_cid                                   0x2000004c   Data          16  sdcard.o(.bss)
    .bss                                     0x2000005c   Section     4680  iap_update.o(.bss)
    s_iap_ctx                                0x2000005c   Data          20  iap_update.o(.bss)
    s_fs                                     0x20000070   Data         564  iap_update.o(.bss)
    s_buffer                                 0x200002a4   Data        4096  iap_update.o(.bss)
    .bss                                     0x200012a4   Section      148  ff.o(.bss)
    FatFs                                    0x200012a4   Data          20  ff.o(.bss)
    Files                                    0x200012b8   Data         128  ff.o(.bss)
    .bss                                     0x20001338   Section       96  libspace.o(.bss)
    HEAP                                     0x20001398   Section     1024  startup_gd32f405_425.o(HEAP)
    Heap_Mem                                 0x20001398   Data        1024  startup_gd32f405_425.o(HEAP)
    STACK                                    0x20001798   Section     1024  startup_gd32f405_425.o(STACK)
    Stack_Mem                                0x20001798   Data        1024  startup_gd32f405_425.o(STACK)
    __initial_sp                             0x20001b98   Data           0  startup_gd32f405_425.o(STACK)

    Global Symbols

    Symbol Name                              Value     Ov Type        Size  Object(Section)

    BuildAttributes$$THM_ISAv4$E$P$D$K$B$S$7EM$VFPi3$EXTD16$VFPS$VFMA$PE$A:L22UL41UL21$X:L11$S22US41US21$IEEE1$IW$USESV6$~STKCKD$USESV7$~SHL$OSPACE$ROPI$EBA8$UX$STANDARDLIB$REQ8$PRES8$EABIv2 0x00000000   Number         0  anon$$obj.o ABSOLUTE
    __ARM_use_no_argv                        0x00000000   Number         0  main.o ABSOLUTE
    __ARM_exceptions_init                     - Undefined Weak Reference
    __alloca_initialize                       - Undefined Weak Reference
    __arm_preinit_                            - Undefined Weak Reference
    __cpp_initialize__aeabi_                  - Undefined Weak Reference
    __cxa_finalize                            - Undefined Weak Reference
    __rt_locale                               - Undefined Weak Reference
    __sigvec_lookup                           - Undefined Weak Reference
    _atexit_init                              - Undefined Weak Reference
    _call_atexit_fns                          - Undefined Weak Reference
    _clock_init                               - Undefined Weak Reference
    _fp_trap_init                             - Undefined Weak Reference
    _fp_trap_shutdown                         - Undefined Weak Reference
    _get_lc_collate                           - Undefined Weak Reference
    _get_lc_ctype                             - Undefined Weak Reference
    _get_lc_monetary                          - Undefined Weak Reference
    _get_lc_numeric                           - Undefined Weak Reference
    _get_lc_time                              - Undefined Weak Reference
    _getenv_init                              - Undefined Weak Reference
    _handle_redirection                       - Undefined Weak Reference
    _init_alloc                               - Undefined Weak Reference
    _init_user_alloc                          - Undefined Weak Reference
    _initio                                   - Undefined Weak Reference
    _rand_init                                - Undefined Weak Reference
    _signal_finish                            - Undefined Weak Reference
    _signal_init                              - Undefined Weak Reference
    _terminate_alloc                          - Undefined Weak Reference
    _terminate_user_alloc                     - Undefined Weak Reference
    _terminateio                              - Undefined Weak Reference
    __Vectors_Size                           0x00000188   Number         0  startup_gd32f405_425.o ABSOLUTE
    __Vectors                                0x08010000   Data           4  startup_gd32f405_425.o(RESET)
    __Vectors_End                            0x08010188   Data           0  startup_gd32f405_425.o(RESET)
    __main                                   0x08010189   Thumb Code     8  __main.o(!!!main)
    __scatterload                            0x08010191   Thumb Code     0  __scatter.o(!!!scatter)
    __scatterload_rt2                        0x08010191   Thumb Code    44  __scatter.o(!!!scatter)
    __scatterload_rt2_thumb_only             0x08010191   Thumb Code     0  __scatter.o(!!!scatter)
    __scatterload_null                       0x0801019f   Thumb Code     0  __scatter.o(!!!scatter)
    __scatterload_copy                       0x080101c5   Thumb Code    26  __scatter_copy.o(!!handler_copy)
    __scatterload_zeroinit                   0x080101e1   Thumb Code    28  __scatter_zi.o(!!handler_zi)
    __rt_lib_init                            0x080101fd   Thumb Code     0  libinit.o(.ARM.Collect$$libinit$$00000000)
    __rt_lib_init_fp_1                       0x080101ff   Thumb Code     0  libinit2.o(.ARM.Collect$$libinit$$00000001)
    __rt_lib_init_alloca_1                   0x08010203   Thumb Code     0  libinit2.o(.ARM.Collect$$libinit$$0000002E)
    __rt_lib_init_argv_1                     0x08010203   Thumb Code     0  libinit2.o(.ARM.Collect$$libinit$$0000002C)
    __rt_lib_init_atexit_1                   0x08010203   Thumb Code     0  libinit2.o(.ARM.Collect$$libinit$$0000001B)
    __rt_lib_init_clock_1                    0x08010203   Thumb Code     0  libinit2.o(.ARM.Collect$$libinit$$00000021)
    __rt_lib_init_cpp_1                      0x08010203   Thumb Code     0  libinit2.o(.ARM.Collect$$libinit$$00000032)
    __rt_lib_init_exceptions_1               0x08010203   Thumb Code     0  libinit2.o(.ARM.Collect$$libinit$$00000030)
    __rt_lib_init_fp_trap_1                  0x08010203   Thumb Code     0  libinit2.o(.ARM.Collect$$libinit$$0000001F)
    __rt_lib_init_getenv_1                   0x08010203   Thumb Code     0  libinit2.o(.ARM.Collect$$libinit$$00000023)
    __rt_lib_init_heap_1                     0x08010203   Thumb Code     0  libinit2.o(.ARM.Collect$$libinit$$0000000A)
    __rt_lib_init_lc_collate_1               0x08010203   Thumb Code     0  libinit2.o(.ARM.Collect$$libinit$$00000011)
    __rt_lib_init_lc_ctype_1                 0x08010203   Thumb Code     0  libinit2.o(.ARM.Collect$$libinit$$00000013)
    __rt_lib_init_lc_monetary_1              0x08010203   Thumb Code     0  libinit2.o(.ARM.Collect$$libinit$$00000015)
    __rt_lib_init_lc_numeric_1               0x08010203   Thumb Code     0  libinit2.o(.ARM.Collect$$libinit$$00000017)
    __rt_lib_init_lc_time_1                  0x08010203   Thumb Code     0  libinit2.o(.ARM.Collect$$libinit$$00000019)
    __rt_lib_init_preinit_1                  0x08010203   Thumb Code     0  libinit2.o(.ARM.Collect$$libinit$$00000004)
    __rt_lib_init_rand_1                     0x08010203   Thumb Code     0  libinit2.o(.ARM.Collect$$libinit$$0000000E)
    __rt_lib_init_return                     0x08010203   Thumb Code     0  libinit2.o(.ARM.Collect$$libinit$$00000033)
    __rt_lib_init_signal_1                   0x08010203   Thumb Code     0  libinit2.o(.ARM.Collect$$libinit$$0000001D)
    __rt_lib_init_stdio_1                    0x08010203   Thumb Code     0  libinit2.o(.ARM.Collect$$libinit$$00000025)
    __rt_lib_init_user_alloc_1               0x08010203   Thumb Code     0  libinit2.o(.ARM.Collect$$libinit$$0000000C)
    __rt_lib_shutdown                        0x08010205   Thumb Code     0  libshutdown.o(.ARM.Collect$$libshutdown$$00000000)
    __rt_lib_shutdown_cpp_1                  0x08010207   Thumb Code     0  libshutdown2.o(.ARM.Collect$$libshutdown$$00000002)
    __rt_lib_shutdown_fp_trap_1              0x08010207   Thumb Code     0  libshutdown2.o(.ARM.Collect$$libshutdown$$00000007)
    __rt_lib_shutdown_heap_1                 0x08010207   Thumb Code     0  libshutdown2.o(.ARM.Collect$$libshutdown$$0000000F)
    __rt_lib_shutdown_return                 0x08010207   Thumb Code     0  libshutdown2.o(.ARM.Collect$$libshutdown$$00000010)
    __rt_lib_shutdown_signal_1               0x08010207   Thumb Code     0  libshutdown2.o(.ARM.Collect$$libshutdown$$0000000A)
    __rt_lib_shutdown_stdio_1                0x08010207   Thumb Code     0  libshutdown2.o(.ARM.Collect$$libshutdown$$00000004)
    __rt_lib_shutdown_user_alloc_1           0x08010207   Thumb Code     0  libshutdown2.o(.ARM.Collect$$libshutdown$$0000000C)
    __rt_entry                               0x08010209   Thumb Code     0  __rtentry.o(.ARM.Collect$$rtentry$$00000000)
    __rt_entry_presh_1                       0x08010209   Thumb Code     0  __rtentry2.o(.ARM.Collect$$rtentry$$00000002)
    __rt_entry_sh                            0x08010209   Thumb Code     0  __rtentry4.o(.ARM.Collect$$rtentry$$00000004)
    __rt_entry_li                            0x0801020f   Thumb Code     0  __rtentry2.o(.ARM.Collect$$rtentry$$0000000A)
    __rt_entry_postsh_1                      0x0801020f   Thumb Code     0  __rtentry2.o(.ARM.Collect$$rtentry$$00000009)
    __rt_entry_main                          0x08010213   Thumb Code     0  __rtentry2.o(.ARM.Collect$$rtentry$$0000000D)
    __rt_entry_postli_1                      0x08010213   Thumb Code     0  __rtentry2.o(.ARM.Collect$$rtentry$$0000000C)
    __rt_exit                                0x0801021b   Thumb Code     0  rtexit.o(.ARM.Collect$$rtexit$$00000000)
    __rt_exit_ls                             0x0801021d   Thumb Code     0  rtexit2.o(.ARM.Collect$$rtexit$$00000003)
    __rt_exit_prels_1                        0x0801021d   Thumb Code     0  rtexit2.o(.ARM.Collect$$rtexit$$00000002)
    __rt_exit_exit                           0x08010221   Thumb Code     0  rtexit2.o(.ARM.Collect$$rtexit$$00000004)
    Reset_Handler                            0x08010229   Thumb Code     8  startup_gd32f405_425.o(.text)
    SVC_Handler                              0x0801023b   Thumb Code     2  startup_gd32f405_425.o(.text)
    PendSV_Handler                           0x0801023f   Thumb Code     2  startup_gd32f405_425.o(.text)
    SysTick_Handler                          0x08010241   Thumb Code     2  startup_gd32f405_425.o(.text)
    ADC_IRQHandler                           0x08010243   Thumb Code     0  startup_gd32f405_425.o(.text)
    CAN0_EWMC_IRQHandler                     0x08010243   Thumb Code     0  startup_gd32f405_425.o(.text)
    CAN0_RX0_IRQHandler                      0x08010243   Thumb Code     0  startup_gd32f405_425.o(.text)
    CAN0_RX1_IRQHandler                      0x08010243   Thumb Code     0  startup_gd32f405_425.o(.text)
    CAN0_TX_IRQHandler                       0x08010243   Thumb Code     0  startup_gd32f405_425.o(.text)
    CAN1_EWMC_IRQHandler                     0x08010243   Thumb Code     0  startup_gd32f405_425.o(.text)
    CAN1_RX0_IRQHandler                      0x08010243   Thumb Code     0  startup_gd32f405_425.o(.text)
    CAN1_RX1_IRQHandler                      0x08010243   Thumb Code     0  startup_gd32f405_425.o(.text)
    CAN1_TX_IRQHandler                       0x08010243   Thumb Code     0  startup_gd32f405_425.o(.text)
    DCI_IRQHandler                           0x08010243   Thumb Code     0  startup_gd32f405_425.o(.text)
    DMA0_Channel0_IRQHandler                 0x08010243   Thumb Code     0  startup_gd32f405_425.o(.text)
    DMA0_Channel1_IRQHandler                 0x08010243   Thumb Code     0  startup_gd32f405_425.o(.text)
    DMA0_Channel2_IRQHandler                 0x08010243   Thumb Code     0  startup_gd32f405_425.o(.text)
    DMA0_Channel3_IRQHandler                 0x08010243   Thumb Code     0  startup_gd32f405_425.o(.text)
    DMA0_Channel4_IRQHandler                 0x08010243   Thumb Code     0  startup_gd32f405_425.o(.text)
    DMA0_Channel5_IRQHandler                 0x08010243   Thumb Code     0  startup_gd32f405_425.o(.text)
    DMA0_Channel6_IRQHandler                 0x08010243   Thumb Code     0  startup_gd32f405_425.o(.text)
    DMA0_Channel7_IRQHandler                 0x08010243   Thumb Code     0  startup_gd32f405_425.o(.text)
    DMA1_Channel0_IRQHandler                 0x08010243   Thumb Code     0  startup_gd32f405_425.o(.text)
    DMA1_Channel1_IRQHandler                 0x08010243   Thumb Code     0  startup_gd32f405_425.o(.text)
    DMA1_Channel2_IRQHandler                 0x08010243   Thumb Code     0  startup_gd32f405_425.o(.text)
    DMA1_Channel3_IRQHandler                 0x08010243   Thumb Code     0  startup_gd32f405_425.o(.text)
    DMA1_Channel4_IRQHandler                 0x08010243   Thumb Code     0  startup_gd32f405_425.o(.text)
    DMA1_Channel5_IRQHandler                 0x08010243   Thumb Code     0  startup_gd32f405_425.o(.text)
    DMA1_Channel6_IRQHandler                 0x08010243   Thumb Code     0  startup_gd32f405_425.o(.text)
    DMA1_Channel7_IRQHandler                 0x08010243   Thumb Code     0  startup_gd32f405_425.o(.text)
    EXTI0_IRQHandler                         0x08010243   Thumb Code     0  startup_gd32f405_425.o(.text)
    EXTI10_15_IRQHandler                     0x08010243   Thumb Code     0  startup_gd32f405_425.o(.text)
    EXTI1_IRQHandler                         0x08010243   Thumb Code     0  startup_gd32f405_425.o(.text)
    EXTI2_IRQHandler                         0x08010243   Thumb Code     0  startup_gd32f405_425.o(.text)
    EXTI3_IRQHandler                         0x08010243   Thumb Code     0  startup_gd32f405_425.o(.text)
    EXTI4_IRQHandler                         0x08010243   Thumb Code     0  startup_gd32f405_425.o(.text)
    EXTI5_9_IRQHandler                       0x08010243   Thumb Code     0  startup_gd32f405_425.o(.text)
    FMC_IRQHandler                           0x08010243   Thumb Code     0  startup_gd32f405_425.o(.text)
    FPU_IRQHandler                           0x08010243   Thumb Code     0  startup_gd32f405_425.o(.text)
    I2C0_ER_IRQHandler                       0x08010243   Thumb Code     0  startup_gd32f405_425.o(.text)
    I2C0_EV_IRQHandler                       0x08010243   Thumb Code     0  startup_gd32f405_425.o(.text)
    I2C1_ER_IRQHandler                       0x08010243   Thumb Code     0  startup_gd32f405_425.o(.text)
    I2C1_EV_IRQHandler                       0x08010243   Thumb Code     0  startup_gd32f405_425.o(.text)
    I2C2_ER_IRQHandler                       0x08010243   Thumb Code     0  startup_gd32f405_425.o(.text)
    I2C2_EV_IRQHandler                       0x08010243   Thumb Code     0  startup_gd32f405_425.o(.text)
    LVD_IRQHandler                           0x08010243   Thumb Code     0  startup_gd32f405_425.o(.text)
    RCU_CTC_IRQHandler                       0x08010243   Thumb Code     0  startup_gd32f405_425.o(.text)
    RTC_Alarm_IRQHandler                     0x08010243   Thumb Code     0  startup_gd32f405_425.o(.text)
    RTC_WKUP_IRQHandler                      0x08010243   Thumb Code     0  startup_gd32f405_425.o(.text)
    SPI0_IRQHandler                          0x08010243   Thumb Code     0  startup_gd32f405_425.o(.text)
    SPI1_IRQHandler                          0x08010243   Thumb Code     0  startup_gd32f405_425.o(.text)
    SPI2_IRQHandler                          0x08010243   Thumb Code     0  startup_gd32f405_425.o(.text)
    TAMPER_STAMP_IRQHandler                  0x08010243   Thumb Code     0  startup_gd32f405_425.o(.text)
    TIMER0_BRK_TIMER8_IRQHandler             0x08010243   Thumb Code     0  startup_gd32f405_425.o(.text)
    TIMER0_Channel_IRQHandler                0x08010243   Thumb Code     0  startup_gd32f405_425.o(.text)
    TIMER0_TRG_CMT_TIMER10_IRQHandler        0x08010243   Thumb Code     0  startup_gd32f405_425.o(.text)
    TIMER0_UP_TIMER9_IRQHandler              0x08010243   Thumb Code     0  startup_gd32f405_425.o(.text)
    TIMER1_IRQHandler                        0x08010243   Thumb Code     0  startup_gd32f405_425.o(.text)
    TIMER2_IRQHandler                        0x08010243   Thumb Code     0  startup_gd32f405_425.o(.text)
    TIMER3_IRQHandler                        0x08010243   Thumb Code     0  startup_gd32f405_425.o(.text)
    TIMER4_IRQHandler                        0x08010243   Thumb Code     0  startup_gd32f405_425.o(.text)
    TIMER6_IRQHandler                        0x08010243   Thumb Code     0  startup_gd32f405_425.o(.text)
    TIMER7_BRK_TIMER11_IRQHandler            0x08010243   Thumb Code     0  startup_gd32f405_425.o(.text)
    TIMER7_Channel_IRQHandler                0x08010243   Thumb Code     0  startup_gd32f405_425.o(.text)
    TIMER7_TRG_CMT_TIMER13_IRQHandler        0x08010243   Thumb Code     0  startup_gd32f405_425.o(.text)
    TIMER7_UP_TIMER12_IRQHandler             0x08010243   Thumb Code     0  startup_gd32f405_425.o(.text)
    TRNG_IRQHandler                          0x08010243   Thumb Code     0  startup_gd32f405_425.o(.text)
    UART3_IRQHandler                         0x08010243   Thumb Code     0  startup_gd32f405_425.o(.text)
    UART4_IRQHandler                         0x08010243   Thumb Code     0  startup_gd32f405_425.o(.text)
    USART0_IRQHandler                        0x08010243   Thumb Code     0  startup_gd32f405_425.o(.text)
    USART1_IRQHandler                        0x08010243   Thumb Code     0  startup_gd32f405_425.o(.text)
    USART2_IRQHandler                        0x08010243   Thumb Code     0  startup_gd32f405_425.o(.text)
    USART5_IRQHandler                        0x08010243   Thumb Code     0  startup_gd32f405_425.o(.text)
    USBFS_IRQHandler                         0x08010243   Thumb Code     0  startup_gd32f405_425.o(.text)
    USBFS_WKUP_IRQHandler                    0x08010243   Thumb Code     0  startup_gd32f405_425.o(.text)
    USBHS_EP1_In_IRQHandler                  0x08010243   Thumb Code     0  startup_gd32f405_425.o(.text)
    USBHS_EP1_Out_IRQHandler                 0x08010243   Thumb Code     0  startup_gd32f405_425.o(.text)
    USBHS_IRQHandler                         0x08010243   Thumb Code     0  startup_gd32f405_425.o(.text)
    USBHS_WKUP_IRQHandler                    0x08010243   Thumb Code     0  startup_gd32f405_425.o(.text)
    WWDGT_IRQHandler                         0x08010243   Thumb Code     0  startup_gd32f405_425.o(.text)
    __user_initial_stackheap                 0x08010245   Thumb Code    10  startup_gd32f405_425.o(.text)
    memcmp                                   0x08010269   Thumb Code    88  memcmp.o(.text)
    __aeabi_memset                           0x080102c1   Thumb Code    16  aeabi_memset.o(.text)
    __aeabi_memclr4                          0x080102d1   Thumb Code     0  rt_memclr_w.o(.text)
    __aeabi_memclr8                          0x080102d1   Thumb Code     0  rt_memclr_w.o(.text)
    __rt_memclr_w                            0x080102d1   Thumb Code    78  rt_memclr_w.o(.text)
    _memset_w                                0x080102d5   Thumb Code     0  rt_memclr_w.o(.text)
    __use_two_region_memory                  0x0801031f   Thumb Code     2  heapauxi.o(.text)
    __rt_heap_escrow$2region                 0x08010321   Thumb Code     2  heapauxi.o(.text)
    __rt_heap_expand$2region                 0x08010323   Thumb Code     2  heapauxi.o(.text)
    __aeabi_memclr                           0x08010325   Thumb Code     0  rt_memclr.o(.text)
    __rt_memclr                              0x08010325   Thumb Code    68  rt_memclr.o(.text)
    _memset                                  0x08010329   Thumb Code     0  rt_memclr.o(.text)
    __user_setup_stackheap                   0x08010369   Thumb Code    74  sys_stackheap_outer.o(.text)
    exit                                     0x080103b3   Thumb Code    18  exit.o(.text)
    __user_libspace                          0x080103c5   Thumb Code     8  libspace.o(.text)
    __user_perproc_libspace                  0x080103c5   Thumb Code     0  libspace.o(.text)
    __user_perthread_libspace                0x080103c5   Thumb Code     0  libspace.o(.text)
    _sys_exit                                0x080103cd   Thumb Code     8  sys_exit.o(.text)
    __I$use$semihosting                      0x080103d9   Thumb Code     0  use_no_semi.o(.text)
    __use_no_semihosting_swi                 0x080103d9   Thumb Code     2  use_no_semi.o(.text)
    BusFault_Handler                         0x080103db   Thumb Code     4  gd32f4xx_it.o(i.BusFault_Handler)
    __semihosting_library_function           0x080103db   Thumb Code     0  indicate_semi.o(.text)
    DebugMon_Handler                         0x080103df   Thumb Code     4  gd32f4xx_it.o(i.DebugMon_Handler)
    HardFault_Handler                        0x080103e3   Thumb Code     4  gd32f4xx_it.o(i.HardFault_Handler)
    MemManage_Handler                        0x080103e7   Thumb Code     4  gd32f4xx_it.o(i.MemManage_Handler)
    NMI_Handler                              0x080103eb   Thumb Code     4  gd32f4xx_it.o(i.NMI_Handler)
    SDIO_IRQHandler                          0x080103ef   Thumb Code     8  gd32f4xx_it.o(i.SDIO_IRQHandler)
    SystemInit                               0x080103f9   Thumb Code   372  system_gd32f4xx.o(i.SystemInit)
    TIMER5_DAC_IRQHandler                    0x08010581   Thumb Code    26  gd32f4xx_it.o(i.TIMER5_DAC_IRQHandler)
    UsageFault_Handler                       0x080105a1   Thumb Code     4  gd32f4xx_it.o(i.UsageFault_Handler)
    delay_1ms                                0x08010c19   Thumb Code    18  systick.o(i.delay_1ms)
    delay_decrement                          0x08010c31   Thumb Code    28  systick.o(i.delay_decrement)
    disk_initialize                          0x080110b9   Thumb Code    46  diskio.o(i.disk_initialize)
    disk_ioctl                               0x080110ed   Thumb Code   102  diskio.o(i.disk_ioctl)
    disk_read                                0x08011159   Thumb Code   104  diskio.o(i.disk_read)
    disk_status                              0x080111c5   Thumb Code    48  diskio.o(i.disk_status)
    disk_write                               0x080111f9   Thumb Code   104  diskio.o(i.disk_write)
    dma_channel_disable                      0x08011265   Thumb Code    32  gd32f4xx_dma.o(i.dma_channel_disable)
    dma_channel_enable                       0x08011285   Thumb Code    32  gd32f4xx_dma.o(i.dma_channel_enable)
    dma_channel_subperipheral_select         0x080112a5   Thumb Code    38  gd32f4xx_dma.o(i.dma_channel_subperipheral_select)
    dma_deinit                               0x080112cb   Thumb Code   166  gd32f4xx_dma.o(i.dma_deinit)
    dma_flag_clear                           0x08011371   Thumb Code    62  gd32f4xx_dma.o(i.dma_flag_clear)
    dma_flag_get                             0x080113af   Thumb Code    76  gd32f4xx_dma.o(i.dma_flag_get)
    dma_flow_controller_config               0x080113fb   Thumb Code    64  gd32f4xx_dma.o(i.dma_flow_controller_config)
    dma_multi_data_mode_init                 0x0801143d   Thumb Code   352  gd32f4xx_dma.o(i.dma_multi_data_mode_init)
    f_close                                  0x08011771   Thumb Code    44  ff.o(i.f_close)
    f_mount                                  0x0801179d   Thumb Code    86  ff.o(i.f_mount)
    f_open                                   0x080117f9   Thumb Code   554  ff.o(i.f_open)
    f_read                                   0x08011a23   Thumb Code   412  ff.o(i.f_read)
    f_stat                                   0x08011bbf   Thumb Code    72  ff.o(i.f_stat)
    f_sync                                   0x08011c07   Thumb Code   160  ff.o(i.f_sync)
    ff_oem2uni                               0x08011ca9   Thumb Code   100  ffunicode.o(i.ff_oem2uni)
    ff_uni2oem                               0x08011d11   Thumb Code   112  ffunicode.o(i.ff_uni2oem)
    ff_wtoupper                              0x08011d85   Thumb Code   166  ffunicode.o(i.ff_wtoupper)
    flash_app_erase                          0x08012161   Thumb Code   132  flash_driver.o(i.flash_app_erase)
    flash_program_words                      0x08012215   Thumb Code   166  flash_driver.o(i.flash_program_words)
    flash_sector_from_address                0x080122c1   Thumb Code    58  flash_driver.o(i.flash_sector_from_address)
    fmc_flag_clear                           0x08012341   Thumb Code     6  gd32f4xx_fmc.o(i.fmc_flag_clear)
    fmc_lock                                 0x0801234d   Thumb Code    14  gd32f4xx_fmc.o(i.fmc_lock)
    fmc_ready_wait                           0x08012361   Thumb Code    32  gd32f4xx_fmc.o(i.fmc_ready_wait)
    fmc_sector_erase                         0x08012381   Thumb Code    90  gd32f4xx_fmc.o(i.fmc_sector_erase)
    fmc_state_get                            0x080123e1   Thumb Code    70  gd32f4xx_fmc.o(i.fmc_state_get)
    fmc_unlock                               0x0801242d   Thumb Code    24  gd32f4xx_fmc.o(i.fmc_unlock)
    fmc_word_program                         0x08012451   Thumb Code    80  gd32f4xx_fmc.o(i.fmc_word_program)
    get_fattime                              0x080126f1   Thumb Code     4  main.o(i.get_fattime)
    gpio_af_set                              0x080128bd   Thumb Code    94  gd32f4xx_gpio.o(i.gpio_af_set)
    gpio_input_bit_get                       0x080129cd   Thumb Code    16  gd32f4xx_gpio.o(i.gpio_input_bit_get)
    gpio_mode_set                            0x080129dd   Thumb Code    78  gd32f4xx_gpio.o(i.gpio_mode_set)
    gpio_output_options_set                  0x08012a2b   Thumb Code    66  gd32f4xx_gpio.o(i.gpio_output_options_set)
    iap_check_firmware_file                  0x08012a6d   Thumb Code    46  iap_update.o(i.iap_check_firmware_file)
    iap_perform_upgrade                      0x08012aad   Thumb Code   528  iap_update.o(i.iap_perform_upgrade)
    iap_trigger_bootloader                   0x08012db5   Thumb Code   134  iap_update.o(i.iap_trigger_bootloader)
    iap_update_init                          0x08012e4d   Thumb Code    20  iap_update.o(i.iap_update_init)
    main                                     0x08012f6d   Thumb Code    50  main.o(i.main)
    nvic_irq_enable                          0x08013035   Thumb Code   186  gd32f4xx_misc.o(i.nvic_irq_enable)
    nvic_priority_group_set                  0x080130f9   Thumb Code    10  gd32f4xx_misc.o(i.nvic_priority_group_set)
    pmu_backup_write_disable                 0x0801310d   Thumb Code    14  gd32f4xx_pmu.o(i.pmu_backup_write_disable)
    pmu_backup_write_enable                  0x08013121   Thumb Code    14  gd32f4xx_pmu.o(i.pmu_backup_write_enable)
    rcu_periph_clock_enable                  0x08013621   Thumb Code    32  gd32f4xx_rcu.o(i.rcu_periph_clock_enable)
    rcu_periph_reset_disable                 0x08013645   Thumb Code    32  gd32f4xx_rcu.o(i.rcu_periph_reset_disable)
    rcu_periph_reset_enable                  0x08013669   Thumb Code    32  gd32f4xx_rcu.o(i.rcu_periph_reset_enable)
    sd_block_read                            0x08013729   Thumb Code   524  sdcard.o(i.sd_block_read)
    sd_block_write                           0x08013959   Thumb Code   884  sdcard.o(i.sd_block_write)
    sd_bus_mode_config                       0x08013cf5   Thumb Code   144  sdcard.o(i.sd_bus_mode_config)
    sd_card_detect_pin_read                  0x08013e85   Thumb Code    22  sdcard.o(i.sd_card_detect_pin_read)
    sd_card_information_get                  0x08013ea1   Thumb Code   686  sdcard.o(i.sd_card_information_get)
    sd_card_init                             0x08014161   Thumb Code   268  sdcard.o(i.sd_card_init)
    sd_card_select_deselect                  0x0801427d   Thumb Code    38  sdcard.o(i.sd_card_select_deselect)
    sd_init                                  0x0801438d   Thumb Code    90  sdcard.o(i.sd_init)
    sd_interrupts_process                    0x080143ed   Thumb Code   286  sdcard.o(i.sd_interrupts_process)
    sd_power_on                              0x0801451d   Thumb Code   310  sdcard.o(i.sd_power_on)
    sd_transfer_mode_config                  0x080147c1   Thumb Code    20  sdcard.o(i.sd_transfer_mode_config)
    sd_transfer_stop                         0x080147d9   Thumb Code    36  sdcard.o(i.sd_transfer_stop)
    sdio_bus_mode_set                        0x080147fd   Thumb Code    22  gd32f4xx_sdio.o(i.sdio_bus_mode_set)
    sdio_clock_config                        0x08014819   Thumb Code    44  gd32f4xx_sdio.o(i.sdio_clock_config)
    sdio_clock_enable                        0x0801484d   Thumb Code    14  gd32f4xx_sdio.o(i.sdio_clock_enable)
    sdio_command_index_get                   0x08014861   Thumb Code     8  gd32f4xx_sdio.o(i.sdio_command_index_get)
    sdio_command_response_config             0x0801486d   Thumb Code    52  gd32f4xx_sdio.o(i.sdio_command_response_config)
    sdio_csm_enable                          0x080148a5   Thumb Code    14  gd32f4xx_sdio.o(i.sdio_csm_enable)
    sdio_data_config                         0x080148b9   Thumb Code    54  gd32f4xx_sdio.o(i.sdio_data_config)
    sdio_data_read                           0x080148f5   Thumb Code     6  gd32f4xx_sdio.o(i.sdio_data_read)
    sdio_data_transfer_config                0x08014901   Thumb Code    24  gd32f4xx_sdio.o(i.sdio_data_transfer_config)
    sdio_data_write                          0x0801491d   Thumb Code     6  gd32f4xx_sdio.o(i.sdio_data_write)
    sdio_deinit                              0x08014929   Thumb Code    20  gd32f4xx_sdio.o(i.sdio_deinit)
    sdio_dma_disable                         0x0801493d   Thumb Code    14  gd32f4xx_sdio.o(i.sdio_dma_disable)
    sdio_dma_enable                          0x08014951   Thumb Code    14  gd32f4xx_sdio.o(i.sdio_dma_enable)
    sdio_dsm_disable                         0x08014965   Thumb Code    14  gd32f4xx_sdio.o(i.sdio_dsm_disable)
    sdio_dsm_enable                          0x08014979   Thumb Code    14  gd32f4xx_sdio.o(i.sdio_dsm_enable)
    sdio_flag_clear                          0x0801498d   Thumb Code     6  gd32f4xx_sdio.o(i.sdio_flag_clear)
    sdio_flag_get                            0x08014999   Thumb Code    16  gd32f4xx_sdio.o(i.sdio_flag_get)
    sdio_hardware_clock_disable              0x080149ad   Thumb Code    14  gd32f4xx_sdio.o(i.sdio_hardware_clock_disable)
    sdio_interrupt_disable                   0x080149c1   Thumb Code    12  gd32f4xx_sdio.o(i.sdio_interrupt_disable)
    sdio_interrupt_enable                    0x080149d1   Thumb Code    12  gd32f4xx_sdio.o(i.sdio_interrupt_enable)
    sdio_interrupt_flag_clear                0x080149e1   Thumb Code     6  gd32f4xx_sdio.o(i.sdio_interrupt_flag_clear)
    sdio_interrupt_flag_get                  0x080149ed   Thumb Code    16  gd32f4xx_sdio.o(i.sdio_interrupt_flag_get)
    sdio_power_state_get                     0x08014a01   Thumb Code     6  gd32f4xx_sdio.o(i.sdio_power_state_get)
    sdio_power_state_set                     0x08014a0d   Thumb Code     6  gd32f4xx_sdio.o(i.sdio_power_state_set)
    sdio_response_get                        0x08014a19   Thumb Code    56  gd32f4xx_sdio.o(i.sdio_response_get)
    sdio_wait_type_set                       0x08014a55   Thumb Code    22  gd32f4xx_sdio.o(i.sdio_wait_type_set)
    systick_config                           0x08014ccd   Thumb Code    98  systick.o(i.systick_config)
    timer_deinit                             0x08014d89   Thumb Code   374  gd32f4xx_timer.o(i.timer_deinit)
    timer_enable                             0x08014f0d   Thumb Code    10  gd32f4xx_timer.o(i.timer_enable)
    timer_init                               0x08014f19   Thumb Code   122  gd32f4xx_timer.o(i.timer_init)
    timer_interrupt_enable                   0x08014fb1   Thumb Code     8  gd32f4xx_timer.o(i.timer_interrupt_enable)
    timer_interrupt_flag_clear               0x08014fb9   Thumb Code     6  gd32f4xx_timer.o(i.timer_interrupt_flag_clear)
    timer_interrupt_flag_get                 0x08014fbf   Thumb Code    24  gd32f4xx_timer.o(i.timer_interrupt_flag_get)
    timer_struct_para_init                   0x08014fd7   Thumb Code    22  gd32f4xx_timer.o(i.timer_struct_para_init)
    _fp_init                                 0x08015029   Thumb Code    10  fpinit.o(x$fpl$fpinit)
    __fplib_config_fpu_vfp                   0x08015031   Thumb Code     0  fpinit.o(x$fpl$fpinit)
    __fplib_config_pureend_doubles           0x08015031   Thumb Code     0  fpinit.o(x$fpl$fpinit)
    Region$$Table$$Base                      0x08023a68   Number         0  anon$$obj.o(Region$$Table)
    Region$$Table$$Limit                     0x08023a88   Number         0  anon$$obj.o(Region$$Table)
    sd_scr                                   0x2000000c   Data           8  sdcard.o(.data)
    SystemCoreClock                          0x20000034   Data           4  system_gd32f4xx.o(.data)
    __libspace_start                         0x20001338   Data          96  libspace.o(.bss)
    __temporary_stack_top$libspace           0x20001398   Data           0  libspace.o(.bss)



==============================================================================

Memory Map of the image

  Image Entry point : 0x08010189

  Load Region LR_IROM1 (Base: 0x08010000, Size: 0x00013ac4, Max: 0x00070000, ABSOLUTE)

    Execution Region ER_IROM1 (Exec base: 0x08010000, Load base: 0x08010000, Size: 0x00013a88, Max: 0x00070000, ABSOLUTE)

    Exec Addr    Load Addr    Size         Type   Attr      Idx    E Section Name        Object

    0x08010000   0x08010000   0x00000188   Data   RO          745    RESET               startup_gd32f405_425.o
    0x08010188   0x08010188   0x00000008   Code   RO         4025  * !!!main             c_w.l(__main.o)
    0x08010190   0x08010190   0x00000034   Code   RO         4184    !!!scatter          c_w.l(__scatter.o)
    0x080101c4   0x080101c4   0x0000001a   Code   RO         4186    !!handler_copy      c_w.l(__scatter_copy.o)
    0x080101de   0x080101de   0x00000002   PAD
    0x080101e0   0x080101e0   0x0000001c   Code   RO         4188    !!handler_zi        c_w.l(__scatter_zi.o)
    0x080101fc   0x080101fc   0x00000002   Code   RO         4054    .ARM.Collect$$libinit$$00000000  c_w.l(libinit.o)
    0x080101fe   0x080101fe   0x00000004   Code   RO         4060    .ARM.Collect$$libinit$$00000001  c_w.l(libinit2.o)
    0x08010202   0x08010202   0x00000000   Code   RO         4063    .ARM.Collect$$libinit$$00000004  c_w.l(libinit2.o)
    0x08010202   0x08010202   0x00000000   Code   RO         4066    .ARM.Collect$$libinit$$0000000A  c_w.l(libinit2.o)
    0x08010202   0x08010202   0x00000000   Code   RO         4068    .ARM.Collect$$libinit$$0000000C  c_w.l(libinit2.o)
    0x08010202   0x08010202   0x00000000   Code   RO         4070    .ARM.Collect$$libinit$$0000000E  c_w.l(libinit2.o)
    0x08010202   0x08010202   0x00000000   Code   RO         4073    .ARM.Collect$$libinit$$00000011  c_w.l(libinit2.o)
    0x08010202   0x08010202   0x00000000   Code   RO         4075    .ARM.Collect$$libinit$$00000013  c_w.l(libinit2.o)
    0x08010202   0x08010202   0x00000000   Code   RO         4077    .ARM.Collect$$libinit$$00000015  c_w.l(libinit2.o)
    0x08010202   0x08010202   0x00000000   Code   RO         4079    .ARM.Collect$$libinit$$00000017  c_w.l(libinit2.o)
    0x08010202   0x08010202   0x00000000   Code   RO         4081    .ARM.Collect$$libinit$$00000019  c_w.l(libinit2.o)
    0x08010202   0x08010202   0x00000000   Code   RO         4083    .ARM.Collect$$libinit$$0000001B  c_w.l(libinit2.o)
    0x08010202   0x08010202   0x00000000   Code   RO         4085    .ARM.Collect$$libinit$$0000001D  c_w.l(libinit2.o)
    0x08010202   0x08010202   0x00000000   Code   RO         4087    .ARM.Collect$$libinit$$0000001F  c_w.l(libinit2.o)
    0x08010202   0x08010202   0x00000000   Code   RO         4089    .ARM.Collect$$libinit$$00000021  c_w.l(libinit2.o)
    0x08010202   0x08010202   0x00000000   Code   RO         4091    .ARM.Collect$$libinit$$00000023  c_w.l(libinit2.o)
    0x08010202   0x08010202   0x00000000   Code   RO         4093    .ARM.Collect$$libinit$$00000025  c_w.l(libinit2.o)
    0x08010202   0x08010202   0x00000000   Code   RO         4097    .ARM.Collect$$libinit$$0000002C  c_w.l(libinit2.o)
    0x08010202   0x08010202   0x00000000   Code   RO         4099    .ARM.Collect$$libinit$$0000002E  c_w.l(libinit2.o)
    0x08010202   0x08010202   0x00000000   Code   RO         4101    .ARM.Collect$$libinit$$00000030  c_w.l(libinit2.o)
    0x08010202   0x08010202   0x00000000   Code   RO         4103    .ARM.Collect$$libinit$$00000032  c_w.l(libinit2.o)
    0x08010202   0x08010202   0x00000002   Code   RO         4104    .ARM.Collect$$libinit$$00000033  c_w.l(libinit2.o)
    0x08010204   0x08010204   0x00000002   Code   RO         4124    .ARM.Collect$$libshutdown$$00000000  c_w.l(libshutdown.o)
    0x08010206   0x08010206   0x00000000   Code   RO         4137    .ARM.Collect$$libshutdown$$00000002  c_w.l(libshutdown2.o)
    0x08010206   0x08010206   0x00000000   Code   RO         4139    .ARM.Collect$$libshutdown$$00000004  c_w.l(libshutdown2.o)
    0x08010206   0x08010206   0x00000000   Code   RO         4142    .ARM.Collect$$libshutdown$$00000007  c_w.l(libshutdown2.o)
    0x08010206   0x08010206   0x00000000   Code   RO         4145    .ARM.Collect$$libshutdown$$0000000A  c_w.l(libshutdown2.o)
    0x08010206   0x08010206   0x00000000   Code   RO         4147    .ARM.Collect$$libshutdown$$0000000C  c_w.l(libshutdown2.o)
    0x08010206   0x08010206   0x00000000   Code   RO         4150    .ARM.Collect$$libshutdown$$0000000F  c_w.l(libshutdown2.o)
    0x08010206   0x08010206   0x00000002   Code   RO         4151    .ARM.Collect$$libshutdown$$00000010  c_w.l(libshutdown2.o)
    0x08010208   0x08010208   0x00000000   Code   RO         4027    .ARM.Collect$$rtentry$$00000000  c_w.l(__rtentry.o)
    0x08010208   0x08010208   0x00000000   Code   RO         4031    .ARM.Collect$$rtentry$$00000002  c_w.l(__rtentry2.o)
    0x08010208   0x08010208   0x00000006   Code   RO         4043    .ARM.Collect$$rtentry$$00000004  c_w.l(__rtentry4.o)
    0x0801020e   0x0801020e   0x00000000   Code   RO         4033    .ARM.Collect$$rtentry$$00000009  c_w.l(__rtentry2.o)
    0x0801020e   0x0801020e   0x00000004   Code   RO         4034    .ARM.Collect$$rtentry$$0000000A  c_w.l(__rtentry2.o)
    0x08010212   0x08010212   0x00000000   Code   RO         4036    .ARM.Collect$$rtentry$$0000000C  c_w.l(__rtentry2.o)
    0x08010212   0x08010212   0x00000008   Code   RO         4037    .ARM.Collect$$rtentry$$0000000D  c_w.l(__rtentry2.o)
    0x0801021a   0x0801021a   0x00000002   Code   RO         4058    .ARM.Collect$$rtexit$$00000000  c_w.l(rtexit.o)
    0x0801021c   0x0801021c   0x00000000   Code   RO         4106    .ARM.Collect$$rtexit$$00000002  c_w.l(rtexit2.o)
    0x0801021c   0x0801021c   0x00000004   Code   RO         4107    .ARM.Collect$$rtexit$$00000003  c_w.l(rtexit2.o)
    0x08010220   0x08010220   0x00000006   Code   RO         4108    .ARM.Collect$$rtexit$$00000004  c_w.l(rtexit2.o)
    0x08010226   0x08010226   0x00000002   PAD
    0x08010228   0x08010228   0x00000040   Code   RO          746    .text               startup_gd32f405_425.o
    0x08010268   0x08010268   0x00000058   Code   RO         4017    .text               c_w.l(memcmp.o)
    0x080102c0   0x080102c0   0x00000010   Code   RO         4019    .text               c_w.l(aeabi_memset.o)
    0x080102d0   0x080102d0   0x0000004e   Code   RO         4021    .text               c_w.l(rt_memclr_w.o)
    0x0801031e   0x0801031e   0x00000006   Code   RO         4023    .text               c_w.l(heapauxi.o)
    0x08010324   0x08010324   0x00000044   Code   RO         4028    .text               c_w.l(rt_memclr.o)
    0x08010368   0x08010368   0x0000004a   Code   RO         4045    .text               c_w.l(sys_stackheap_outer.o)
    0x080103b2   0x080103b2   0x00000012   Code   RO         4047    .text               c_w.l(exit.o)
    0x080103c4   0x080103c4   0x00000008   Code   RO         4055    .text               c_w.l(libspace.o)
    0x080103cc   0x080103cc   0x0000000c   Code   RO         4116    .text               c_w.l(sys_exit.o)
    0x080103d8   0x080103d8   0x00000002   Code   RO         4127    .text               c_w.l(use_no_semi.o)
    0x080103da   0x080103da   0x00000000   Code   RO         4129    .text               c_w.l(indicate_semi.o)
    0x080103da   0x080103da   0x00000004   Code   RO          155    i.BusFault_Handler  gd32f4xx_it.o
    0x080103de   0x080103de   0x00000004   Code   RO          156    i.DebugMon_Handler  gd32f4xx_it.o
    0x080103e2   0x080103e2   0x00000004   Code   RO          157    i.HardFault_Handler  gd32f4xx_it.o
    0x080103e6   0x080103e6   0x00000004   Code   RO          158    i.MemManage_Handler  gd32f4xx_it.o
    0x080103ea   0x080103ea   0x00000004   Code   RO          159    i.NMI_Handler       gd32f4xx_it.o
    0x080103ee   0x080103ee   0x00000008   Code   RO          160    i.SDIO_IRQHandler   gd32f4xx_it.o
    0x080103f6   0x080103f6   0x00000002   PAD
    0x080103f8   0x080103f8   0x00000188   Code   RO          693    i.SystemInit        system_gd32f4xx.o
    0x08010580   0x08010580   0x00000020   Code   RO          161    i.TIMER5_DAC_IRQHandler  gd32f4xx_it.o
    0x080105a0   0x080105a0   0x00000004   Code   RO          162    i.UsageFault_Handler  gd32f4xx_it.o
    0x080105a4   0x080105a4   0x0000001c   Code   RO          694    i._soft_delay_      system_gd32f4xx.o
    0x080105c0   0x080105c0   0x0000007c   Code   RO         3587    i.check_fs          ff.o
    0x0801063c   0x0801063c   0x00000014   Code   RO         3588    i.chk_chr           ff.o
    0x08010650   0x08010650   0x0000007c   Code   RO         3589    i.chk_lock          ff.o
    0x080106cc   0x080106cc   0x00000028   Code   RO         3590    i.clear_lock        ff.o
    0x080106f4   0x080106f4   0x0000001a   Code   RO         3591    i.clst2sect         ff.o
    0x0801070e   0x0801070e   0x00000002   PAD
    0x08010710   0x08010710   0x0000003c   Code   RO          278    i.cmdsent_error_check  sdcard.o
    0x0801074c   0x0801074c   0x00000098   Code   RO         3592    i.cmp_lfn           ff.o
    0x080107e4   0x080107e4   0x00000120   Code   RO         3593    i.create_chain      ff.o
    0x08010904   0x08010904   0x00000254   Code   RO         3594    i.create_name       ff.o
    0x08010b58   0x08010b58   0x00000034   Code   RO         3595    i.dbc_1st           ff.o
    0x08010b8c   0x08010b8c   0x00000048   Code   RO         3596    i.dbc_2nd           ff.o
    0x08010bd4   0x08010bd4   0x00000044   Code   RO         3597    i.dec_lock          ff.o
    0x08010c18   0x08010c18   0x00000018   Code   RO          227    i.delay_1ms         systick.o
    0x08010c30   0x08010c30   0x00000024   Code   RO          228    i.delay_decrement   systick.o
    0x08010c54   0x08010c54   0x00000060   Code   RO         3598    i.dir_alloc         ff.o
    0x08010cb4   0x08010cb4   0x00000060   Code   RO         3599    i.dir_clear         ff.o
    0x08010d14   0x08010d14   0x000000fc   Code   RO         3600    i.dir_find          ff.o
    0x08010e10   0x08010e10   0x000000ca   Code   RO         3601    i.dir_next          ff.o
    0x08010eda   0x08010eda   0x00000142   Code   RO         3603    i.dir_register      ff.o
    0x0801101c   0x0801101c   0x0000009a   Code   RO         3605    i.dir_sdi           ff.o
    0x080110b6   0x080110b6   0x00000002   PAD
    0x080110b8   0x080110b8   0x00000034   Code   RO         3939    i.disk_initialize   diskio.o
    0x080110ec   0x080110ec   0x0000006c   Code   RO         3940    i.disk_ioctl        diskio.o
    0x08011158   0x08011158   0x0000006c   Code   RO         3941    i.disk_read         diskio.o
    0x080111c4   0x080111c4   0x00000034   Code   RO         3942    i.disk_status       diskio.o
    0x080111f8   0x080111f8   0x0000006c   Code   RO         3943    i.disk_write        diskio.o
    0x08011264   0x08011264   0x00000020   Code   RO         2438    i.dma_channel_disable  gd32f4xx_dma.o
    0x08011284   0x08011284   0x00000020   Code   RO         2439    i.dma_channel_enable  gd32f4xx_dma.o
    0x080112a4   0x080112a4   0x00000026   Code   RO         2440    i.dma_channel_subperipheral_select  gd32f4xx_dma.o
    0x080112ca   0x080112ca   0x000000a6   Code   RO         2443    i.dma_deinit        gd32f4xx_dma.o
    0x08011370   0x08011370   0x0000003e   Code   RO         2445    i.dma_flag_clear    gd32f4xx_dma.o
    0x080113ae   0x080113ae   0x0000004c   Code   RO         2446    i.dma_flag_get      gd32f4xx_dma.o
    0x080113fa   0x080113fa   0x00000040   Code   RO         2447    i.dma_flow_controller_config  gd32f4xx_dma.o
    0x0801143a   0x0801143a   0x00000002   PAD
    0x0801143c   0x0801143c   0x00000164   Code   RO         2456    i.dma_multi_data_mode_init  gd32f4xx_dma.o
    0x080115a0   0x080115a0   0x000000b4   Code   RO          279    i.dma_receive_config  sdcard.o
    0x08011654   0x08011654   0x000000b4   Code   RO          280    i.dma_transfer_config  sdcard.o
    0x08011708   0x08011708   0x00000040   Code   RO          230    i.dwt_init          systick.o
    0x08011748   0x08011748   0x00000028   Code   RO         3606    i.enq_lock          ff.o
    0x08011770   0x08011770   0x0000002c   Code   RO         3607    i.f_close           ff.o
    0x0801179c   0x0801179c   0x0000005c   Code   RO         3613    i.f_mount           ff.o
    0x080117f8   0x080117f8   0x0000022a   Code   RO         3614    i.f_open            ff.o
    0x08011a22   0x08011a22   0x0000019c   Code   RO         3616    i.f_read            ff.o
    0x08011bbe   0x08011bbe   0x00000048   Code   RO         3619    i.f_stat            ff.o
    0x08011c06   0x08011c06   0x000000a0   Code   RO         3620    i.f_sync            ff.o
    0x08011ca6   0x08011ca6   0x00000002   PAD
    0x08011ca8   0x08011ca8   0x00000068   Code   RO         3983    i.ff_oem2uni        ffunicode.o
    0x08011d10   0x08011d10   0x00000074   Code   RO         3984    i.ff_uni2oem        ffunicode.o
    0x08011d84   0x08011d84   0x000000b0   Code   RO         3985    i.ff_wtoupper       ffunicode.o
    0x08011e34   0x08011e34   0x00000310   Code   RO         3624    i.find_volume       ff.o
    0x08012144   0x08012144   0x0000001c   Code   RO          609    i.flash_address_in_range  flash_driver.o
    0x08012160   0x08012160   0x00000088   Code   RO          610    i.flash_app_erase   flash_driver.o
    0x080121e8   0x080121e8   0x0000001e   Code   RO          611    i.flash_begin       flash_driver.o
    0x08012206   0x08012206   0x0000000c   Code   RO          612    i.flash_end         flash_driver.o
    0x08012212   0x08012212   0x00000002   PAD
    0x08012214   0x08012214   0x000000ac   Code   RO          614    i.flash_program_words  flash_driver.o
    0x080122c0   0x080122c0   0x00000040   Code   RO          617    i.flash_sector_from_address  flash_driver.o
    0x08012300   0x08012300   0x0000002c   Code   RO          618    i.flash_status_from_fmc  flash_driver.o
    0x0801232c   0x0801232c   0x00000014   Code   RO          620    i.flash_wait_ready  flash_driver.o
    0x08012340   0x08012340   0x0000000c   Code   RO         2653    i.fmc_flag_clear    gd32f4xx_fmc.o
    0x0801234c   0x0801234c   0x00000014   Code   RO         2660    i.fmc_lock          gd32f4xx_fmc.o
    0x08012360   0x08012360   0x00000020   Code   RO         2663    i.fmc_ready_wait    gd32f4xx_fmc.o
    0x08012380   0x08012380   0x00000060   Code   RO         2664    i.fmc_sector_erase  gd32f4xx_fmc.o
    0x080123e0   0x080123e0   0x0000004c   Code   RO         2665    i.fmc_state_get     gd32f4xx_fmc.o
    0x0801242c   0x0801242c   0x00000024   Code   RO         2666    i.fmc_unlock        gd32f4xx_fmc.o
    0x08012450   0x08012450   0x00000054   Code   RO         2667    i.fmc_word_program  gd32f4xx_fmc.o
    0x080124a4   0x080124a4   0x0000009e   Code   RO         3625    i.follow_path       ff.o
    0x08012542   0x08012542   0x00000002   PAD
    0x08012544   0x08012544   0x000000cc   Code   RO         3626    i.gen_numname       ff.o
    0x08012610   0x08012610   0x000000e0   Code   RO         3627    i.get_fat           ff.o
    0x080126f0   0x080126f0   0x00000008   Code   RO            3    i.get_fattime       main.o
    0x080126f8   0x080126f8   0x00000176   Code   RO         3628    i.get_fileinfo      ff.o
    0x0801286e   0x0801286e   0x0000004e   Code   RO         3629    i.get_ldnumber      ff.o
    0x080128bc   0x080128bc   0x0000005e   Code   RO          752    i.gpio_af_set       gd32f4xx_gpio.o
    0x0801291a   0x0801291a   0x00000002   PAD
    0x0801291c   0x0801291c   0x000000b0   Code   RO          281    i.gpio_config       sdcard.o
    0x080129cc   0x080129cc   0x00000010   Code   RO          758    i.gpio_input_bit_get  gd32f4xx_gpio.o
    0x080129dc   0x080129dc   0x0000004e   Code   RO          760    i.gpio_mode_set     gd32f4xx_gpio.o
    0x08012a2a   0x08012a2a   0x00000042   Code   RO          762    i.gpio_output_options_set  gd32f4xx_gpio.o
    0x08012a6c   0x08012a6c   0x00000040   Code   RO          514    i.iap_check_firmware_file  iap_update.o
    0x08012aac   0x08012aac   0x0000022c   Code   RO          517    i.iap_perform_upgrade  iap_update.o
    0x08012cd8   0x08012cd8   0x00000024   Code   RO          518    i.iap_sd_deinit     iap_update.o
    0x08012cfc   0x08012cfc   0x000000b8   Code   RO          519    i.iap_sd_init       iap_update.o
    0x08012db4   0x08012db4   0x00000098   Code   RO          520    i.iap_trigger_bootloader  iap_update.o
    0x08012e4c   0x08012e4c   0x00000018   Code   RO          522    i.iap_update_init   iap_update.o
    0x08012e64   0x08012e64   0x000000bc   Code   RO         3630    i.inc_lock          ff.o
    0x08012f20   0x08012f20   0x00000026   Code   RO         3631    i.ld_clust          ff.o
    0x08012f46   0x08012f46   0x00000018   Code   RO         3632    i.ld_dword          ff.o
    0x08012f5e   0x08012f5e   0x0000000c   Code   RO         3633    i.ld_word           ff.o
    0x08012f6a   0x08012f6a   0x00000002   PAD
    0x08012f6c   0x08012f6c   0x00000044   Code   RO            4    i.main              main.o
    0x08012fb0   0x08012fb0   0x00000024   Code   RO         3634    i.mem_cmp           ff.o
    0x08012fd4   0x08012fd4   0x0000001a   Code   RO         3635    i.mem_cpy           ff.o
    0x08012fee   0x08012fee   0x00000012   Code   RO         3636    i.mem_set           ff.o
    0x08013000   0x08013000   0x00000034   Code   RO         3637    i.move_window       ff.o
    0x08013034   0x08013034   0x000000c4   Code   RO         3034    i.nvic_irq_enable   gd32f4xx_misc.o
    0x080130f8   0x080130f8   0x00000014   Code   RO         3035    i.nvic_priority_group_set  gd32f4xx_misc.o
    0x0801310c   0x0801310c   0x00000014   Code   RO         2893    i.pmu_backup_write_disable  gd32f4xx_pmu.o
    0x08013120   0x08013120   0x00000014   Code   RO         2894    i.pmu_backup_write_enable  gd32f4xx_pmu.o
    0x08013134   0x08013134   0x00000138   Code   RO         3639    i.put_fat           ff.o
    0x0801326c   0x0801326c   0x00000080   Code   RO         3640    i.put_lfn           ff.o
    0x080132ec   0x080132ec   0x00000042   Code   RO         3641    i.put_utf           ff.o
    0x0801332e   0x0801332e   0x00000002   PAD
    0x08013330   0x08013330   0x00000084   Code   RO          282    i.r1_error_check    sdcard.o
    0x080133b4   0x080133b4   0x000000ae   Code   RO          283    i.r1_error_type_check  sdcard.o
    0x08013462   0x08013462   0x00000002   PAD
    0x08013464   0x08013464   0x00000050   Code   RO          284    i.r2_error_check    sdcard.o
    0x080134b4   0x080134b4   0x0000003c   Code   RO          285    i.r3_error_check    sdcard.o
    0x080134f0   0x080134f0   0x000000a8   Code   RO          286    i.r6_error_check    sdcard.o
    0x08013598   0x08013598   0x0000005c   Code   RO          287    i.r7_error_check    sdcard.o
    0x080135f4   0x080135f4   0x0000002c   Code   RO          288    i.rcu_config        sdcard.o
    0x08013620   0x08013620   0x00000024   Code   RO          884    i.rcu_periph_clock_enable  gd32f4xx_rcu.o
    0x08013644   0x08013644   0x00000024   Code   RO          887    i.rcu_periph_reset_disable  gd32f4xx_rcu.o
    0x08013668   0x08013668   0x00000024   Code   RO          888    i.rcu_periph_reset_enable  gd32f4xx_rcu.o
    0x0801368c   0x0801368c   0x0000009a   Code   RO         3642    i.remove_chain      ff.o
    0x08013726   0x08013726   0x00000002   PAD
    0x08013728   0x08013728   0x00000230   Code   RO          289    i.sd_block_read     sdcard.o
    0x08013958   0x08013958   0x0000039c   Code   RO          290    i.sd_block_write    sdcard.o
    0x08013cf4   0x08013cf4   0x00000094   Code   RO          291    i.sd_bus_mode_config  sdcard.o
    0x08013d88   0x08013d88   0x000000fc   Code   RO          292    i.sd_bus_width_config  sdcard.o
    0x08013e84   0x08013e84   0x0000001c   Code   RO          295    i.sd_card_detect_pin_read  sdcard.o
    0x08013ea0   0x08013ea0   0x000002c0   Code   RO          296    i.sd_card_information_get  sdcard.o
    0x08014160   0x08014160   0x0000011c   Code   RO          297    i.sd_card_init      sdcard.o
    0x0801427c   0x0801427c   0x00000026   Code   RO          298    i.sd_card_select_deselect  sdcard.o
    0x080142a2   0x080142a2   0x00000002   PAD
    0x080142a4   0x080142a4   0x000000d0   Code   RO          299    i.sd_card_state_get  sdcard.o
    0x08014374   0x08014374   0x00000018   Code   RO          301    i.sd_datablocksize_get  sdcard.o
    0x0801438c   0x0801438c   0x00000060   Code   RO          303    i.sd_init           sdcard.o
    0x080143ec   0x080143ec   0x00000130   Code   RO          304    i.sd_interrupts_process  sdcard.o
    0x0801451c   0x0801451c   0x00000144   Code   RO          309    i.sd_power_on       sdcard.o
    0x08014660   0x08014660   0x00000002   Code   RO          310    i.sd_report_error   sdcard.o
    0x08014662   0x08014662   0x00000002   PAD
    0x08014664   0x08014664   0x0000015c   Code   RO          311    i.sd_scr_get        sdcard.o
    0x080147c0   0x080147c0   0x00000018   Code   RO          313    i.sd_transfer_mode_config  sdcard.o
    0x080147d8   0x080147d8   0x00000024   Code   RO          315    i.sd_transfer_stop  sdcard.o
    0x080147fc   0x080147fc   0x0000001c   Code   RO         3175    i.sdio_bus_mode_set  gd32f4xx_sdio.o
    0x08014818   0x08014818   0x00000034   Code   RO         3182    i.sdio_clock_config  gd32f4xx_sdio.o
    0x0801484c   0x0801484c   0x00000014   Code   RO         3184    i.sdio_clock_enable  gd32f4xx_sdio.o
    0x08014860   0x08014860   0x0000000c   Code   RO         3185    i.sdio_command_index_get  gd32f4xx_sdio.o
    0x0801486c   0x0801486c   0x00000038   Code   RO         3186    i.sdio_command_response_config  gd32f4xx_sdio.o
    0x080148a4   0x080148a4   0x00000014   Code   RO         3188    i.sdio_csm_enable   gd32f4xx_sdio.o
    0x080148b8   0x080148b8   0x0000003c   Code   RO         3189    i.sdio_data_config  gd32f4xx_sdio.o
    0x080148f4   0x080148f4   0x0000000c   Code   RO         3191    i.sdio_data_read    gd32f4xx_sdio.o
    0x08014900   0x08014900   0x0000001c   Code   RO         3192    i.sdio_data_transfer_config  gd32f4xx_sdio.o
    0x0801491c   0x0801491c   0x0000000c   Code   RO         3193    i.sdio_data_write   gd32f4xx_sdio.o
    0x08014928   0x08014928   0x00000014   Code   RO         3194    i.sdio_deinit       gd32f4xx_sdio.o
    0x0801493c   0x0801493c   0x00000014   Code   RO         3195    i.sdio_dma_disable  gd32f4xx_sdio.o
    0x08014950   0x08014950   0x00000014   Code   RO         3196    i.sdio_dma_enable   gd32f4xx_sdio.o
    0x08014964   0x08014964   0x00000014   Code   RO         3197    i.sdio_dsm_disable  gd32f4xx_sdio.o
    0x08014978   0x08014978   0x00000014   Code   RO         3198    i.sdio_dsm_enable   gd32f4xx_sdio.o
    0x0801498c   0x0801498c   0x0000000c   Code   RO         3200    i.sdio_flag_clear   gd32f4xx_sdio.o
    0x08014998   0x08014998   0x00000014   Code   RO         3201    i.sdio_flag_get     gd32f4xx_sdio.o
    0x080149ac   0x080149ac   0x00000014   Code   RO         3202    i.sdio_hardware_clock_disable  gd32f4xx_sdio.o
    0x080149c0   0x080149c0   0x00000010   Code   RO         3204    i.sdio_interrupt_disable  gd32f4xx_sdio.o
    0x080149d0   0x080149d0   0x00000010   Code   RO         3205    i.sdio_interrupt_enable  gd32f4xx_sdio.o
    0x080149e0   0x080149e0   0x0000000c   Code   RO         3206    i.sdio_interrupt_flag_clear  gd32f4xx_sdio.o
    0x080149ec   0x080149ec   0x00000014   Code   RO         3207    i.sdio_interrupt_flag_get  gd32f4xx_sdio.o
    0x08014a00   0x08014a00   0x0000000c   Code   RO         3210    i.sdio_power_state_get  gd32f4xx_sdio.o
    0x08014a0c   0x08014a0c   0x0000000c   Code   RO         3211    i.sdio_power_state_set  gd32f4xx_sdio.o
    0x08014a18   0x08014a18   0x0000003c   Code   RO         3215    i.sdio_response_get  gd32f4xx_sdio.o
    0x08014a54   0x08014a54   0x0000001c   Code   RO         3220    i.sdio_wait_type_set  gd32f4xx_sdio.o
    0x08014a70   0x08014a70   0x00000024   Code   RO         3643    i.st_clust          ff.o
    0x08014a94   0x08014a94   0x00000018   Code   RO         3644    i.st_dword          ff.o
    0x08014aac   0x08014aac   0x0000000c   Code   RO         3645    i.st_word           ff.o
    0x08014ab8   0x08014ab8   0x00000020   Code   RO         3646    i.sum_sfn           ff.o
    0x08014ad8   0x08014ad8   0x00000090   Code   RO         3647    i.sync_fs           ff.o
    0x08014b68   0x08014b68   0x0000004a   Code   RO         3648    i.sync_window       ff.o
    0x08014bb2   0x08014bb2   0x00000002   PAD
    0x08014bb4   0x08014bb4   0x00000110   Code   RO          696    i.system_clock_168m_25m_hxtal  system_gd32f4xx.o
    0x08014cc4   0x08014cc4   0x00000008   Code   RO          697    i.system_clock_config  system_gd32f4xx.o
    0x08014ccc   0x08014ccc   0x00000070   Code   RO          231    i.systick_config    systick.o
    0x08014d3c   0x08014d3c   0x0000004c   Code   RO         3649    i.tchar2uni         ff.o
    0x08014d88   0x08014d88   0x00000184   Code   RO         2024    i.timer_deinit      gd32f4xx_timer.o
    0x08014f0c   0x08014f0c   0x0000000a   Code   RO         2029    i.timer_enable      gd32f4xx_timer.o
    0x08014f16   0x08014f16   0x00000002   PAD
    0x08014f18   0x08014f18   0x00000098   Code   RO         2039    i.timer_init        gd32f4xx_timer.o
    0x08014fb0   0x08014fb0   0x00000008   Code   RO         2046    i.timer_interrupt_enable  gd32f4xx_timer.o
    0x08014fb8   0x08014fb8   0x00000006   Code   RO         2047    i.timer_interrupt_flag_clear  gd32f4xx_timer.o
    0x08014fbe   0x08014fbe   0x00000018   Code   RO         2048    i.timer_interrupt_flag_get  gd32f4xx_timer.o
    0x08014fd6   0x08014fd6   0x00000016   Code   RO         2059    i.timer_struct_para_init  gd32f4xx_timer.o
    0x08014fec   0x08014fec   0x0000003c   Code   RO         3650    i.validate          ff.o
    0x08015028   0x08015028   0x0000000a   Code   RO         4114    x$fpl$fpinit        fz_wm.l(fpinit.o)
    0x08015032   0x08015032   0x00000002   PAD
    0x08015034   0x08015034   0x00000060   Data   RO          621    .constdata          flash_driver.o
    0x08015094   0x08015094   0x00000034   Data   RO         3652    .constdata          ff.o
    0x080150c8   0x080150c8   0x0000e99e   Data   RO         3986    .constdata          ffunicode.o
    0x08023a66   0x08023a66   0x00000002   PAD
    0x08023a68   0x08023a68   0x00000020   Data   RO         4182    Region$$Table       anon$$obj.o


    Execution Region RW_IRAM1 (Exec base: 0x20000000, Load base: 0x08023a88, Size: 0x00001b98, Max: 0x00030000, ABSOLUTE)

    Exec Addr    Load Addr    Size         Type   Attr      Idx    E Section Name        Object

    0x20000000   0x08023a88   0x0000000c   Data   RW          233    .data               systick.o
    0x2000000c   0x08023a94   0x00000024   Data   RW          317    .data               sdcard.o
    0x20000030   0x08023ab8   0x00000001   Data   RW          526    .data               iap_update.o
    0x20000031   0x08023ab9   0x00000003   PAD
    0x20000034   0x08023abc   0x00000004   Data   RW          698    .data               system_gd32f4xx.o
    0x20000038   0x08023ac0   0x00000002   Data   RW         3653    .data               ff.o
    0x2000003a   0x08023ac2   0x00000001   Data   RW         3944    .data               diskio.o
    0x2000003b   0x08023ac3   0x00000001   PAD
    0x2000003c        -       0x00000020   Zero   RW          316    .bss                sdcard.o
    0x2000005c        -       0x00001248   Zero   RW          524    .bss                iap_update.o
    0x200012a4        -       0x00000094   Zero   RW         3651    .bss                ff.o
    0x20001338        -       0x00000060   Zero   RW         4056    .bss                c_w.l(libspace.o)
    0x20001398        -       0x00000400   Zero   RW          744    HEAP                startup_gd32f405_425.o
    0x20001798        -       0x00000400   Zero   RW          743    STACK               startup_gd32f405_425.o


==============================================================================

Image component sizes


      Code (inc. data)   RO Data    RW Data    ZI Data      Debug   Object Name

       428         24          0          1          0       4282   diskio.o
      7392        118         52          2        148      56281   ff.o
       396         28      59806          0          0       3032   ffunicode.o
       506         30         96          0          0       6088   flash_driver.o
       826          4          0          0          0       6055   gd32f4xx_dma.o
       356         40          0          0          0       4264   gd32f4xx_fmc.o
       254          0          0          0          0       3093   gd32f4xx_gpio.o
        64          6          0          0          0       7700   gd32f4xx_it.o
       216         20          0          0          0       1452   gd32f4xx_misc.o
        40         12          0          0          0       1061   gd32f4xx_pmu.o
       108         12          0          0          0       1715   gd32f4xx_rcu.o
       628        136          0          0          0      15214   gd32f4xx_sdio.o
       610         44          0          0          0       5041   gd32f4xx_timer.o
      1016         94          0          1       4680      36466   iap_update.o
        76         22          0          0          0      70837   main.o
      5650        284          0         36         32      28265   sdcard.o
        64         26        392          0       2048        876   startup_gd32f405_425.o
       700         34          0          4          0       3943   system_gd32f4xx.o
       236         48          0         12          0       2583   systick.o

    ----------------------------------------------------------------------
     19598        982      60380         60       6908     258248   Object Totals
         0          0         32          0          0          0   (incl. Generated)
        32          0          2          4          0          0   (incl. Padding)

    ----------------------------------------------------------------------

      Code (inc. data)   RO Data    RW Data    ZI Data      Debug   Library Member Name

         8          0          0          0          0         68   __main.o
         0          0          0          0          0          0   __rtentry.o
        12          0          0          0          0          0   __rtentry2.o
         6          0          0          0          0          0   __rtentry4.o
        52          8          0          0          0          0   __scatter.o
        26          0          0          0          0          0   __scatter_copy.o
        28          0          0          0          0          0   __scatter_zi.o
        16          0          0          0          0         68   aeabi_memset.o
        18          0          0          0          0         80   exit.o
         6          0          0          0          0        152   heapauxi.o
         0          0          0          0          0          0   indicate_semi.o
         2          0          0          0          0          0   libinit.o
         6          0          0          0          0          0   libinit2.o
         2          0          0          0          0          0   libshutdown.o
         2          0          0          0          0          0   libshutdown2.o
         8          4          0          0         96         68   libspace.o
        88          0          0          0          0         76   memcmp.o
        68          0          0          0          0         68   rt_memclr.o
        78          0          0          0          0         80   rt_memclr_w.o
         2          0          0          0          0          0   rtexit.o
        10          0          0          0          0          0   rtexit2.o
        12          4          0          0          0         68   sys_exit.o
        74          0          0          0          0         80   sys_stackheap_outer.o
         2          0          0          0          0         68   use_no_semi.o
        10          0          0          0          0        116   fpinit.o

    ----------------------------------------------------------------------
       542         16          0          0         96        992   Library Totals
         6          0          0          0          0          0   (incl. Padding)

    ----------------------------------------------------------------------

      Code (inc. data)   RO Data    RW Data    ZI Data      Debug   Library Name

       526         16          0          0         96        876   c_w.l
        10          0          0          0          0        116   fz_wm.l

    ----------------------------------------------------------------------
       542         16          0          0         96        992   Library Totals

    ----------------------------------------------------------------------

==============================================================================


      Code (inc. data)   RO Data    RW Data    ZI Data      Debug   

     20140        998      60380         60       7004     241776   Grand Totals
     20140        998      60380         60       7004     241776   ELF Image Totals
     20140        998      60380         60          0          0   ROM Totals

==============================================================================

    Total RO  Size (Code + RO Data)                80520 (  78.63kB)
    Total RW  Size (RW Data + ZI Data)              7064 (   6.90kB)
    Total ROM Size (Code + RO Data + RW Data)      80580 (  78.69kB)

==============================================================================

