Component: ARM Compiler 5.06 update 6 (build 750) Tool: armlink [4d35ed]

==============================================================================

Section Cross References

    bootloader_main.o(i.bootloader_enter_sd_iap_mode) refers to sd_iap.o(i.sd_iap_card_detected) for sd_iap_card_detected
    bootloader_main.o(i.bootloader_enter_sd_iap_mode) refers to sd_iap.o(i.sd_iap_init) for sd_iap_init
    bootloader_main.o(i.bootloader_enter_sd_iap_mode) refers to sd_iap.o(i.sd_iap_mount) for sd_iap_mount
    bootloader_main.o(i.bootloader_enter_sd_iap_mode) refers to sd_iap.o(i.sd_iap_file_exists) for sd_iap_file_exists
    bootloader_main.o(i.bootloader_enter_sd_iap_mode) refers to sd_iap.o(i.sd_iap_upgrade) for sd_iap_upgrade
    bootloader_main.o(i.bootloader_enter_sd_iap_mode) refers to bootloader_main.o(i.bootloader_jump_to_application) for bootloader_jump_to_application
    bootloader_main.o(i.bootloader_enter_sd_iap_mode) refers to bootloader_main.o(.data) for g_sd_iap_config
    bootloader_main.o(i.bootloader_enter_sd_iap_mode) refers to bootloader_main.o(.bss) for g_sd_iap_handle
    bootloader_main.o(i.bootloader_system_clock_config) refers to gd32f4xx_rcu.o(i.rcu_periph_clock_enable) for rcu_periph_clock_enable
    bootloader_main.o(i.bootloader_system_clock_config) refers to gd32f4xx_pmu.o(i.pmu_highdriver_mode_enable) for pmu_highdriver_mode_enable
    bootloader_main.o(i.bootloader_system_clock_config) refers to gd32f4xx_pmu.o(i.pmu_flag_get) for pmu_flag_get
    bootloader_main.o(i.bootloader_system_clock_config) refers to gd32f4xx_pmu.o(i.pmu_highdriver_switch_select) for pmu_highdriver_switch_select
    bootloader_main.o(i.bootloader_system_clock_config) refers to gd32f4xx_rcu.o(i.rcu_deinit) for rcu_deinit
    bootloader_main.o(i.bootloader_system_clock_config) refers to gd32f4xx_rcu.o(i.rcu_osci_on) for rcu_osci_on
    bootloader_main.o(i.bootloader_system_clock_config) refers to gd32f4xx_rcu.o(i.rcu_osci_stab_wait) for rcu_osci_stab_wait
    bootloader_main.o(i.bootloader_system_clock_config) refers to gd32f4xx_rcu.o(i.rcu_pll_config) for rcu_pll_config
    bootloader_main.o(i.bootloader_system_clock_config) refers to gd32f4xx_rcu.o(i.rcu_ahb_clock_config) for rcu_ahb_clock_config
    bootloader_main.o(i.bootloader_system_clock_config) refers to gd32f4xx_rcu.o(i.rcu_apb1_clock_config) for rcu_apb1_clock_config
    bootloader_main.o(i.bootloader_system_clock_config) refers to gd32f4xx_rcu.o(i.rcu_apb2_clock_config) for rcu_apb2_clock_config
    bootloader_main.o(i.bootloader_system_clock_config) refers to gd32f4xx_fmc.o(i.fmc_wscnt_set) for fmc_wscnt_set
    bootloader_main.o(i.bootloader_system_clock_config) refers to gd32f4xx_rcu.o(i.rcu_system_clock_source_config) for rcu_system_clock_source_config
    bootloader_main.o(i.bootloader_system_clock_config) refers to gd32f4xx_rcu.o(i.rcu_system_clock_source_get) for rcu_system_clock_source_get
    bootloader_main.o(i.main) refers to system_gd32f4xx.o(i.SystemInit) for SystemInit
    bootloader_main.o(i.main) refers to bootloader_main.o(i.bootloader_system_clock_config) for bootloader_system_clock_config
    bootloader_main.o(i.main) refers to system_gd32f4xx.o(i.SystemCoreClockUpdate) for SystemCoreClockUpdate
    bootloader_main.o(i.main) refers to systick.o(i.systick_config) for systick_config
    bootloader_main.o(i.main) refers to debug_uart.o(i.debug_uart_init) for debug_uart_init
    bootloader_main.o(i.main) refers to printf4.o(i.__0printf$4) for __2printf
    bootloader_main.o(i.main) refers to gd32f4xx_rcu.o(i.rcu_periph_clock_enable) for rcu_periph_clock_enable
    bootloader_main.o(i.main) refers to bootloader_main.o(i.bootloader_jump_to_application) for bootloader_jump_to_application
    bootloader_main.o(i.main) refers to gd32f4xx_pmu.o(i.pmu_backup_write_enable) for pmu_backup_write_enable
    bootloader_main.o(i.main) refers to gd32f4xx_pmu.o(i.pmu_backup_write_disable) for pmu_backup_write_disable
    bootloader_main.o(i.main) refers to bootloader_main.o(i.bootloader_enter_sd_iap_mode) for bootloader_enter_sd_iap_mode
    bootloader_main.o(i.test_flash_erase_write) refers to flash_driver.o(i.flash_sector_erase) for flash_sector_erase
    bootloader_main.o(i.test_flash_erase_write) refers to printf4.o(i.__0printf$4) for __2printf
    bootloader_main.o(i.test_flash_erase_write) refers to flash_driver.o(i.flash_verify_blank) for flash_verify_blank
    bootloader_main.o(i.test_flash_erase_write) refers to flash_driver.o(i.flash_program_words) for flash_program_words
    bootloader_main.o(i.test_flash_erase_write) refers to memcpya.o(.text) for __aeabi_memcpy
    bootloader_main.o(i.test_flash_erase_write) refers to memcmp.o(.text) for memcmp
    bootloader_main.o(i.test_sd_card_basic) refers to sdcard.o(i.sd_init) for sd_init
    bootloader_main.o(i.test_sd_card_basic) refers to printf4.o(i.__0printf$4) for __2printf
[...]
    ../clib/microlib/printf/printf.c         0x00000000   Number         0  printf7.o ABSOLUTE
    ../clib/microlib/printf/printf.c         0x00000000   Number         0  printfb.o ABSOLUTE
    ../clib/microlib/printf/printf.c         0x00000000   Number         0  printf0.o ABSOLUTE
    ../clib/microlib/printf/printf.c         0x00000000   Number         0  printf1.o ABSOLUTE
    ../clib/microlib/printf/printf.c         0x00000000   Number         0  printf2.o ABSOLUTE
    ../clib/microlib/printf/printf.c         0x00000000   Number         0  printf3.o ABSOLUTE
    ../clib/microlib/printf/printf.c         0x00000000   Number         0  printf4.o ABSOLUTE
    ../clib/microlib/printf/printf.c         0x00000000   Number         0  printfa.o ABSOLUTE
    ../clib/microlib/printf/stubs.s          0x00000000   Number         0  stubs.o ABSOLUTE
    ../clib/microlib/stdio/streams.c         0x00000000   Number         0  stdout.o ABSOLUTE
    ../clib/microlib/string/memcmp.c         0x00000000   Number         0  memcmp.o ABSOLUTE
    ../clib/microlib/string/memcpy.c         0x00000000   Number         0  memcpyb.o ABSOLUTE
    ../clib/microlib/string/memcpy.c         0x00000000   Number         0  memcpya.o ABSOLUTE
    ../clib/microlib/string/memset.c         0x00000000   Number         0  memseta.o ABSOLUTE
    ../clib/microlib/stubs.s                 0x00000000   Number         0  iusefp.o ABSOLUTE
    ../fplib/microlib/fpadd.c                0x00000000   Number         0  dadd.o ABSOLUTE
    ../fplib/microlib/fpdiv.c                0x00000000   Number         0  ddiv.o ABSOLUTE
    ../fplib/microlib/fpepilogue.c           0x00000000   Number         0  depilogue.o ABSOLUTE
    ../fplib/microlib/fpfix.c                0x00000000   Number         0  dfixul.o ABSOLUTE
    ../fplib/microlib/fpmul.c                0x00000000   Number         0  dmul.o ABSOLUTE
    Drivers\CMSIS\Device\Source\system_gd32f4xx.c 0x00000000   Number         0  system_gd32f4xx.o ABSOLUTE
    Drivers\GD32F4xx_Peripherals\Source\gd32f4xx_dma.c 0x00000000   Number         0  gd32f4xx_dma.o ABSOLUTE
    Drivers\GD32F4xx_Peripherals\Source\gd32f4xx_exti.c 0x00000000   Number         0  gd32f4xx_exti.o ABSOLUTE
    Drivers\GD32F4xx_Peripherals\Source\gd32f4xx_fmc.c 0x00000000   Number         0  gd32f4xx_fmc.o ABSOLUTE
    Drivers\GD32F4xx_Peripherals\Source\gd32f4xx_gpio.c 0x00000000   Number         0  gd32f4xx_gpio.o ABSOLUTE
    Drivers\GD32F4xx_Peripherals\Source\gd32f4xx_misc.c 0x00000000   Number         0  gd32f4xx_misc.o ABSOLUTE
    Drivers\GD32F4xx_Peripherals\Source\gd32f4xx_pmu.c 0x00000000   Number         0  gd32f4xx_pmu.o ABSOLUTE
    Drivers\GD32F4xx_Peripherals\Source\gd32f4xx_rcu.c 0x00000000   Number         0  gd32f4xx_rcu.o ABSOLUTE
    Drivers\GD32F4xx_Peripherals\Source\gd32f4xx_sdio.c 0x00000000   Number         0  gd32f4xx_sdio.o ABSOLUTE
    Drivers\GD32F4xx_Peripherals\Source\gd32f4xx_syscfg.c 0x00000000   Number         0  gd32f4xx_syscfg.o ABSOLUTE
    Drivers\GD32F4xx_Peripherals\Source\gd32f4xx_usart.c 0x00000000   Number         0  gd32f4xx_usart.o ABSOLUTE
    Drivers\\CMSIS\\Device\\Source\\system_gd32f4xx.c 0x00000000   Number         0  system_gd32f4xx.o ABSOLUTE
    Drivers\\GD32F4xx_Peripherals\\Source\\gd32f4xx_dma.c 0x00000000   Number         0  gd32f4xx_dma.o ABSOLUTE
    Drivers\\GD32F4xx_Peripherals\\Source\\gd32f4xx_exti.c 0x00000000   Number         0  gd32f4xx_exti.o ABSOLUTE
    Drivers\\GD32F4xx_Peripherals\\Source\\gd32f4xx_fmc.c 0x00000000   Number         0  gd32f4xx_fmc.o ABSOLUTE
    Drivers\\GD32F4xx_Peripherals\\Source\\gd32f4xx_gpio.c 0x00000000   Number         0  gd32f4xx_gpio.o ABSOLUTE
    Drivers\\GD32F4xx_Peripherals\\Source\\gd32f4xx_misc.c 0x00000000   Number         0  gd32f4xx_misc.o ABSOLUTE
    Drivers\\GD32F4xx_Peripherals\\Source\\gd32f4xx_pmu.c 0x00000000   Number         0  gd32f4xx_pmu.o ABSOLUTE
    Drivers\\GD32F4xx_Peripherals\\Source\\gd32f4xx_rcu.c 0x00000000   Number         0  gd32f4xx_rcu.o ABSOLUTE
    Drivers\\GD32F4xx_Peripherals\\Source\\gd32f4xx_sdio.c 0x00000000   Number         0  gd32f4xx_sdio.o ABSOLUTE
    Drivers\\GD32F4xx_Peripherals\\Source\\gd32f4xx_syscfg.c 0x00000000   Number         0  gd32f4xx_syscfg.o ABSOLUTE
    Drivers\\GD32F4xx_Peripherals\\Source\\gd32f4xx_usart.c 0x00000000   Number         0  gd32f4xx_usart.o ABSOLUTE
    Src\\bootloader_main.c                   0x00000000   Number         0  bootloader_main.o ABSOLUTE
    Src\\debug_uart.c                        0x00000000   Number         0  debug_uart.o ABSOLUTE
    Src\\delay.c                             0x00000000   Number         0  delay.o ABSOLUTE
    Src\\diskio.c                            0x00000000   Number         0  diskio.o ABSOLUTE
    Src\\flash_driver.c                      0x00000000   Number         0  flash_driver.o ABSOLUTE
    Src\\gd32f4xx_it.c                       0x00000000   Number         0  gd32f4xx_it.o ABSOLUTE
    Src\\sd_iap.c                            0x00000000   Number         0  sd_iap.o ABSOLUTE
    Src\\sdcard.c                            0x00000000   Number         0  sdcard.o ABSOLUTE
    Src\\systick.c                           0x00000000   Number         0  systick.o ABSOLUTE
    Src\bootloader_main.c                    0x00000000   Number         0  bootloader_main.o ABSOLUTE
    Src\debug_uart.c                         0x00000000   Number         0  debug_uart.o ABSOLUTE
    Src\delay.c                              0x00000000   Number         0  delay.o ABSOLUTE
    Src\diskio.c                             0x00000000   Number         0  diskio.o ABSOLUTE
    Src\ff.c                                 0x00000000   Number         0  ff.o ABSOLUTE
    Src\flash_driver.c                       0x00000000   Number         0  flash_driver.o ABSOLUTE
    Src\gd32f4xx_it.c                        0x00000000   Number         0  gd32f4xx_it.o ABSOLUTE
    Src\sd_iap.c                             0x00000000   Number         0  sd_iap.o ABSOLUTE
    Src\sdcard.c                             0x00000000   Number         0  sdcard.o ABSOLUTE
    Src\systick.c                            0x00000000   Number         0  systick.o ABSOLUTE
    Startup\startup_gd32f405_425.s           0x00000000   Number         0  startup_gd32f405_425.o ABSOLUTE
    cdrcmple.s                               0x00000000   Number         0  cdrcmple.o ABSOLUTE
    dc.s                                     0x00000000   Number         0  dc.o ABSOLUTE
    handlers.s                               0x00000000   Number         0  handlers.o ABSOLUTE
    init.s                                   0x00000000   Number         0  init.o ABSOLUTE
    RESET                                    0x08000000   Section      392  startup_gd32f405_425.o(RESET)
    .ARM.Collect$$$$00000000                 0x08000188   Section        0  entry.o(.ARM.Collect$$$$00000000)
    .ARM.Collect$$$$00000001                 0x08000188   Section        4  entry2.o(.ARM.Collect$$$$00000001)
    .ARM.Collect$$$$00000004                 0x0800018c   Section        4  entry5.o(.ARM.Collect$$$$00000004)
    .ARM.Collect$$$$00000008                 0x08000190   Section        0  entry7b.o(.ARM.Collect$$$$00000008)
    .ARM.Collect$$$$0000000A                 0x08000190   Section        0  entry8b.o(.ARM.Collect$$$$0000000A)
    .ARM.Collect$$$$0000000B                 0x08000190   Section        8  entry9a.o(.ARM.Collect$$$$0000000B)
    .ARM.Collect$$$$0000000D                 0x08000198   Section        0  entry10a.o(.ARM.Collect$$$$0000000D)
    .ARM.Collect$$$$0000000F                 0x08000198   Section        0  entry11a.o(.ARM.Collect$$$$0000000F)
    .ARM.Collect$$$$00002712                 0x08000198   Section        4  entry2.o(.ARM.Collect$$$$00002712)
    __lit__00000000                          0x08000198   Data           4  entry2.o(.ARM.Collect$$$$00002712)
    .text                                    0x0800019c   Section       36  startup_gd32f405_425.o(.text)
    $v0                                      0x0800019c   Number         0  startup_gd32f405_425.o(.text)
    .text                                    0x080001c0   Section        0  memcpya.o(.text)
    .text                                    0x080001e4   Section        0  memseta.o(.text)
    .text                                    0x08000208   Section        0  uldiv.o(.text)
    .text                                    0x0800026c   Section       36  init.o(.text)
    .text                                    0x08000290   Section        0  llshl.o(.text)
    .text                                    0x080002ae   Section        0  llushr.o(.text)
    i.NVIC_SetPriority                       0x080002d0   Section        0  systick.o(i.NVIC_SetPriority)
    NVIC_SetPriority                         0x080002d1   Thumb Code    32  systick.o(i.NVIC_SetPriority)
    i.SysTick_Handler                        0x080002f8   Section        0  gd32f4xx_it.o(i.SysTick_Handler)
    i.SystemCoreClockUpdate                  0x08000300   Section        0  system_gd32f4xx.o(i.SystemCoreClockUpdate)
    i.SystemInit                             0x08000410   Section        0  system_gd32f4xx.o(i.SystemInit)
    i.__0printf$4                            0x080005a0   Section        0  printf4.o(i.__0printf$4)
    i.__scatterload_copy                     0x080005c0   Section       14  handlers.o(i.__scatterload_copy)
    i.__scatterload_null                     0x080005ce   Section        2  handlers.o(i.__scatterload_null)
    i.__scatterload_zeroinit                 0x080005d0   Section       14  handlers.o(i.__scatterload_zeroinit)
    i._printf_core                           0x080005e0   Section        0  printf4.o(i._printf_core)
    _printf_core                             0x080005e1   Thumb Code   552  printf4.o(i._printf_core)
    i._soft_delay_                           0x0800080c   Section        0  system_gd32f4xx.o(i._soft_delay_)
    _soft_delay_                             0x0800080d   Thumb Code    28  system_gd32f4xx.o(i._soft_delay_)
    i.bootloader_enter_sd_iap_mode           0x08000828   Section        0  bootloader_main.o(i.bootloader_enter_sd_iap_mode)
    bootloader_enter_sd_iap_mode             0x08000829   Thumb Code    80  bootloader_main.o(i.bootloader_enter_sd_iap_mode)
    i.bootloader_jump_to_application         0x08000880   Section        0  bootloader_main.o(i.bootloader_jump_to_application)
    bootloader_jump_to_application           0x08000881   Thumb Code    88  bootloader_main.o(i.bootloader_jump_to_application)
    i.bootloader_system_clock_config         0x080008e4   Section        0  bootloader_main.o(i.bootloader_system_clock_config)
    bootloader_system_clock_config           0x080008e5   Thumb Code   148  bootloader_main.o(i.bootloader_system_clock_config)
    i.check_fs                               0x08000978   Section        0  ff.o(i.check_fs)
    check_fs                                 0x08000979   Thumb Code   112  ff.o(i.check_fs)
    i.chk_chr                                0x080009f4   Section        0  ff.o(i.chk_chr)
    chk_chr                                  0x080009f5   Thumb Code    20  ff.o(i.chk_chr)
    i.clst2sect                              0x08000a08   Section        0  ff.o(i.clst2sect)
    clst2sect                                0x08000a09   Thumb Code    26  ff.o(i.clst2sect)
    i.cmdsent_error_check                    0x08000a24   Section        0  sdcard.o(i.cmdsent_error_check)
    cmdsent_error_check                      0x08000a25   Thumb Code    50  sdcard.o(i.cmdsent_error_check)
    i.crc16_calc                             0x08000a60   Section        0  sd_iap.o(i.crc16_calc)
    crc16_calc                               0x08000a61   Thumb Code    40  sd_iap.o(i.crc16_calc)
    i.create_chain                           0x08000a8c   Section        0  ff.o(i.create_chain)
    create_chain                             0x08000a8d   Thumb Code   288  ff.o(i.create_chain)
    i.create_name                            0x08000bac   Section        0  ff.o(i.create_name)
    create_name                              0x08000bad   Thumb Code   256  ff.o(i.create_name)
    i.dbc_1st                                0x08000cc0   Section        0  ff.o(i.dbc_1st)
    dbc_1st                                  0x08000cc1   Thumb Code    12  ff.o(i.dbc_1st)
    i.dbc_2nd                                0x08000ccc   Section        0  ff.o(i.dbc_2nd)
    dbc_2nd                                  0x08000ccd   Thumb Code    12  ff.o(i.dbc_2nd)
    i.debug_uart_init                        0x08000cd8   Section        0  debug_uart.o(i.debug_uart_init)
    i.delay_decrement                        0x08000d7c   Section        0  systick.o(i.delay_decrement)
    i.dir_alloc                              0x08000da0   Section        0  ff.o(i.dir_alloc)
    dir_alloc                                0x08000da1   Thumb Code    96  ff.o(i.dir_alloc)
    i.dir_clear                              0x08000e00   Section        0  ff.o(i.dir_clear)
    dir_clear                                0x08000e01   Thumb Code    96  ff.o(i.dir_clear)
    i.dir_find                               0x08000e60   Section        0  ff.o(i.dir_find)
    dir_find                                 0x08000e61   Thumb Code   108  ff.o(i.dir_find)
    i.dir_next                               0x08000ecc   Section        0  ff.o(i.dir_next)
    dir_next                                 0x08000ecd   Thumb Code   202  ff.o(i.dir_next)
    i.dir_register                           0x08000f96   Section        0  ff.o(i.dir_register)
    dir_register                             0x08000f97   Thumb Code    60  ff.o(i.dir_register)
    i.dir_sdi                                0x08000fd2   Section        0  ff.o(i.dir_sdi)
    dir_sdi                                  0x08000fd3   Thumb Code   154  ff.o(i.dir_sdi)
    i.disk_initialize                        0x0800106c   Section        0  diskio.o(i.disk_initialize)
    i.disk_ioctl                             0x080010ec   Section        0  diskio.o(i.disk_ioctl)
    i.disk_read                              0x08001158   Section        0  diskio.o(i.disk_read)
    i.disk_status                            0x080011d8   Section        0  diskio.o(i.disk_status)
    i.disk_write                             0x0800120c   Section        0  diskio.o(i.disk_write)
    i.dma_channel_disable                    0x0800128c   Section        0  gd32f4xx_dma.o(i.dma_channel_disable)
    i.dma_channel_enable                     0x080012ac   Section        0  gd32f4xx_dma.o(i.dma_channel_enable)
    i.dma_channel_subperipheral_select       0x080012cc   Section        0  gd32f4xx_dma.o(i.dma_channel_subperipheral_select)
    i.dma_deinit                             0x080012f2   Section        0  gd32f4xx_dma.o(i.dma_deinit)
    i.dma_flag_clear                         0x08001398   Section        0  gd32f4xx_dma.o(i.dma_flag_clear)
    i.dma_flag_get                           0x080013d6   Section        0  gd32f4xx_dma.o(i.dma_flag_get)
    i.dma_flow_controller_config             0x08001422   Section        0  gd32f4xx_dma.o(i.dma_flow_controller_config)
    i.dma_multi_data_mode_init               0x08001464   Section        0  gd32f4xx_dma.o(i.dma_multi_data_mode_init)
    i.dma_receive_config                     0x080015c8   Section        0  sdcard.o(i.dma_receive_config)
    dma_receive_config                       0x080015c9   Thumb Code   170  sdcard.o(i.dma_receive_config)
    i.dma_transfer_config                    0x0800167c   Section        0  sdcard.o(i.dma_transfer_config)
    dma_transfer_config                      0x0800167d   Thumb Code   172  sdcard.o(i.dma_transfer_config)
    i.dwt_init                               0x08001730   Section        0  systick.o(i.dwt_init)
    dwt_init                                 0x08001731   Thumb Code    44  systick.o(i.dwt_init)
    i.f_close                                0x08001770   Section        0  ff.o(i.f_close)
    i.f_mount                                0x08001794   Section        0  ff.o(i.f_mount)
    i.f_open                                 0x080017e8   Section        0  ff.o(i.f_open)
    i.f_read                                 0x080019a8   Section        0  ff.o(i.f_read)
    i.f_sync                                 0x08001b10   Section        0  ff.o(i.f_sync)
    i.find_volume                            0x08001b88   Section        0  ff.o(i.find_volume)
    find_volume                              0x08001b89   Thumb Code   758  ff.o(i.find_volume)
    i.flash_address_in_range                 0x08001e94   Section        0  flash_driver.o(i.flash_address_in_range)
    flash_address_in_range                   0x08001e95   Thumb Code    22  flash_driver.o(i.flash_address_in_range)
    i.flash_app_erase                        0x08001eb0   Section        0  flash_driver.o(i.flash_app_erase)
    i.flash_begin                            0x08001f38   Section        0  flash_driver.o(i.flash_begin)
    flash_begin                              0x08001f39   Thumb Code    30  flash_driver.o(i.flash_begin)
    i.flash_end                              0x08001f56   Section        0  flash_driver.o(i.flash_end)
    flash_end                                0x08001f57   Thumb Code    12  flash_driver.o(i.flash_end)
    i.flash_program_words                    0x08001f64   Section        0  flash_driver.o(i.flash_program_words)
    i.flash_sector_from_address              0x08002010   Section        0  flash_driver.o(i.flash_sector_from_address)
    i.flash_status_from_fmc                  0x08002050   Section        0  flash_driver.o(i.flash_status_from_fmc)
    flash_status_from_fmc                    0x08002051   Thumb Code    44  flash_driver.o(i.flash_status_from_fmc)
    i.flash_verify_blank                     0x0800207c   Section        0  flash_driver.o(i.flash_verify_blank)
    i.flash_wait_ready                       0x080020fa   Section        0  flash_driver.o(i.flash_wait_ready)
    flash_wait_ready                         0x080020fb   Thumb Code    20  flash_driver.o(i.flash_wait_ready)
    i.fmc_flag_clear                         0x08002110   Section        0  gd32f4xx_fmc.o(i.fmc_flag_clear)
    i.fmc_lock                               0x0800211c   Section        0  gd32f4xx_fmc.o(i.fmc_lock)
    i.fmc_ready_wait                         0x08002130   Section        0  gd32f4xx_fmc.o(i.fmc_ready_wait)
    i.fmc_sector_erase                       0x08002150   Section        0  gd32f4xx_fmc.o(i.fmc_sector_erase)
    i.fmc_state_get                          0x080021b0   Section        0  gd32f4xx_fmc.o(i.fmc_state_get)
    i.fmc_unlock                             0x080021fc   Section        0  gd32f4xx_fmc.o(i.fmc_unlock)
    i.fmc_word_program                       0x08002220   Section        0  gd32f4xx_fmc.o(i.fmc_word_program)
    i.fmc_wscnt_set                          0x08002274   Section        0  gd32f4xx_fmc.o(i.fmc_wscnt_set)
    i.follow_path                            0x0800228c   Section        0  ff.o(i.follow_path)
    follow_path                              0x0800228d   Thumb Code   158  ff.o(i.follow_path)
    i.fputc                                  0x0800232c   Section        0  debug_uart.o(i.fputc)
    i.get_fat                                0x0800236c   Section        0  ff.o(i.get_fat)
    get_fat                                  0x0800236d   Thumb Code   224  ff.o(i.get_fat)
    i.get_ldnumber                           0x0800244c   Section        0  ff.o(i.get_ldnumber)
    get_ldnumber                             0x0800244d   Thumb Code    78  ff.o(i.get_ldnumber)
    i.gpio_af_set                            0x0800249a   Section        0  gd32f4xx_gpio.o(i.gpio_af_set)
    i.gpio_config                            0x080024f8   Section        0  sdcard.o(i.gpio_config)
    gpio_config                              0x080024f9   Thumb Code   130  sdcard.o(i.gpio_config)
    i.gpio_input_bit_get                     0x08002584   Section        0  gd32f4xx_gpio.o(i.gpio_input_bit_get)
    i.gpio_mode_set                          0x08002594   Section        0  gd32f4xx_gpio.o(i.gpio_mode_set)
    i.gpio_output_options_set                0x080025e2   Section        0  gd32f4xx_gpio.o(i.gpio_output_options_set)
    i.ld_clust                               0x08002624   Section        0  ff.o(i.ld_clust)
    ld_clust                                 0x08002625   Thumb Code    38  ff.o(i.ld_clust)
    i.ld_dword                               0x0800264a   Section        0  ff.o(i.ld_dword)
    ld_dword                                 0x0800264b   Thumb Code    24  ff.o(i.ld_dword)
    i.ld_word                                0x08002662   Section        0  ff.o(i.ld_word)
    ld_word                                  0x08002663   Thumb Code    12  ff.o(i.ld_word)
    i.main                                   0x08002670   Section        0  bootloader_main.o(i.main)
    i.mem_cmp                                0x08002778   Section        0  ff.o(i.mem_cmp)
    mem_cmp                                  0x08002779   Thumb Code    36  ff.o(i.mem_cmp)
    i.mem_cpy                                0x0800279c   Section        0  ff.o(i.mem_cpy)
    mem_cpy                                  0x0800279d   Thumb Code    26  ff.o(i.mem_cpy)
    i.mem_set                                0x080027b6   Section        0  ff.o(i.mem_set)
    mem_set                                  0x080027b7   Thumb Code    18  ff.o(i.mem_set)
    i.move_window                            0x080027c8   Section        0  ff.o(i.move_window)
    move_window                              0x080027c9   Thumb Code    52  ff.o(i.move_window)
    i.pmu_backup_write_disable               0x080027fc   Section        0  gd32f4xx_pmu.o(i.pmu_backup_write_disable)
    i.pmu_backup_write_enable                0x08002810   Section        0  gd32f4xx_pmu.o(i.pmu_backup_write_enable)
    i.pmu_flag_get                           0x08002824   Section        0  gd32f4xx_pmu.o(i.pmu_flag_get)
    i.pmu_highdriver_mode_enable             0x0800283c   Section        0  gd32f4xx_pmu.o(i.pmu_highdriver_mode_enable)
    i.pmu_highdriver_switch_select           0x08002850   Section        0  gd32f4xx_pmu.o(i.pmu_highdriver_switch_select)
    i.put_fat                                0x0800287c   Section        0  ff.o(i.put_fat)
    put_fat                                  0x0800287d   Thumb Code   312  ff.o(i.put_fat)
    i.r1_error_check                         0x080029b4   Section        0  sdcard.o(i.r1_error_check)
    r1_error_check                           0x080029b5   Thumb Code   120  sdcard.o(i.r1_error_check)
    i.r1_error_type_check                    0x08002a38   Section        0  sdcard.o(i.r1_error_type_check)
    r1_error_type_check                      0x08002a39   Thumb Code   174  sdcard.o(i.r1_error_type_check)
    i.r2_error_check                         0x08002ae8   Section        0  sdcard.o(i.r2_error_check)
    r2_error_check                           0x08002ae9   Thumb Code    70  sdcard.o(i.r2_error_check)
    i.r3_error_check                         0x08002b38   Section        0  sdcard.o(i.r3_error_check)
    r3_error_check                           0x08002b39   Thumb Code    52  sdcard.o(i.r3_error_check)
    i.r6_error_check                         0x08002b74   Section        0  sdcard.o(i.r6_error_check)
    r6_error_check                           0x08002b75   Thumb Code   158  sdcard.o(i.r6_error_check)
    i.r7_error_check                         0x08002c1c   Section        0  sdcard.o(i.r7_error_check)
    r7_error_check                           0x08002c1d   Thumb Code    82  sdcard.o(i.r7_error_check)
    i.rcu_ahb_clock_config                   0x08002c78   Section        0  gd32f4xx_rcu.o(i.rcu_ahb_clock_config)
    i.rcu_apb1_clock_config                  0x08002c90   Section        0  gd32f4xx_rcu.o(i.rcu_apb1_clock_config)
    i.rcu_apb2_clock_config                  0x08002ca8   Section        0  gd32f4xx_rcu.o(i.rcu_apb2_clock_config)
    i.rcu_clock_freq_get                     0x08002cc0   Section        0  gd32f4xx_rcu.o(i.rcu_clock_freq_get)
    i.rcu_config                             0x08002de4   Section        0  sdcard.o(i.rcu_config)
    rcu_config                               0x08002de5   Thumb Code    36  sdcard.o(i.rcu_config)
    i.rcu_deinit                             0x08002e08   Section        0  gd32f4xx_rcu.o(i.rcu_deinit)
    i.rcu_flag_get                           0x08002e94   Section        0  gd32f4xx_rcu.o(i.rcu_flag_get)
    i.rcu_osci_on                            0x08002eb8   Section        0  gd32f4xx_rcu.o(i.rcu_osci_on)
    i.rcu_osci_stab_wait                     0x08002edc   Section        0  gd32f4xx_rcu.o(i.rcu_osci_stab_wait)
    i.rcu_periph_clock_enable                0x08003038   Section        0  gd32f4xx_rcu.o(i.rcu_periph_clock_enable)
    i.rcu_periph_reset_disable               0x0800305c   Section        0  gd32f4xx_rcu.o(i.rcu_periph_reset_disable)
    i.rcu_periph_reset_enable                0x08003080   Section        0  gd32f4xx_rcu.o(i.rcu_periph_reset_enable)
    i.rcu_pll_config                         0x080030a4   Section        0  gd32f4xx_rcu.o(i.rcu_pll_config)
    i.rcu_system_clock_source_config         0x08003128   Section        0  gd32f4xx_rcu.o(i.rcu_system_clock_source_config)
    i.rcu_system_clock_source_get            0x08003140   Section        0  gd32f4xx_rcu.o(i.rcu_system_clock_source_get)
    i.remove_chain                           0x08003150   Section        0  ff.o(i.remove_chain)
    remove_chain                             0x08003151   Thumb Code   154  ff.o(i.remove_chain)
    i.sd_block_read                          0x080031ec   Section        0  sdcard.o(i.sd_block_read)
    i.sd_block_write                         0x0800341c   Section        0  sdcard.o(i.sd_block_write)
    i.sd_card_capacity_get                   0x080037b8   Section        0  sdcard.o(i.sd_card_capacity_get)
    i.sd_card_detect_pin_read                0x08003860   Section        0  sdcard.o(i.sd_card_detect_pin_read)
    i.sd_card_information_get                0x08003878   Section        0  sdcard.o(i.sd_card_information_get)
    i.sd_card_init                           0x08003b38   Section        0  sdcard.o(i.sd_card_init)
    i.sd_card_select_deselect                0x08003c54   Section        0  sdcard.o(i.sd_card_select_deselect)
    i.sd_card_state_get                      0x08003c7c   Section        0  sdcard.o(i.sd_card_state_get)
    sd_card_state_get                        0x08003c7d   Thumb Code   190  sdcard.o(i.sd_card_state_get)
    i.sd_datablocksize_get                   0x08003d4c   Section        0  sdcard.o(i.sd_datablocksize_get)
    sd_datablocksize_get                     0x08003d4d   Thumb Code    24  sdcard.o(i.sd_datablocksize_get)
    i.sd_iap_card_detected                   0x08003d64   Section        0  sd_iap.o(i.sd_iap_card_detected)
    i.sd_iap_file_exists                     0x08003d6c   Section        0  sd_iap.o(i.sd_iap_file_exists)
    i.sd_iap_init                            0x08003da4   Section        0  sd_iap.o(i.sd_iap_init)
    i.sd_iap_mount                           0x08003de8   Section        0  sd_iap.o(i.sd_iap_mount)
    i.sd_iap_upgrade                         0x08003e18   Section        0  sd_iap.o(i.sd_iap_upgrade)
    i.sd_iap_verify                          0x08003fe4   Section        0  sd_iap.o(i.sd_iap_verify)
    i.sd_init                                0x08004040   Section        0  sdcard.o(i.sd_init)
    i.sd_power_on                            0x080040a0   Section        0  sdcard.o(i.sd_power_on)
    i.sd_report_error                        0x080041e4   Section        0  sdcard.o(i.sd_report_error)
    sd_report_error                          0x080041e5   Thumb Code     2  sdcard.o(i.sd_report_error)
    i.sdio_bus_mode_set                      0x080041e8   Section        0  gd32f4xx_sdio.o(i.sdio_bus_mode_set)
    i.sdio_clock_config                      0x08004204   Section        0  gd32f4xx_sdio.o(i.sdio_clock_config)
    i.sdio_clock_enable                      0x08004238   Section        0  gd32f4xx_sdio.o(i.sdio_clock_enable)
    i.sdio_command_index_get                 0x0800424c   Section        0  gd32f4xx_sdio.o(i.sdio_command_index_get)
    i.sdio_command_response_config           0x08004258   Section        0  gd32f4xx_sdio.o(i.sdio_command_response_config)
    i.sdio_csm_enable                        0x08004290   Section        0  gd32f4xx_sdio.o(i.sdio_csm_enable)
    i.sdio_data_config                       0x080042a4   Section        0  gd32f4xx_sdio.o(i.sdio_data_config)
    i.sdio_data_read                         0x080042e0   Section        0  gd32f4xx_sdio.o(i.sdio_data_read)
    i.sdio_data_transfer_config              0x080042ec   Section        0  gd32f4xx_sdio.o(i.sdio_data_transfer_config)
    i.sdio_data_write                        0x08004308   Section        0  gd32f4xx_sdio.o(i.sdio_data_write)
    i.sdio_deinit                            0x08004314   Section        0  gd32f4xx_sdio.o(i.sdio_deinit)
    i.sdio_dma_disable                       0x08004328   Section        0  gd32f4xx_sdio.o(i.sdio_dma_disable)
    i.sdio_dma_enable                        0x0800433c   Section        0  gd32f4xx_sdio.o(i.sdio_dma_enable)
    i.sdio_dsm_disable                       0x08004350   Section        0  gd32f4xx_sdio.o(i.sdio_dsm_disable)
    i.sdio_dsm_enable                        0x08004364   Section        0  gd32f4xx_sdio.o(i.sdio_dsm_enable)
    i.sdio_flag_clear                        0x08004378   Section        0  gd32f4xx_sdio.o(i.sdio_flag_clear)
    i.sdio_flag_get                          0x08004384   Section        0  gd32f4xx_sdio.o(i.sdio_flag_get)
    i.sdio_hardware_clock_disable            0x08004398   Section        0  gd32f4xx_sdio.o(i.sdio_hardware_clock_disable)
    i.sdio_interrupt_enable                  0x080043ac   Section        0  gd32f4xx_sdio.o(i.sdio_interrupt_enable)
    i.sdio_power_state_get                   0x080043bc   Section        0  gd32f4xx_sdio.o(i.sdio_power_state_get)
    i.sdio_power_state_set                   0x080043c8   Section        0  gd32f4xx_sdio.o(i.sdio_power_state_set)
    i.sdio_response_get                      0x080043d4   Section        0  gd32f4xx_sdio.o(i.sdio_response_get)
    i.sdio_wait_type_set                     0x08004410   Section        0  gd32f4xx_sdio.o(i.sdio_wait_type_set)
    i.st_clust                               0x0800442c   Section        0  ff.o(i.st_clust)
    st_clust                                 0x0800442d   Thumb Code    36  ff.o(i.st_clust)
    i.st_dword                               0x08004450   Section        0  ff.o(i.st_dword)
    st_dword                                 0x08004451   Thumb Code    24  ff.o(i.st_dword)
    i.st_word                                0x08004468   Section        0  ff.o(i.st_word)
    st_word                                  0x08004469   Thumb Code    12  ff.o(i.st_word)
    i.sync_fs                                0x08004474   Section        0  ff.o(i.sync_fs)
    sync_fs                                  0x08004475   Thumb Code   134  ff.o(i.sync_fs)
    i.sync_window                            0x08004504   Section        0  ff.o(i.sync_window)
    sync_window                              0x08004505   Thumb Code    74  ff.o(i.sync_window)
    i.system_clock_168m_25m_hxtal            0x08004550   Section        0  system_gd32f4xx.o(i.system_clock_168m_25m_hxtal)
    system_clock_168m_25m_hxtal              0x08004551   Thumb Code   258  system_gd32f4xx.o(i.system_clock_168m_25m_hxtal)
    i.system_clock_config                    0x08004660   Section        0  system_gd32f4xx.o(i.system_clock_config)
    system_clock_config                      0x08004661   Thumb Code     8  system_gd32f4xx.o(i.system_clock_config)
    i.systick_config                         0x08004668   Section        0  systick.o(i.systick_config)
    i.usart_baudrate_set                     0x080046bc   Section        0  gd32f4xx_usart.o(i.usart_baudrate_set)
    i.usart_data_transmit                    0x080047a4   Section        0  gd32f4xx_usart.o(i.usart_data_transmit)
    i.usart_deinit                           0x080047ac   Section        0  gd32f4xx_usart.o(i.usart_deinit)
    i.usart_enable                           0x08004888   Section        0  gd32f4xx_usart.o(i.usart_enable)
    i.usart_flag_get                         0x08004892   Section        0  gd32f4xx_usart.o(i.usart_flag_get)
    i.usart_parity_config                    0x080048b0   Section        0  gd32f4xx_usart.o(i.usart_parity_config)
    i.usart_receive_config                   0x080048c0   Section        0  gd32f4xx_usart.o(i.usart_receive_config)
    i.usart_stop_bit_set                     0x080048d0   Section        0  gd32f4xx_usart.o(i.usart_stop_bit_set)
    i.usart_transmit_config                  0x080048e0   Section        0  gd32f4xx_usart.o(i.usart_transmit_config)
    i.usart_word_length_set                  0x080048f0   Section        0  gd32f4xx_usart.o(i.usart_word_length_set)
    i.validate                               0x08004900   Section        0  ff.o(i.validate)
    validate                                 0x08004901   Thumb Code    60  ff.o(i.validate)
    .constdata                               0x0800493c   Section       96  flash_driver.o(.constdata)
    s_flash_sectors                          0x0800493c   Data          96  flash_driver.o(.constdata)
    .constdata                               0x0800499c   Section      128  ff.o(.constdata)
    ExCvt                                    0x0800499c   Data         128  ff.o(.constdata)
    .constdata                               0x08004a1c   Section      512  sd_iap.o(.constdata)
    s_crc16_table                            0x08004a1c   Data         512  sd_iap.o(.constdata)
    .conststring                             0x08004c1c   Section       15  bootloader_main.o(.conststring)
    .data                                    0x20000000   Section       12  bootloader_main.o(.data)
    g_sd_iap_config                          0x20000000   Data          12  bootloader_main.o(.data)
    .data                                    0x2000000c   Section       12  systick.o(.data)
    delay                                    0x2000000c   Data           4  systick.o(.data)
    systick_ms                               0x20000010   Data           4  systick.o(.data)
    dwt_cycles_per_us                        0x20000014   Data           4  systick.o(.data)
    .data                                    0x20000018   Section       36  sdcard.o(.data)
    cardtype                                 0x20000020   Data           1  sdcard.o(.data)
    sd_rca                                   0x20000022   Data           2  sdcard.o(.data)
    transmode                                0x20000024   Data           4  sdcard.o(.data)
    totalnumber_bytes                        0x20000028   Data           4  sdcard.o(.data)
    stopcondition                            0x2000002c   Data           4  sdcard.o(.data)
    transerror                               0x20000030   Data           1  sdcard.o(.data)
    transend                                 0x20000034   Data           4  sdcard.o(.data)
    number_bytes                             0x20000038   Data           4  sdcard.o(.data)
    .data                                    0x2000003c   Section        1  diskio.o(.data)
    Stat                                     0x2000003c   Data           1  diskio.o(.data)
    .data                                    0x20000040   Section        6  ff.o(.data)
    FatFs                                    0x20000040   Data           4  ff.o(.data)
    Fsid                                     0x20000044   Data           2  ff.o(.data)
    .data                                    0x20000048   Section        4  system_gd32f4xx.o(.data)
    .data                                    0x2000004c   Section        4  stdout.o(.data)
    .bss                                     0x20000050   Section       80  bootloader_main.o(.bss)
    g_sd_iap_handle                          0x20000050   Data          80  bootloader_main.o(.bss)
    .bss                                     0x200000a0   Section       32  sdcard.o(.bss)
    sd_csd                                   0x200000a0   Data          16  sdcard.o(.bss)
    sd_cid                                   0x200000b0   Data          16  sdcard.o(.bss)
    .bss                                     0x200000c0   Section     4656  sd_iap.o(.bss)
    fatfs                                    0x200000c0   Data         560  sd_iap.o(.bss)
    read_buf                                 0x200002f0   Data        4096  sd_iap.o(.bss)
    STACK                                    0x200012f0   Section     1024  startup_gd32f405_425.o(STACK)

    Global Symbols

    Symbol Name                              Value     Ov Type        Size  Object(Section)

    BuildAttributes$$THM_ISAv4$E$P$D$K$B$S$7EM$VFPi3$EXTD16$VFPS$VFMA$PE$A:L22UL41UL21$X:L11$S22US41US21$IEEE1$IW$USESV6$~STKCKD$USESV7$~SHL$OSPACE$ROPI$EBA8$MICROLIB$REQ8$PRES8$EABIv2 0x00000000   Number         0  anon$$obj.o ABSOLUTE
    __ARM_use_no_argv                        0x00000000   Number         0  bootloader_main.o ABSOLUTE
    _printf_a                                0x00000000   Number         0  stubs.o ABSOLUTE
    _printf_c                                0x00000000   Number         0  stubs.o ABSOLUTE
    _printf_charcount                        0x00000000   Number         0  stubs.o ABSOLUTE
    _printf_d                                0x00000000   Number         0  stubs.o ABSOLUTE
    _printf_e                                0x00000000   Number         0  stubs.o ABSOLUTE
    _printf_f                                0x00000000   Number         0  stubs.o ABSOLUTE
    _printf_flags                            0x00000000   Number         0  stubs.o ABSOLUTE
    _printf_fp_dec                           0x00000000   Number         0  stubs.o ABSOLUTE
    _printf_fp_hex                           0x00000000   Number         0  stubs.o ABSOLUTE
    _printf_g                                0x00000000   Number         0  stubs.o ABSOLUTE
    _printf_i                                0x00000000   Number         0  stubs.o ABSOLUTE
    _printf_int_dec                          0x00000000   Number         0  stubs.o ABSOLUTE
    _printf_l                                0x00000000   Number         0  stubs.o ABSOLUTE
    _printf_lc                               0x00000000   Number         0  stubs.o ABSOLUTE
    _printf_ll                               0x00000000   Number         0  stubs.o ABSOLUTE
    _printf_lld                              0x00000000   Number         0  stubs.o ABSOLUTE
    _printf_lli                              0x00000000   Number         0  stubs.o ABSOLUTE
    _printf_llo                              0x00000000   Number         0  stubs.o ABSOLUTE
    _printf_llu                              0x00000000   Number         0  stubs.o ABSOLUTE
    _printf_llx                              0x00000000   Number         0  stubs.o ABSOLUTE
    _printf_longlong_dec                     0x00000000   Number         0  stubs.o ABSOLUTE
    _printf_longlong_hex                     0x00000000   Number         0  stubs.o ABSOLUTE
    _printf_longlong_oct                     0x00000000   Number         0  stubs.o ABSOLUTE
    _printf_ls                               0x00000000   Number         0  stubs.o ABSOLUTE
    _printf_mbtowc                           0x00000000   Number         0  stubs.o ABSOLUTE
    _printf_n                                0x00000000   Number         0  stubs.o ABSOLUTE
    _printf_o                                0x00000000   Number         0  stubs.o ABSOLUTE
    _printf_p                                0x00000000   Number         0  stubs.o ABSOLUTE
    _printf_percent                          0x00000000   Number         0  stubs.o ABSOLUTE
    _printf_pre_padding                      0x00000000   Number         0  stubs.o ABSOLUTE
    _printf_return_value                     0x00000000   Number         0  stubs.o ABSOLUTE
    _printf_s                                0x00000000   Number         0  stubs.o ABSOLUTE
    _printf_sizespec                         0x00000000   Number         0  stubs.o ABSOLUTE
    _printf_str                              0x00000000   Number         0  stubs.o ABSOLUTE
    _printf_truncate_signed                  0x00000000   Number         0  stubs.o ABSOLUTE
    _printf_truncate_unsigned                0x00000000   Number         0  stubs.o ABSOLUTE
    _printf_u                                0x00000000   Number         0  stubs.o ABSOLUTE
    _printf_wc                               0x00000000   Number         0  stubs.o ABSOLUTE
    _printf_wctomb                           0x00000000   Number         0  stubs.o ABSOLUTE
    _printf_widthprec                        0x00000000   Number         0  stubs.o ABSOLUTE
    _printf_x                                0x00000000   Number         0  stubs.o ABSOLUTE
    __cpp_initialize__aeabi_                  - Undefined Weak Reference
    __cxa_finalize                            - Undefined Weak Reference
    __decompress                              - Undefined Weak Reference
    _clock_init                               - Undefined Weak Reference
    _microlib_exit                            - Undefined Weak Reference
    __Vectors_Size                           0x00000188   Number         0  startup_gd32f405_425.o ABSOLUTE
    __Vectors                                0x08000000   Data           4  startup_gd32f405_425.o(RESET)
    __Vectors_End                            0x08000188   Data           0  startup_gd32f405_425.o(RESET)
    __main                                   0x08000189   Thumb Code     0  entry.o(.ARM.Collect$$$$00000000)
    _main_stk                                0x08000189   Thumb Code     0  entry2.o(.ARM.Collect$$$$00000001)
    _main_scatterload                        0x0800018d   Thumb Code     0  entry5.o(.ARM.Collect$$$$00000004)
    __main_after_scatterload                 0x08000191   Thumb Code     0  entry5.o(.ARM.Collect$$$$00000004)
    _main_clock                              0x08000191   Thumb Code     0  entry7b.o(.ARM.Collect$$$$00000008)
    _main_cpp_init                           0x08000191   Thumb Code     0  entry8b.o(.ARM.Collect$$$$0000000A)
    _main_init                               0x08000191   Thumb Code     0  entry9a.o(.ARM.Collect$$$$0000000B)
    __rt_final_cpp                           0x08000199   Thumb Code     0  entry10a.o(.ARM.Collect$$$$0000000D)
    __rt_final_exit                          0x08000199   Thumb Code     0  entry11a.o(.ARM.Collect$$$$0000000F)
    Reset_Handler                            0x0800019d   Thumb Code     8  startup_gd32f405_425.o(.text)
    NMI_Handler                              0x080001a5   Thumb Code     2  startup_gd32f405_425.o(.text)
    HardFault_Handler                        0x080001a7   Thumb Code     2  startup_gd32f405_425.o(.text)
    MemManage_Handler                        0x080001a9   Thumb Code     2  startup_gd32f405_425.o(.text)
    BusFault_Handler                         0x080001ab   Thumb Code     2  startup_gd32f405_425.o(.text)
    UsageFault_Handler                       0x080001ad   Thumb Code     2  startup_gd32f405_425.o(.text)
    SVC_Handler                              0x080001af   Thumb Code     2  startup_gd32f405_425.o(.text)
    DebugMon_Handler                         0x080001b1   Thumb Code     2  startup_gd32f405_425.o(.text)
    PendSV_Handler                           0x080001b3   Thumb Code     2  startup_gd32f405_425.o(.text)
    ADC_IRQHandler                           0x080001b7   Thumb Code     0  startup_gd32f405_425.o(.text)
    CAN0_EWMC_IRQHandler                     0x080001b7   Thumb Code     0  startup_gd32f405_425.o(.text)
    CAN0_RX0_IRQHandler                      0x080001b7   Thumb Code     0  startup_gd32f405_425.o(.text)
    CAN0_RX1_IRQHandler                      0x080001b7   Thumb Code     0  startup_gd32f405_425.o(.text)
    CAN0_TX_IRQHandler                       0x080001b7   Thumb Code     0  startup_gd32f405_425.o(.text)
    CAN1_EWMC_IRQHandler                     0x080001b7   Thumb Code     0  startup_gd32f405_425.o(.text)
    CAN1_RX0_IRQHandler                      0x080001b7   Thumb Code     0  startup_gd32f405_425.o(.text)
    CAN1_RX1_IRQHandler                      0x080001b7   Thumb Code     0  startup_gd32f405_425.o(.text)
    CAN1_TX_IRQHandler                       0x080001b7   Thumb Code     0  startup_gd32f405_425.o(.text)
    DCI_IRQHandler                           0x080001b7   Thumb Code     0  startup_gd32f405_425.o(.text)
    DMA0_Channel0_IRQHandler                 0x080001b7   Thumb Code     0  startup_gd32f405_425.o(.text)
    DMA0_Channel1_IRQHandler                 0x080001b7   Thumb Code     0  startup_gd32f405_425.o(.text)
    DMA0_Channel2_IRQHandler                 0x080001b7   Thumb Code     0  startup_gd32f405_425.o(.text)
    DMA0_Channel3_IRQHandler                 0x080001b7   Thumb Code     0  startup_gd32f405_425.o(.text)
    DMA0_Channel4_IRQHandler                 0x080001b7   Thumb Code     0  startup_gd32f405_425.o(.text)
    DMA0_Channel5_IRQHandler                 0x080001b7   Thumb Code     0  startup_gd32f405_425.o(.text)
    DMA0_Channel6_IRQHandler                 0x080001b7   Thumb Code     0  startup_gd32f405_425.o(.text)
    DMA0_Channel7_IRQHandler                 0x080001b7   Thumb Code     0  startup_gd32f405_425.o(.text)
    DMA1_Channel0_IRQHandler                 0x080001b7   Thumb Code     0  startup_gd32f405_425.o(.text)
    DMA1_Channel1_IRQHandler                 0x080001b7   Thumb Code     0  startup_gd32f405_425.o(.text)
    DMA1_Channel2_IRQHandler                 0x080001b7   Thumb Code     0  startup_gd32f405_425.o(.text)
    DMA1_Channel3_IRQHandler                 0x080001b7   Thumb Code     0  startup_gd32f405_425.o(.text)
    DMA1_Channel4_IRQHandler                 0x080001b7   Thumb Code     0  startup_gd32f405_425.o(.text)
    DMA1_Channel5_IRQHandler                 0x080001b7   Thumb Code     0  startup_gd32f405_425.o(.text)
    DMA1_Channel6_IRQHandler                 0x080001b7   Thumb Code     0  startup_gd32f405_425.o(.text)
    DMA1_Channel7_IRQHandler                 0x080001b7   Thumb Code     0  startup_gd32f405_425.o(.text)
    EXTI0_IRQHandler                         0x080001b7   Thumb Code     0  startup_gd32f405_425.o(.text)
    EXTI10_15_IRQHandler                     0x080001b7   Thumb Code     0  startup_gd32f405_425.o(.text)
    EXTI1_IRQHandler                         0x080001b7   Thumb Code     0  startup_gd32f405_425.o(.text)
    EXTI2_IRQHandler                         0x080001b7   Thumb Code     0  startup_gd32f405_425.o(.text)
    EXTI3_IRQHandler                         0x080001b7   Thumb Code     0  startup_gd32f405_425.o(.text)
    EXTI4_IRQHandler                         0x080001b7   Thumb Code     0  startup_gd32f405_425.o(.text)
    EXTI5_9_IRQHandler                       0x080001b7   Thumb Code     0  startup_gd32f405_425.o(.text)
    FMC_IRQHandler                           0x080001b7   Thumb Code     0  startup_gd32f405_425.o(.text)
    FPU_IRQHandler                           0x080001b7   Thumb Code     0  startup_gd32f405_425.o(.text)
    I2C0_ER_IRQHandler                       0x080001b7   Thumb Code     0  startup_gd32f405_425.o(.text)
    I2C0_EV_IRQHandler                       0x080001b7   Thumb Code     0  startup_gd32f405_425.o(.text)
    I2C1_ER_IRQHandler                       0x080001b7   Thumb Code     0  startup_gd32f405_425.o(.text)
    I2C1_EV_IRQHandler                       0x080001b7   Thumb Code     0  startup_gd32f405_425.o(.text)
    I2C2_ER_IRQHandler                       0x080001b7   Thumb Code     0  startup_gd32f405_425.o(.text)
    I2C2_EV_IRQHandler                       0x080001b7   Thumb Code     0  startup_gd32f405_425.o(.text)
    LVD_IRQHandler                           0x080001b7   Thumb Code     0  startup_gd32f405_425.o(.text)
    RCU_CTC_IRQHandler                       0x080001b7   Thumb Code     0  startup_gd32f405_425.o(.text)
    RTC_Alarm_IRQHandler                     0x080001b7   Thumb Code     0  startup_gd32f405_425.o(.text)
    RTC_WKUP_IRQHandler                      0x080001b7   Thumb Code     0  startup_gd32f405_425.o(.text)
    SDIO_IRQHandler                          0x080001b7   Thumb Code     0  startup_gd32f405_425.o(.text)
    SPI0_IRQHandler                          0x080001b7   Thumb Code     0  startup_gd32f405_425.o(.text)
    SPI1_IRQHandler                          0x080001b7   Thumb Code     0  startup_gd32f405_425.o(.text)
    SPI2_IRQHandler                          0x080001b7   Thumb Code     0  startup_gd32f405_425.o(.text)
    TAMPER_STAMP_IRQHandler                  0x080001b7   Thumb Code     0  startup_gd32f405_425.o(.text)
    TIMER0_BRK_TIMER8_IRQHandler             0x080001b7   Thumb Code     0  startup_gd32f405_425.o(.text)
    TIMER0_Channel_IRQHandler                0x080001b7   Thumb Code     0  startup_gd32f405_425.o(.text)
    TIMER0_TRG_CMT_TIMER10_IRQHandler        0x080001b7   Thumb Code     0  startup_gd32f405_425.o(.text)
    TIMER0_UP_TIMER9_IRQHandler              0x080001b7   Thumb Code     0  startup_gd32f405_425.o(.text)
    TIMER1_IRQHandler                        0x080001b7   Thumb Code     0  startup_gd32f405_425.o(.text)
    TIMER2_IRQHandler                        0x080001b7   Thumb Code     0  startup_gd32f405_425.o(.text)
    TIMER3_IRQHandler                        0x080001b7   Thumb Code     0  startup_gd32f405_425.o(.text)
    TIMER4_IRQHandler                        0x080001b7   Thumb Code     0  startup_gd32f405_425.o(.text)
    TIMER5_DAC_IRQHandler                    0x080001b7   Thumb Code     0  startup_gd32f405_425.o(.text)
    TIMER6_IRQHandler                        0x080001b7   Thumb Code     0  startup_gd32f405_425.o(.text)
    TIMER7_BRK_TIMER11_IRQHandler            0x080001b7   Thumb Code     0  startup_gd32f405_425.o(.text)
    TIMER7_Channel_IRQHandler                0x080001b7   Thumb Code     0  startup_gd32f405_425.o(.text)
    TIMER7_TRG_CMT_TIMER13_IRQHandler        0x080001b7   Thumb Code     0  startup_gd32f405_425.o(.text)
    TIMER7_UP_TIMER12_IRQHandler             0x080001b7   Thumb Code     0  startup_gd32f405_425.o(.text)
    TRNG_IRQHandler                          0x080001b7   Thumb Code     0  startup_gd32f405_425.o(.text)
    UART3_IRQHandler                         0x080001b7   Thumb Code     0  startup_gd32f405_425.o(.text)
    UART4_IRQHandler                         0x080001b7   Thumb Code     0  startup_gd32f405_425.o(.text)
    USART0_IRQHandler                        0x080001b7   Thumb Code     0  startup_gd32f405_425.o(.text)
    USART1_IRQHandler                        0x080001b7   Thumb Code     0  startup_gd32f405_425.o(.text)
    USART2_IRQHandler                        0x080001b7   Thumb Code     0  startup_gd32f405_425.o(.text)
    USART5_IRQHandler                        0x080001b7   Thumb Code     0  startup_gd32f405_425.o(.text)
    USBFS_IRQHandler                         0x080001b7   Thumb Code     0  startup_gd32f405_425.o(.text)
    USBFS_WKUP_IRQHandler                    0x080001b7   Thumb Code     0  startup_gd32f405_425.o(.text)
    USBHS_EP1_In_IRQHandler                  0x080001b7   Thumb Code     0  startup_gd32f405_425.o(.text)
    USBHS_EP1_Out_IRQHandler                 0x080001b7   Thumb Code     0  startup_gd32f405_425.o(.text)
    USBHS_IRQHandler                         0x080001b7   Thumb Code     0  startup_gd32f405_425.o(.text)
    USBHS_WKUP_IRQHandler                    0x080001b7   Thumb Code     0  startup_gd32f405_425.o(.text)
    WWDGT_IRQHandler                         0x080001b7   Thumb Code     0  startup_gd32f405_425.o(.text)
    __aeabi_memcpy                           0x080001c1   Thumb Code    36  memcpya.o(.text)
    __aeabi_memcpy4                          0x080001c1   Thumb Code     0  memcpya.o(.text)
    __aeabi_memcpy8                          0x080001c1   Thumb Code     0  memcpya.o(.text)
    __aeabi_memset                           0x080001e5   Thumb Code    14  memseta.o(.text)
    __aeabi_memset4                          0x080001e5   Thumb Code     0  memseta.o(.text)
    __aeabi_memset8                          0x080001e5   Thumb Code     0  memseta.o(.text)
    __aeabi_memclr                           0x080001f3   Thumb Code     4  memseta.o(.text)
    __aeabi_memclr4                          0x080001f3   Thumb Code     0  memseta.o(.text)
    __aeabi_memclr8                          0x080001f3   Thumb Code     0  memseta.o(.text)
    _memset$wrapper                          0x080001f7   Thumb Code    18  memseta.o(.text)
    __aeabi_uldivmod                         0x08000209   Thumb Code    98  uldiv.o(.text)
    __scatterload                            0x0800026d   Thumb Code    28  init.o(.text)
    __scatterload_rt2                        0x0800026d   Thumb Code     0  init.o(.text)
    __aeabi_llsl                             0x08000291   Thumb Code    30  llshl.o(.text)
    _ll_shift_l                              0x08000291   Thumb Code     0  llshl.o(.text)
    __aeabi_llsr                             0x080002af   Thumb Code    32  llushr.o(.text)
    _ll_ushift_r                             0x080002af   Thumb Code     0  llushr.o(.text)
    SysTick_Handler                          0x080002f9   Thumb Code     8  gd32f4xx_it.o(i.SysTick_Handler)
    SystemCoreClockUpdate                    0x08000301   Thumb Code   238  system_gd32f4xx.o(i.SystemCoreClockUpdate)
    SystemInit                               0x08000411   Thumb Code   382  system_gd32f4xx.o(i.SystemInit)
    __0printf$4                              0x080005a1   Thumb Code    22  printf4.o(i.__0printf$4)
    __1printf$4                              0x080005a1   Thumb Code     0  printf4.o(i.__0printf$4)
    __2printf                                0x080005a1   Thumb Code     0  printf4.o(i.__0printf$4)
    __scatterload_copy                       0x080005c1   Thumb Code    14  handlers.o(i.__scatterload_copy)
    __scatterload_null                       0x080005cf   Thumb Code     2  handlers.o(i.__scatterload_null)
    __scatterload_zeroinit                   0x080005d1   Thumb Code    14  handlers.o(i.__scatterload_zeroinit)
    debug_uart_init                          0x08000cd9   Thumb Code   156  debug_uart.o(i.debug_uart_init)
    delay_decrement                          0x08000d7d   Thumb Code    28  systick.o(i.delay_decrement)
    disk_initialize                          0x0800106d   Thumb Code   122  diskio.o(i.disk_initialize)
    disk_ioctl                               0x080010ed   Thumb Code   104  diskio.o(i.disk_ioctl)
    disk_read                                0x08001159   Thumb Code   124  diskio.o(i.disk_read)
    disk_status                              0x080011d9   Thumb Code    48  diskio.o(i.disk_status)
    disk_write                               0x0800120d   Thumb Code   124  diskio.o(i.disk_write)
    dma_channel_disable                      0x0800128d   Thumb Code    32  gd32f4xx_dma.o(i.dma_channel_disable)
    dma_channel_enable                       0x080012ad   Thumb Code    32  gd32f4xx_dma.o(i.dma_channel_enable)
    dma_channel_subperipheral_select         0x080012cd   Thumb Code    38  gd32f4xx_dma.o(i.dma_channel_subperipheral_select)
    dma_deinit                               0x080012f3   Thumb Code   166  gd32f4xx_dma.o(i.dma_deinit)
    dma_flag_clear                           0x08001399   Thumb Code    62  gd32f4xx_dma.o(i.dma_flag_clear)
    dma_flag_get                             0x080013d7   Thumb Code    76  gd32f4xx_dma.o(i.dma_flag_get)
    dma_flow_controller_config               0x08001423   Thumb Code    64  gd32f4xx_dma.o(i.dma_flow_controller_config)
    dma_multi_data_mode_init                 0x08001465   Thumb Code   352  gd32f4xx_dma.o(i.dma_multi_data_mode_init)
    f_close                                  0x08001771   Thumb Code    34  ff.o(i.f_close)
    f_mount                                  0x08001795   Thumb Code    80  ff.o(i.f_mount)
    f_open                                   0x080017e9   Thumb Code   444  ff.o(i.f_open)
    f_read                                   0x080019a9   Thumb Code   358  ff.o(i.f_read)
    f_sync                                   0x08001b11   Thumb Code   114  ff.o(i.f_sync)
    flash_app_erase                          0x08001eb1   Thumb Code   132  flash_driver.o(i.flash_app_erase)
    flash_program_words                      0x08001f65   Thumb Code   166  flash_driver.o(i.flash_program_words)
    flash_sector_from_address                0x08002011   Thumb Code    58  flash_driver.o(i.flash_sector_from_address)
    flash_verify_blank                       0x0800207d   Thumb Code   126  flash_driver.o(i.flash_verify_blank)
    fmc_flag_clear                           0x08002111   Thumb Code     6  gd32f4xx_fmc.o(i.fmc_flag_clear)
    fmc_lock                                 0x0800211d   Thumb Code    14  gd32f4xx_fmc.o(i.fmc_lock)
    fmc_ready_wait                           0x08002131   Thumb Code    32  gd32f4xx_fmc.o(i.fmc_ready_wait)
    fmc_sector_erase                         0x08002151   Thumb Code    90  gd32f4xx_fmc.o(i.fmc_sector_erase)
    fmc_state_get                            0x080021b1   Thumb Code    70  gd32f4xx_fmc.o(i.fmc_state_get)
    fmc_unlock                               0x080021fd   Thumb Code    24  gd32f4xx_fmc.o(i.fmc_unlock)
    fmc_word_program                         0x08002221   Thumb Code    80  gd32f4xx_fmc.o(i.fmc_word_program)
    fmc_wscnt_set                            0x08002275   Thumb Code    18  gd32f4xx_fmc.o(i.fmc_wscnt_set)
    fputc                                    0x0800232d   Thumb Code    58  debug_uart.o(i.fputc)
    gpio_af_set                              0x0800249b   Thumb Code    94  gd32f4xx_gpio.o(i.gpio_af_set)
    gpio_input_bit_get                       0x08002585   Thumb Code    16  gd32f4xx_gpio.o(i.gpio_input_bit_get)
    gpio_mode_set                            0x08002595   Thumb Code    78  gd32f4xx_gpio.o(i.gpio_mode_set)
    gpio_output_options_set                  0x080025e3   Thumb Code    66  gd32f4xx_gpio.o(i.gpio_output_options_set)
    main                                     0x08002671   Thumb Code   130  bootloader_main.o(i.main)
    pmu_backup_write_disable                 0x080027fd   Thumb Code    14  gd32f4xx_pmu.o(i.pmu_backup_write_disable)
    pmu_backup_write_enable                  0x08002811   Thumb Code    14  gd32f4xx_pmu.o(i.pmu_backup_write_enable)
    pmu_flag_get                             0x08002825   Thumb Code    18  gd32f4xx_pmu.o(i.pmu_flag_get)
    pmu_highdriver_mode_enable               0x0800283d   Thumb Code    14  gd32f4xx_pmu.o(i.pmu_highdriver_mode_enable)
    pmu_highdriver_switch_select             0x08002851   Thumb Code    40  gd32f4xx_pmu.o(i.pmu_highdriver_switch_select)
    rcu_ahb_clock_config                     0x08002c79   Thumb Code    18  gd32f4xx_rcu.o(i.rcu_ahb_clock_config)
    rcu_apb1_clock_config                    0x08002c91   Thumb Code    18  gd32f4xx_rcu.o(i.rcu_apb1_clock_config)
    rcu_apb2_clock_config                    0x08002ca9   Thumb Code    18  gd32f4xx_rcu.o(i.rcu_apb2_clock_config)
    rcu_clock_freq_get                       0x08002cc1   Thumb Code   264  gd32f4xx_rcu.o(i.rcu_clock_freq_get)
    rcu_deinit                               0x08002e09   Thumb Code   122  gd32f4xx_rcu.o(i.rcu_deinit)
    rcu_flag_get                             0x08002e95   Thumb Code    32  gd32f4xx_rcu.o(i.rcu_flag_get)
    rcu_osci_on                              0x08002eb9   Thumb Code    32  gd32f4xx_rcu.o(i.rcu_osci_on)
    rcu_osci_stab_wait                       0x08002edd   Thumb Code   342  gd32f4xx_rcu.o(i.rcu_osci_stab_wait)
    rcu_periph_clock_enable                  0x08003039   Thumb Code    32  gd32f4xx_rcu.o(i.rcu_periph_clock_enable)
    rcu_periph_reset_disable                 0x0800305d   Thumb Code    32  gd32f4xx_rcu.o(i.rcu_periph_reset_disable)
    rcu_periph_reset_enable                  0x08003081   Thumb Code    32  gd32f4xx_rcu.o(i.rcu_periph_reset_enable)
    rcu_pll_config                           0x080030a5   Thumb Code   128  gd32f4xx_rcu.o(i.rcu_pll_config)
    rcu_system_clock_source_config           0x08003129   Thumb Code    18  gd32f4xx_rcu.o(i.rcu_system_clock_source_config)
    rcu_system_clock_source_get              0x08003141   Thumb Code    10  gd32f4xx_rcu.o(i.rcu_system_clock_source_get)
    sd_block_read                            0x080031ed   Thumb Code   524  sdcard.o(i.sd_block_read)
    sd_block_write                           0x0800341d   Thumb Code   884  sdcard.o(i.sd_block_write)
    sd_card_capacity_get                     0x080037b9   Thumb Code   160  sdcard.o(i.sd_card_capacity_get)
    sd_card_detect_pin_read                  0x08003861   Thumb Code    20  sdcard.o(i.sd_card_detect_pin_read)
    sd_card_information_get                  0x08003879   Thumb Code   686  sdcard.o(i.sd_card_information_get)
    sd_card_init                             0x08003b39   Thumb Code   268  sdcard.o(i.sd_card_init)
    sd_card_select_deselect                  0x08003c55   Thumb Code    38  sdcard.o(i.sd_card_select_deselect)
    sd_iap_card_detected                     0x08003d65   Thumb Code     8  sd_iap.o(i.sd_iap_card_detected)
    sd_iap_file_exists                       0x08003d6d   Thumb Code    40  sd_iap.o(i.sd_iap_file_exists)
    sd_iap_init                              0x08003da5   Thumb Code    68  sd_iap.o(i.sd_iap_init)
    sd_iap_mount                             0x08003de9   Thumb Code    38  sd_iap.o(i.sd_iap_mount)
    sd_iap_upgrade                           0x08003e19   Thumb Code   434  sd_iap.o(i.sd_iap_upgrade)
    sd_iap_verify                            0x08003fe5   Thumb Code    78  sd_iap.o(i.sd_iap_verify)
    sd_init                                  0x08004041   Thumb Code    90  sdcard.o(i.sd_init)
    sd_power_on                              0x080040a1   Thumb Code   310  sdcard.o(i.sd_power_on)
    sdio_bus_mode_set                        0x080041e9   Thumb Code    22  gd32f4xx_sdio.o(i.sdio_bus_mode_set)
    sdio_clock_config                        0x08004205   Thumb Code    44  gd32f4xx_sdio.o(i.sdio_clock_config)
    sdio_clock_enable                        0x08004239   Thumb Code    14  gd32f4xx_sdio.o(i.sdio_clock_enable)
    sdio_command_index_get                   0x0800424d   Thumb Code     8  gd32f4xx_sdio.o(i.sdio_command_index_get)
    sdio_command_response_config             0x08004259   Thumb Code    52  gd32f4xx_sdio.o(i.sdio_command_response_config)
    sdio_csm_enable                          0x08004291   Thumb Code    14  gd32f4xx_sdio.o(i.sdio_csm_enable)
    sdio_data_config                         0x080042a5   Thumb Code    54  gd32f4xx_sdio.o(i.sdio_data_config)
    sdio_data_read                           0x080042e1   Thumb Code     6  gd32f4xx_sdio.o(i.sdio_data_read)
    sdio_data_transfer_config                0x080042ed   Thumb Code    24  gd32f4xx_sdio.o(i.sdio_data_transfer_config)
    sdio_data_write                          0x08004309   Thumb Code     6  gd32f4xx_sdio.o(i.sdio_data_write)
    sdio_deinit                              0x08004315   Thumb Code    20  gd32f4xx_sdio.o(i.sdio_deinit)
    sdio_dma_disable                         0x08004329   Thumb Code    14  gd32f4xx_sdio.o(i.sdio_dma_disable)
    sdio_dma_enable                          0x0800433d   Thumb Code    14  gd32f4xx_sdio.o(i.sdio_dma_enable)
    sdio_dsm_disable                         0x08004351   Thumb Code    14  gd32f4xx_sdio.o(i.sdio_dsm_disable)
    sdio_dsm_enable                          0x08004365   Thumb Code    14  gd32f4xx_sdio.o(i.sdio_dsm_enable)
    sdio_flag_clear                          0x08004379   Thumb Code     6  gd32f4xx_sdio.o(i.sdio_flag_clear)
    sdio_flag_get                            0x08004385   Thumb Code    16  gd32f4xx_sdio.o(i.sdio_flag_get)
    sdio_hardware_clock_disable              0x08004399   Thumb Code    14  gd32f4xx_sdio.o(i.sdio_hardware_clock_disable)
    sdio_interrupt_enable                    0x080043ad   Thumb Code    12  gd32f4xx_sdio.o(i.sdio_interrupt_enable)
    sdio_power_state_get                     0x080043bd   Thumb Code     6  gd32f4xx_sdio.o(i.sdio_power_state_get)
    sdio_power_state_set                     0x080043c9   Thumb Code     6  gd32f4xx_sdio.o(i.sdio_power_state_set)
    sdio_response_get                        0x080043d5   Thumb Code    56  gd32f4xx_sdio.o(i.sdio_response_get)
    sdio_wait_type_set                       0x08004411   Thumb Code    22  gd32f4xx_sdio.o(i.sdio_wait_type_set)
    systick_config                           0x08004669   Thumb Code    78  systick.o(i.systick_config)
    usart_baudrate_set                       0x080046bd   Thumb Code   224  gd32f4xx_usart.o(i.usart_baudrate_set)
    usart_data_transmit                      0x080047a5   Thumb Code     8  gd32f4xx_usart.o(i.usart_data_transmit)
    usart_deinit                             0x080047ad   Thumb Code   210  gd32f4xx_usart.o(i.usart_deinit)
    usart_enable                             0x08004889   Thumb Code    10  gd32f4xx_usart.o(i.usart_enable)
    usart_flag_get                           0x08004893   Thumb Code    30  gd32f4xx_usart.o(i.usart_flag_get)
    usart_parity_config                      0x080048b1   Thumb Code    16  gd32f4xx_usart.o(i.usart_parity_config)
    usart_receive_config                     0x080048c1   Thumb Code    16  gd32f4xx_usart.o(i.usart_receive_config)
    usart_stop_bit_set                       0x080048d1   Thumb Code    16  gd32f4xx_usart.o(i.usart_stop_bit_set)
    usart_transmit_config                    0x080048e1   Thumb Code    16  gd32f4xx_usart.o(i.usart_transmit_config)
    usart_word_length_set                    0x080048f1   Thumb Code    16  gd32f4xx_usart.o(i.usart_word_length_set)
    Region$$Table$$Base                      0x08004c2c   Number         0  anon$$obj.o(Region$$Table)
    Region$$Table$$Limit                     0x08004c4c   Number         0  anon$$obj.o(Region$$Table)
    sd_scr                                   0x20000018   Data           8  sdcard.o(.data)
    SystemCoreClock                          0x20000048   Data           4  system_gd32f4xx.o(.data)
    __stdout                                 0x2000004c   Data           4  stdout.o(.data)
    __initial_sp                             0x200016f0   Data           0  startup_gd32f405_425.o(STACK)



==============================================================================

Memory Map of the image

  Image Entry point : 0x08000189

  Load Region LR_IROM1 (Base: 0x08000000, Size: 0x00004c9c, Max: 0x00010000, ABSOLUTE)

    Execution Region ER_IROM1 (Exec base: 0x08000000, Load base: 0x08000000, Size: 0x00004c4c, Max: 0x00010000, ABSOLUTE)

    Exec Addr    Load Addr    Size         Type   Attr      Idx    E Section Name        Object

    0x08000000   0x08000000   0x00000188   Data   RO         2937    RESET               startup_gd32f405_425.o
    0x08000188   0x08000188   0x00000000   Code   RO         2942  * .ARM.Collect$$$$00000000  mc_w.l(entry.o)
    0x08000188   0x08000188   0x00000004   Code   RO         3214    .ARM.Collect$$$$00000001  mc_w.l(entry2.o)
    0x0800018c   0x0800018c   0x00000004   Code   RO         3217    .ARM.Collect$$$$00000004  mc_w.l(entry5.o)
    0x08000190   0x08000190   0x00000000   Code   RO         3219    .ARM.Collect$$$$00000008  mc_w.l(entry7b.o)
    0x08000190   0x08000190   0x00000000   Code   RO         3221    .ARM.Collect$$$$0000000A  mc_w.l(entry8b.o)
    0x08000190   0x08000190   0x00000008   Code   RO         3222    .ARM.Collect$$$$0000000B  mc_w.l(entry9a.o)
    0x08000198   0x08000198   0x00000000   Code   RO         3224    .ARM.Collect$$$$0000000D  mc_w.l(entry10a.o)
    0x08000198   0x08000198   0x00000000   Code   RO         3226    .ARM.Collect$$$$0000000F  mc_w.l(entry11a.o)
    0x08000198   0x08000198   0x00000004   Code   RO         3215    .ARM.Collect$$$$00002712  mc_w.l(entry2.o)
    0x0800019c   0x0800019c   0x00000024   Code   RO         2938    .text               startup_gd32f405_425.o
    0x080001c0   0x080001c0   0x00000024   Code   RO         2945    .text               mc_w.l(memcpya.o)
    0x080001e4   0x080001e4   0x00000024   Code   RO         2947    .text               mc_w.l(memseta.o)
    0x08000208   0x08000208   0x00000062   Code   RO         3231    .text               mc_w.l(uldiv.o)
    0x0800026a   0x0800026a   0x00000002   PAD
    0x0800026c   0x0800026c   0x00000024   Code   RO         3244    .text               mc_w.l(init.o)
    0x08000290   0x08000290   0x0000001e   Code   RO         3246    .text               mc_w.l(llshl.o)
    0x080002ae   0x080002ae   0x00000020   Code   RO         3248    .text               mc_w.l(llushr.o)
    0x080002ce   0x080002ce   0x00000002   PAD
    0x080002d0   0x080002d0   0x00000028   Code   RO          202    i.NVIC_SetPriority  systick.o
    0x080002f8   0x080002f8   0x00000008   Code   RO          265    i.SysTick_Handler   gd32f4xx_it.o
    0x08000300   0x08000300   0x00000110   Code   RO         1051    i.SystemCoreClockUpdate  system_gd32f4xx.o
    0x08000410   0x08000410   0x00000190   Code   RO         1052    i.SystemInit        system_gd32f4xx.o
    0x080005a0   0x080005a0   0x00000020   Code   RO         3064    i.__0printf$4       mc_w.l(printf4.o)
    0x080005c0   0x080005c0   0x0000000e   Code   RO         3256    i.__scatterload_copy  mc_w.l(handlers.o)
    0x080005ce   0x080005ce   0x00000002   Code   RO         3257    i.__scatterload_null  mc_w.l(handlers.o)
    0x080005d0   0x080005d0   0x0000000e   Code   RO         3258    i.__scatterload_zeroinit  mc_w.l(handlers.o)
    0x080005de   0x080005de   0x00000002   PAD
    0x080005e0   0x080005e0   0x0000022c   Code   RO         3071    i._printf_core      mc_w.l(printf4.o)
    0x0800080c   0x0800080c   0x0000001c   Code   RO         1053    i._soft_delay_      system_gd32f4xx.o
    0x08000828   0x08000828   0x00000058   Code   RO            3    i.bootloader_enter_sd_iap_mode  bootloader_main.o
    0x08000880   0x08000880   0x00000064   Code   RO            4    i.bootloader_jump_to_application  bootloader_main.o
    0x080008e4   0x080008e4   0x00000094   Code   RO            5    i.bootloader_system_clock_config  bootloader_main.o
    0x08000978   0x08000978   0x0000007c   Code   RO          659    i.check_fs          ff.o
    0x080009f4   0x080009f4   0x00000014   Code   RO          660    i.chk_chr           ff.o
    0x08000a08   0x08000a08   0x0000001a   Code   RO          661    i.clst2sect         ff.o
    0x08000a22   0x08000a22   0x00000002   PAD
    0x08000a24   0x08000a24   0x0000003c   Code   RO          376    i.cmdsent_error_check  sdcard.o
    0x08000a60   0x08000a60   0x0000002c   Code   RO          900    i.crc16_calc        sd_iap.o
    0x08000a8c   0x08000a8c   0x00000120   Code   RO          662    i.create_chain      ff.o
    0x08000bac   0x08000bac   0x00000114   Code   RO          663    i.create_name       ff.o
    0x08000cc0   0x08000cc0   0x0000000c   Code   RO          664    i.dbc_1st           ff.o
    0x08000ccc   0x08000ccc   0x0000000c   Code   RO          665    i.dbc_2nd           ff.o
    0x08000cd8   0x08000cd8   0x000000a4   Code   RO         1010    i.debug_uart_init   debug_uart.o
    0x08000d7c   0x08000d7c   0x00000024   Code   RO          205    i.delay_decrement   systick.o
    0x08000da0   0x08000da0   0x00000060   Code   RO          666    i.dir_alloc         ff.o
    0x08000e00   0x08000e00   0x00000060   Code   RO          667    i.dir_clear         ff.o
    0x08000e60   0x08000e60   0x0000006c   Code   RO          668    i.dir_find          ff.o
    0x08000ecc   0x08000ecc   0x000000ca   Code   RO          669    i.dir_next          ff.o
    0x08000f96   0x08000f96   0x0000003c   Code   RO          671    i.dir_register      ff.o
    0x08000fd2   0x08000fd2   0x0000009a   Code   RO          672    i.dir_sdi           ff.o
    0x0800106c   0x0800106c   0x00000080   Code   RO          609    i.disk_initialize   diskio.o
    0x080010ec   0x080010ec   0x0000006c   Code   RO          610    i.disk_ioctl        diskio.o
    0x08001158   0x08001158   0x00000080   Code   RO          611    i.disk_read         diskio.o
    0x080011d8   0x080011d8   0x00000034   Code   RO          612    i.disk_status       diskio.o
    0x0800120c   0x0800120c   0x00000080   Code   RO          613    i.disk_write        diskio.o
    0x0800128c   0x0800128c   0x00000020   Code   RO         2577    i.dma_channel_disable  gd32f4xx_dma.o
    0x080012ac   0x080012ac   0x00000020   Code   RO         2578    i.dma_channel_enable  gd32f4xx_dma.o
    0x080012cc   0x080012cc   0x00000026   Code   RO         2579    i.dma_channel_subperipheral_select  gd32f4xx_dma.o
    0x080012f2   0x080012f2   0x000000a6   Code   RO         2582    i.dma_deinit        gd32f4xx_dma.o
    0x08001398   0x08001398   0x0000003e   Code   RO         2584    i.dma_flag_clear    gd32f4xx_dma.o
    0x080013d6   0x080013d6   0x0000004c   Code   RO         2585    i.dma_flag_get      gd32f4xx_dma.o
    0x08001422   0x08001422   0x00000040   Code   RO         2586    i.dma_flow_controller_config  gd32f4xx_dma.o
    0x08001462   0x08001462   0x00000002   PAD
    0x08001464   0x08001464   0x00000164   Code   RO         2595    i.dma_multi_data_mode_init  gd32f4xx_dma.o
    0x080015c8   0x080015c8   0x000000b4   Code   RO          377    i.dma_receive_config  sdcard.o
    0x0800167c   0x0800167c   0x000000b4   Code   RO          378    i.dma_transfer_config  sdcard.o
    0x08001730   0x08001730   0x00000040   Code   RO          206    i.dwt_init          systick.o
    0x08001770   0x08001770   0x00000022   Code   RO          673    i.f_close           ff.o
    0x08001792   0x08001792   0x00000002   PAD
    0x08001794   0x08001794   0x00000054   Code   RO          676    i.f_mount           ff.o
    0x080017e8   0x080017e8   0x000001c0   Code   RO          677    i.f_open            ff.o
    0x080019a8   0x080019a8   0x00000166   Code   RO          679    i.f_read            ff.o
    0x08001b0e   0x08001b0e   0x00000002   PAD
    0x08001b10   0x08001b10   0x00000078   Code   RO          681    i.f_sync            ff.o
    0x08001b88   0x08001b88   0x0000030c   Code   RO          683    i.find_volume       ff.o
    0x08001e94   0x08001e94   0x0000001c   Code   RO          285    i.flash_address_in_range  flash_driver.o
    0x08001eb0   0x08001eb0   0x00000088   Code   RO          286    i.flash_app_erase   flash_driver.o
    0x08001f38   0x08001f38   0x0000001e   Code   RO          287    i.flash_begin       flash_driver.o
    0x08001f56   0x08001f56   0x0000000c   Code   RO          288    i.flash_end         flash_driver.o
    0x08001f62   0x08001f62   0x00000002   PAD
    0x08001f64   0x08001f64   0x000000ac   Code   RO          291    i.flash_program_words  flash_driver.o
    0x08002010   0x08002010   0x00000040   Code   RO          294    i.flash_sector_from_address  flash_driver.o
    0x08002050   0x08002050   0x0000002c   Code   RO          295    i.flash_status_from_fmc  flash_driver.o
    0x0800207c   0x0800207c   0x0000007e   Code   RO          296    i.flash_verify_blank  flash_driver.o
    0x080020fa   0x080020fa   0x00000014   Code   RO          297    i.flash_wait_ready  flash_driver.o
    0x0800210e   0x0800210e   0x00000002   PAD
    0x08002110   0x08002110   0x0000000c   Code   RO         1907    i.fmc_flag_clear    gd32f4xx_fmc.o
    0x0800211c   0x0800211c   0x00000014   Code   RO         1914    i.fmc_lock          gd32f4xx_fmc.o
    0x08002130   0x08002130   0x00000020   Code   RO         1917    i.fmc_ready_wait    gd32f4xx_fmc.o
    0x08002150   0x08002150   0x00000060   Code   RO         1918    i.fmc_sector_erase  gd32f4xx_fmc.o
    0x080021b0   0x080021b0   0x0000004c   Code   RO         1919    i.fmc_state_get     gd32f4xx_fmc.o
    0x080021fc   0x080021fc   0x00000024   Code   RO         1920    i.fmc_unlock        gd32f4xx_fmc.o
    0x08002220   0x08002220   0x00000054   Code   RO         1921    i.fmc_word_program  gd32f4xx_fmc.o
    0x08002274   0x08002274   0x00000018   Code   RO         1922    i.fmc_wscnt_set     gd32f4xx_fmc.o
    0x0800228c   0x0800228c   0x0000009e   Code   RO          684    i.follow_path       ff.o
    0x0800232a   0x0800232a   0x00000002   PAD
    0x0800232c   0x0800232c   0x00000040   Code   RO         1012    i.fputc             debug_uart.o
    0x0800236c   0x0800236c   0x000000e0   Code   RO          685    i.get_fat           ff.o
    0x0800244c   0x0800244c   0x0000004e   Code   RO          687    i.get_ldnumber      ff.o
    0x0800249a   0x0800249a   0x0000005e   Code   RO         1400    i.gpio_af_set       gd32f4xx_gpio.o
    0x080024f8   0x080024f8   0x0000008c   Code   RO          379    i.gpio_config       sdcard.o
    0x08002584   0x08002584   0x00000010   Code   RO         1406    i.gpio_input_bit_get  gd32f4xx_gpio.o
    0x08002594   0x08002594   0x0000004e   Code   RO         1408    i.gpio_mode_set     gd32f4xx_gpio.o
    0x080025e2   0x080025e2   0x00000042   Code   RO         1410    i.gpio_output_options_set  gd32f4xx_gpio.o
    0x08002624   0x08002624   0x00000026   Code   RO          688    i.ld_clust          ff.o
    0x0800264a   0x0800264a   0x00000018   Code   RO          689    i.ld_dword          ff.o
    0x08002662   0x08002662   0x0000000c   Code   RO          690    i.ld_word           ff.o
    0x0800266e   0x0800266e   0x00000002   PAD
    0x08002670   0x08002670   0x00000108   Code   RO            6    i.main              bootloader_main.o
    0x08002778   0x08002778   0x00000024   Code   RO          691    i.mem_cmp           ff.o
    0x0800279c   0x0800279c   0x0000001a   Code   RO          692    i.mem_cpy           ff.o
    0x080027b6   0x080027b6   0x00000012   Code   RO          693    i.mem_set           ff.o
    0x080027c8   0x080027c8   0x00000034   Code   RO          694    i.move_window       ff.o
    0x080027fc   0x080027fc   0x00000014   Code   RO         2147    i.pmu_backup_write_disable  gd32f4xx_pmu.o
    0x08002810   0x08002810   0x00000014   Code   RO         2148    i.pmu_backup_write_enable  gd32f4xx_pmu.o
    0x08002824   0x08002824   0x00000018   Code   RO         2151    i.pmu_flag_get      gd32f4xx_pmu.o
    0x0800283c   0x0800283c   0x00000014   Code   RO         2153    i.pmu_highdriver_mode_enable  gd32f4xx_pmu.o
    0x08002850   0x08002850   0x0000002c   Code   RO         2154    i.pmu_highdriver_switch_select  gd32f4xx_pmu.o
    0x0800287c   0x0800287c   0x00000138   Code   RO          695    i.put_fat           ff.o
    0x080029b4   0x080029b4   0x00000084   Code   RO          380    i.r1_error_check    sdcard.o
    0x08002a38   0x08002a38   0x000000ae   Code   RO          381    i.r1_error_type_check  sdcard.o
    0x08002ae6   0x08002ae6   0x00000002   PAD
    0x08002ae8   0x08002ae8   0x00000050   Code   RO          382    i.r2_error_check    sdcard.o
    0x08002b38   0x08002b38   0x0000003c   Code   RO          383    i.r3_error_check    sdcard.o
    0x08002b74   0x08002b74   0x000000a8   Code   RO          384    i.r6_error_check    sdcard.o
    0x08002c1c   0x08002c1c   0x0000005c   Code   RO          385    i.r7_error_check    sdcard.o
    0x08002c78   0x08002c78   0x00000018   Code   RO         1104    i.rcu_ahb_clock_config  gd32f4xx_rcu.o
    0x08002c90   0x08002c90   0x00000018   Code   RO         1106    i.rcu_apb1_clock_config  gd32f4xx_rcu.o
    0x08002ca8   0x08002ca8   0x00000018   Code   RO         1107    i.rcu_apb2_clock_config  gd32f4xx_rcu.o
    0x08002cc0   0x08002cc0   0x00000124   Code   RO         1113    i.rcu_clock_freq_get  gd32f4xx_rcu.o
    0x08002de4   0x08002de4   0x00000024   Code   RO          386    i.rcu_config        sdcard.o
    0x08002e08   0x08002e08   0x0000008c   Code   RO         1115    i.rcu_deinit        gd32f4xx_rcu.o
    0x08002e94   0x08002e94   0x00000024   Code   RO         1116    i.rcu_flag_get      gd32f4xx_rcu.o
    0x08002eb8   0x08002eb8   0x00000024   Code   RO         1129    i.rcu_osci_on       gd32f4xx_rcu.o
    0x08002edc   0x08002edc   0x0000015c   Code   RO         1130    i.rcu_osci_stab_wait  gd32f4xx_rcu.o
    0x08003038   0x08003038   0x00000024   Code   RO         1132    i.rcu_periph_clock_enable  gd32f4xx_rcu.o
    0x0800305c   0x0800305c   0x00000024   Code   RO         1135    i.rcu_periph_reset_disable  gd32f4xx_rcu.o
    0x08003080   0x08003080   0x00000024   Code   RO         1136    i.rcu_periph_reset_enable  gd32f4xx_rcu.o
    0x080030a4   0x080030a4   0x00000084   Code   RO         1138    i.rcu_pll_config    gd32f4xx_rcu.o
    0x08003128   0x08003128   0x00000018   Code   RO         1146    i.rcu_system_clock_source_config  gd32f4xx_rcu.o
    0x08003140   0x08003140   0x00000010   Code   RO         1147    i.rcu_system_clock_source_get  gd32f4xx_rcu.o
    0x08003150   0x08003150   0x0000009a   Code   RO          696    i.remove_chain      ff.o
    0x080031ea   0x080031ea   0x00000002   PAD
    0x080031ec   0x080031ec   0x00000230   Code   RO          387    i.sd_block_read     sdcard.o
    0x0800341c   0x0800341c   0x0000039c   Code   RO          388    i.sd_block_write    sdcard.o
    0x080037b8   0x080037b8   0x000000a8   Code   RO          391    i.sd_card_capacity_get  sdcard.o
    0x08003860   0x08003860   0x00000018   Code   RO          393    i.sd_card_detect_pin_read  sdcard.o
    0x08003878   0x08003878   0x000002c0   Code   RO          394    i.sd_card_information_get  sdcard.o
    0x08003b38   0x08003b38   0x0000011c   Code   RO          395    i.sd_card_init      sdcard.o
    0x08003c54   0x08003c54   0x00000026   Code   RO          396    i.sd_card_select_deselect  sdcard.o
    0x08003c7a   0x08003c7a   0x00000002   PAD
    0x08003c7c   0x08003c7c   0x000000d0   Code   RO          397    i.sd_card_state_get  sdcard.o
    0x08003d4c   0x08003d4c   0x00000018   Code   RO          399    i.sd_datablocksize_get  sdcard.o
    0x08003d64   0x08003d64   0x00000008   Code   RO          901    i.sd_iap_card_detected  sd_iap.o
    0x08003d6c   0x08003d6c   0x00000038   Code   RO          902    i.sd_iap_file_exists  sd_iap.o
    0x08003da4   0x08003da4   0x00000044   Code   RO          905    i.sd_iap_init       sd_iap.o
    0x08003de8   0x08003de8   0x00000030   Code   RO          906    i.sd_iap_mount      sd_iap.o
    0x08003e18   0x08003e18   0x000001cc   Code   RO          907    i.sd_iap_upgrade    sd_iap.o
    0x08003fe4   0x08003fe4   0x0000005c   Code   RO          908    i.sd_iap_verify     sd_iap.o
    0x08004040   0x08004040   0x00000060   Code   RO          401    i.sd_init           sdcard.o
    0x080040a0   0x080040a0   0x00000144   Code   RO          407    i.sd_power_on       sdcard.o
    0x080041e4   0x080041e4   0x00000002   Code   RO          408    i.sd_report_error   sdcard.o
    0x080041e6   0x080041e6   0x00000002   PAD
    0x080041e8   0x080041e8   0x0000001c   Code   RO         2287    i.sdio_bus_mode_set  gd32f4xx_sdio.o
    0x08004204   0x08004204   0x00000034   Code   RO         2294    i.sdio_clock_config  gd32f4xx_sdio.o
    0x08004238   0x08004238   0x00000014   Code   RO         2296    i.sdio_clock_enable  gd32f4xx_sdio.o
    0x0800424c   0x0800424c   0x0000000c   Code   RO         2297    i.sdio_command_index_get  gd32f4xx_sdio.o
    0x08004258   0x08004258   0x00000038   Code   RO         2298    i.sdio_command_response_config  gd32f4xx_sdio.o
    0x08004290   0x08004290   0x00000014   Code   RO         2300    i.sdio_csm_enable   gd32f4xx_sdio.o
    0x080042a4   0x080042a4   0x0000003c   Code   RO         2301    i.sdio_data_config  gd32f4xx_sdio.o
    0x080042e0   0x080042e0   0x0000000c   Code   RO         2303    i.sdio_data_read    gd32f4xx_sdio.o
    0x080042ec   0x080042ec   0x0000001c   Code   RO         2304    i.sdio_data_transfer_config  gd32f4xx_sdio.o
    0x08004308   0x08004308   0x0000000c   Code   RO         2305    i.sdio_data_write   gd32f4xx_sdio.o
    0x08004314   0x08004314   0x00000014   Code   RO         2306    i.sdio_deinit       gd32f4xx_sdio.o
    0x08004328   0x08004328   0x00000014   Code   RO         2307    i.sdio_dma_disable  gd32f4xx_sdio.o
    0x0800433c   0x0800433c   0x00000014   Code   RO         2308    i.sdio_dma_enable   gd32f4xx_sdio.o
    0x08004350   0x08004350   0x00000014   Code   RO         2309    i.sdio_dsm_disable  gd32f4xx_sdio.o
    0x08004364   0x08004364   0x00000014   Code   RO         2310    i.sdio_dsm_enable   gd32f4xx_sdio.o
    0x08004378   0x08004378   0x0000000c   Code   RO         2312    i.sdio_flag_clear   gd32f4xx_sdio.o
    0x08004384   0x08004384   0x00000014   Code   RO         2313    i.sdio_flag_get     gd32f4xx_sdio.o
    0x08004398   0x08004398   0x00000014   Code   RO         2314    i.sdio_hardware_clock_disable  gd32f4xx_sdio.o
    0x080043ac   0x080043ac   0x00000010   Code   RO         2317    i.sdio_interrupt_enable  gd32f4xx_sdio.o
    0x080043bc   0x080043bc   0x0000000c   Code   RO         2322    i.sdio_power_state_get  gd32f4xx_sdio.o
    0x080043c8   0x080043c8   0x0000000c   Code   RO         2323    i.sdio_power_state_set  gd32f4xx_sdio.o
    0x080043d4   0x080043d4   0x0000003c   Code   RO         2327    i.sdio_response_get  gd32f4xx_sdio.o
    0x08004410   0x08004410   0x0000001c   Code   RO         2332    i.sdio_wait_type_set  gd32f4xx_sdio.o
    0x0800442c   0x0800442c   0x00000024   Code   RO          697    i.st_clust          ff.o
    0x08004450   0x08004450   0x00000018   Code   RO          698    i.st_dword          ff.o
    0x08004468   0x08004468   0x0000000c   Code   RO          699    i.st_word           ff.o
    0x08004474   0x08004474   0x00000090   Code   RO          700    i.sync_fs           ff.o
    0x08004504   0x08004504   0x0000004a   Code   RO          701    i.sync_window       ff.o
    0x0800454e   0x0800454e   0x00000002   PAD
    0x08004550   0x08004550   0x00000110   Code   RO         1055    i.system_clock_168m_25m_hxtal  system_gd32f4xx.o
    0x08004660   0x08004660   0x00000008   Code   RO         1056    i.system_clock_config  system_gd32f4xx.o
    0x08004668   0x08004668   0x00000054   Code   RO          207    i.systick_config    systick.o
    0x080046bc   0x080046bc   0x000000e8   Code   RO         1505    i.usart_baudrate_set  gd32f4xx_usart.o
    0x080047a4   0x080047a4   0x00000008   Code   RO         1510    i.usart_data_transmit  gd32f4xx_usart.o
    0x080047ac   0x080047ac   0x000000dc   Code   RO         1511    i.usart_deinit      gd32f4xx_usart.o
    0x08004888   0x08004888   0x0000000a   Code   RO         1515    i.usart_enable      gd32f4xx_usart.o
    0x08004892   0x08004892   0x0000001e   Code   RO         1517    i.usart_flag_get    gd32f4xx_usart.o
    0x080048b0   0x080048b0   0x00000010   Code   RO         1540    i.usart_parity_config  gd32f4xx_usart.o
    0x080048c0   0x080048c0   0x00000010   Code   RO         1542    i.usart_receive_config  gd32f4xx_usart.o
    0x080048d0   0x080048d0   0x00000010   Code   RO         1553    i.usart_stop_bit_set  gd32f4xx_usart.o
    0x080048e0   0x080048e0   0x00000010   Code   RO         1557    i.usart_transmit_config  gd32f4xx_usart.o
    0x080048f0   0x080048f0   0x00000010   Code   RO         1558    i.usart_word_length_set  gd32f4xx_usart.o
    0x08004900   0x08004900   0x0000003c   Code   RO          702    i.validate          ff.o
    0x0800493c   0x0800493c   0x00000060   Data   RO          298    .constdata          flash_driver.o
    0x0800499c   0x0800499c   0x00000080   Data   RO          703    .constdata          ff.o
    0x08004a1c   0x08004a1c   0x00000200   Data   RO          910    .constdata          sd_iap.o
    0x08004c1c   0x08004c1c   0x0000000f   Data   RO           11    .conststring        bootloader_main.o
    0x08004c2b   0x08004c2b   0x00000001   PAD
    0x08004c2c   0x08004c2c   0x00000020   Data   RO         3254    Region$$Table       anon$$obj.o


    Execution Region RW_IRAM1 (Exec base: 0x20000000, Load base: 0x08004c4c, Size: 0x000016f0, Max: 0x00030000, ABSOLUTE)

    Exec Addr    Load Addr    Size         Type   Attr      Idx    E Section Name        Object

    0x20000000   0x08004c4c   0x0000000c   Data   RW           12    .data               bootloader_main.o
    0x2000000c   0x08004c58   0x0000000c   Data   RW          209    .data               systick.o
    0x20000018   0x08004c64   0x00000024   Data   RW          415    .data               sdcard.o
    0x2000003c   0x08004c88   0x00000001   Data   RW          614    .data               diskio.o
    0x2000003d   0x08004c89   0x00000003   PAD
    0x20000040   0x08004c8c   0x00000006   Data   RW          704    .data               ff.o
    0x20000046   0x08004c92   0x00000002   PAD
    0x20000048   0x08004c94   0x00000004   Data   RW         1057    .data               system_gd32f4xx.o
    0x2000004c   0x08004c98   0x00000004   Data   RW         3228    .data               mc_w.l(stdout.o)
    0x20000050        -       0x00000050   Zero   RW           10    .bss                bootloader_main.o
    0x200000a0        -       0x00000020   Zero   RW          414    .bss                sdcard.o
    0x200000c0        -       0x00001230   Zero   RW          909    .bss                sd_iap.o
    0x200012f0        -       0x00000400   Zero   RW         2935    STACK               startup_gd32f405_425.o


==============================================================================

Image component sizes


      Code (inc. data)   RO Data    RW Data    ZI Data      Debug   Object Name

       600        154         15         12         80      72124   bootloader_main.o
       228         14          0          0          0       2974   debug_uart.o
       544         22          0          1          0       5390   diskio.o
      4780         78        128          6          0      41859   ff.o
       632         30         96          0          0       7117   flash_driver.o
       826          4          0          0          0       6119   gd32f4xx_dma.o
       380         46          0          0          0       4884   gd32f4xx_fmc.o
       254          0          0          0          0       3121   gd32f4xx_gpio.o
         8          0          0          0          0        478   gd32f4xx_it.o
       128         28          0          0          0       2884   gd32f4xx_pmu.o
      1204        106          0          0          0      10270   gd32f4xx_rcu.o
       580        122          0          0          0      13587   gd32f4xx_sdio.o
       580         18          0          0          0       6624   gd32f4xx_usart.o
       776         70        512          0       4656       6158   sd_iap.o
      4658        248          0         36         32      24178   sdcard.o
        36          8        392          0       1024        828   startup_gd32f405_425.o
       980         66          0          4          0       4819   system_gd32f4xx.o
       224         42          0         12          0      29070   systick.o

    ----------------------------------------------------------------------
     17444       1056       1176         76       5792     242484   Object Totals
         0          0         32          0          0          0   (incl. Generated)
        26          0          1          5          0          0   (incl. Padding)

    ----------------------------------------------------------------------

      Code (inc. data)   RO Data    RW Data    ZI Data      Debug   Library Member Name

         0          0          0          0          0          0   entry.o
         0          0          0          0          0          0   entry10a.o
         0          0          0          0          0          0   entry11a.o
         8          4          0          0          0          0   entry2.o
         4          0          0          0          0          0   entry5.o
         0          0          0          0          0          0   entry7b.o
         0          0          0          0          0          0   entry8b.o
         8          4          0          0          0          0   entry9a.o
        30          0          0          0          0          0   handlers.o
        36          8          0          0          0         68   init.o
        30          0          0          0          0         68   llshl.o
        32          0          0          0          0         68   llushr.o
        36          0          0          0          0         68   memcpya.o
        36          0          0          0          0        108   memseta.o
       588         14          0          0          0        184   printf4.o
         0          0          0          4          0          0   stdout.o
        98          0          0          0          0         92   uldiv.o

    ----------------------------------------------------------------------
       912         30          0          4          0        656   Library Totals
         6          0          0          0          0          0   (incl. Padding)

    ----------------------------------------------------------------------

      Code (inc. data)   RO Data    RW Data    ZI Data      Debug   Library Name

       906         30          0          4          0        656   mc_w.l

    ----------------------------------------------------------------------
       912         30          0          4          0        656   Library Totals

    ----------------------------------------------------------------------

==============================================================================


      Code (inc. data)   RO Data    RW Data    ZI Data      Debug   

     18356       1086       1176         80       5792     226684   Grand Totals
     18356       1086       1176         80       5792     226684   ELF Image Totals
     18356       1086       1176         80          0          0   ROM Totals

==============================================================================

    Total RO  Size (Code + RO Data)                19532 (  19.07kB)
    Total RW  Size (RW Data + ZI Data)              5872 (   5.73kB)
    Total ROM Size (Code + RO Data + RW Data)      19612 (  19.15kB)

==============================================================================

