<!doctype html public "-//w3c//dtd html 4.0 transitional//en">
<html><head>
<title>Static Call Graph - [.\Objects\MainBorad.axf]</title></head>
<body><HR>
<H1>Static Call Graph for image .\Objects\MainBorad.axf</H1><HR>
<BR><P>#&#060CALLGRAPH&#062# ARM Linker, 5060750: Last Updated: Sat Mar 07 08:38:07 2026
<BR><P>
<H3>Maximum Stack Usage =       3040 bytes + Unknown(Cycles, Untraceable Function Pointers)</H3><H3>
Call chain for Maximum Stack Depth:</H3>
HostComm_Task &rArr; sd_logger_log_tracking_state &rArr; sd_log_and_handle_fatfs_error &rArr; sd_logger_printf &rArr; f_open &rArr; dir_register &rArr; dir_find &rArr; dir_next &rArr; create_chain &rArr; put_fat &rArr; move_window &rArr; sync_window &rArr; disk_write &rArr; sd_block_write &rArr; dma_transfer_config &rArr; dma_multi_data_mode_init
<P>
<H3>
Mutually Recursive functions
</H3> <LI><a href="#[25]">ADC_IRQHandler</a>&nbsp;&nbsp;&nbsp;&rArr;&nbsp;&nbsp;&nbsp;<a href="#[25]">ADC_IRQHandler</a><BR>
 <LI><a href="#[153]">config_write_flash</a>&nbsp;&nbsp;&nbsp;&rArr;&nbsp;&nbsp;&nbsp;<a href="#[154]">flash_config_init</a><BR>
</UL>
<P>
<H3>
Function Pointers
</H3><UL>
 <LI><a href="#[25]">ADC_IRQHandler</a> from startup_gd32f405_425.o(.text) referenced from startup_gd32f405_425.o(RESET)
 <LI><a href="#[d]">BusFault_Handler</a> from gd32f4xx_it.o(i.BusFault_Handler) referenced from startup_gd32f405_425.o(RESET)
 <LI><a href="#[29]">CAN0_EWMC_IRQHandler</a> from startup_gd32f405_425.o(.text) referenced from startup_gd32f405_425.o(RESET)
 <LI><a href="#[27]">CAN0_RX0_IRQHandler</a> from startup_gd32f405_425.o(.text) referenced from startup_gd32f405_425.o(RESET)
 <LI><a href="#[28]">CAN0_RX1_IRQHandler</a> from startup_gd32f405_425.o(.text) referenced from startup_gd32f405_425.o(RESET)
 <LI><a href="#[26]">CAN0_TX_IRQHandler</a> from startup_gd32f405_425.o(.text) referenced from startup_gd32f405_425.o(RESET)
 <LI><a href="#[52]">CAN1_EWMC_IRQHandler</a> from startup_gd32f405_425.o(.text) referenced from startup_gd32f405_425.o(RESET)
 <LI><a href="#[50]">CAN1_RX0_IRQHandler</a> from startup_gd32f405_425.o(.text) referenced from startup_gd32f405_425.o(RESET)
 <LI><a href="#[51]">CAN1_RX1_IRQHandler</a> from startup_gd32f405_425.o(.text) referenced from startup_gd32f405_425.o(RESET)
 <LI><a href="#[4f]">CAN1_TX_IRQHandler</a> from startup_gd32f405_425.o(.text) referenced from startup_gd32f405_425.o(RESET)
 <LI><a href="#[5e]">DCI_IRQHandler</a> from startup_gd32f405_425.o(.text) referenced from startup_gd32f405_425.o(RESET)
 <LI><a href="#[1e]">DMA0_Channel0_IRQHandler</a> from startup_gd32f405_425.o(.text) referenced from startup_gd32f405_425.o(RESET)
 <LI><a href="#[1f]">DMA0_Channel1_IRQHandler</a> from startup_gd32f405_425.o(.text) referenced from startup_gd32f405_425.o(RESET)
 <LI><a href="#[20]">DMA0_Channel2_IRQHandler</a> from startup_gd32f405_425.o(.text) referenced from startup_gd32f405_425.o(RESET)
 <LI><a href="#[21]">DMA0_Channel3_IRQHandler</a> from startup_gd32f405_425.o(.text) referenced from startup_gd32f405_425.o(RESET)
 <LI><a href="#[22]">DMA0_Channel4_IRQHandler</a> from startup_gd32f405_425.o(.text) referenced from startup_gd32f405_425.o(RESET)
 <LI><a href="#[23]">DMA0_Channel5_IRQHandler</a> from startup_gd32f405_425.o(.text) referenced from startup_gd32f405_425.o(RESET)
 <LI><a href="#[24]">DMA0_Channel6_IRQHandler</a> from startup_gd32f405_425.o(.text) referenced from startup_gd32f405_425.o(RESET)
 <LI><a href="#[42]">DMA0_Channel7_IRQHandler</a> from startup_gd32f405_425.o(.text) referenced from startup_gd32f405_425.o(RESET)
 <LI><a href="#[4a]">DMA1_Channel0_IRQHandler</a> from startup_gd32f405_425.o(.text) referenced from startup_gd32f405_425.o(RESET)
 <LI><a href="#[4b]">DMA1_Channel1_IRQHandler</a> from startup_gd32f405_425.o(.text) referenced from startup_gd32f405_425.o(RESET)
 <LI><a href="#[4c]">DMA1_Channel2_IRQHandler</a> from startup_gd32f405_425.o(.text) referenced from startup_gd32f405_425.o(RESET)
 <LI><a href="#[4d]">DMA1_Channel3_IRQHandler</a> from startup_gd32f405_425.o(.text) referenced from startup_gd32f405_425.o(RESET)
 <LI><a href="#[4e]">DMA1_Channel4_IRQHandler</a> from startup_gd32f405_425.o(.text) referenced from startup_gd32f405_425.o(RESET)
 <LI><a href="#[54]">DMA1_Channel5_IRQHandler</a> from startup_gd32f405_425.o(.text) referenced from startup_gd32f405_425.o(RESET)
 <LI><a href="#[55]">DMA1_Channel6_IRQHandler</a> from startup_gd32f405_425.o(.text) referenced from startup_gd32f405_425.o(RESET)
 <LI><a href="#[56]">DMA1_Channel7_IRQHandler</a> from startup_gd32f405_425.o(.text) referenced from startup_gd32f405_425.o(RESET)
 <LI><a href="#[10]">DebugMon_Handler</a> from gd32f4xx_it.o(i.DebugMon_Handler) referenced from startup_gd32f405_425.o(RESET)
 <LI><a href="#[19]">EXTI0_IRQHandler</a> from startup_gd32f405_425.o(.text) referenced from startup_gd32f405_425.o(RESET)
 <LI><a href="#[3b]">EXTI10_15_IRQHandler</a> from gd32f4xx_it.o(i.EXTI10_15_IRQHandler) referenced from startup_gd32f405_425.o(RESET)
 <LI><a href="#[1a]">EXTI1_IRQHandler</a> from startup_gd32f405_425.o(.text) referenced from startup_gd32f405_425.o(RESET)
 <LI><a href="#[1b]">EXTI2_IRQHandler</a> from startup_gd32f405_425.o(.text) referenced from startup_gd32f405_425.o(RESET)
 <LI><a href="#[1c]">EXTI3_IRQHandler</a> from startup_gd32f405_425.o(.text) referenced from startup_gd32f405_425.o(RESET)
 <LI><a href="#[1d]">EXTI4_IRQHandler</a> from startup_gd32f405_425.o(.text) referenced from startup_gd32f405_425.o(RESET)
 <LI><a href="#[2a]">EXTI5_9_IRQHandler</a> from startup_gd32f405_425.o(.text) referenced from startup_gd32f405_425.o(RESET)
 <LI><a href="#[17]">FMC_IRQHandler</a> from startup_gd32f405_425.o(.text) referenced from startup_gd32f405_425.o(RESET)
 <LI><a href="#[60]">FPU_IRQHandler</a> from startup_gd32f405_425.o(.text) referenced from startup_gd32f405_425.o(RESET)
 <LI><a href="#[6b]">GPS_Task</a> from main.o(i.GPS_Task) referenced from main.o(i.main)
 <LI><a href="#[b]">HardFault_Handler</a> from gd32f4xx_it.o(i.HardFault_Handler) referenced from startup_gd32f405_425.o(RESET)
 <LI><a href="#[6a]">HostComm_Task</a> from main.o(i.HostComm_Task) referenced from main.o(i.main)
 <LI><a href="#[33]">I2C0_ER_IRQHandler</a> from startup_gd32f405_425.o(.text) referenced from startup_gd32f405_425.o(RESET)
 <LI><a href="#[32]">I2C0_EV_IRQHandler</a> from startup_gd32f405_425.o(.text) referenced from startup_gd32f405_425.o(RESET)
 <LI><a href="#[35]">I2C1_ER_IRQHandler</a> from startup_gd32f405_425.o(.text) referenced from startup_gd32f405_425.o(RESET)
 <LI><a href="#[34]">I2C1_EV_IRQHandler</a> from startup_gd32f405_425.o(.text) referenced from startup_gd32f405_425.o(RESET)
 <LI><a href="#[59]">I2C2_ER_IRQHandler</a> from startup_gd32f405_425.o(.text) referenced from startup_gd32f405_425.o(RESET)
 <LI><a href="#[58]">I2C2_EV_IRQHandler</a> from startup_gd32f405_425.o(.text) referenced from startup_gd32f405_425.o(RESET)
 <LI><a href="#[6c]">LED_Task</a> from main.o(i.LED_Task) referenced from main.o(i.main)
 <LI><a href="#[14]">LVD_IRQHandler</a> from startup_gd32f405_425.o(.text) referenced from startup_gd32f405_425.o(RESET)
 <LI><a href="#[c]">MemManage_Handler</a> from gd32f4xx_it.o(i.MemManage_Handler) referenced from startup_gd32f405_425.o(RESET)
 <LI><a href="#[a]">NMI_Handler</a> from gd32f4xx_it.o(i.NMI_Handler) referenced from startup_gd32f405_425.o(RESET)
 <LI><a href="#[11]">PendSV_Handler</a> from port.o(.emb_text) referenced from startup_gd32f405_425.o(RESET)
 <LI><a href="#[18]">RCU_CTC_IRQHandler</a> from startup_gd32f405_425.o(.text) referenced from startup_gd32f405_425.o(RESET)
 <LI><a href="#[3c]">RTC_Alarm_IRQHandler</a> from startup_gd32f405_425.o(.text) referenced from startup_gd32f405_425.o(RESET)
 <LI><a href="#[16]">RTC_WKUP_IRQHandler</a> from startup_gd32f405_425.o(.text) referenced from startup_gd32f405_425.o(RESET)
 <LI><a href="#[9]">Reset_Handler</a> from startup_gd32f405_425.o(.text) referenced from startup_gd32f405_425.o(RESET)
 <LI><a href="#[43]">SDIO_IRQHandler</a> from gd32f4xx_it.o(i.SDIO_IRQHandler) referenced from startup_gd32f405_425.o(RESET)
 <LI><a href="#[36]">SPI0_IRQHandler</a> from startup_gd32f405_425.o(.text) referenced from startup_gd32f405_425.o(RESET)
 <LI><a href="#[37]">SPI1_IRQHandler</a> from startup_gd32f405_425.o(.text) referenced from startup_gd32f405_425.o(RESET)
 <LI><a href="#[45]">SPI2_IRQHandler</a> from startup_gd32f405_425.o(.text) referenced from startup_gd32f405_425.o(RESET)
 <LI><a href="#[f]">SVC_Handler</a> from port.o(.emb_text) referenced from startup_gd32f405_425.o(RESET)
 <LI><a href="#[69]">SolarTracking_Task</a> from main.o(i.SolarTracking_Task) referenced from main.o(i.main)
 <LI><a href="#[12]">SysTick_Handler</a> from port.o(i.SysTick_Handler) referenced from startup_gd32f405_425.o(RESET)
 <LI><a href="#[62]">SystemInit</a> from system_gd32f4xx.o(i.SystemInit) referenced from startup_gd32f405_425.o(.text)
 <LI><a href="#[15]">TAMPER_STAMP_IRQHandler</a> from startup_gd32f405_425.o(.text) referenced from startup_gd32f405_425.o(RESET)
 <LI><a href="#[2b]">TIMER0_BRK_TIMER8_IRQHandler</a> from startup_gd32f405_425.o(.text) referenced from startup_gd32f405_425.o(RESET)
 <LI><a href="#[2e]">TIMER0_Channel_IRQHandler</a> from startup_gd32f405_425.o(.text) referenced from startup_gd32f405_425.o(RESET)
 <LI><a href="#[2d]">TIMER0_TRG_CMT_TIMER10_IRQHandler</a> from startup_gd32f405_425.o(.text) referenced from startup_gd32f405_425.o(RESET)
 <LI><a href="#[2c]">TIMER0_UP_TIMER9_IRQHandler</a> from startup_gd32f405_425.o(.text) referenced from startup_gd32f405_425.o(RESET)
 <LI><a href="#[2f]">TIMER1_IRQHandler</a> from startup_gd32f405_425.o(.text) referenced from startup_gd32f405_425.o(RESET)
 <LI><a href="#[30]">TIMER2_IRQHandler</a> from startup_gd32f405_425.o(.text) referenced from startup_gd32f405_425.o(RESET)
 <LI><a href="#[31]">TIMER3_IRQHandler</a> from startup_gd32f405_425.o(.text) referenced from startup_gd32f405_425.o(RESET)
 <LI><a href="#[44]">TIMER4_IRQHandler</a> from startup_gd32f405_425.o(.text) referenced from startup_gd32f405_425.o(RESET)
 <LI><a href="#[48]">TIMER5_DAC_IRQHandler</a> from gd32f4xx_it.o(i.TIMER5_DAC_IRQHandler) referenced from startup_gd32f405_425.o(RESET)
 <LI><a href="#[49]">TIMER6_IRQHandler</a> from startup_gd32f405_425.o(.text) referenced from startup_gd32f405_425.o(RESET)
 <LI><a href="#[3e]">TIMER7_BRK_TIMER11_IRQHandler</a> from startup_gd32f405_425.o(.text) referenced from startup_gd32f405_425.o(RESET)
 <LI><a href="#[41]">TIMER7_Channel_IRQHandler</a> from startup_gd32f405_425.o(.text) referenced from startup_gd32f405_425.o(RESET)
 <LI><a href="#[40]">TIMER7_TRG_CMT_TIMER13_IRQHandler</a> from startup_gd32f405_425.o(.text) referenced from startup_gd32f405_425.o(RESET)
 <LI><a href="#[3f]">TIMER7_UP_TIMER12_IRQHandler</a> from startup_gd32f405_425.o(.text) referenced from startup_gd32f405_425.o(RESET)
 <LI><a href="#[5f]">TRNG_IRQHandler</a> from startup_gd32f405_425.o(.text) referenced from startup_gd32f405_425.o(RESET)
 <LI><a href="#[46]">UART3_IRQHandler</a> from startup_gd32f405_425.o(.text) referenced from startup_gd32f405_425.o(RESET)
 <LI><a href="#[47]">UART4_IRQHandler</a> from startup_gd32f405_425.o(.text) referenced from startup_gd32f405_425.o(RESET)
 <LI><a href="#[38]">USART0_IRQHandler</a> from startup_gd32f405_425.o(.text) referenced from startup_gd32f405_425.o(RESET)
 <LI><a href="#[39]">USART1_IRQHandler</a> from gd32f4xx_it.o(i.USART1_IRQHandler) referenced from startup_gd32f405_425.o(RESET)
 <LI><a href="#[3a]">USART2_IRQHandler</a> from gd32f4xx_it.o(i.USART2_IRQHandler) referenced from startup_gd32f405_425.o(RESET)
 <LI><a href="#[57]">USART5_IRQHandler</a> from gd32f4xx_it.o(i.USART5_IRQHandler) referenced from startup_gd32f405_425.o(RESET)
 <LI><a href="#[53]">USBFS_IRQHandler</a> from startup_gd32f405_425.o(.text) referenced from startup_gd32f405_425.o(RESET)
 <LI><a href="#[3d]">USBFS_WKUP_IRQHandler</a> from startup_gd32f405_425.o(.text) referenced from startup_gd32f405_425.o(RESET)
 <LI><a href="#[5b]">USBHS_EP1_In_IRQHandler</a> from startup_gd32f405_425.o(.text) referenced from startup_gd32f405_425.o(RESET)
 <LI><a href="#[5a]">USBHS_EP1_Out_IRQHandler</a> from startup_gd32f405_425.o(.text) referenced from startup_gd32f405_425.o(RESET)
 <LI><a href="#[5d]">USBHS_IRQHandler</a> from startup_gd32f405_425.o(.text) referenced from startup_gd32f405_425.o(RESET)
 <LI><a href="#[5c]">USBHS_WKUP_IRQHandler</a> from startup_gd32f405_425.o(.text) referenced from startup_gd32f405_425.o(RESET)
 <LI><a href="#[e]">UsageFault_Handler</a> from gd32f4xx_it.o(i.UsageFault_Handler) referenced from startup_gd32f405_425.o(RESET)
 <LI><a href="#[13]">WWDGT_IRQHandler</a> from startup_gd32f405_425.o(.text) referenced from startup_gd32f405_425.o(RESET)
 <LI><a href="#[6e]">Watchdog_Task</a> from app_watchdog.o(i.Watchdog_Task) referenced from main.o(i.main)
 <LI><a href="#[63]">__main</a> from entry.o(.ARM.Collect$$$$00000000) referenced from startup_gd32f405_425.o(.text)
 <LI><a href="#[65]">_sbackspace</a> from _sgetc.o(.text) referenced 2 times from __0sscanf.o(.text)
 <LI><a href="#[66]">_scanf_char_input</a> from scanf_char.o(.text) referenced from scanf_char.o(.text)
 <LI><a href="#[64]">_sgetc</a> from _sgetc.o(.text) referenced 2 times from __0sscanf.o(.text)
 <LI><a href="#[68]">_snputc</a> from printfa.o(i._snputc) referenced from printfa.o(i.__0snprintf)
 <LI><a href="#[68]">_snputc</a> from printfa.o(i._snputc) referenced from printfa.o(i.__0vsnprintf)
 <LI><a href="#[67]">isspace</a> from isspace_o.o(.text) referenced 2 times from scanf_char.o(.text)
 <LI><a href="#[61]">main</a> from main.o(i.main) referenced from entry9a.o(.ARM.Collect$$$$0000000B)
 <LI><a href="#[7]">port_get_flash_config</a> from sun_position_port.o(i.port_get_flash_config) referenced 2 times from sun_position_port.o(.data)
 <LI><a href="#[6]">port_get_flash_position</a> from sun_position_port.o(i.port_get_flash_position) referenced 2 times from sun_position_port.o(.data)
 <LI><a href="#[1]">port_get_gps_position</a> from sun_position_port.o(i.port_get_gps_position) referenced 2 times from sun_position_port.o(.data)
 <LI><a href="#[2]">port_get_gps_time</a> from sun_position_port.o(i.port_get_gps_time) referenced 2 times from sun_position_port.o(.data)
 <LI><a href="#[8]">port_get_tick</a> from sun_position_port.o(i.port_get_tick) referenced 2 times from sun_position_port.o(.data)
 <LI><a href="#[3]">port_get_utc_time</a> from sun_position_port.o(i.port_get_utc_time) referenced 2 times from sun_position_port.o(.data)
 <LI><a href="#[5]">port_rtc_time_valid</a> from sun_position_port.o(i.port_rtc_time_valid) referenced 2 times from sun_position_port.o(.data)
 <LI><a href="#[4]">port_set_rtc_time</a> from sun_position_port.o(i.port_set_rtc_time) referenced 2 times from sun_position_port.o(.data)
 <LI><a href="#[6f]">prvIdleTask</a> from tasks.o(i.prvIdleTask) referenced from tasks.o(i.prvCreateIdleTasks)
 <LI><a href="#[70]">prvTaskExitError</a> from port.o(i.prvTaskExitError) referenced from port.o(i.pxPortInitialiseStack)
 <LI><a href="#[71]">prvTimerTask</a> from timers.o(i.prvTimerTask) referenced from timers.o(i.xTimerCreateTimerTask)
 <LI><a href="#[6d]">sd_logger_task</a> from sd_logger.o(i.sd_logger_task) referenced from main.o(i.main)
</UL>
<P>
<H3>
Global Symbols
</H3>
<P><STRONG><a name="[63]"></a>__main</STRONG> (Thumb, 0 bytes, Stack size unknown bytes, entry.o(.ARM.Collect$$$$00000000))
<BR>[Address Reference Count : 1]<UL><LI> startup_gd32f405_425.o(.text)
</UL>
<P><STRONG><a name="[2ee]"></a>_main_stk</STRONG> (Thumb, 0 bytes, Stack size unknown bytes, entry2.o(.ARM.Collect$$$$00000001))

<P><STRONG><a name="[72]"></a>_main_scatterload</STRONG> (Thumb, 0 bytes, Stack size unknown bytes, entry5.o(.ARM.Collect$$$$00000004))
<BR><BR>[Calls]<UL><LI><a href="#[73]">&gt;&gt;</a>&nbsp;&nbsp;&nbsp;__scatterload
</UL>

<P><STRONG><a name="[98]"></a>__main_after_scatterload</STRONG> (Thumb, 0 bytes, Stack size unknown bytes, entry5.o(.ARM.Collect$$$$00000004))
<BR><BR>[Called By]<UL><LI><a href="#[73]">&gt;&gt;</a>&nbsp;&nbsp;&nbsp;__scatterload
</UL>

<P><STRONG><a name="[2ef]"></a>_main_clock</STRONG> (Thumb, 0 bytes, Stack size unknown bytes, entry7b.o(.ARM.Collect$$$$00000008))

<P><STRONG><a name="[2f0]"></a>_main_cpp_init</STRONG> (Thumb, 0 bytes, Stack size unknown bytes, entry8b.o(.ARM.Collect$$$$0000000A))

<P><STRONG><a name="[2f1]"></a>_main_init</STRONG> (Thumb, 0 bytes, Stack size unknown bytes, entry9a.o(.ARM.Collect$$$$0000000B))

<P><STRONG><a name="[2f2]"></a>__rt_final_cpp</STRONG> (Thumb, 0 bytes, Stack size unknown bytes, entry10a.o(.ARM.Collect$$$$0000000D))

<P><STRONG><a name="[2f3]"></a>__rt_final_exit</STRONG> (Thumb, 0 bytes, Stack size unknown bytes, entry11a.o(.ARM.Collect$$$$0000000F))

<P><STRONG><a name="[f]"></a>SVC_Handler</STRONG> (Thumb, 28 bytes, Stack size 0 bytes, port.o(.emb_text))
<BR>[Address Reference Count : 1]<UL><LI> startup_gd32f405_425.o(RESET)
</UL>
<P><STRONG><a name="[2e5]"></a>__asm___6_port_c_39a90d8d__prvStartFirstTask</STRONG> (Thumb, 36 bytes, Stack size 0 bytes, port.o(.emb_text))
<BR><BR>[Called By]<UL><LI><a href="#[2df]">&gt;&gt;</a>&nbsp;&nbsp;&nbsp;xPortStartScheduler
</UL>

<P><STRONG><a name="[2e4]"></a>__asm___6_port_c_39a90d8d__prvEnableVFP</STRONG> (Thumb, 16 bytes, Stack size 0 bytes, port.o(.emb_text))
<BR><BR>[Called By]<UL><LI><a href="#[2df]">&gt;&gt;</a>&nbsp;&nbsp;&nbsp;xPortStartScheduler
</UL>

<P><STRONG><a name="[11]"></a>PendSV_Handler</STRONG> (Thumb, 88 bytes, Stack size 0 bytes, port.o(.emb_text))
<BR><BR>[Stack]<UL><LI>Max Depth = 24<LI>Call Chain = PendSV_Handler &rArr; vTaskSwitchContext &rArr; vApplicationStackOverflowHook &rArr; led_set
</UL>
<BR>[Calls]<UL><LI><a href="#[74]">&gt;&gt;</a>&nbsp;&nbsp;&nbsp;vTaskSwitchContext
</UL>
<BR>[Address Reference Count : 1]<UL><LI> startup_gd32f405_425.o(RESET)
</UL>
<P><STRONG><a name="[2d9]"></a>vPortGetIPSR</STRONG> (Thumb, 6 bytes, Stack size 0 bytes, port.o(.emb_text))
<BR><BR>[Called By]<UL><LI><a href="#[2d8]">&gt;&gt;</a>&nbsp;&nbsp;&nbsp;vPortValidateInterruptPriority
</UL>

<P><STRONG><a name="[9]"></a>Reset_Handler</STRONG> (Thumb, 8 bytes, Stack size 0 bytes, startup_gd32f405_425.o(.text))
<BR>[Address Reference Count : 1]<UL><LI> startup_gd32f405_425.o(RESET)
</UL>
<P><STRONG><a name="[25]"></a>ADC_IRQHandler</STRONG> (Thumb, 0 bytes, Stack size 0 bytes, startup_gd32f405_425.o(.text))
<BR><BR>[Calls]<UL><LI><a href="#[25]">&gt;&gt;</a>&nbsp;&nbsp;&nbsp;ADC_IRQHandler
</UL>
<BR>[Called By]<UL><LI><a href="#[25]">&gt;&gt;</a>&nbsp;&nbsp;&nbsp;ADC_IRQHandler
</UL>
<BR>[Address Reference Count : 1]<UL><LI> startup_gd32f405_425.o(RESET)
</UL>
<P><STRONG><a name="[29]"></a>CAN0_EWMC_IRQHandler</STRONG> (Thumb, 0 bytes, Stack size 0 bytes, startup_gd32f405_425.o(.text))
<BR>[Address Reference Count : 1]<UL><LI> startup_gd32f405_425.o(RESET)
</UL>
<P><STRONG><a name="[27]"></a>CAN0_RX0_IRQHandler</STRONG> (Thumb, 0 bytes, Stack size 0 bytes, startup_gd32f405_425.o(.text))
<BR>[Address Reference Count : 1]<UL><LI> startup_gd32f405_425.o(RESET)
</UL>
<P><STRONG><a name="[28]"></a>CAN0_RX1_IRQHandler</STRONG> (Thumb, 0 bytes, Stack size 0 bytes, startup_gd32f405_425.o(.text))
<BR>[Address Reference Count : 1]<UL><LI> startup_gd32f405_425.o(RESET)
</UL>
<P><STRONG><a name="[26]"></a>CAN0_TX_IRQHandler</STRONG> (Thumb, 0 bytes, Stack size 0 bytes, startup_gd32f405_425.o(.text))
<BR>[Address Reference Count : 1]<UL><LI> startup_gd32f405_425.o(RESET)
</UL>
<P><STRONG><a name="[52]"></a>CAN1_EWMC_IRQHandler</STRONG> (Thumb, 0 bytes, Stack size 0 bytes, startup_gd32f405_425.o(.text))
<BR>[Address Reference Count : 1]<UL><LI> startup_gd32f405_425.o(RESET)
</UL>
<P><STRONG><a name="[50]"></a>CAN1_RX0_IRQHandler</STRONG> (Thumb, 0 bytes, Stack size 0 bytes, startup_gd32f405_425.o(.text))
<BR>[Address Reference Count : 1]<UL><LI> startup_gd32f405_425.o(RESET)
</UL>
<P><STRONG><a name="[51]"></a>CAN1_RX1_IRQHandler</STRONG> (Thumb, 0 bytes, Stack size 0 bytes, startup_gd32f405_425.o(.text))
<BR>[Address Reference Count : 1]<UL><LI> startup_gd32f405_425.o(RESET)
</UL>
<P><STRONG><a name="[4f]"></a>CAN1_TX_IRQHandler</STRONG> (Thumb, 0 bytes, Stack size 0 bytes, startup_gd32f405_425.o(.text))
<BR>[Address Reference Count : 1]<UL><LI> startup_gd32f405_425.o(RESET)
</UL>
<P><STRONG><a name="[5e]"></a>DCI_IRQHandler</STRONG> (Thumb, 0 bytes, Stack size 0 bytes, startup_gd32f405_425.o(.text))
<BR>[Address Reference Count : 1]<UL><LI> startup_gd32f405_425.o(RESET)
</UL>
<P><STRONG><a name="[1e]"></a>DMA0_Channel0_IRQHandler</STRONG> (Thumb, 0 bytes, Stack size 0 bytes, startup_gd32f405_425.o(.text))
<BR>[Address Reference Count : 1]<UL><LI> startup_gd32f405_425.o(RESET)
</UL>
<P><STRONG><a name="[1f]"></a>DMA0_Channel1_IRQHandler</STRONG> (Thumb, 0 bytes, Stack size 0 bytes, startup_gd32f405_425.o(.text))
<BR>[Address Reference Count : 1]<UL><LI> startup_gd32f405_425.o(RESET)
</UL>
<P><STRONG><a name="[20]"></a>DMA0_Channel2_IRQHandler</STRONG> (Thumb, 0 bytes, Stack size 0 bytes, startup_gd32f405_425.o(.text))
<BR>[Address Reference Count : 1]<UL><LI> startup_gd32f405_425.o(RESET)
</UL>
<P><STRONG><a name="[21]"></a>DMA0_Channel3_IRQHandler</STRONG> (Thumb, 0 bytes, Stack size 0 bytes, startup_gd32f405_425.o(.text))
<BR>[Address Reference Count : 1]<UL><LI> startup_gd32f405_425.o(RESET)
</UL>
<P><STRONG><a name="[22]"></a>DMA0_Channel4_IRQHandler</STRONG> (Thumb, 0 bytes, Stack size 0 bytes, startup_gd32f405_425.o(.text))
<BR>[Address Reference Count : 1]<UL><LI> startup_gd32f405_425.o(RESET)
</UL>
<P><STRONG><a name="[23]"></a>DMA0_Channel5_IRQHandler</STRONG> (Thumb, 0 bytes, Stack size 0 bytes, startup_gd32f405_425.o(.text))
<BR>[Address Reference Count : 1]<UL><LI> startup_gd32f405_425.o(RESET)
</UL>
<P><STRONG><a name="[24]"></a>DMA0_Channel6_IRQHandler</STRONG> (Thumb, 0 bytes, Stack size 0 bytes, startup_gd32f405_425.o(.text))
<BR>[Address Reference Count : 1]<UL><LI> startup_gd32f405_425.o(RESET)
</UL>
<P><STRONG><a name="[42]"></a>DMA0_Channel7_IRQHandler</STRONG> (Thumb, 0 bytes, Stack size 0 bytes, startup_gd32f405_425.o(.text))
<BR>[Address Reference Count : 1]<UL><LI> startup_gd32f405_425.o(RESET)
</UL>
<P><STRONG><a name="[4a]"></a>DMA1_Channel0_IRQHandler</STRONG> (Thumb, 0 bytes, Stack size 0 bytes, startup_gd32f405_425.o(.text))
<BR>[Address Reference Count : 1]<UL><LI> startup_gd32f405_425.o(RESET)
</UL>
<P><STRONG><a name="[4b]"></a>DMA1_Channel1_IRQHandler</STRONG> (Thumb, 0 bytes, Stack size 0 bytes, startup_gd32f405_425.o(.text))
<BR>[Address Reference Count : 1]<UL><LI> startup_gd32f405_425.o(RESET)
</UL>
<P><STRONG><a name="[4c]"></a>DMA1_Channel2_IRQHandler</STRONG> (Thumb, 0 bytes, Stack size 0 bytes, startup_gd32f405_425.o(.text))
<BR>[Address Reference Count : 1]<UL><LI> startup_gd32f405_425.o(RESET)
</UL>
<P><STRONG><a name="[4d]"></a>DMA1_Channel3_IRQHandler</STRONG> (Thumb, 0 bytes, Stack size 0 bytes, startup_gd32f405_425.o(.text))
<BR>[Address Reference Count : 1]<UL><LI> startup_gd32f405_425.o(RESET)
</UL>
<P><STRONG><a name="[4e]"></a>DMA1_Channel4_IRQHandler</STRONG> (Thumb, 0 bytes, Stack size 0 bytes, startup_gd32f405_425.o(.text))
<BR>[Address Reference Count : 1]<UL><LI> startup_gd32f405_425.o(RESET)
</UL>
<P><STRONG><a name="[54]"></a>DMA1_Channel5_IRQHandler</STRONG> (Thumb, 0 bytes, Stack size 0 bytes, startup_gd32f405_425.o(.text))
<BR>[Address Reference Count : 1]<UL><LI> startup_gd32f405_425.o(RESET)
</UL>
<P><STRONG><a name="[55]"></a>DMA1_Channel6_IRQHandler</STRONG> (Thumb, 0 bytes, Stack size 0 bytes, startup_gd32f405_425.o(.text))
<BR>[Address Reference Count : 1]<UL><LI> startup_gd32f405_425.o(RESET)
</UL>
<P><STRONG><a name="[56]"></a>DMA1_Channel7_IRQHandler</STRONG> (Thumb, 0 bytes, Stack size 0 bytes, startup_gd32f405_425.o(.text))
<BR>[Address Reference Count : 1]<UL><LI> startup_gd32f405_425.o(RESET)
</UL>
<P><STRONG><a name="[19]"></a>EXTI0_IRQHandler</STRONG> (Thumb, 0 bytes, Stack size 0 bytes, startup_gd32f405_425.o(.text))
<BR>[Address Reference Count : 1]<UL><LI> startup_gd32f405_425.o(RESET)
</UL>
<P><STRONG><a name="[1a]"></a>EXTI1_IRQHandler</STRONG> (Thumb, 0 bytes, Stack size 0 bytes, startup_gd32f405_425.o(.text))
<BR>[Address Reference Count : 1]<UL><LI> startup_gd32f405_425.o(RESET)
</UL>
<P><STRONG><a name="[1b]"></a>EXTI2_IRQHandler</STRONG> (Thumb, 0 bytes, Stack size 0 bytes, startup_gd32f405_425.o(.text))
<BR>[Address Reference Count : 1]<UL><LI> startup_gd32f405_425.o(RESET)
</UL>
<P><STRONG><a name="[1c]"></a>EXTI3_IRQHandler</STRONG> (Thumb, 0 bytes, Stack size 0 bytes, startup_gd32f405_425.o(.text))
<BR>[Address Reference Count : 1]<UL><LI> startup_gd32f405_425.o(RESET)
</UL>
<P><STRONG><a name="[1d]"></a>EXTI4_IRQHandler</STRONG> (Thumb, 0 bytes, Stack size 0 bytes, startup_gd32f405_425.o(.text))
<BR>[Address Reference Count : 1]<UL><LI> startup_gd32f405_425.o(RESET)
</UL>
<P><STRONG><a name="[2a]"></a>EXTI5_9_IRQHandler</STRONG> (Thumb, 0 bytes, Stack size 0 bytes, startup_gd32f405_425.o(.text))
<BR>[Address Reference Count : 1]<UL><LI> startup_gd32f405_425.o(RESET)
</UL>
<P><STRONG><a name="[17]"></a>FMC_IRQHandler</STRONG> (Thumb, 0 bytes, Stack size 0 bytes, startup_gd32f405_425.o(.text))
<BR>[Address Reference Count : 1]<UL><LI> startup_gd32f405_425.o(RESET)
</UL>
<P><STRONG><a name="[60]"></a>FPU_IRQHandler</STRONG> (Thumb, 0 bytes, Stack size 0 bytes, startup_gd32f405_425.o(.text))
<BR>[Address Reference Count : 1]<UL><LI> startup_gd32f405_425.o(RESET)
</UL>
<P><STRONG><a name="[33]"></a>I2C0_ER_IRQHandler</STRONG> (Thumb, 0 bytes, Stack size 0 bytes, startup_gd32f405_425.o(.text))
<BR>[Address Reference Count : 1]<UL><LI> startup_gd32f405_425.o(RESET)
</UL>
<P><STRONG><a name="[32]"></a>I2C0_EV_IRQHandler</STRONG> (Thumb, 0 bytes, Stack size 0 bytes, startup_gd32f405_425.o(.text))
<BR>[Address Reference Count : 1]<UL><LI> startup_gd32f405_425.o(RESET)
</UL>
<P><STRONG><a name="[35]"></a>I2C1_ER_IRQHandler</STRONG> (Thumb, 0 bytes, Stack size 0 bytes, startup_gd32f405_425.o(.text))
<BR>[Address Reference Count : 1]<UL><LI> startup_gd32f405_425.o(RESET)
</UL>
<P><STRONG><a name="[34]"></a>I2C1_EV_IRQHandler</STRONG> (Thumb, 0 bytes, Stack size 0 bytes, startup_gd32f405_425.o(.text))
<BR>[Address Reference Count : 1]<UL><LI> startup_gd32f405_425.o(RESET)
</UL>
<P><STRONG><a name="[59]"></a>I2C2_ER_IRQHandler</STRONG> (Thumb, 0 bytes, Stack size 0 bytes, startup_gd32f405_425.o(.text))
<BR>[Address Reference Count : 1]<UL><LI> startup_gd32f405_425.o(RESET)
</UL>
<P><STRONG><a name="[58]"></a>I2C2_EV_IRQHandler</STRONG> (Thumb, 0 bytes, Stack size 0 bytes, startup_gd32f405_425.o(.text))
<BR>[Address Reference Count : 1]<UL><LI> startup_gd32f405_425.o(RESET)
</UL>
<P><STRONG><a name="[14]"></a>LVD_IRQHandler</STRONG> (Thumb, 0 bytes, Stack size 0 bytes, startup_gd32f405_425.o(.text))
<BR>[Address Reference Count : 1]<UL><LI> startup_gd32f405_425.o(RESET)
</UL>
<P><STRONG><a name="[18]"></a>RCU_CTC_IRQHandler</STRONG> (Thumb, 0 bytes, Stack size 0 bytes, startup_gd32f405_425.o(.text))
<BR>[Address Reference Count : 1]<UL><LI> startup_gd32f405_425.o(RESET)
</UL>
<P><STRONG><a name="[3c]"></a>RTC_Alarm_IRQHandler</STRONG> (Thumb, 0 bytes, Stack size 0 bytes, startup_gd32f405_425.o(.text))
<BR>[Address Reference Count : 1]<UL><LI> startup_gd32f405_425.o(RESET)
</UL>
<P><STRONG><a name="[16]"></a>RTC_WKUP_IRQHandler</STRONG> (Thumb, 0 bytes, Stack size 0 bytes, startup_gd32f405_425.o(.text))
<BR>[Address Reference Count : 1]<UL><LI> startup_gd32f405_425.o(RESET)
</UL>
<P><STRONG><a name="[36]"></a>SPI0_IRQHandler</STRONG> (Thumb, 0 bytes, Stack size 0 bytes, startup_gd32f405_425.o(.text))
<BR>[Address Reference Count : 1]<UL><LI> startup_gd32f405_425.o(RESET)
</UL>
<P><STRONG><a name="[37]"></a>SPI1_IRQHandler</STRONG> (Thumb, 0 bytes, Stack size 0 bytes, startup_gd32f405_425.o(.text))
<BR>[Address Reference Count : 1]<UL><LI> startup_gd32f405_425.o(RESET)
</UL>
<P><STRONG><a name="[45]"></a>SPI2_IRQHandler</STRONG> (Thumb, 0 bytes, Stack size 0 bytes, startup_gd32f405_425.o(.text))
<BR>[Address Reference Count : 1]<UL><LI> startup_gd32f405_425.o(RESET)
</UL>
<P><STRONG><a name="[15]"></a>TAMPER_STAMP_IRQHandler</STRONG> (Thumb, 0 bytes, Stack size 0 bytes, startup_gd32f405_425.o(.text))
<BR>[Address Reference Count : 1]<UL><LI> startup_gd32f405_425.o(RESET)
</UL>
<P><STRONG><a name="[2b]"></a>TIMER0_BRK_TIMER8_IRQHandler</STRONG> (Thumb, 0 bytes, Stack size 0 bytes, startup_gd32f405_425.o(.text))
<BR>[Address Reference Count : 1]<UL><LI> startup_gd32f405_425.o(RESET)
</UL>
<P><STRONG><a name="[2e]"></a>TIMER0_Channel_IRQHandler</STRONG> (Thumb, 0 bytes, Stack size 0 bytes, startup_gd32f405_425.o(.text))
<BR>[Address Reference Count : 1]<UL><LI> startup_gd32f405_425.o(RESET)
</UL>
<P><STRONG><a name="[2d]"></a>TIMER0_TRG_CMT_TIMER10_IRQHandler</STRONG> (Thumb, 0 bytes, Stack size 0 bytes, startup_gd32f405_425.o(.text))
<BR>[Address Reference Count : 1]<UL><LI> startup_gd32f405_425.o(RESET)
</UL>
<P><STRONG><a name="[2c]"></a>TIMER0_UP_TIMER9_IRQHandler</STRONG> (Thumb, 0 bytes, Stack size 0 bytes, startup_gd32f405_425.o(.text))
<BR>[Address Reference Count : 1]<UL><LI> startup_gd32f405_425.o(RESET)
</UL>
<P><STRONG><a name="[2f]"></a>TIMER1_IRQHandler</STRONG> (Thumb, 0 bytes, Stack size 0 bytes, startup_gd32f405_425.o(.text))
<BR>[Address Reference Count : 1]<UL><LI> startup_gd32f405_425.o(RESET)
</UL>
<P><STRONG><a name="[30]"></a>TIMER2_IRQHandler</STRONG> (Thumb, 0 bytes, Stack size 0 bytes, startup_gd32f405_425.o(.text))
<BR>[Address Reference Count : 1]<UL><LI> startup_gd32f405_425.o(RESET)
</UL>
<P><STRONG><a name="[31]"></a>TIMER3_IRQHandler</STRONG> (Thumb, 0 bytes, Stack size 0 bytes, startup_gd32f405_425.o(.text))
<BR>[Address Reference Count : 1]<UL><LI> startup_gd32f405_425.o(RESET)
</UL>
<P><STRONG><a name="[44]"></a>TIMER4_IRQHandler</STRONG> (Thumb, 0 bytes, Stack size 0 bytes, startup_gd32f405_425.o(.text))
<BR>[Address Reference Count : 1]<UL><LI> startup_gd32f405_425.o(RESET)
</UL>
<P><STRONG><a name="[49]"></a>TIMER6_IRQHandler</STRONG> (Thumb, 0 bytes, Stack size 0 bytes, startup_gd32f405_425.o(.text))
<BR>[Address Reference Count : 1]<UL><LI> startup_gd32f405_425.o(RESET)
</UL>
<P><STRONG><a name="[3e]"></a>TIMER7_BRK_TIMER11_IRQHandler</STRONG> (Thumb, 0 bytes, Stack size 0 bytes, startup_gd32f405_425.o(.text))
<BR>[Address Reference Count : 1]<UL><LI> startup_gd32f405_425.o(RESET)
</UL>
<P><STRONG><a name="[41]"></a>TIMER7_Channel_IRQHandler</STRONG> (Thumb, 0 bytes, Stack size 0 bytes, startup_gd32f405_425.o(.text))
<BR>[Address Reference Count : 1]<UL><LI> startup_gd32f405_425.o(RESET)
</UL>
<P><STRONG><a name="[40]"></a>TIMER7_TRG_CMT_TIMER13_IRQHandler</STRONG> (Thumb, 0 bytes, Stack size 0 bytes, startup_gd32f405_425.o(.text))
<BR>[Address Reference Count : 1]<UL><LI> startup_gd32f405_425.o(RESET)
</UL>
<P><STRONG><a name="[3f]"></a>TIMER7_UP_TIMER12_IRQHandler</STRONG> (Thumb, 0 bytes, Stack size 0 bytes, startup_gd32f405_425.o(.text))
<BR>[Address Reference Count : 1]<UL><LI> startup_gd32f405_425.o(RESET)
</UL>
<P><STRONG><a name="[5f]"></a>TRNG_IRQHandler</STRONG> (Thumb, 0 bytes, Stack size 0 bytes, startup_gd32f405_425.o(.text))
<BR>[Address Reference Count : 1]<UL><LI> startup_gd32f405_425.o(RESET)
</UL>
<P><STRONG><a name="[46]"></a>UART3_IRQHandler</STRONG> (Thumb, 0 bytes, Stack size 0 bytes, startup_gd32f405_425.o(.text))
<BR>[Address Reference Count : 1]<UL><LI> startup_gd32f405_425.o(RESET)
</UL>
<P><STRONG><a name="[47]"></a>UART4_IRQHandler</STRONG> (Thumb, 0 bytes, Stack size 0 bytes, startup_gd32f405_425.o(.text))
<BR>[Address Reference Count : 1]<UL><LI> startup_gd32f405_425.o(RESET)
</UL>
<P><STRONG><a name="[38]"></a>USART0_IRQHandler</STRONG> (Thumb, 0 bytes, Stack size 0 bytes, startup_gd32f405_425.o(.text))
<BR>[Address Reference Count : 1]<UL><LI> startup_gd32f405_425.o(RESET)
</UL>
<P><STRONG><a name="[53]"></a>USBFS_IRQHandler</STRONG> (Thumb, 0 bytes, Stack size 0 bytes, startup_gd32f405_425.o(.text))
<BR>[Address Reference Count : 1]<UL><LI> startup_gd32f405_425.o(RESET)
</UL>
<P><STRONG><a name="[3d]"></a>USBFS_WKUP_IRQHandler</STRONG> (Thumb, 0 bytes, Stack size 0 bytes, startup_gd32f405_425.o(.text))
<BR>[Address Reference Count : 1]<UL><LI> startup_gd32f405_425.o(RESET)
</UL>
<P><STRONG><a name="[5b]"></a>USBHS_EP1_In_IRQHandler</STRONG> (Thumb, 0 bytes, Stack size 0 bytes, startup_gd32f405_425.o(.text))
<BR>[Address Reference Count : 1]<UL><LI> startup_gd32f405_425.o(RESET)
</UL>
<P><STRONG><a name="[5a]"></a>USBHS_EP1_Out_IRQHandler</STRONG> (Thumb, 0 bytes, Stack size 0 bytes, startup_gd32f405_425.o(.text))
<BR>[Address Reference Count : 1]<UL><LI> startup_gd32f405_425.o(RESET)
</UL>
<P><STRONG><a name="[5d]"></a>USBHS_IRQHandler</STRONG> (Thumb, 0 bytes, Stack size 0 bytes, startup_gd32f405_425.o(.text))
<BR>[Address Reference Count : 1]<UL><LI> startup_gd32f405_425.o(RESET)
</UL>
<P><STRONG><a name="[5c]"></a>USBHS_WKUP_IRQHandler</STRONG> (Thumb, 0 bytes, Stack size 0 bytes, startup_gd32f405_425.o(.text))
<BR>[Address Reference Count : 1]<UL><LI> startup_gd32f405_425.o(RESET)
</UL>
<P><STRONG><a name="[13]"></a>WWDGT_IRQHandler</STRONG> (Thumb, 0 bytes, Stack size 0 bytes, startup_gd32f405_425.o(.text))
<BR>[Address Reference Count : 1]<UL><LI> startup_gd32f405_425.o(RESET)
</UL>
<P><STRONG><a name="[75]"></a>__aeabi_uldivmod</STRONG> (Thumb, 98 bytes, Stack size 40 bytes, uldiv.o(.text))
<BR><BR>[Stack]<UL><LI>Max Depth = 40<LI>Call Chain = __aeabi_uldivmod
</UL>
<BR>[Calls]<UL><LI><a href="#[76]">&gt;&gt;</a>&nbsp;&nbsp;&nbsp;__aeabi_llsr
<LI><a href="#[77]">&gt;&gt;</a>&nbsp;&nbsp;&nbsp;__aeabi_llsl
</UL>
<BR>[Called By]<UL><LI><a href="#[1dd]">&gt;&gt;</a>&nbsp;&nbsp;&nbsp;rs485_send_dma_aware
<LI><a href="#[1d5]">&gt;&gt;</a>&nbsp;&nbsp;&nbsp;rs485_lock_bus
<LI><a href="#[164]">&gt;&gt;</a>&nbsp;&nbsp;&nbsp;delay_1ms
<LI><a href="#[1bf]">&gt;&gt;</a>&nbsp;&nbsp;&nbsp;flash_lock
<LI><a href="#[1b5]">&gt;&gt;</a>&nbsp;&nbsp;&nbsp;flash_delay_us
<LI><a href="#[1b3]">&gt;&gt;</a>&nbsp;&nbsp;&nbsp;flash_delay_ms
<LI><a href="#[140]">&gt;&gt;</a>&nbsp;&nbsp;&nbsp;config_lock
<LI><a href="#[28d]">&gt;&gt;</a>&nbsp;&nbsp;&nbsp;rs485_send_dma_sensor
<LI><a href="#[28c]">&gt;&gt;</a>&nbsp;&nbsp;&nbsp;rs485_send_dma_host
<LI><a href="#[103]">&gt;&gt;</a>&nbsp;&nbsp;&nbsp;_printf_core
<LI><a href="#[116]">&gt;&gt;</a>&nbsp;&nbsp;&nbsp;_fp_digits
</UL>

<P><STRONG><a name="[150]"></a>__aeabi_memcpy</STRONG> (Thumb, 36 bytes, Stack size 0 bytes, memcpya.o(.text))
<BR><BR>[Called By]<UL><LI><a href="#[25d]">&gt;&gt;</a>&nbsp;&nbsp;&nbsp;prvCopyDataToQueue
<LI><a href="#[25c]">&gt;&gt;</a>&nbsp;&nbsp;&nbsp;prvCopyDataFromQueue
<LI><a href="#[14e]">&gt;&gt;</a>&nbsp;&nbsp;&nbsp;config_try_load_from_rtc_hint
<LI><a href="#[240]">&gt;&gt;</a>&nbsp;&nbsp;&nbsp;modbus_rtu_send_bytes
<LI><a href="#[28d]">&gt;&gt;</a>&nbsp;&nbsp;&nbsp;rs485_send_dma_sensor
<LI><a href="#[28c]">&gt;&gt;</a>&nbsp;&nbsp;&nbsp;rs485_send_dma_host
</UL>

<P><STRONG><a name="[157]"></a>__aeabi_memcpy4</STRONG> (Thumb, 0 bytes, Stack size 0 bytes, memcpya.o(.text))
<BR><BR>[Called By]<UL><LI><a href="#[154]">&gt;&gt;</a>&nbsp;&nbsp;&nbsp;flash_config_init
<LI><a href="#[df]">&gt;&gt;</a>&nbsp;&nbsp;&nbsp;data_hub_update_sensor
<LI><a href="#[ca]">&gt;&gt;</a>&nbsp;&nbsp;&nbsp;data_hub_get_snapshot
<LI><a href="#[61]">&gt;&gt;</a>&nbsp;&nbsp;&nbsp;main
<LI><a href="#[fa]">&gt;&gt;</a>&nbsp;&nbsp;&nbsp;light_sensor_on_byte
<LI><a href="#[dd]">&gt;&gt;</a>&nbsp;&nbsp;&nbsp;sensor_comm_poll_async
<LI><a href="#[229]">&gt;&gt;</a>&nbsp;&nbsp;&nbsp;rs485_init
<LI><a href="#[153]">&gt;&gt;</a>&nbsp;&nbsp;&nbsp;config_write_flash
</UL>

<P><STRONG><a name="[2f4]"></a>__aeabi_memcpy8</STRONG> (Thumb, 0 bytes, Stack size 0 bytes, memcpya.o(.text), UNUSED)

<P><STRONG><a name="[79]"></a>__aeabi_memset</STRONG> (Thumb, 14 bytes, Stack size 0 bytes, memseta.o(.text))
<BR><BR>[Called By]<UL><LI><a href="#[263]">&gt;&gt;</a>&nbsp;&nbsp;&nbsp;prvInitialiseNewTask
<LI><a href="#[13e]">&gt;&gt;</a>&nbsp;&nbsp;&nbsp;config_flash_from_runtime
<LI><a href="#[7a]">&gt;&gt;</a>&nbsp;&nbsp;&nbsp;_memset$wrapper
<LI><a href="#[78]">&gt;&gt;</a>&nbsp;&nbsp;&nbsp;__aeabi_memclr
</UL>

<P><STRONG><a name="[2f5]"></a>__aeabi_memset4</STRONG> (Thumb, 0 bytes, Stack size 0 bytes, memseta.o(.text), UNUSED)

<P><STRONG><a name="[2f6]"></a>__aeabi_memset8</STRONG> (Thumb, 0 bytes, Stack size 0 bytes, memseta.o(.text), UNUSED)

<P><STRONG><a name="[78]"></a>__aeabi_memclr</STRONG> (Thumb, 4 bytes, Stack size 0 bytes, memseta.o(.text))
<BR><BR>[Calls]<UL><LI><a href="#[79]">&gt;&gt;</a>&nbsp;&nbsp;&nbsp;__aeabi_memset
</UL>
<BR>[Called By]<UL><LI><a href="#[200]">&gt;&gt;</a>&nbsp;&nbsp;&nbsp;modbus_rtu_slave_init
</UL>

<P><STRONG><a name="[14a]"></a>__aeabi_memclr4</STRONG> (Thumb, 0 bytes, Stack size 0 bytes, memseta.o(.text))
<BR><BR>[Called By]<UL><LI><a href="#[260]">&gt;&gt;</a>&nbsp;&nbsp;&nbsp;prvCreateTask
<LI><a href="#[154]">&gt;&gt;</a>&nbsp;&nbsp;&nbsp;flash_config_init
<LI><a href="#[162]">&gt;&gt;</a>&nbsp;&nbsp;&nbsp;data_hub_init
<LI><a href="#[61]">&gt;&gt;</a>&nbsp;&nbsp;&nbsp;main
<LI><a href="#[22b]">&gt;&gt;</a>&nbsp;&nbsp;&nbsp;sensor_comm_init
<LI><a href="#[22c]">&gt;&gt;</a>&nbsp;&nbsp;&nbsp;optical_tracking_init
<LI><a href="#[1ff]">&gt;&gt;</a>&nbsp;&nbsp;&nbsp;host_comm_init
<LI><a href="#[149]">&gt;&gt;</a>&nbsp;&nbsp;&nbsp;config_runtime_from_flash
<LI><a href="#[1e5]">&gt;&gt;</a>&nbsp;&nbsp;&nbsp;gps_data_init
</UL>

<P><STRONG><a name="[2f7]"></a>__aeabi_memclr8</STRONG> (Thumb, 0 bytes, Stack size 0 bytes, memseta.o(.text), UNUSED)

<P><STRONG><a name="[7a]"></a>_memset$wrapper</STRONG> (Thumb, 18 bytes, Stack size 8 bytes, memseta.o(.text), UNUSED)
<BR><BR>[Calls]<UL><LI><a href="#[79]">&gt;&gt;</a>&nbsp;&nbsp;&nbsp;__aeabi_memset
</UL>

<P><STRONG><a name="[1f1]"></a>strstr</STRONG> (Thumb, 36 bytes, Stack size 12 bytes, strstr.o(.text))
<BR><BR>[Stack]<UL><LI>Max Depth = 12<LI>Call Chain = strstr
</UL>
<BR>[Called By]<UL><LI><a href="#[1ef]">&gt;&gt;</a>&nbsp;&nbsp;&nbsp;gps_parse_sentence
</UL>

<P><STRONG><a name="[1fb]"></a>strchr</STRONG> (Thumb, 20 bytes, Stack size 0 bytes, strchr.o(.text))
<BR><BR>[Called By]<UL><LI><a href="#[1f0]">&gt;&gt;</a>&nbsp;&nbsp;&nbsp;gps_verify_checksum
</UL>

<P><STRONG><a name="[1e2]"></a>strlen</STRONG> (Thumb, 14 bytes, Stack size 0 bytes, strlen.o(.text))
<BR><BR>[Called By]<UL><LI><a href="#[204]">&gt;&gt;</a>&nbsp;&nbsp;&nbsp;sd_logger_printf
<LI><a href="#[d5]">&gt;&gt;</a>&nbsp;&nbsp;&nbsp;sd_logger_log_tracking_state
<LI><a href="#[2c4]">&gt;&gt;</a>&nbsp;&nbsp;&nbsp;sd_process_month_dir
<LI><a href="#[2b9]">&gt;&gt;</a>&nbsp;&nbsp;&nbsp;sd_is_valid_date_csv
<LI><a href="#[1f0]">&gt;&gt;</a>&nbsp;&nbsp;&nbsp;gps_verify_checksum
<LI><a href="#[1e4]">&gt;&gt;</a>&nbsp;&nbsp;&nbsp;gps_convert_time
<LI><a href="#[1e3]">&gt;&gt;</a>&nbsp;&nbsp;&nbsp;gps_convert_date
<LI><a href="#[1e1]">&gt;&gt;</a>&nbsp;&nbsp;&nbsp;gps_convert_coordinate
</UL>

<P><STRONG><a name="[1eb]"></a>strtok</STRONG> (Thumb, 62 bytes, Stack size 16 bytes, strtok.o(.text))
<BR><BR>[Stack]<UL><LI>Max Depth = 16<LI>Call Chain = strtok
</UL>
<BR>[Called By]<UL><LI><a href="#[1ee]">&gt;&gt;</a>&nbsp;&nbsp;&nbsp;gps_parse_gprmc
<LI><a href="#[1ed]">&gt;&gt;</a>&nbsp;&nbsp;&nbsp;gps_parse_gpgsa
<LI><a href="#[1ea]">&gt;&gt;</a>&nbsp;&nbsp;&nbsp;gps_parse_gpgga
</UL>

<P><STRONG><a name="[7b]"></a>__0sscanf</STRONG> (Thumb, 48 bytes, Stack size 72 bytes, __0sscanf.o(.text))
<BR><BR>[Stack]<UL><LI>Max Depth = 264<LI>Call Chain = __0sscanf &rArr; __vfscanf_char &rArr; __vfscanf &rArr; _scanf_real
</UL>
<BR>[Calls]<UL><LI><a href="#[7c]">&gt;&gt;</a>&nbsp;&nbsp;&nbsp;__vfscanf_char
</UL>
<BR>[Called By]<UL><LI><a href="#[2b9]">&gt;&gt;</a>&nbsp;&nbsp;&nbsp;sd_is_valid_date_csv
</UL>

<P><STRONG><a name="[7d]"></a>_scanf_int</STRONG> (Thumb, 332 bytes, Stack size 56 bytes, _scanf_int.o(.text))
<BR><BR>[Stack]<UL><LI>Max Depth = 56<LI>Call Chain = _scanf_int
</UL>
<BR>[Calls]<UL><LI><a href="#[7e]">&gt;&gt;</a>&nbsp;&nbsp;&nbsp;_chval
</UL>
<BR>[Called By]<UL><LI><a href="#[91]">&gt;&gt;</a>&nbsp;&nbsp;&nbsp;__vfscanf
</UL>

<P><STRONG><a name="[7f]"></a>strtol</STRONG> (Thumb, 112 bytes, Stack size 32 bytes, strtol.o(.text))
<BR><BR>[Stack]<UL><LI>Max Depth = 72<LI>Call Chain = strtol &rArr; _strtoul
</UL>
<BR>[Calls]<UL><LI><a href="#[81]">&gt;&gt;</a>&nbsp;&nbsp;&nbsp;_strtoul
<LI><a href="#[82]">&gt;&gt;</a>&nbsp;&nbsp;&nbsp;__aeabi_errno_addr
<LI><a href="#[80]">&gt;&gt;</a>&nbsp;&nbsp;&nbsp;__rt_ctype_table
</UL>
<BR>[Called By]<UL><LI><a href="#[1f0]">&gt;&gt;</a>&nbsp;&nbsp;&nbsp;gps_verify_checksum
<LI><a href="#[83]">&gt;&gt;</a>&nbsp;&nbsp;&nbsp;atoi
</UL>

<P><STRONG><a name="[83]"></a>atoi</STRONG> (Thumb, 26 bytes, Stack size 16 bytes, atoi.o(.text))
<BR><BR>[Stack]<UL><LI>Max Depth = 88<LI>Call Chain = atoi &rArr; strtol &rArr; _strtoul
</UL>
<BR>[Calls]<UL><LI><a href="#[7f]">&gt;&gt;</a>&nbsp;&nbsp;&nbsp;strtol
<LI><a href="#[82]">&gt;&gt;</a>&nbsp;&nbsp;&nbsp;__aeabi_errno_addr
</UL>
<BR>[Called By]<UL><LI><a href="#[1ea]">&gt;&gt;</a>&nbsp;&nbsp;&nbsp;gps_parse_gpgga
</UL>

<P><STRONG><a name="[84]"></a>__aeabi_dadd</STRONG> (Thumb, 322 bytes, Stack size 48 bytes, dadd.o(.text))
<BR><BR>[Stack]<UL><LI>Max Depth = 88<LI>Call Chain = __aeabi_dadd &rArr; _double_epilogue &rArr; _double_round
</UL>
<BR>[Calls]<UL><LI><a href="#[85]">&gt;&gt;</a>&nbsp;&nbsp;&nbsp;__aeabi_lasr
<LI><a href="#[77]">&gt;&gt;</a>&nbsp;&nbsp;&nbsp;__aeabi_llsl
<LI><a href="#[87]">&gt;&gt;</a>&nbsp;&nbsp;&nbsp;_double_round
<LI><a href="#[86]">&gt;&gt;</a>&nbsp;&nbsp;&nbsp;_double_epilogue
</UL>
<BR>[Called By]<UL><LI><a href="#[88]">&gt;&gt;</a>&nbsp;&nbsp;&nbsp;__aeabi_dsub
<LI><a href="#[b1]">&gt;&gt;</a>&nbsp;&nbsp;&nbsp;calc_timezone_from_longitude
<LI><a href="#[2c9]">&gt;&gt;</a>&nbsp;&nbsp;&nbsp;sun_position_psa_calculate
<LI><a href="#[89]">&gt;&gt;</a>&nbsp;&nbsp;&nbsp;__aeabi_drsub
<LI><a href="#[1e1]">&gt;&gt;</a>&nbsp;&nbsp;&nbsp;gps_convert_coordinate
<LI><a href="#[116]">&gt;&gt;</a>&nbsp;&nbsp;&nbsp;_fp_digits
<LI><a href="#[112]">&gt;&gt;</a>&nbsp;&nbsp;&nbsp;__hardfp_floor
</UL>

<P><STRONG><a name="[88]"></a>__aeabi_dsub</STRONG> (Thumb, 6 bytes, Stack size 0 bytes, dadd.o(.text))
<BR><BR>[Stack]<UL><LI>Max Depth = 88<LI>Call Chain = __aeabi_dsub &rArr; __aeabi_dadd &rArr; _double_epilogue &rArr; _double_round
</UL>
<BR>[Calls]<UL><LI><a href="#[84]">&gt;&gt;</a>&nbsp;&nbsp;&nbsp;__aeabi_dadd
</UL>
<BR>[Called By]<UL><LI><a href="#[b1]">&gt;&gt;</a>&nbsp;&nbsp;&nbsp;calc_timezone_from_longitude
<LI><a href="#[2c9]">&gt;&gt;</a>&nbsp;&nbsp;&nbsp;sun_position_psa_calculate
</UL>

<P><STRONG><a name="[89]"></a>__aeabi_drsub</STRONG> (Thumb, 6 bytes, Stack size 0 bytes, dadd.o(.text))
<BR><BR>[Stack]<UL><LI>Max Depth = 88<LI>Call Chain = __aeabi_drsub &rArr; __aeabi_dadd &rArr; _double_epilogue &rArr; _double_round
</UL>
<BR>[Calls]<UL><LI><a href="#[84]">&gt;&gt;</a>&nbsp;&nbsp;&nbsp;__aeabi_dadd
</UL>
<BR>[Called By]<UL><LI><a href="#[1e1]">&gt;&gt;</a>&nbsp;&nbsp;&nbsp;gps_convert_coordinate
<LI><a href="#[112]">&gt;&gt;</a>&nbsp;&nbsp;&nbsp;__hardfp_floor
</UL>

<P><STRONG><a name="[8a]"></a>__aeabi_dmul</STRONG> (Thumb, 228 bytes, Stack size 48 bytes, dmul.o(.text))
<BR><BR>[Stack]<UL><LI>Max Depth = 88<LI>Call Chain = __aeabi_dmul &rArr; _double_epilogue &rArr; _double_round
</UL>
<BR>[Calls]<UL><LI><a href="#[86]">&gt;&gt;</a>&nbsp;&nbsp;&nbsp;_double_epilogue
</UL>
<BR>[Called By]<UL><LI><a href="#[2c9]">&gt;&gt;</a>&nbsp;&nbsp;&nbsp;sun_position_psa_calculate
<LI><a href="#[1e1]">&gt;&gt;</a>&nbsp;&nbsp;&nbsp;gps_convert_coordinate
<LI><a href="#[116]">&gt;&gt;</a>&nbsp;&nbsp;&nbsp;_fp_digits
<LI><a href="#[99]">&gt;&gt;</a>&nbsp;&nbsp;&nbsp;_fp_value
</UL>

<P><STRONG><a name="[8b]"></a>__aeabi_ddiv</STRONG> (Thumb, 222 bytes, Stack size 32 bytes, ddiv.o(.text))
<BR><BR>[Stack]<UL><LI>Max Depth = 40<LI>Call Chain = __aeabi_ddiv &rArr; _double_round
</UL>
<BR>[Calls]<UL><LI><a href="#[87]">&gt;&gt;</a>&nbsp;&nbsp;&nbsp;_double_round
</UL>
<BR>[Called By]<UL><LI><a href="#[b1]">&gt;&gt;</a>&nbsp;&nbsp;&nbsp;calc_timezone_from_longitude
<LI><a href="#[2c9]">&gt;&gt;</a>&nbsp;&nbsp;&nbsp;sun_position_psa_calculate
<LI><a href="#[1e1]">&gt;&gt;</a>&nbsp;&nbsp;&nbsp;gps_convert_coordinate
<LI><a href="#[116]">&gt;&gt;</a>&nbsp;&nbsp;&nbsp;_fp_digits
<LI><a href="#[99]">&gt;&gt;</a>&nbsp;&nbsp;&nbsp;_fp_value
</UL>

<P><STRONG><a name="[8c]"></a>__aeabi_i2d</STRONG> (Thumb, 34 bytes, Stack size 16 bytes, dflti.o(.text))
<BR><BR>[Stack]<UL><LI>Max Depth = 56<LI>Call Chain = __aeabi_i2d &rArr; _double_epilogue &rArr; _double_round
</UL>
<BR>[Calls]<UL><LI><a href="#[86]">&gt;&gt;</a>&nbsp;&nbsp;&nbsp;_double_epilogue
</UL>
<BR>[Called By]<UL><LI><a href="#[1e1]">&gt;&gt;</a>&nbsp;&nbsp;&nbsp;gps_convert_coordinate
</UL>

<P><STRONG><a name="[8d]"></a>__aeabi_ui2d</STRONG> (Thumb, 26 bytes, Stack size 16 bytes, dfltui.o(.text))
<BR><BR>[Stack]<UL><LI>Max Depth = 56<LI>Call Chain = __aeabi_ui2d &rArr; _double_epilogue &rArr; _double_round
</UL>
<BR>[Calls]<UL><LI><a href="#[86]">&gt;&gt;</a>&nbsp;&nbsp;&nbsp;_double_epilogue
</UL>
<BR>[Called By]<UL><LI><a href="#[2c9]">&gt;&gt;</a>&nbsp;&nbsp;&nbsp;sun_position_psa_calculate
</UL>

<P><STRONG><a name="[8e]"></a>__aeabi_d2iz</STRONG> (Thumb, 62 bytes, Stack size 16 bytes, dfixi.o(.text))
<BR><BR>[Stack]<UL><LI>Max Depth = 16<LI>Call Chain = __aeabi_d2iz
</UL>
<BR>[Calls]<UL><LI><a href="#[76]">&gt;&gt;</a>&nbsp;&nbsp;&nbsp;__aeabi_llsr
</UL>
<BR>[Called By]<UL><LI><a href="#[b1]">&gt;&gt;</a>&nbsp;&nbsp;&nbsp;calc_timezone_from_longitude
<LI><a href="#[1e1]">&gt;&gt;</a>&nbsp;&nbsp;&nbsp;gps_convert_coordinate
</UL>

<P><STRONG><a name="[b0]"></a>__aeabi_f2d</STRONG> (Thumb, 38 bytes, Stack size 0 bytes, f2d.o(.text))
<BR><BR>[Called By]<UL><LI><a href="#[b9]">&gt;&gt;</a>&nbsp;&nbsp;&nbsp;gps_get_position
<LI><a href="#[6a]">&gt;&gt;</a>&nbsp;&nbsp;&nbsp;HostComm_Task
<LI><a href="#[20b]">&gt;&gt;</a>&nbsp;&nbsp;&nbsp;host_comm_update_calibration_offset
<LI><a href="#[1fe]">&gt;&gt;</a>&nbsp;&nbsp;&nbsp;host_comm_save_params_to_flash
<LI><a href="#[d5]">&gt;&gt;</a>&nbsp;&nbsp;&nbsp;sd_logger_log_tracking_state
<LI><a href="#[203]">&gt;&gt;</a>&nbsp;&nbsp;&nbsp;host_comm_load_params_from_flash
<LI><a href="#[2c9]">&gt;&gt;</a>&nbsp;&nbsp;&nbsp;sun_position_psa_calculate
<LI><a href="#[6]">&gt;&gt;</a>&nbsp;&nbsp;&nbsp;port_get_flash_position
</UL>

<P><STRONG><a name="[2f8]"></a>__aeabi_cdcmpeq</STRONG> (Thumb, 0 bytes, Stack size 0 bytes, cdcmple.o(.text), UNUSED)

<P><STRONG><a name="[bb]"></a>__aeabi_cdcmple</STRONG> (Thumb, 48 bytes, Stack size 0 bytes, cdcmple.o(.text))
<BR><BR>[Called By]<UL><LI><a href="#[6a]">&gt;&gt;</a>&nbsp;&nbsp;&nbsp;HostComm_Task
<LI><a href="#[2c9]">&gt;&gt;</a>&nbsp;&nbsp;&nbsp;sun_position_psa_calculate
</UL>

<P><STRONG><a name="[ba]"></a>__aeabi_cdrcmple</STRONG> (Thumb, 48 bytes, Stack size 0 bytes, cdrcmple.o(.text))
<BR><BR>[Called By]<UL><LI><a href="#[b1]">&gt;&gt;</a>&nbsp;&nbsp;&nbsp;calc_timezone_from_longitude
<LI><a href="#[6a]">&gt;&gt;</a>&nbsp;&nbsp;&nbsp;HostComm_Task
<LI><a href="#[2c9]">&gt;&gt;</a>&nbsp;&nbsp;&nbsp;sun_position_psa_calculate
<LI><a href="#[116]">&gt;&gt;</a>&nbsp;&nbsp;&nbsp;_fp_digits
<LI><a href="#[112]">&gt;&gt;</a>&nbsp;&nbsp;&nbsp;__hardfp_floor
</UL>

<P><STRONG><a name="[8f]"></a>__aeabi_d2f</STRONG> (Thumb, 56 bytes, Stack size 8 bytes, d2f.o(.text))
<BR><BR>[Stack]<UL><LI>Max Depth = 8<LI>Call Chain = __aeabi_d2f
</UL>
<BR>[Calls]<UL><LI><a href="#[90]">&gt;&gt;</a>&nbsp;&nbsp;&nbsp;_float_round
</UL>
<BR>[Called By]<UL><LI><a href="#[6a]">&gt;&gt;</a>&nbsp;&nbsp;&nbsp;HostComm_Task
<LI><a href="#[2c9]">&gt;&gt;</a>&nbsp;&nbsp;&nbsp;sun_position_psa_calculate
<LI><a href="#[1ee]">&gt;&gt;</a>&nbsp;&nbsp;&nbsp;gps_parse_gprmc
<LI><a href="#[1ea]">&gt;&gt;</a>&nbsp;&nbsp;&nbsp;gps_parse_gpgga
<LI><a href="#[1e1]">&gt;&gt;</a>&nbsp;&nbsp;&nbsp;gps_convert_coordinate
<LI><a href="#[9b]">&gt;&gt;</a>&nbsp;&nbsp;&nbsp;_scanf_really_real
</UL>

<P><STRONG><a name="[2f9]"></a>__aeabi_uidiv</STRONG> (Thumb, 0 bytes, Stack size 12 bytes, uidiv.o(.text), UNUSED)

<P><STRONG><a name="[119]"></a>__aeabi_uidivmod</STRONG> (Thumb, 44 bytes, Stack size 12 bytes, uidiv.o(.text), UNUSED)
<BR><BR>[Called By]<UL><LI><a href="#[103]">&gt;&gt;</a>&nbsp;&nbsp;&nbsp;_printf_core
</UL>

<P><STRONG><a name="[77]"></a>__aeabi_llsl</STRONG> (Thumb, 30 bytes, Stack size 0 bytes, llshl.o(.text))
<BR><BR>[Called By]<UL><LI><a href="#[84]">&gt;&gt;</a>&nbsp;&nbsp;&nbsp;__aeabi_dadd
<LI><a href="#[97]">&gt;&gt;</a>&nbsp;&nbsp;&nbsp;__aeabi_d2ulz
<LI><a href="#[75]">&gt;&gt;</a>&nbsp;&nbsp;&nbsp;__aeabi_uldivmod
<LI><a href="#[86]">&gt;&gt;</a>&nbsp;&nbsp;&nbsp;_double_epilogue
</UL>

<P><STRONG><a name="[2fa]"></a>_ll_shift_l</STRONG> (Thumb, 0 bytes, Stack size 0 bytes, llshl.o(.text), UNUSED)

<P><STRONG><a name="[76]"></a>__aeabi_llsr</STRONG> (Thumb, 32 bytes, Stack size 0 bytes, llushr.o(.text))
<BR><BR>[Called By]<UL><LI><a href="#[8e]">&gt;&gt;</a>&nbsp;&nbsp;&nbsp;__aeabi_d2iz
<LI><a href="#[97]">&gt;&gt;</a>&nbsp;&nbsp;&nbsp;__aeabi_d2ulz
<LI><a href="#[75]">&gt;&gt;</a>&nbsp;&nbsp;&nbsp;__aeabi_uldivmod
<LI><a href="#[86]">&gt;&gt;</a>&nbsp;&nbsp;&nbsp;_double_epilogue
</UL>

<P><STRONG><a name="[2fb]"></a>_ll_ushift_r</STRONG> (Thumb, 0 bytes, Stack size 0 bytes, llushr.o(.text), UNUSED)

<P><STRONG><a name="[85]"></a>__aeabi_lasr</STRONG> (Thumb, 36 bytes, Stack size 0 bytes, llsshr.o(.text))
<BR><BR>[Called By]<UL><LI><a href="#[84]">&gt;&gt;</a>&nbsp;&nbsp;&nbsp;__aeabi_dadd
</UL>

<P><STRONG><a name="[2fc]"></a>_ll_sshift_r</STRONG> (Thumb, 0 bytes, Stack size 0 bytes, llsshr.o(.text), UNUSED)

<P><STRONG><a name="[80]"></a>__rt_ctype_table</STRONG> (Thumb, 4 bytes, Stack size 0 bytes, ctype_o.o(.text))
<BR><BR>[Called By]<UL><LI><a href="#[7f]">&gt;&gt;</a>&nbsp;&nbsp;&nbsp;strtol
<LI><a href="#[67]">&gt;&gt;</a>&nbsp;&nbsp;&nbsp;isspace
</UL>

<P><STRONG><a name="[67]"></a>isspace</STRONG> (Thumb, 18 bytes, Stack size 8 bytes, isspace_o.o(.text))
<BR><BR>[Stack]<UL><LI>Max Depth = 8<LI>Call Chain = isspace
</UL>
<BR>[Calls]<UL><LI><a href="#[80]">&gt;&gt;</a>&nbsp;&nbsp;&nbsp;__rt_ctype_table
</UL>
<BR>[Address Reference Count : 2]<UL><LI> scanf_char.o(.text)
<LI> strtod.o(.text)
</UL>
<P><STRONG><a name="[7e]"></a>_chval</STRONG> (Thumb, 28 bytes, Stack size 0 bytes, _chval.o(.text))
<BR><BR>[Called By]<UL><LI><a href="#[7d]">&gt;&gt;</a>&nbsp;&nbsp;&nbsp;_scanf_int
<LI><a href="#[81]">&gt;&gt;</a>&nbsp;&nbsp;&nbsp;_strtoul
</UL>

<P><STRONG><a name="[7c]"></a>__vfscanf_char</STRONG> (Thumb, 20 bytes, Stack size 0 bytes, scanf_char.o(.text))
<BR><BR>[Stack]<UL><LI>Max Depth = 192<LI>Call Chain = __vfscanf_char &rArr; __vfscanf &rArr; _scanf_real
</UL>
<BR>[Calls]<UL><LI><a href="#[91]">&gt;&gt;</a>&nbsp;&nbsp;&nbsp;__vfscanf
</UL>
<BR>[Called By]<UL><LI><a href="#[7b]">&gt;&gt;</a>&nbsp;&nbsp;&nbsp;__0sscanf
</UL>

<P><STRONG><a name="[64]"></a>_sgetc</STRONG> (Thumb, 30 bytes, Stack size 0 bytes, _sgetc.o(.text))
<BR>[Address Reference Count : 2]<UL><LI> strtod.o(.text)
<LI> __0sscanf.o(.text)
</UL>
<P><STRONG><a name="[65]"></a>_sbackspace</STRONG> (Thumb, 34 bytes, Stack size 0 bytes, _sgetc.o(.text))
<BR>[Address Reference Count : 2]<UL><LI> strtod.o(.text)
<LI> __0sscanf.o(.text)
</UL>
<P><STRONG><a name="[81]"></a>_strtoul</STRONG> (Thumb, 158 bytes, Stack size 40 bytes, _strtoul.o(.text))
<BR><BR>[Stack]<UL><LI>Max Depth = 40<LI>Call Chain = _strtoul
</UL>
<BR>[Calls]<UL><LI><a href="#[7e]">&gt;&gt;</a>&nbsp;&nbsp;&nbsp;_chval
<LI><a href="#[82]">&gt;&gt;</a>&nbsp;&nbsp;&nbsp;__aeabi_errno_addr
</UL>
<BR>[Called By]<UL><LI><a href="#[7f]">&gt;&gt;</a>&nbsp;&nbsp;&nbsp;strtol
</UL>

<P><STRONG><a name="[94]"></a>__strtod_int</STRONG> (Thumb, 90 bytes, Stack size 40 bytes, strtod.o(.text))
<BR><BR>[Stack]<UL><LI>Max Depth = 200<LI>Call Chain = __strtod_int &rArr; _local_sscanf &rArr; _scanf_real
</UL>
<BR>[Calls]<UL><LI><a href="#[92]">&gt;&gt;</a>&nbsp;&nbsp;&nbsp;_local_sscanf
</UL>
<BR>[Called By]<UL><LI><a href="#[10e]">&gt;&gt;</a>&nbsp;&nbsp;&nbsp;__hardfp_atof
</UL>

<P><STRONG><a name="[2fd]"></a>__I$use$fp</STRONG> (Thumb, 0 bytes, Stack size 0 bytes, iusefp.o(.text), UNUSED)

<P><STRONG><a name="[90]"></a>_float_round</STRONG> (Thumb, 18 bytes, Stack size 0 bytes, fepilogue.o(.text))
<BR><BR>[Called By]<UL><LI><a href="#[8f]">&gt;&gt;</a>&nbsp;&nbsp;&nbsp;__aeabi_d2f
</UL>

<P><STRONG><a name="[96]"></a>_float_epilogue</STRONG> (Thumb, 92 bytes, Stack size 4 bytes, fepilogue.o(.text))
<BR><BR>[Stack]<UL><LI>Max Depth = 4<LI>Call Chain = _float_epilogue
</UL>
<BR>[Called By]<UL><LI><a href="#[95]">&gt;&gt;</a>&nbsp;&nbsp;&nbsp;_frem
</UL>

<P><STRONG><a name="[95]"></a>_frem</STRONG> (Thumb, 82 bytes, Stack size 16 bytes, frem.o(.text))
<BR><BR>[Stack]<UL><LI>Max Depth = 20<LI>Call Chain = _frem &rArr; _float_epilogue
</UL>
<BR>[Calls]<UL><LI><a href="#[96]">&gt;&gt;</a>&nbsp;&nbsp;&nbsp;_float_epilogue
</UL>
<BR>[Called By]<UL><LI><a href="#[113]">&gt;&gt;</a>&nbsp;&nbsp;&nbsp;__hardfp_fmodf
</UL>

<P><STRONG><a name="[87]"></a>_double_round</STRONG> (Thumb, 30 bytes, Stack size 8 bytes, depilogue.o(.text))
<BR><BR>[Stack]<UL><LI>Max Depth = 8<LI>Call Chain = _double_round
</UL>
<BR>[Called By]<UL><LI><a href="#[8b]">&gt;&gt;</a>&nbsp;&nbsp;&nbsp;__aeabi_ddiv
<LI><a href="#[84]">&gt;&gt;</a>&nbsp;&nbsp;&nbsp;__aeabi_dadd
<LI><a href="#[86]">&gt;&gt;</a>&nbsp;&nbsp;&nbsp;_double_epilogue
</UL>

<P><STRONG><a name="[86]"></a>_double_epilogue</STRONG> (Thumb, 156 bytes, Stack size 32 bytes, depilogue.o(.text))
<BR><BR>[Stack]<UL><LI>Max Depth = 40<LI>Call Chain = _double_epilogue &rArr; _double_round
</UL>
<BR>[Calls]<UL><LI><a href="#[76]">&gt;&gt;</a>&nbsp;&nbsp;&nbsp;__aeabi_llsr
<LI><a href="#[77]">&gt;&gt;</a>&nbsp;&nbsp;&nbsp;__aeabi_llsl
<LI><a href="#[87]">&gt;&gt;</a>&nbsp;&nbsp;&nbsp;_double_round
</UL>
<BR>[Called By]<UL><LI><a href="#[84]">&gt;&gt;</a>&nbsp;&nbsp;&nbsp;__aeabi_dadd
<LI><a href="#[8c]">&gt;&gt;</a>&nbsp;&nbsp;&nbsp;__aeabi_i2d
<LI><a href="#[8a]">&gt;&gt;</a>&nbsp;&nbsp;&nbsp;__aeabi_dmul
<LI><a href="#[8d]">&gt;&gt;</a>&nbsp;&nbsp;&nbsp;__aeabi_ui2d
<LI><a href="#[9a]">&gt;&gt;</a>&nbsp;&nbsp;&nbsp;__aeabi_ul2d
</UL>

<P><STRONG><a name="[97]"></a>__aeabi_d2ulz</STRONG> (Thumb, 48 bytes, Stack size 0 bytes, dfixul.o(.text), UNUSED)
<BR><BR>[Calls]<UL><LI><a href="#[76]">&gt;&gt;</a>&nbsp;&nbsp;&nbsp;__aeabi_llsr
<LI><a href="#[77]">&gt;&gt;</a>&nbsp;&nbsp;&nbsp;__aeabi_llsl
</UL>
<BR>[Called By]<UL><LI><a href="#[116]">&gt;&gt;</a>&nbsp;&nbsp;&nbsp;_fp_digits
</UL>

<P><STRONG><a name="[73]"></a>__scatterload</STRONG> (Thumb, 28 bytes, Stack size 0 bytes, init.o(.text))
<BR><BR>[Calls]<UL><LI><a href="#[98]">&gt;&gt;</a>&nbsp;&nbsp;&nbsp;__main_after_scatterload
</UL>
<BR>[Called By]<UL><LI><a href="#[72]">&gt;&gt;</a>&nbsp;&nbsp;&nbsp;_main_scatterload
</UL>

<P><STRONG><a name="[2fe]"></a>__scatterload_rt2</STRONG> (Thumb, 0 bytes, Stack size 0 bytes, init.o(.text), UNUSED)

<P><STRONG><a name="[91]"></a>__vfscanf</STRONG> (Thumb, 808 bytes, Stack size 88 bytes, _scanf.o(.text))
<BR><BR>[Stack]<UL><LI>Max Depth = 192<LI>Call Chain = __vfscanf &rArr; _scanf_real
</UL>
<BR>[Calls]<UL><LI><a href="#[7d]">&gt;&gt;</a>&nbsp;&nbsp;&nbsp;_scanf_int
<LI><a href="#[93]">&gt;&gt;</a>&nbsp;&nbsp;&nbsp;_scanf_real
</UL>
<BR>[Called By]<UL><LI><a href="#[7c]">&gt;&gt;</a>&nbsp;&nbsp;&nbsp;__vfscanf_char
</UL>

<P><STRONG><a name="[93]"></a>_scanf_real</STRONG> (Thumb, 0 bytes, Stack size 104 bytes, scanf_fp.o(.text))
<BR><BR>[Stack]<UL><LI>Max Depth = 104<LI>Call Chain = _scanf_real
</UL>
<BR>[Called By]<UL><LI><a href="#[91]">&gt;&gt;</a>&nbsp;&nbsp;&nbsp;__vfscanf
<LI><a href="#[92]">&gt;&gt;</a>&nbsp;&nbsp;&nbsp;_local_sscanf
</UL>

<P><STRONG><a name="[9b]"></a>_scanf_really_real</STRONG> (Thumb, 556 bytes, Stack size 104 bytes, scanf_fp.o(.text), UNUSED)
<BR><BR>[Calls]<UL><LI><a href="#[8f]">&gt;&gt;</a>&nbsp;&nbsp;&nbsp;__aeabi_d2f
<LI><a href="#[9c]">&gt;&gt;</a>&nbsp;&nbsp;&nbsp;_is_digit
<LI><a href="#[99]">&gt;&gt;</a>&nbsp;&nbsp;&nbsp;_fp_value
</UL>

<P><STRONG><a name="[9a]"></a>__aeabi_ul2d</STRONG> (Thumb, 24 bytes, Stack size 16 bytes, dfltul.o(.text), UNUSED)
<BR><BR>[Calls]<UL><LI><a href="#[86]">&gt;&gt;</a>&nbsp;&nbsp;&nbsp;_double_epilogue
</UL>
<BR>[Called By]<UL><LI><a href="#[99]">&gt;&gt;</a>&nbsp;&nbsp;&nbsp;_fp_value
</UL>

<P><STRONG><a name="[2ff]"></a>__decompress</STRONG> (Thumb, 0 bytes, Stack size unknown bytes, __dczerorl2.o(.text), UNUSED)

<P><STRONG><a name="[300]"></a>__decompress1</STRONG> (Thumb, 86 bytes, Stack size unknown bytes, __dczerorl2.o(.text), UNUSED)

<P><STRONG><a name="[d]"></a>BusFault_Handler</STRONG> (Thumb, 4 bytes, Stack size 0 bytes, gd32f4xx_it.o(i.BusFault_Handler))
<BR>[Address Reference Count : 1]<UL><LI> startup_gd32f405_425.o(RESET)
</UL>
<P><STRONG><a name="[10]"></a>DebugMon_Handler</STRONG> (Thumb, 4 bytes, Stack size 0 bytes, gd32f4xx_it.o(i.DebugMon_Handler))
<BR>[Address Reference Count : 1]<UL><LI> startup_gd32f405_425.o(RESET)
</UL>
<P><STRONG><a name="[3b]"></a>EXTI10_15_IRQHandler</STRONG> (Thumb, 42 bytes, Stack size 8 bytes, gd32f4xx_it.o(i.EXTI10_15_IRQHandler))
<BR><BR>[Stack]<UL><LI>Max Depth = 16<LI>Call Chain = EXTI10_15_IRQHandler &rArr; sd_card_detect_pin_read
</UL>
<BR>[Calls]<UL><LI><a href="#[a1]">&gt;&gt;</a>&nbsp;&nbsp;&nbsp;sd_logger_card_removed_callback
<LI><a href="#[a0]">&gt;&gt;</a>&nbsp;&nbsp;&nbsp;sd_logger_card_inserted_callback
<LI><a href="#[9f]">&gt;&gt;</a>&nbsp;&nbsp;&nbsp;sd_card_detect_pin_read
<LI><a href="#[9d]">&gt;&gt;</a>&nbsp;&nbsp;&nbsp;exti_interrupt_flag_get
<LI><a href="#[9e]">&gt;&gt;</a>&nbsp;&nbsp;&nbsp;exti_interrupt_flag_clear
</UL>
<BR>[Address Reference Count : 1]<UL><LI> startup_gd32f405_425.o(RESET)
</UL>
<P><STRONG><a name="[b]"></a>HardFault_Handler</STRONG> (Thumb, 4 bytes, Stack size 0 bytes, gd32f4xx_it.o(i.HardFault_Handler))
<BR>[Address Reference Count : 1]<UL><LI> startup_gd32f405_425.o(RESET)
</UL>
<P><STRONG><a name="[c]"></a>MemManage_Handler</STRONG> (Thumb, 4 bytes, Stack size 0 bytes, gd32f4xx_it.o(i.MemManage_Handler))
<BR>[Address Reference Count : 1]<UL><LI> startup_gd32f405_425.o(RESET)
</UL>
<P><STRONG><a name="[a]"></a>NMI_Handler</STRONG> (Thumb, 4 bytes, Stack size 0 bytes, gd32f4xx_it.o(i.NMI_Handler))
<BR>[Address Reference Count : 1]<UL><LI> startup_gd32f405_425.o(RESET)
</UL>
<P><STRONG><a name="[43]"></a>SDIO_IRQHandler</STRONG> (Thumb, 8 bytes, Stack size 8 bytes, gd32f4xx_it.o(i.SDIO_IRQHandler))
<BR><BR>[Stack]<UL><LI>Max Depth = 48<LI>Call Chain = SDIO_IRQHandler &rArr; sd_interrupts_process &rArr; sd_transfer_stop &rArr; r1_error_check
</UL>
<BR>[Calls]<UL><LI><a href="#[d9]">&gt;&gt;</a>&nbsp;&nbsp;&nbsp;sd_interrupts_process
</UL>
<BR>[Address Reference Count : 1]<UL><LI> startup_gd32f405_425.o(RESET)
</UL>
<P><STRONG><a name="[12]"></a>SysTick_Handler</STRONG> (Thumb, 46 bytes, Stack size 8 bytes, port.o(i.SysTick_Handler))
<BR><BR>[Stack]<UL><LI>Max Depth = 32<LI>Call Chain = SysTick_Handler &rArr; xTaskIncrementTick
</UL>
<BR>[Calls]<UL><LI><a href="#[ef]">&gt;&gt;</a>&nbsp;&nbsp;&nbsp;xTaskIncrementTick
</UL>
<BR>[Address Reference Count : 1]<UL><LI> startup_gd32f405_425.o(RESET)
</UL>
<P><STRONG><a name="[62]"></a>SystemInit</STRONG> (Thumb, 372 bytes, Stack size 16 bytes, system_gd32f4xx.o(i.SystemInit))
<BR><BR>[Stack]<UL><LI>Max Depth = 32<LI>Call Chain = SystemInit &rArr; system_clock_config &rArr; system_clock_200m_25m_hxtal
</UL>
<BR>[Calls]<UL><LI><a href="#[f1]">&gt;&gt;</a>&nbsp;&nbsp;&nbsp;system_clock_config
<LI><a href="#[f0]">&gt;&gt;</a>&nbsp;&nbsp;&nbsp;_soft_delay_
</UL>
<BR>[Address Reference Count : 1]<UL><LI> startup_gd32f405_425.o(.text)
</UL>
<P><STRONG><a name="[48]"></a>TIMER5_DAC_IRQHandler</STRONG> (Thumb, 26 bytes, Stack size 8 bytes, gd32f4xx_it.o(i.TIMER5_DAC_IRQHandler))
<BR><BR>[Stack]<UL><LI>Max Depth = 8<LI>Call Chain = TIMER5_DAC_IRQHandler
</UL>
<BR>[Calls]<UL><LI><a href="#[f2]">&gt;&gt;</a>&nbsp;&nbsp;&nbsp;timer_interrupt_flag_get
<LI><a href="#[f3]">&gt;&gt;</a>&nbsp;&nbsp;&nbsp;timer_interrupt_flag_clear
<LI><a href="#[f4]">&gt;&gt;</a>&nbsp;&nbsp;&nbsp;delay_decrement
</UL>
<BR>[Address Reference Count : 1]<UL><LI> startup_gd32f405_425.o(RESET)
</UL>
<P><STRONG><a name="[39]"></a>USART1_IRQHandler</STRONG> (Thumb, 42 bytes, Stack size 8 bytes, gd32f4xx_it.o(i.USART1_IRQHandler))
<BR><BR>[Stack]<UL><LI>Max Depth = 112<LI>Call Chain = USART1_IRQHandler &rArr; gps_uart_irq_handler &rArr; xQueueGenericSendFromISR &rArr; prvCopyDataToQueue &rArr; xTaskPriorityDisinherit
</UL>
<BR>[Calls]<UL><LI><a href="#[f5]">&gt;&gt;</a>&nbsp;&nbsp;&nbsp;gps_uart_irq_handler
</UL>
<BR>[Address Reference Count : 1]<UL><LI> startup_gd32f405_425.o(RESET)
</UL>
<P><STRONG><a name="[3a]"></a>USART2_IRQHandler</STRONG> (Thumb, 240 bytes, Stack size 24 bytes, gd32f4xx_it.o(i.USART2_IRQHandler))
<BR><BR>[Stack]<UL><LI>Max Depth = 112<LI>Call Chain = USART2_IRQHandler &rArr; light_sensor_on_byte &rArr; vTaskGenericNotifyGiveFromISR &rArr; vPortValidateInterruptPriority
</UL>
<BR>[Calls]<UL><LI><a href="#[f6]">&gt;&gt;</a>&nbsp;&nbsp;&nbsp;usart_interrupt_flag_get
<LI><a href="#[f7]">&gt;&gt;</a>&nbsp;&nbsp;&nbsp;usart_flag_get
<LI><a href="#[fc]">&gt;&gt;</a>&nbsp;&nbsp;&nbsp;usart_flag_clear
<LI><a href="#[f8]">&gt;&gt;</a>&nbsp;&nbsp;&nbsp;usart_data_receive
<LI><a href="#[fa]">&gt;&gt;</a>&nbsp;&nbsp;&nbsp;light_sensor_on_byte
<LI><a href="#[fb]">&gt;&gt;</a>&nbsp;&nbsp;&nbsp;gimbal_on_byte
<LI><a href="#[f9]">&gt;&gt;</a>&nbsp;&nbsp;&nbsp;dma_transfer_number_get
</UL>
<BR>[Address Reference Count : 1]<UL><LI> startup_gd32f405_425.o(RESET)
</UL>
<P><STRONG><a name="[57]"></a>USART5_IRQHandler</STRONG> (Thumb, 84 bytes, Stack size 16 bytes, gd32f4xx_it.o(i.USART5_IRQHandler))
<BR><BR>[Stack]<UL><LI>Max Depth = 112<LI>Call Chain = USART5_IRQHandler &rArr; host_comm_uart_idle_dma_rx_handler &rArr; host_comm_on_rx_byte_from_isr &rArr; modbus_rtu_process_received_byte &rArr; modbus_rtu_verify_crc16 &rArr; modbus_rtu_calculate_crc16
</UL>
<BR>[Calls]<UL><LI><a href="#[f6]">&gt;&gt;</a>&nbsp;&nbsp;&nbsp;usart_interrupt_flag_get
<LI><a href="#[f7]">&gt;&gt;</a>&nbsp;&nbsp;&nbsp;usart_flag_get
<LI><a href="#[f8]">&gt;&gt;</a>&nbsp;&nbsp;&nbsp;usart_data_receive
<LI><a href="#[fd]">&gt;&gt;</a>&nbsp;&nbsp;&nbsp;host_comm_uart_idle_dma_rx_handler
<LI><a href="#[f9]">&gt;&gt;</a>&nbsp;&nbsp;&nbsp;dma_transfer_number_get
</UL>
<BR>[Address Reference Count : 1]<UL><LI> startup_gd32f405_425.o(RESET)
</UL>
<P><STRONG><a name="[e]"></a>UsageFault_Handler</STRONG> (Thumb, 4 bytes, Stack size 0 bytes, gd32f4xx_it.o(i.UsageFault_Handler))
<BR>[Address Reference Count : 1]<UL><LI> startup_gd32f405_425.o(RESET)
</UL>
<P><STRONG><a name="[6e]"></a>Watchdog_Task</STRONG> (Thumb, 62 bytes, Stack size 0 bytes, app_watchdog.o(i.Watchdog_Task))
<BR><BR>[Stack]<UL><LI>Max Depth = 64<LI>Call Chain = Watchdog_Task &rArr; vTaskDelay &rArr; xTaskResumeAll &rArr; xTaskIncrementTick
</UL>
<BR>[Calls]<UL><LI><a href="#[b5]">&gt;&gt;</a>&nbsp;&nbsp;&nbsp;xTaskGetTickCount
<LI><a href="#[a8]">&gt;&gt;</a>&nbsp;&nbsp;&nbsp;vTaskDelay
<LI><a href="#[101]">&gt;&gt;</a>&nbsp;&nbsp;&nbsp;fwdgt_counter_reload
<LI><a href="#[fe]">&gt;&gt;</a>&nbsp;&nbsp;&nbsp;app_watchdog_init
<LI><a href="#[ff]">&gt;&gt;</a>&nbsp;&nbsp;&nbsp;app_watchdog_hw_init
<LI><a href="#[100]">&gt;&gt;</a>&nbsp;&nbsp;&nbsp;app_watchdog_all_tasks_alive
</UL>
<BR>[Address Reference Count : 1]<UL><LI> main.o(i.main)
</UL>
<P><STRONG><a name="[102]"></a>__0snprintf</STRONG> (Thumb, 44 bytes, Stack size 32 bytes, printfa.o(i.__0snprintf), UNUSED)
<BR><BR>[Calls]<UL><LI><a href="#[103]">&gt;&gt;</a>&nbsp;&nbsp;&nbsp;_printf_core
</UL>

<P><STRONG><a name="[301]"></a>__1snprintf</STRONG> (Thumb, 0 bytes, Stack size 32 bytes, printfa.o(i.__0snprintf), UNUSED)

<P><STRONG><a name="[2c0]"></a>__2snprintf</STRONG> (Thumb, 0 bytes, Stack size 32 bytes, printfa.o(i.__0snprintf))
<BR><BR>[Stack]<UL><LI>Max Depth = 32<LI>Call Chain = __2snprintf
</UL>
<BR>[Called By]<UL><LI><a href="#[204]">&gt;&gt;</a>&nbsp;&nbsp;&nbsp;sd_logger_printf
<LI><a href="#[d5]">&gt;&gt;</a>&nbsp;&nbsp;&nbsp;sd_logger_log_tracking_state
<LI><a href="#[23b]">&gt;&gt;</a>&nbsp;&nbsp;&nbsp;sd_logger_open_tracking_file_by_date
<LI><a href="#[2c3]">&gt;&gt;</a>&nbsp;&nbsp;&nbsp;sd_logger_rebuild_index
<LI><a href="#[2c4]">&gt;&gt;</a>&nbsp;&nbsp;&nbsp;sd_process_month_dir
</UL>

<P><STRONG><a name="[302]"></a>__c89snprintf</STRONG> (Thumb, 0 bytes, Stack size 32 bytes, printfa.o(i.__0snprintf), UNUSED)

<P><STRONG><a name="[303]"></a>snprintf</STRONG> (Thumb, 0 bytes, Stack size 32 bytes, printfa.o(i.__0snprintf), UNUSED)

<P><STRONG><a name="[104]"></a>__0vsnprintf</STRONG> (Thumb, 40 bytes, Stack size 24 bytes, printfa.o(i.__0vsnprintf), UNUSED)
<BR><BR>[Calls]<UL><LI><a href="#[103]">&gt;&gt;</a>&nbsp;&nbsp;&nbsp;_printf_core
</UL>

<P><STRONG><a name="[304]"></a>__1vsnprintf</STRONG> (Thumb, 0 bytes, Stack size 24 bytes, printfa.o(i.__0vsnprintf), UNUSED)

<P><STRONG><a name="[305]"></a>__2vsnprintf</STRONG> (Thumb, 0 bytes, Stack size 24 bytes, printfa.o(i.__0vsnprintf), UNUSED)

<P><STRONG><a name="[306]"></a>__c89vsnprintf</STRONG> (Thumb, 0 bytes, Stack size 24 bytes, printfa.o(i.__0vsnprintf), UNUSED)

<P><STRONG><a name="[2c1]"></a>vsnprintf</STRONG> (Thumb, 0 bytes, Stack size 24 bytes, printfa.o(i.__0vsnprintf))
<BR><BR>[Stack]<UL><LI>Max Depth = 24<LI>Call Chain = vsnprintf
</UL>
<BR>[Called By]<UL><LI><a href="#[204]">&gt;&gt;</a>&nbsp;&nbsp;&nbsp;sd_logger_printf
</UL>

<P><STRONG><a name="[107]"></a>__ARM_fpclassifyf</STRONG> (Thumb, 38 bytes, Stack size 0 bytes, fpclassifyf.o(i.__ARM_fpclassifyf))
<BR><BR>[Called By]<UL><LI><a href="#[115]">&gt;&gt;</a>&nbsp;&nbsp;&nbsp;__hardfp_tanf
<LI><a href="#[114]">&gt;&gt;</a>&nbsp;&nbsp;&nbsp;__hardfp_sinf
<LI><a href="#[10c]">&gt;&gt;</a>&nbsp;&nbsp;&nbsp;__hardfp_atan2f
<LI><a href="#[105]">&gt;&gt;</a>&nbsp;&nbsp;&nbsp;__hardfp_asinf
</UL>

<P><STRONG><a name="[82]"></a>__aeabi_errno_addr</STRONG> (Thumb, 4 bytes, Stack size 0 bytes, errno.o(i.__aeabi_errno_addr))
<BR><BR>[Called By]<UL><LI><a href="#[7f]">&gt;&gt;</a>&nbsp;&nbsp;&nbsp;strtol
<LI><a href="#[81]">&gt;&gt;</a>&nbsp;&nbsp;&nbsp;_strtoul
<LI><a href="#[83]">&gt;&gt;</a>&nbsp;&nbsp;&nbsp;atoi
</UL>

<P><STRONG><a name="[307]"></a>__rt_errno_addr</STRONG> (Thumb, 0 bytes, Stack size 0 bytes, errno.o(i.__aeabi_errno_addr), UNUSED)

<P><STRONG><a name="[105]"></a>__hardfp_asinf</STRONG> (Thumb, 258 bytes, Stack size 16 bytes, asinf.o(i.__hardfp_asinf))
<BR><BR>[Stack]<UL><LI>Max Depth = 32<LI>Call Chain = __hardfp_asinf &rArr; sqrtf
</UL>
<BR>[Calls]<UL><LI><a href="#[10a]">&gt;&gt;</a>&nbsp;&nbsp;&nbsp;__set_errno
<LI><a href="#[106]">&gt;&gt;</a>&nbsp;&nbsp;&nbsp;sqrtf
<LI><a href="#[108]">&gt;&gt;</a>&nbsp;&nbsp;&nbsp;__mathlib_flt_underflow
<LI><a href="#[10b]">&gt;&gt;</a>&nbsp;&nbsp;&nbsp;__mathlib_flt_invalid
<LI><a href="#[109]">&gt;&gt;</a>&nbsp;&nbsp;&nbsp;__mathlib_flt_infnan
<LI><a href="#[107]">&gt;&gt;</a>&nbsp;&nbsp;&nbsp;__ARM_fpclassifyf
</UL>
<BR>[Called By]<UL><LI><a href="#[2c9]">&gt;&gt;</a>&nbsp;&nbsp;&nbsp;sun_position_psa_calculate
</UL>

<P><STRONG><a name="[10c]"></a>__hardfp_atan2f</STRONG> (Thumb, 502 bytes, Stack size 16 bytes, atan2f.o(i.__hardfp_atan2f))
<BR><BR>[Stack]<UL><LI>Max Depth = 16<LI>Call Chain = __hardfp_atan2f
</UL>
<BR>[Calls]<UL><LI><a href="#[108]">&gt;&gt;</a>&nbsp;&nbsp;&nbsp;__mathlib_flt_underflow
<LI><a href="#[10d]">&gt;&gt;</a>&nbsp;&nbsp;&nbsp;__mathlib_flt_infnan2
<LI><a href="#[107]">&gt;&gt;</a>&nbsp;&nbsp;&nbsp;__ARM_fpclassifyf
</UL>
<BR>[Called By]<UL><LI><a href="#[2c9]">&gt;&gt;</a>&nbsp;&nbsp;&nbsp;sun_position_psa_calculate
</UL>

<P><STRONG><a name="[10e]"></a>__hardfp_atof</STRONG> (Thumb, 44 bytes, Stack size 24 bytes, atof.o(i.__hardfp_atof))
<BR><BR>[Stack]<UL><LI>Max Depth = 224<LI>Call Chain = __hardfp_atof &rArr; __strtod_int &rArr; _local_sscanf &rArr; _scanf_real
</UL>
<BR>[Calls]<UL><LI><a href="#[94]">&gt;&gt;</a>&nbsp;&nbsp;&nbsp;__strtod_int
<LI><a href="#[10a]">&gt;&gt;</a>&nbsp;&nbsp;&nbsp;__set_errno
<LI><a href="#[10f]">&gt;&gt;</a>&nbsp;&nbsp;&nbsp;__read_errno
</UL>
<BR>[Called By]<UL><LI><a href="#[1ee]">&gt;&gt;</a>&nbsp;&nbsp;&nbsp;gps_parse_gprmc
<LI><a href="#[1ea]">&gt;&gt;</a>&nbsp;&nbsp;&nbsp;gps_parse_gpgga
<LI><a href="#[1e1]">&gt;&gt;</a>&nbsp;&nbsp;&nbsp;gps_convert_coordinate
</UL>

<P><STRONG><a name="[110]"></a>__hardfp_cosf</STRONG> (Thumb, 280 bytes, Stack size 8 bytes, cosf.o(i.__hardfp_cosf))
<BR><BR>[Stack]<UL><LI>Max Depth = 28<LI>Call Chain = __hardfp_cosf &rArr; __mathlib_rredf2
</UL>
<BR>[Calls]<UL><LI><a href="#[10a]">&gt;&gt;</a>&nbsp;&nbsp;&nbsp;__set_errno
<LI><a href="#[111]">&gt;&gt;</a>&nbsp;&nbsp;&nbsp;__mathlib_rredf2
<LI><a href="#[10b]">&gt;&gt;</a>&nbsp;&nbsp;&nbsp;__mathlib_flt_invalid
<LI><a href="#[109]">&gt;&gt;</a>&nbsp;&nbsp;&nbsp;__mathlib_flt_infnan
</UL>
<BR>[Called By]<UL><LI><a href="#[2c9]">&gt;&gt;</a>&nbsp;&nbsp;&nbsp;sun_position_psa_calculate
</UL>

<P><STRONG><a name="[bc]"></a>__hardfp_fabs</STRONG> (Thumb, 20 bytes, Stack size 8 bytes, fabs.o(i.__hardfp_fabs))
<BR><BR>[Stack]<UL><LI>Max Depth = 8<LI>Call Chain = __hardfp_fabs
</UL>
<BR>[Called By]<UL><LI><a href="#[6a]">&gt;&gt;</a>&nbsp;&nbsp;&nbsp;HostComm_Task
</UL>

<P><STRONG><a name="[112]"></a>__hardfp_floor</STRONG> (Thumb, 252 bytes, Stack size 40 bytes, floor.o(i.__hardfp_floor))
<BR><BR>[Stack]<UL><LI>Max Depth = 128<LI>Call Chain = __hardfp_floor &rArr; __aeabi_dadd &rArr; _double_epilogue &rArr; _double_round
</UL>
<BR>[Calls]<UL><LI><a href="#[84]">&gt;&gt;</a>&nbsp;&nbsp;&nbsp;__aeabi_dadd
<LI><a href="#[ba]">&gt;&gt;</a>&nbsp;&nbsp;&nbsp;__aeabi_cdrcmple
<LI><a href="#[89]">&gt;&gt;</a>&nbsp;&nbsp;&nbsp;__aeabi_drsub
</UL>
<BR>[Called By]<UL><LI><a href="#[2c9]">&gt;&gt;</a>&nbsp;&nbsp;&nbsp;sun_position_psa_calculate
</UL>

<P><STRONG><a name="[113]"></a>__hardfp_fmodf</STRONG> (Thumb, 176 bytes, Stack size 16 bytes, fmodf.o(i.__hardfp_fmodf))
<BR><BR>[Stack]<UL><LI>Max Depth = 36<LI>Call Chain = __hardfp_fmodf &rArr; _frem &rArr; _float_epilogue
</UL>
<BR>[Calls]<UL><LI><a href="#[95]">&gt;&gt;</a>&nbsp;&nbsp;&nbsp;_frem
<LI><a href="#[10a]">&gt;&gt;</a>&nbsp;&nbsp;&nbsp;__set_errno
<LI><a href="#[10b]">&gt;&gt;</a>&nbsp;&nbsp;&nbsp;__mathlib_flt_invalid
</UL>
<BR>[Called By]<UL><LI><a href="#[12c]">&gt;&gt;</a>&nbsp;&nbsp;&nbsp;normalize_angle
</UL>

<P><STRONG><a name="[114]"></a>__hardfp_sinf</STRONG> (Thumb, 344 bytes, Stack size 16 bytes, sinf.o(i.__hardfp_sinf))
<BR><BR>[Stack]<UL><LI>Max Depth = 36<LI>Call Chain = __hardfp_sinf &rArr; __mathlib_rredf2
</UL>
<BR>[Calls]<UL><LI><a href="#[10a]">&gt;&gt;</a>&nbsp;&nbsp;&nbsp;__set_errno
<LI><a href="#[111]">&gt;&gt;</a>&nbsp;&nbsp;&nbsp;__mathlib_rredf2
<LI><a href="#[108]">&gt;&gt;</a>&nbsp;&nbsp;&nbsp;__mathlib_flt_underflow
<LI><a href="#[10b]">&gt;&gt;</a>&nbsp;&nbsp;&nbsp;__mathlib_flt_invalid
<LI><a href="#[109]">&gt;&gt;</a>&nbsp;&nbsp;&nbsp;__mathlib_flt_infnan
<LI><a href="#[107]">&gt;&gt;</a>&nbsp;&nbsp;&nbsp;__ARM_fpclassifyf
</UL>
<BR>[Called By]<UL><LI><a href="#[2c9]">&gt;&gt;</a>&nbsp;&nbsp;&nbsp;sun_position_psa_calculate
</UL>

<P><STRONG><a name="[115]"></a>__hardfp_tanf</STRONG> (Thumb, 322 bytes, Stack size 16 bytes, tanf.o(i.__hardfp_tanf))
<BR><BR>[Stack]<UL><LI>Max Depth = 36<LI>Call Chain = __hardfp_tanf &rArr; __mathlib_rredf2
</UL>
<BR>[Calls]<UL><LI><a href="#[10a]">&gt;&gt;</a>&nbsp;&nbsp;&nbsp;__set_errno
<LI><a href="#[111]">&gt;&gt;</a>&nbsp;&nbsp;&nbsp;__mathlib_rredf2
<LI><a href="#[108]">&gt;&gt;</a>&nbsp;&nbsp;&nbsp;__mathlib_flt_underflow
<LI><a href="#[10b]">&gt;&gt;</a>&nbsp;&nbsp;&nbsp;__mathlib_flt_invalid
<LI><a href="#[109]">&gt;&gt;</a>&nbsp;&nbsp;&nbsp;__mathlib_flt_infnan
<LI><a href="#[107]">&gt;&gt;</a>&nbsp;&nbsp;&nbsp;__ARM_fpclassifyf
</UL>
<BR>[Called By]<UL><LI><a href="#[2c9]">&gt;&gt;</a>&nbsp;&nbsp;&nbsp;sun_position_psa_calculate
</UL>

<P><STRONG><a name="[109]"></a>__mathlib_flt_infnan</STRONG> (Thumb, 6 bytes, Stack size 0 bytes, funder.o(i.__mathlib_flt_infnan))
<BR><BR>[Called By]<UL><LI><a href="#[115]">&gt;&gt;</a>&nbsp;&nbsp;&nbsp;__hardfp_tanf
<LI><a href="#[114]">&gt;&gt;</a>&nbsp;&nbsp;&nbsp;__hardfp_sinf
<LI><a href="#[110]">&gt;&gt;</a>&nbsp;&nbsp;&nbsp;__hardfp_cosf
<LI><a href="#[105]">&gt;&gt;</a>&nbsp;&nbsp;&nbsp;__hardfp_asinf
</UL>

<P><STRONG><a name="[10d]"></a>__mathlib_flt_infnan2</STRONG> (Thumb, 6 bytes, Stack size 0 bytes, funder.o(i.__mathlib_flt_infnan2))
<BR><BR>[Called By]<UL><LI><a href="#[10c]">&gt;&gt;</a>&nbsp;&nbsp;&nbsp;__hardfp_atan2f
</UL>

<P><STRONG><a name="[10b]"></a>__mathlib_flt_invalid</STRONG> (Thumb, 10 bytes, Stack size 0 bytes, funder.o(i.__mathlib_flt_invalid))
<BR><BR>[Called By]<UL><LI><a href="#[115]">&gt;&gt;</a>&nbsp;&nbsp;&nbsp;__hardfp_tanf
<LI><a href="#[114]">&gt;&gt;</a>&nbsp;&nbsp;&nbsp;__hardfp_sinf
<LI><a href="#[113]">&gt;&gt;</a>&nbsp;&nbsp;&nbsp;__hardfp_fmodf
<LI><a href="#[110]">&gt;&gt;</a>&nbsp;&nbsp;&nbsp;__hardfp_cosf
<LI><a href="#[105]">&gt;&gt;</a>&nbsp;&nbsp;&nbsp;__hardfp_asinf
</UL>

<P><STRONG><a name="[108]"></a>__mathlib_flt_underflow</STRONG> (Thumb, 10 bytes, Stack size 0 bytes, funder.o(i.__mathlib_flt_underflow))
<BR><BR>[Called By]<UL><LI><a href="#[115]">&gt;&gt;</a>&nbsp;&nbsp;&nbsp;__hardfp_tanf
<LI><a href="#[114]">&gt;&gt;</a>&nbsp;&nbsp;&nbsp;__hardfp_sinf
<LI><a href="#[10c]">&gt;&gt;</a>&nbsp;&nbsp;&nbsp;__hardfp_atan2f
<LI><a href="#[105]">&gt;&gt;</a>&nbsp;&nbsp;&nbsp;__hardfp_asinf
</UL>

<P><STRONG><a name="[111]"></a>__mathlib_rredf2</STRONG> (Thumb, 316 bytes, Stack size 20 bytes, rredf.o(i.__mathlib_rredf2))
<BR><BR>[Stack]<UL><LI>Max Depth = 20<LI>Call Chain = __mathlib_rredf2
</UL>
<BR>[Called By]<UL><LI><a href="#[115]">&gt;&gt;</a>&nbsp;&nbsp;&nbsp;__hardfp_tanf
<LI><a href="#[114]">&gt;&gt;</a>&nbsp;&nbsp;&nbsp;__hardfp_sinf
<LI><a href="#[110]">&gt;&gt;</a>&nbsp;&nbsp;&nbsp;__hardfp_cosf
</UL>

<P><STRONG><a name="[10f]"></a>__read_errno</STRONG> (Thumb, 6 bytes, Stack size 0 bytes, errno.o(i.__read_errno))
<BR><BR>[Called By]<UL><LI><a href="#[10e]">&gt;&gt;</a>&nbsp;&nbsp;&nbsp;__hardfp_atof
</UL>

<P><STRONG><a name="[308]"></a>__scatterload_copy</STRONG> (Thumb, 14 bytes, Stack size unknown bytes, handlers.o(i.__scatterload_copy), UNUSED)

<P><STRONG><a name="[309]"></a>__scatterload_null</STRONG> (Thumb, 2 bytes, Stack size unknown bytes, handlers.o(i.__scatterload_null), UNUSED)

<P><STRONG><a name="[30a]"></a>__scatterload_zeroinit</STRONG> (Thumb, 14 bytes, Stack size unknown bytes, handlers.o(i.__scatterload_zeroinit), UNUSED)

<P><STRONG><a name="[10a]"></a>__set_errno</STRONG> (Thumb, 6 bytes, Stack size 0 bytes, errno.o(i.__set_errno))
<BR><BR>[Called By]<UL><LI><a href="#[115]">&gt;&gt;</a>&nbsp;&nbsp;&nbsp;__hardfp_tanf
<LI><a href="#[114]">&gt;&gt;</a>&nbsp;&nbsp;&nbsp;__hardfp_sinf
<LI><a href="#[113]">&gt;&gt;</a>&nbsp;&nbsp;&nbsp;__hardfp_fmodf
<LI><a href="#[110]">&gt;&gt;</a>&nbsp;&nbsp;&nbsp;__hardfp_cosf
<LI><a href="#[10e]">&gt;&gt;</a>&nbsp;&nbsp;&nbsp;__hardfp_atof
<LI><a href="#[105]">&gt;&gt;</a>&nbsp;&nbsp;&nbsp;__hardfp_asinf
<LI><a href="#[106]">&gt;&gt;</a>&nbsp;&nbsp;&nbsp;sqrtf
</UL>

<P><STRONG><a name="[9c]"></a>_is_digit</STRONG> (Thumb, 14 bytes, Stack size 0 bytes, scanf_fp.o(i._is_digit), UNUSED)
<BR><BR>[Called By]<UL><LI><a href="#[9b]">&gt;&gt;</a>&nbsp;&nbsp;&nbsp;_scanf_really_real
</UL>

<P><STRONG><a name="[11a]"></a>app_rtc_get_datetime</STRONG> (Thumb, 58 bytes, Stack size 24 bytes, pcf8563.o(i.app_rtc_get_datetime))
<BR><BR>[Stack]<UL><LI>Max Depth = 136<LI>Call Chain = app_rtc_get_datetime &rArr; pcf8563_get_datetime &rArr; pcf8563_i2c_read &rArr; i2c_write_byte_sw &rArr; sda_low &rArr; i2c_delay_inline
</UL>
<BR>[Calls]<UL><LI><a href="#[11b]">&gt;&gt;</a>&nbsp;&nbsp;&nbsp;pcf8563_get_datetime
<LI><a href="#[11c]">&gt;&gt;</a>&nbsp;&nbsp;&nbsp;convert_to_rtc
</UL>
<BR>[Called By]<UL><LI><a href="#[191]">&gt;&gt;</a>&nbsp;&nbsp;&nbsp;get_fattime
<LI><a href="#[3]">&gt;&gt;</a>&nbsp;&nbsp;&nbsp;port_get_utc_time
</UL>

<P><STRONG><a name="[1cf]"></a>app_rtc_has_valid_time</STRONG> (Thumb, 20 bytes, Stack size 0 bytes, pcf8563.o(i.app_rtc_has_valid_time))
<BR><BR>[Called By]<UL><LI><a href="#[61]">&gt;&gt;</a>&nbsp;&nbsp;&nbsp;main
<LI><a href="#[191]">&gt;&gt;</a>&nbsp;&nbsp;&nbsp;get_fattime
<LI><a href="#[5]">&gt;&gt;</a>&nbsp;&nbsp;&nbsp;port_rtc_time_valid
</UL>

<P><STRONG><a name="[11d]"></a>app_rtc_init</STRONG> (Thumb, 56 bytes, Stack size 16 bytes, pcf8563.o(i.app_rtc_init))
<BR><BR>[Stack]<UL><LI>Max Depth = 128<LI>Call Chain = app_rtc_init &rArr; pcf8563_get_datetime &rArr; pcf8563_i2c_read &rArr; i2c_write_byte_sw &rArr; sda_low &rArr; i2c_delay_inline
</UL>
<BR>[Calls]<UL><LI><a href="#[11e]">&gt;&gt;</a>&nbsp;&nbsp;&nbsp;pcf8563_init
<LI><a href="#[11b]">&gt;&gt;</a>&nbsp;&nbsp;&nbsp;pcf8563_get_datetime
</UL>
<BR>[Called By]<UL><LI><a href="#[61]">&gt;&gt;</a>&nbsp;&nbsp;&nbsp;main
</UL>

<P><STRONG><a name="[11f]"></a>app_rtc_set_datetime</STRONG> (Thumb, 46 bytes, Stack size 24 bytes, pcf8563.o(i.app_rtc_set_datetime))
<BR><BR>[Stack]<UL><LI>Max Depth = 128<LI>Call Chain = app_rtc_set_datetime &rArr; pcf8563_set_datetime &rArr; pcf8563_i2c_write &rArr; i2c_write_byte_sw &rArr; sda_low &rArr; i2c_delay_inline
</UL>
<BR>[Calls]<UL><LI><a href="#[121]">&gt;&gt;</a>&nbsp;&nbsp;&nbsp;pcf8563_set_datetime
<LI><a href="#[120]">&gt;&gt;</a>&nbsp;&nbsp;&nbsp;convert_from_rtc
</UL>
<BR>[Called By]<UL><LI><a href="#[238]">&gt;&gt;</a>&nbsp;&nbsp;&nbsp;modbus_rtu_handle_write_multiple_registers
<LI><a href="#[4]">&gt;&gt;</a>&nbsp;&nbsp;&nbsp;port_set_rtc_time
</UL>

<P><STRONG><a name="[a5]"></a>app_watchdog_beat</STRONG> (Thumb, 32 bytes, Stack size 8 bytes, app_watchdog.o(i.app_watchdog_beat))
<BR><BR>[Stack]<UL><LI>Max Depth = 8<LI>Call Chain = app_watchdog_beat
</UL>
<BR>[Calls]<UL><LI><a href="#[123]">&gt;&gt;</a>&nbsp;&nbsp;&nbsp;vPortExitCritical
<LI><a href="#[122]">&gt;&gt;</a>&nbsp;&nbsp;&nbsp;vPortEnterCritical
<LI><a href="#[b5]">&gt;&gt;</a>&nbsp;&nbsp;&nbsp;xTaskGetTickCount
</UL>
<BR>[Called By]<UL><LI><a href="#[69]">&gt;&gt;</a>&nbsp;&nbsp;&nbsp;SolarTracking_Task
<LI><a href="#[6c]">&gt;&gt;</a>&nbsp;&nbsp;&nbsp;LED_Task
<LI><a href="#[6a]">&gt;&gt;</a>&nbsp;&nbsp;&nbsp;HostComm_Task
<LI><a href="#[6b]">&gt;&gt;</a>&nbsp;&nbsp;&nbsp;GPS_Task
</UL>

<P><STRONG><a name="[124]"></a>app_watchdog_capture_reset_reason</STRONG> (Thumb, 28 bytes, Stack size 8 bytes, app_watchdog.o(i.app_watchdog_capture_reset_reason))
<BR><BR>[Stack]<UL><LI>Max Depth = 8<LI>Call Chain = app_watchdog_capture_reset_reason
</UL>
<BR>[Calls]<UL><LI><a href="#[125]">&gt;&gt;</a>&nbsp;&nbsp;&nbsp;rcu_flag_get
<LI><a href="#[126]">&gt;&gt;</a>&nbsp;&nbsp;&nbsp;rcu_all_reset_flag_clear
</UL>
<BR>[Called By]<UL><LI><a href="#[61]">&gt;&gt;</a>&nbsp;&nbsp;&nbsp;main
</UL>

<P><STRONG><a name="[fe]"></a>app_watchdog_init</STRONG> (Thumb, 34 bytes, Stack size 16 bytes, app_watchdog.o(i.app_watchdog_init))
<BR><BR>[Stack]<UL><LI>Max Depth = 16<LI>Call Chain = app_watchdog_init
</UL>
<BR>[Calls]<UL><LI><a href="#[123]">&gt;&gt;</a>&nbsp;&nbsp;&nbsp;vPortExitCritical
<LI><a href="#[122]">&gt;&gt;</a>&nbsp;&nbsp;&nbsp;vPortEnterCritical
<LI><a href="#[b5]">&gt;&gt;</a>&nbsp;&nbsp;&nbsp;xTaskGetTickCount
</UL>
<BR>[Called By]<UL><LI><a href="#[6e]">&gt;&gt;</a>&nbsp;&nbsp;&nbsp;Watchdog_Task
</UL>

<P><STRONG><a name="[ca]"></a>data_hub_get_snapshot</STRONG> (Thumb, 58 bytes, Stack size 8 bytes, data_hub.o(i.data_hub_get_snapshot))
<BR><BR>[Stack]<UL><LI>Max Depth = 120<LI>Call Chain = data_hub_get_snapshot &rArr; xQueueGenericSend &rArr; vTaskPlaceOnEventList &rArr; prvAddCurrentTaskToDelayedList &rArr; vListInsert
</UL>
<BR>[Calls]<UL><LI><a href="#[161]">&gt;&gt;</a>&nbsp;&nbsp;&nbsp;xQueueSemaphoreTake
[...]
<LI><a href="#[175]">&gt;&gt;</a>&nbsp;&nbsp;&nbsp;disk_initialize
<LI><a href="#[12f]">&gt;&gt;</a>&nbsp;&nbsp;&nbsp;move_window
<LI><a href="#[1a7]">&gt;&gt;</a>&nbsp;&nbsp;&nbsp;lock_fs
<LI><a href="#[130]">&gt;&gt;</a>&nbsp;&nbsp;&nbsp;ld_word
<LI><a href="#[1a1]">&gt;&gt;</a>&nbsp;&nbsp;&nbsp;ld_dword
<LI><a href="#[197]">&gt;&gt;</a>&nbsp;&nbsp;&nbsp;get_ldnumber
<LI><a href="#[19a]">&gt;&gt;</a>&nbsp;&nbsp;&nbsp;clear_lock
<LI><a href="#[12e]">&gt;&gt;</a>&nbsp;&nbsp;&nbsp;check_fs
</UL>
<BR>[Called By]<UL><LI><a href="#[1a2]">&gt;&gt;</a>&nbsp;&nbsp;&nbsp;f_opendir
<LI><a href="#[19c]">&gt;&gt;</a>&nbsp;&nbsp;&nbsp;f_open
<LI><a href="#[199]">&gt;&gt;</a>&nbsp;&nbsp;&nbsp;f_mount
<LI><a href="#[18e]">&gt;&gt;</a>&nbsp;&nbsp;&nbsp;f_mkdir
</UL>

<P><STRONG><a name="[190]"></a>follow_path</STRONG> (Thumb, 158 bytes, Stack size 32 bytes, ff.o(i.follow_path))
<BR><BR>[Stack]<UL><LI>Max Depth = 352<LI>Call Chain = follow_path &rArr; dir_find &rArr; dir_next &rArr; create_chain &rArr; put_fat &rArr; move_window &rArr; sync_window &rArr; disk_write &rArr; sd_block_write &rArr; dma_transfer_config &rArr; dma_multi_data_mode_init
</UL>
<BR>[Calls]<UL><LI><a href="#[19f]">&gt;&gt;</a>&nbsp;&nbsp;&nbsp;ld_clust
<LI><a href="#[167]">&gt;&gt;</a>&nbsp;&nbsp;&nbsp;dir_sdi
<LI><a href="#[16d]">&gt;&gt;</a>&nbsp;&nbsp;&nbsp;dir_find
<LI><a href="#[15c]">&gt;&gt;</a>&nbsp;&nbsp;&nbsp;create_name
</UL>
<BR>[Called By]<UL><LI><a href="#[1a2]">&gt;&gt;</a>&nbsp;&nbsp;&nbsp;f_opendir
<LI><a href="#[19c]">&gt;&gt;</a>&nbsp;&nbsp;&nbsp;f_open
<LI><a href="#[18e]">&gt;&gt;</a>&nbsp;&nbsp;&nbsp;f_mkdir
</UL>

<P><STRONG><a name="[173]"></a>gen_numname</STRONG> (Thumb, 198 bytes, Stack size 64 bytes, ff.o(i.gen_numname))
<BR><BR>[Stack]<UL><LI>Max Depth = 76<LI>Call Chain = gen_numname &rArr; mem_cpy
</UL>
<BR>[Calls]<UL><LI><a href="#[172]">&gt;&gt;</a>&nbsp;&nbsp;&nbsp;mem_cpy
<LI><a href="#[1ce]">&gt;&gt;</a>&nbsp;&nbsp;&nbsp;dbc_1st
</UL>
<BR>[Called By]<UL><LI><a href="#[171]">&gt;&gt;</a>&nbsp;&nbsp;&nbsp;dir_register
</UL>

<P><STRONG><a name="[15a]"></a>get_fat</STRONG> (Thumb, 224 bytes, Stack size 32 bytes, ff.o(i.get_fat))
<BR><BR>[Stack]<UL><LI>Max Depth = 232<LI>Call Chain = get_fat &rArr; move_window &rArr; sync_window &rArr; disk_write &rArr; sd_block_write &rArr; dma_transfer_config &rArr; dma_multi_data_mode_init
</UL>
<BR>[Calls]<UL><LI><a href="#[12f]">&gt;&gt;</a>&nbsp;&nbsp;&nbsp;move_window
<LI><a href="#[130]">&gt;&gt;</a>&nbsp;&nbsp;&nbsp;ld_word
<LI><a href="#[1a1]">&gt;&gt;</a>&nbsp;&nbsp;&nbsp;ld_dword
</UL>
<BR>[Called By]<UL><LI><a href="#[1a3]">&gt;&gt;</a>&nbsp;&nbsp;&nbsp;f_read
<LI><a href="#[19c]">&gt;&gt;</a>&nbsp;&nbsp;&nbsp;f_open
<LI><a href="#[18d]">&gt;&gt;</a>&nbsp;&nbsp;&nbsp;f_lseek
<LI><a href="#[195]">&gt;&gt;</a>&nbsp;&nbsp;&nbsp;remove_chain
<LI><a href="#[167]">&gt;&gt;</a>&nbsp;&nbsp;&nbsp;dir_sdi
<LI><a href="#[168]">&gt;&gt;</a>&nbsp;&nbsp;&nbsp;dir_next
<LI><a href="#[159]">&gt;&gt;</a>&nbsp;&nbsp;&nbsp;create_chain
</UL>

<P><STRONG><a name="[1a5]"></a>get_fileinfo</STRONG> (Thumb, 374 bytes, Stack size 32 bytes, ff.o(i.get_fileinfo))
<BR><BR>[Stack]<UL><LI>Max Depth = 80<LI>Call Chain = get_fileinfo &rArr; put_utf &rArr; ff_uni2oem
</UL>
<BR>[Calls]<UL><LI><a href="#[1d0]">&gt;&gt;</a>&nbsp;&nbsp;&nbsp;put_utf
<LI><a href="#[130]">&gt;&gt;</a>&nbsp;&nbsp;&nbsp;ld_word
<LI><a href="#[1a1]">&gt;&gt;</a>&nbsp;&nbsp;&nbsp;ld_dword
</UL>
<BR>[Called By]<UL><LI><a href="#[1a4]">&gt;&gt;</a>&nbsp;&nbsp;&nbsp;f_readdir
</UL>

<P><STRONG><a name="[197]"></a>get_ldnumber</STRONG> (Thumb, 78 bytes, Stack size 16 bytes, ff.o(i.get_ldnumber))
<BR><BR>[Stack]<UL><LI>Max Depth = 16<LI>Call Chain = get_ldnumber
</UL>
<BR>[Called By]<UL><LI><a href="#[199]">&gt;&gt;</a>&nbsp;&nbsp;&nbsp;f_mount
<LI><a href="#[196]">&gt;&gt;</a>&nbsp;&nbsp;&nbsp;f_mkfs
<LI><a href="#[18f]">&gt;&gt;</a>&nbsp;&nbsp;&nbsp;find_volume
</UL>

<P><STRONG><a name="[1a0]"></a>inc_lock</STRONG> (Thumb, 184 bytes, Stack size 8 bytes, ff.o(i.inc_lock))
<BR><BR>[Stack]<UL><LI>Max Depth = 8<LI>Call Chain = inc_lock
</UL>
<BR>[Called By]<UL><LI><a href="#[1a2]">&gt;&gt;</a>&nbsp;&nbsp;&nbsp;f_opendir
<LI><a href="#[19c]">&gt;&gt;</a>&nbsp;&nbsp;&nbsp;f_open
</UL>

<P><STRONG><a name="[19f]"></a>ld_clust</STRONG> (Thumb, 38 bytes, Stack size 16 bytes, ff.o(i.ld_clust))
<BR><BR>[Stack]<UL><LI>Max Depth = 16<LI>Call Chain = ld_clust
</UL>
<BR>[Calls]<UL><LI><a href="#[130]">&gt;&gt;</a>&nbsp;&nbsp;&nbsp;ld_word
</UL>
<BR>[Called By]<UL><LI><a href="#[1a2]">&gt;&gt;</a>&nbsp;&nbsp;&nbsp;f_opendir
<LI><a href="#[19c]">&gt;&gt;</a>&nbsp;&nbsp;&nbsp;f_open
<LI><a href="#[190]">&gt;&gt;</a>&nbsp;&nbsp;&nbsp;follow_path
</UL>

<P><STRONG><a name="[1a1]"></a>ld_dword</STRONG> (Thumb, 24 bytes, Stack size 0 bytes, ff.o(i.ld_dword))
<BR><BR>[Called By]<UL><LI><a href="#[19c]">&gt;&gt;</a>&nbsp;&nbsp;&nbsp;f_open
<LI><a href="#[15b]">&gt;&gt;</a>&nbsp;&nbsp;&nbsp;put_fat
<LI><a href="#[1a5]">&gt;&gt;</a>&nbsp;&nbsp;&nbsp;get_fileinfo
<LI><a href="#[15a]">&gt;&gt;</a>&nbsp;&nbsp;&nbsp;get_fat
<LI><a href="#[18f]">&gt;&gt;</a>&nbsp;&nbsp;&nbsp;find_volume
</UL>

<P><STRONG><a name="[130]"></a>ld_word</STRONG> (Thumb, 12 bytes, Stack size 0 bytes, ff.o(i.ld_word))
<BR><BR>[Called By]<UL><LI><a href="#[170]">&gt;&gt;</a>&nbsp;&nbsp;&nbsp;pick_lfn
<LI><a href="#[19f]">&gt;&gt;</a>&nbsp;&nbsp;&nbsp;ld_clust
<LI><a href="#[1a5]">&gt;&gt;</a>&nbsp;&nbsp;&nbsp;get_fileinfo
<LI><a href="#[15a]">&gt;&gt;</a>&nbsp;&nbsp;&nbsp;get_fat
<LI><a href="#[18f]">&gt;&gt;</a>&nbsp;&nbsp;&nbsp;find_volume
<LI><a href="#[135]">&gt;&gt;</a>&nbsp;&nbsp;&nbsp;cmp_lfn
<LI><a href="#[12e]">&gt;&gt;</a>&nbsp;&nbsp;&nbsp;check_fs
</UL>

<P><STRONG><a name="[1a7]"></a>lock_fs</STRONG> (Thumb, 26 bytes, Stack size 16 bytes, ff.o(i.lock_fs))
<BR><BR>[Stack]<UL><LI>Max Depth = 112<LI>Call Chain = lock_fs &rArr; xQueueSemaphoreTake &rArr; vTaskPlaceOnEventList &rArr; prvAddCurrentTaskToDelayedList &rArr; vListInsert
</UL>
<BR>[Calls]<UL><LI><a href="#[161]">&gt;&gt;</a>&nbsp;&nbsp;&nbsp;xQueueSemaphoreTake
</UL>
<BR>[Called By]<UL><LI><a href="#[189]">&gt;&gt;</a>&nbsp;&nbsp;&nbsp;validate
<LI><a href="#[18f]">&gt;&gt;</a>&nbsp;&nbsp;&nbsp;find_volume
</UL>

<P><STRONG><a name="[131]"></a>mem_cmp</STRONG> (Thumb, 36 bytes, Stack size 20 bytes, ff.o(i.mem_cmp))
<BR><BR>[Stack]<UL><LI>Max Depth = 20<LI>Call Chain = mem_cmp
</UL>
<BR>[Called By]<UL><LI><a href="#[16d]">&gt;&gt;</a>&nbsp;&nbsp;&nbsp;dir_find
<LI><a href="#[12e]">&gt;&gt;</a>&nbsp;&nbsp;&nbsp;check_fs
</UL>

<P><STRONG><a name="[172]"></a>mem_cpy</STRONG> (Thumb, 26 bytes, Stack size 12 bytes, ff.o(i.mem_cpy))
<BR><BR>[Stack]<UL><LI>Max Depth = 12<LI>Call Chain = mem_cpy
</UL>
<BR>[Called By]<UL><LI><a href="#[1a6]">&gt;&gt;</a>&nbsp;&nbsp;&nbsp;f_write
<LI><a href="#[1a3]">&gt;&gt;</a>&nbsp;&nbsp;&nbsp;f_read
<LI><a href="#[196]">&gt;&gt;</a>&nbsp;&nbsp;&nbsp;f_mkfs
<LI><a href="#[18e]">&gt;&gt;</a>&nbsp;&nbsp;&nbsp;f_mkdir
<LI><a href="#[173]">&gt;&gt;</a>&nbsp;&nbsp;&nbsp;gen_numname
<LI><a href="#[171]">&gt;&gt;</a>&nbsp;&nbsp;&nbsp;dir_register
</UL>

<P><STRONG><a name="[15f]"></a>mem_set</STRONG> (Thumb, 18 bytes, Stack size 8 bytes, ff.o(i.mem_set))
<BR><BR>[Stack]<UL><LI>Max Depth = 8<LI>Call Chain = mem_set
</UL>
<BR>[Called By]<UL><LI><a href="#[19c]">&gt;&gt;</a>&nbsp;&nbsp;&nbsp;f_open
<LI><a href="#[196]">&gt;&gt;</a>&nbsp;&nbsp;&nbsp;f_mkfs
<LI><a href="#[18e]">&gt;&gt;</a>&nbsp;&nbsp;&nbsp;f_mkdir
<LI><a href="#[194]">&gt;&gt;</a>&nbsp;&nbsp;&nbsp;sync_fs
<LI><a href="#[171]">&gt;&gt;</a>&nbsp;&nbsp;&nbsp;dir_register
<LI><a href="#[169]">&gt;&gt;</a>&nbsp;&nbsp;&nbsp;dir_clear
<LI><a href="#[15c]">&gt;&gt;</a>&nbsp;&nbsp;&nbsp;create_name
</UL>

<P><STRONG><a name="[12f]"></a>move_window</STRONG> (Thumb, 52 bytes, Stack size 16 bytes, ff.o(i.move_window))
<BR><BR>[Stack]<UL><LI>Max Depth = 200<LI>Call Chain = move_window &rArr; sync_window &rArr; disk_write &rArr; sd_block_write &rArr; dma_transfer_config &rArr; dma_multi_data_mode_init
</UL>
<BR>[Calls]<UL><LI><a href="#[177]">&gt;&gt;</a>&nbsp;&nbsp;&nbsp;disk_read
<LI><a href="#[16a]">&gt;&gt;</a>&nbsp;&nbsp;&nbsp;sync_window
</UL>
<BR>[Called By]<UL><LI><a href="#[19c]">&gt;&gt;</a>&nbsp;&nbsp;&nbsp;f_open
<LI><a href="#[188]">&gt;&gt;</a>&nbsp;&nbsp;&nbsp;f_sync
<LI><a href="#[15b]">&gt;&gt;</a>&nbsp;&nbsp;&nbsp;put_fat
<LI><a href="#[15a]">&gt;&gt;</a>&nbsp;&nbsp;&nbsp;get_fat
<LI><a href="#[18f]">&gt;&gt;</a>&nbsp;&nbsp;&nbsp;find_volume
<LI><a href="#[171]">&gt;&gt;</a>&nbsp;&nbsp;&nbsp;dir_register
<LI><a href="#[16f]">&gt;&gt;</a>&nbsp;&nbsp;&nbsp;dir_read
<LI><a href="#[16d]">&gt;&gt;</a>&nbsp;&nbsp;&nbsp;dir_find
<LI><a href="#[166]">&gt;&gt;</a>&nbsp;&nbsp;&nbsp;dir_alloc
<LI><a href="#[12e]">&gt;&gt;</a>&nbsp;&nbsp;&nbsp;check_fs
</UL>

<P><STRONG><a name="[170]"></a>pick_lfn</STRONG> (Thumb, 130 bytes, Stack size 32 bytes, ff.o(i.pick_lfn))
<BR><BR>[Stack]<UL><LI>Max Depth = 32<LI>Call Chain = pick_lfn
</UL>
<BR>[Calls]<UL><LI><a href="#[130]">&gt;&gt;</a>&nbsp;&nbsp;&nbsp;ld_word
</UL>
<BR>[Called By]<UL><LI><a href="#[16f]">&gt;&gt;</a>&nbsp;&nbsp;&nbsp;dir_read
</UL>

<P><STRONG><a name="[15b]"></a>put_fat</STRONG> (Thumb, 312 bytes, Stack size 32 bytes, ff.o(i.put_fat))
<BR><BR>[Stack]<UL><LI>Max Depth = 232<LI>Call Chain = put_fat &rArr; move_window &rArr; sync_window &rArr; disk_write &rArr; sd_block_write &rArr; dma_transfer_config &rArr; dma_multi_data_mode_init
</UL>
<BR>[Calls]<UL><LI><a href="#[198]">&gt;&gt;</a>&nbsp;&nbsp;&nbsp;st_word
<LI><a href="#[192]">&gt;&gt;</a>&nbsp;&nbsp;&nbsp;st_dword
<LI><a href="#[12f]">&gt;&gt;</a>&nbsp;&nbsp;&nbsp;move_window
<LI><a href="#[1a1]">&gt;&gt;</a>&nbsp;&nbsp;&nbsp;ld_dword
</UL>
<BR>[Called By]<UL><LI><a href="#[195]">&gt;&gt;</a>&nbsp;&nbsp;&nbsp;remove_chain
<LI><a href="#[159]">&gt;&gt;</a>&nbsp;&nbsp;&nbsp;create_chain
</UL>

<P><STRONG><a name="[174]"></a>put_lfn</STRONG> (Thumb, 124 bytes, Stack size 32 bytes, ff.o(i.put_lfn))
<BR><BR>[Stack]<UL><LI>Max Depth = 32<LI>Call Chain = put_lfn
</UL>
<BR>[Calls]<UL><LI><a href="#[198]">&gt;&gt;</a>&nbsp;&nbsp;&nbsp;st_word
</UL>
<BR>[Called By]<UL><LI><a href="#[171]">&gt;&gt;</a>&nbsp;&nbsp;&nbsp;dir_register
</UL>

<P><STRONG><a name="[1d0]"></a>put_utf</STRONG> (Thumb, 66 bytes, Stack size 24 bytes, ff.o(i.put_utf))
<BR><BR>[Stack]<UL><LI>Max Depth = 48<LI>Call Chain = put_utf &rArr; ff_uni2oem
</UL>
<BR>[Calls]<UL><LI><a href="#[160]">&gt;&gt;</a>&nbsp;&nbsp;&nbsp;ff_uni2oem
</UL>
<BR>[Called By]<UL><LI><a href="#[1a5]">&gt;&gt;</a>&nbsp;&nbsp;&nbsp;get_fileinfo
</UL>

<P><STRONG><a name="[195]"></a>remove_chain</STRONG> (Thumb, 154 bytes, Stack size 32 bytes, ff.o(i.remove_chain))
<BR><BR>[Stack]<UL><LI>Max Depth = 264<LI>Call Chain = remove_chain &rArr; put_fat &rArr; move_window &rArr; sync_window &rArr; disk_write &rArr; sd_block_write &rArr; dma_transfer_config &rArr; dma_multi_data_mode_init
</UL>
<BR>[Calls]<UL><LI><a href="#[15b]">&gt;&gt;</a>&nbsp;&nbsp;&nbsp;put_fat
<LI><a href="#[15a]">&gt;&gt;</a>&nbsp;&nbsp;&nbsp;get_fat
</UL>
<BR>[Called By]<UL><LI><a href="#[19c]">&gt;&gt;</a>&nbsp;&nbsp;&nbsp;f_open
<LI><a href="#[18e]">&gt;&gt;</a>&nbsp;&nbsp;&nbsp;f_mkdir
</UL>

<P><STRONG><a name="[193]"></a>st_clust</STRONG> (Thumb, 36 bytes, Stack size 16 bytes, ff.o(i.st_clust))
<BR><BR>[Stack]<UL><LI>Max Depth = 16<LI>Call Chain = st_clust
</UL>
<BR>[Calls]<UL><LI><a href="#[198]">&gt;&gt;</a>&nbsp;&nbsp;&nbsp;st_word
</UL>
<BR>[Called By]<UL><LI><a href="#[19c]">&gt;&gt;</a>&nbsp;&nbsp;&nbsp;f_open
<LI><a href="#[18e]">&gt;&gt;</a>&nbsp;&nbsp;&nbsp;f_mkdir
<LI><a href="#[188]">&gt;&gt;</a>&nbsp;&nbsp;&nbsp;f_sync
</UL>

<P><STRONG><a name="[192]"></a>st_dword</STRONG> (Thumb, 24 bytes, Stack size 0 bytes, ff.o(i.st_dword))
<BR><BR>[Called By]<UL><LI><a href="#[19c]">&gt;&gt;</a>&nbsp;&nbsp;&nbsp;f_open
<LI><a href="#[196]">&gt;&gt;</a>&nbsp;&nbsp;&nbsp;f_mkfs
<LI><a href="#[18e]">&gt;&gt;</a>&nbsp;&nbsp;&nbsp;f_mkdir
<LI><a href="#[188]">&gt;&gt;</a>&nbsp;&nbsp;&nbsp;f_sync
<LI><a href="#[194]">&gt;&gt;</a>&nbsp;&nbsp;&nbsp;sync_fs
<LI><a href="#[15b]">&gt;&gt;</a>&nbsp;&nbsp;&nbsp;put_fat
</UL>

<P><STRONG><a name="[198]"></a>st_word</STRONG> (Thumb, 12 bytes, Stack size 0 bytes, ff.o(i.st_word))
<BR><BR>[Called By]<UL><LI><a href="#[196]">&gt;&gt;</a>&nbsp;&nbsp;&nbsp;f_mkfs
<LI><a href="#[188]">&gt;&gt;</a>&nbsp;&nbsp;&nbsp;f_sync
<LI><a href="#[194]">&gt;&gt;</a>&nbsp;&nbsp;&nbsp;sync_fs
<LI><a href="#[193]">&gt;&gt;</a>&nbsp;&nbsp;&nbsp;st_clust
<LI><a href="#[174]">&gt;&gt;</a>&nbsp;&nbsp;&nbsp;put_lfn
<LI><a href="#[15b]">&gt;&gt;</a>&nbsp;&nbsp;&nbsp;put_fat
</UL>

<P><STRONG><a name="[16e]"></a>sum_sfn</STRONG> (Thumb, 32 bytes, Stack size 12 bytes, ff.o(i.sum_sfn))
<BR><BR>[Stack]<UL><LI>Max Depth = 12<LI>Call Chain = sum_sfn
</UL>
<BR>[Called By]<UL><LI><a href="#[171]">&gt;&gt;</a>&nbsp;&nbsp;&nbsp;dir_register
<LI><a href="#[16f]">&gt;&gt;</a>&nbsp;&nbsp;&nbsp;dir_read
<LI><a href="#[16d]">&gt;&gt;</a>&nbsp;&nbsp;&nbsp;dir_find
</UL>

<P><STRONG><a name="[194]"></a>sync_fs</STRONG> (Thumb, 134 bytes, Stack size 16 bytes, ff.o(i.sync_fs))
<BR><BR>[Stack]<UL><LI>Max Depth = 200<LI>Call Chain = sync_fs &rArr; sync_window &rArr; disk_write &rArr; sd_block_write &rArr; dma_transfer_config &rArr; dma_multi_data_mode_init
</UL>
<BR>[Calls]<UL><LI><a href="#[16c]">&gt;&gt;</a>&nbsp;&nbsp;&nbsp;disk_write
<LI><a href="#[176]">&gt;&gt;</a>&nbsp;&nbsp;&nbsp;disk_ioctl
<LI><a href="#[16a]">&gt;&gt;</a>&nbsp;&nbsp;&nbsp;sync_window
<LI><a href="#[198]">&gt;&gt;</a>&nbsp;&nbsp;&nbsp;st_word
<LI><a href="#[192]">&gt;&gt;</a>&nbsp;&nbsp;&nbsp;st_dword
<LI><a href="#[15f]">&gt;&gt;</a>&nbsp;&nbsp;&nbsp;mem_set
</UL>
<BR>[Called By]<UL><LI><a href="#[18e]">&gt;&gt;</a>&nbsp;&nbsp;&nbsp;f_mkdir
<LI><a href="#[188]">&gt;&gt;</a>&nbsp;&nbsp;&nbsp;f_sync
</UL>

<P><STRONG><a name="[16a]"></a>sync_window</STRONG> (Thumb, 74 bytes, Stack size 16 bytes, ff.o(i.sync_window))
<BR><BR>[Stack]<UL><LI>Max Depth = 184<LI>Call Chain = sync_window &rArr; disk_write &rArr; sd_block_write &rArr; dma_transfer_config &rArr; dma_multi_data_mode_init
</UL>
<BR>[Calls]<UL><LI><a href="#[16c]">&gt;&gt;</a>&nbsp;&nbsp;&nbsp;disk_write
</UL>
<BR>[Called By]<UL><LI><a href="#[194]">&gt;&gt;</a>&nbsp;&nbsp;&nbsp;sync_fs
<LI><a href="#[12f]">&gt;&gt;</a>&nbsp;&nbsp;&nbsp;move_window
<LI><a href="#[169]">&gt;&gt;</a>&nbsp;&nbsp;&nbsp;dir_clear
</UL>

<P><STRONG><a name="[15d]"></a>tchar2uni</STRONG> (Thumb, 76 bytes, Stack size 24 bytes, ff.o(i.tchar2uni))
<BR><BR>[Stack]<UL><LI>Max Depth = 44<LI>Call Chain = tchar2uni &rArr; ff_oem2uni
</UL>
<BR>[Calls]<UL><LI><a href="#[2d2]">&gt;&gt;</a>&nbsp;&nbsp;&nbsp;ff_oem2uni
<LI><a href="#[2d1]">&gt;&gt;</a>&nbsp;&nbsp;&nbsp;dbc_2nd
<LI><a href="#[1ce]">&gt;&gt;</a>&nbsp;&nbsp;&nbsp;dbc_1st
</UL>
<BR>[Called By]<UL><LI><a href="#[15c]">&gt;&gt;</a>&nbsp;&nbsp;&nbsp;create_name
</UL>

<P><STRONG><a name="[18b]"></a>unlock_fs</STRONG> (Thumb, 40 bytes, Stack size 16 bytes, ff.o(i.unlock_fs))
<BR><BR>[Stack]<UL><LI>Max Depth = 128<LI>Call Chain = unlock_fs &rArr; xQueueGenericSend &rArr; vTaskPlaceOnEventList &rArr; prvAddCurrentTaskToDelayedList &rArr; vListInsert
</UL>
<BR>[Calls]<UL><LI><a href="#[de]">&gt;&gt;</a>&nbsp;&nbsp;&nbsp;xQueueGenericSend
</UL>
<BR>[Called By]<UL><LI><a href="#[1a6]">&gt;&gt;</a>&nbsp;&nbsp;&nbsp;f_write
<LI><a href="#[1a4]">&gt;&gt;</a>&nbsp;&nbsp;&nbsp;f_readdir
<LI><a href="#[1a3]">&gt;&gt;</a>&nbsp;&nbsp;&nbsp;f_read
<LI><a href="#[1a2]">&gt;&gt;</a>&nbsp;&nbsp;&nbsp;f_opendir
<LI><a href="#[19c]">&gt;&gt;</a>&nbsp;&nbsp;&nbsp;f_open
<LI><a href="#[199]">&gt;&gt;</a>&nbsp;&nbsp;&nbsp;f_mount
<LI><a href="#[18e]">&gt;&gt;</a>&nbsp;&nbsp;&nbsp;f_mkdir
<LI><a href="#[18d]">&gt;&gt;</a>&nbsp;&nbsp;&nbsp;f_lseek
<LI><a href="#[18c]">&gt;&gt;</a>&nbsp;&nbsp;&nbsp;f_closedir
<LI><a href="#[187]">&gt;&gt;</a>&nbsp;&nbsp;&nbsp;f_close
<LI><a href="#[188]">&gt;&gt;</a>&nbsp;&nbsp;&nbsp;f_sync
<LI><a href="#[189]">&gt;&gt;</a>&nbsp;&nbsp;&nbsp;validate
</UL>

<P><STRONG><a name="[189]"></a>validate</STRONG> (Thumb, 82 bytes, Stack size 16 bytes, ff.o(i.validate))
<BR><BR>[Stack]<UL><LI>Max Depth = 144<LI>Call Chain = validate &rArr; unlock_fs &rArr; xQueueGenericSend &rArr; vTaskPlaceOnEventList &rArr; prvAddCurrentTaskToDelayedList &rArr; vListInsert
</UL>
<BR>[Calls]<UL><LI><a href="#[179]">&gt;&gt;</a>&nbsp;&nbsp;&nbsp;disk_status
<LI><a href="#[18b]">&gt;&gt;</a>&nbsp;&nbsp;&nbsp;unlock_fs
<LI><a href="#[1a7]">&gt;&gt;</a>&nbsp;&nbsp;&nbsp;lock_fs
</UL>
<BR>[Called By]<UL><LI><a href="#[1a6]">&gt;&gt;</a>&nbsp;&nbsp;&nbsp;f_write
<LI><a href="#[1a4]">&gt;&gt;</a>&nbsp;&nbsp;&nbsp;f_readdir
<LI><a href="#[1a3]">&gt;&gt;</a>&nbsp;&nbsp;&nbsp;f_read
<LI><a href="#[18d]">&gt;&gt;</a>&nbsp;&nbsp;&nbsp;f_lseek
<LI><a href="#[18c]">&gt;&gt;</a>&nbsp;&nbsp;&nbsp;f_closedir
<LI><a href="#[187]">&gt;&gt;</a>&nbsp;&nbsp;&nbsp;f_close
<LI><a href="#[188]">&gt;&gt;</a>&nbsp;&nbsp;&nbsp;f_sync
</UL>

<P><STRONG><a name="[116]"></a>_fp_digits</STRONG> (Thumb, 366 bytes, Stack size 64 bytes, printfa.o(i._fp_digits), UNUSED)
<BR><BR>[Calls]<UL><LI><a href="#[8b]">&gt;&gt;</a>&nbsp;&nbsp;&nbsp;__aeabi_ddiv
<LI><a href="#[84]">&gt;&gt;</a>&nbsp;&nbsp;&nbsp;__aeabi_dadd
<LI><a href="#[ba]">&gt;&gt;</a>&nbsp;&nbsp;&nbsp;__aeabi_cdrcmple
<LI><a href="#[8a]">&gt;&gt;</a>&nbsp;&nbsp;&nbsp;__aeabi_dmul
<LI><a href="#[97]">&gt;&gt;</a>&nbsp;&nbsp;&nbsp;__aeabi_d2ulz
<LI><a href="#[75]">&gt;&gt;</a>&nbsp;&nbsp;&nbsp;__aeabi_uldivmod
</UL>
<BR>[Called By]<UL><LI><a href="#[103]">&gt;&gt;</a>&nbsp;&nbsp;&nbsp;_printf_core
</UL>

<P><STRONG><a name="[103]"></a>_printf_core</STRONG> (Thumb, 1744 bytes, Stack size 136 bytes, printfa.o(i._printf_core), UNUSED)
<BR><BR>[Calls]<UL><LI><a href="#[117]">&gt;&gt;</a>&nbsp;&nbsp;&nbsp;_printf_pre_padding
<LI><a href="#[118]">&gt;&gt;</a>&nbsp;&nbsp;&nbsp;_printf_post_padding
<LI><a href="#[116]">&gt;&gt;</a>&nbsp;&nbsp;&nbsp;_fp_digits
<LI><a href="#[75]">&gt;&gt;</a>&nbsp;&nbsp;&nbsp;__aeabi_uldivmod
<LI><a href="#[119]">&gt;&gt;</a>&nbsp;&nbsp;&nbsp;__aeabi_uidivmod
</UL>
<BR>[Called By]<UL><LI><a href="#[104]">&gt;&gt;</a>&nbsp;&nbsp;&nbsp;__0vsnprintf
<LI><a href="#[102]">&gt;&gt;</a>&nbsp;&nbsp;&nbsp;__0snprintf
</UL>

<P><STRONG><a name="[118]"></a>_printf_post_padding</STRONG> (Thumb, 36 bytes, Stack size 24 bytes, printfa.o(i._printf_post_padding), UNUSED)
<BR><BR>[Called By]<UL><LI><a href="#[103]">&gt;&gt;</a>&nbsp;&nbsp;&nbsp;_printf_core
</UL>

<P><STRONG><a name="[117]"></a>_printf_pre_padding</STRONG> (Thumb, 46 bytes, Stack size 24 bytes, printfa.o(i._printf_pre_padding), UNUSED)
<BR><BR>[Called By]<UL><LI><a href="#[103]">&gt;&gt;</a>&nbsp;&nbsp;&nbsp;_printf_core
</UL>

<P><STRONG><a name="[68]"></a>_snputc</STRONG> (Thumb, 22 bytes, Stack size 0 bytes, printfa.o(i._snputc))
<BR>[Address Reference Count : 2]<UL><LI> printfa.o(i.__0snprintf)
<LI> printfa.o(i.__0vsnprintf)
</UL>
<P><STRONG><a name="[66]"></a>_scanf_char_input</STRONG> (Thumb, 12 bytes, Stack size 0 bytes, scanf_char.o(.text))
<BR>[Address Reference Count : 1]<UL><LI> scanf_char.o(.text)
</UL>
<P><STRONG><a name="[92]"></a>_local_sscanf</STRONG> (Thumb, 54 bytes, Stack size 56 bytes, strtod.o(.text))
<BR><BR>[Stack]<UL><LI>Max Depth = 160<LI>Call Chain = _local_sscanf &rArr; _scanf_real
</UL>
<BR>[Calls]<UL><LI><a href="#[93]">&gt;&gt;</a>&nbsp;&nbsp;&nbsp;_scanf_real
</UL>
<BR>[Called By]<UL><LI><a href="#[94]">&gt;&gt;</a>&nbsp;&nbsp;&nbsp;__strtod_int
</UL>

<P><STRONG><a name="[99]"></a>_fp_value</STRONG> (Thumb, 296 bytes, Stack size 64 bytes, scanf_fp.o(.text), UNUSED)
<BR><BR>[Calls]<UL><LI><a href="#[8b]">&gt;&gt;</a>&nbsp;&nbsp;&nbsp;__aeabi_ddiv
<LI><a href="#[8a]">&gt;&gt;</a>&nbsp;&nbsp;&nbsp;__aeabi_dmul
<LI><a href="#[9a]">&gt;&gt;</a>&nbsp;&nbsp;&nbsp;__aeabi_ul2d
</UL>
<BR>[Called By]<UL><LI><a href="#[9b]">&gt;&gt;</a>&nbsp;&nbsp;&nbsp;_scanf_really_real
</UL>
<P>
<H3>
Undefined Global Symbols
</H3><HR></body></html>
